[2025-03-22T22:00:58.552+0000][gc] Using G1
[2025-03-22T22:00:58.558+0000][gc,init] Version: 17.0.14+7-Ubuntu-122.04.1 (release)
[2025-03-22T22:00:58.558+0000][gc,init] CPUs: 2 total, 2 available
[2025-03-22T22:00:58.558+0000][gc,init] Memory: 1891M
[2025-03-22T22:00:58.558+0000][gc,init] Large Page Support: Disabled
[2025-03-22T22:00:58.558+0000][gc,init] NUMA Support: Disabled
[2025-03-22T22:00:58.558+0000][gc,init] Compressed Oops: Enabled (32-bit)
[2025-03-22T22:00:58.558+0000][gc,init] Heap Region Size: 1M
[2025-03-22T22:00:58.558+0000][gc,init] Heap Min Capacity: 1G
[2025-03-22T22:00:58.558+0000][gc,init] Heap Initial Capacity: 1G
[2025-03-22T22:00:58.558+0000][gc,init] Heap Max Capacity: 1G
[2025-03-22T22:00:58.558+0000][gc,init] Pre-touch: Disabled
[2025-03-22T22:00:58.558+0000][gc,init] Parallel Workers: 2
[2025-03-22T22:00:58.558+0000][gc,init] Concurrent Workers: 1
[2025-03-22T22:00:58.558+0000][gc,init] Concurrent Refinement Workers: 2
[2025-03-22T22:00:58.558+0000][gc,init] Periodic GC: Disabled
[2025-03-22T22:00:58.564+0000][gc,metaspace] CDS archive(s) mapped at: [0x00007f985b000000-0x00007f985bbc9000-0x00007f985bbc9000), size 12357632, SharedBaseAddress: 0x00007f985b000000, ArchiveRelocationMode: 1.
[2025-03-22T22:00:58.564+0000][gc,metaspace] Compressed class space mapped at: 0x00007f985c000000-0x00007f989c000000, reserved size: 1073741824
[2025-03-22T22:00:58.564+0000][gc,metaspace] Narrow klass base: 0x00007f985b000000, Narrow klass shift: 0, Narrow klass range: 0x100000000
[2025-03-22T22:00:59.346+0000][gc,heap,exit] Heap
[2025-03-22T22:00:59.346+0000][gc,heap,exit]  garbage-first heap   total 1048576K, used 41904K [0x00000000c0000000, 0x0000000100000000)
[2025-03-22T22:00:59.346+0000][gc,heap,exit]   region size 1024K, 40 young (40960K), 0 survivors (0K)
[2025-03-22T22:00:59.346+0000][gc,heap,exit]  Metaspace       used 12378K, committed 12544K, reserved 1114112K
[2025-03-22T22:00:59.346+0000][gc,heap,exit]   class space    used 1401K, committed 1472K, reserved 1048576K
