[2025-03-22T22:17:37.508+0000][gc] Using G1
[2025-03-22T22:17:37.514+0000][gc,init] Version: 17.0.14+7-Ubuntu-122.04.1 (release)
[2025-03-22T22:17:37.514+0000][gc,init] CPUs: 2 total, 2 available
[2025-03-22T22:17:37.514+0000][gc,init] Memory: 1891M
[2025-03-22T22:17:37.514+0000][gc,init] Large Page Support: Disabled
[2025-03-22T22:17:37.514+0000][gc,init] NUMA Support: Disabled
[2025-03-22T22:17:37.514+0000][gc,init] Compressed Oops: Enabled (32-bit)
[2025-03-22T22:17:37.514+0000][gc,init] Heap Region Size: 1M
[2025-03-22T22:17:37.514+0000][gc,init] Heap Min Capacity: 1G
[2025-03-22T22:17:37.514+0000][gc,init] Heap Initial Capacity: 1G
[2025-03-22T22:17:37.514+0000][gc,init] Heap Max Capacity: 1G
[2025-03-22T22:17:37.514+0000][gc,init] Pre-touch: Disabled
[2025-03-22T22:17:37.514+0000][gc,init] Parallel Workers: 2
[2025-03-22T22:17:37.514+0000][gc,init] Concurrent Workers: 1
[2025-03-22T22:17:37.514+0000][gc,init] Concurrent Refinement Workers: 2
[2025-03-22T22:17:37.514+0000][gc,init] Periodic GC: Disabled
[2025-03-22T22:17:37.521+0000][gc,metaspace] CDS archive(s) mapped at: [0x00007fe8d7000000-0x00007fe8d7bc9000-0x00007fe8d7bc9000), size 12357632, SharedBaseAddress: 0x00007fe8d7000000, ArchiveRelocationMode: 1.
[2025-03-22T22:17:37.521+0000][gc,metaspace] Compressed class space mapped at: 0x00007fe8d8000000-0x00007fe918000000, reserved size: 1073741824
[2025-03-22T22:17:37.521+0000][gc,metaspace] Narrow klass base: 0x00007fe8d7000000, Narrow klass shift: 0, Narrow klass range: 0x100000000
[2025-03-22T22:17:38.441+0000][gc,start    ] GC(0) Pause Young (Normal) (G1 Evacuation Pause)
[2025-03-22T22:17:38.441+0000][gc,task     ] GC(0) Using 2 workers of 2 for evacuation
[2025-03-22T22:17:38.452+0000][gc,phases   ] GC(0)   Pre Evacuate Collection Set: 0.1ms
[2025-03-22T22:17:38.452+0000][gc,phases   ] GC(0)   Merge Heap Roots: 0.1ms
[2025-03-22T22:17:38.452+0000][gc,phases   ] GC(0)   Evacuate Collection Set: 10.2ms
[2025-03-22T22:17:38.452+0000][gc,phases   ] GC(0)   Post Evacuate Collection Set: 0.8ms
[2025-03-22T22:17:38.452+0000][gc,phases   ] GC(0)   Other: 0.3ms
[2025-03-22T22:17:38.452+0000][gc,heap     ] GC(0) Eden regions: 51->0(44)
[2025-03-22T22:17:38.452+0000][gc,heap     ] GC(0) Survivor regions: 0->7(7)
[2025-03-22T22:17:38.452+0000][gc,heap     ] GC(0) Old regions: 0->1
[2025-03-22T22:17:38.452+0000][gc,heap     ] GC(0) Archive regions: 2->2
[2025-03-22T22:17:38.452+0000][gc,heap     ] GC(0) Humongous regions: 0->0
[2025-03-22T22:17:38.452+0000][gc,metaspace] GC(0) Metaspace: 16489K(16704K)->16489K(16704K) NonClass: 14559K(14656K)->14559K(14656K) Class: 1929K(2048K)->1929K(2048K)
[2025-03-22T22:17:38.452+0000][gc          ] GC(0) Pause Young (Normal) (G1 Evacuation Pause) 51M->8M(1024M) 11.552ms
[2025-03-22T22:17:38.452+0000][gc,cpu      ] GC(0) User=0.02s Sys=0.00s Real=0.02s
[2025-03-22T22:17:38.659+0000][gc,start    ] GC(1) Pause Young (Concurrent Start) (Metadata GC Threshold)
[2025-03-22T22:17:38.659+0000][gc,task     ] GC(1) Using 2 workers of 2 for evacuation
[2025-03-22T22:17:38.668+0000][gc,phases   ] GC(1)   Pre Evacuate Collection Set: 0.2ms
[2025-03-22T22:17:38.668+0000][gc,phases   ] GC(1)   Merge Heap Roots: 0.1ms
[2025-03-22T22:17:38.668+0000][gc,phases   ] GC(1)   Evacuate Collection Set: 8.2ms
[2025-03-22T22:17:38.668+0000][gc,phases   ] GC(1)   Post Evacuate Collection Set: 0.5ms
[2025-03-22T22:17:38.668+0000][gc,phases   ] GC(1)   Other: 0.2ms
[2025-03-22T22:17:38.668+0000][gc,heap     ] GC(1) Eden regions: 16->0(49)
[2025-03-22T22:17:38.668+0000][gc,heap     ] GC(1) Survivor regions: 7->2(7)
[2025-03-22T22:17:38.668+0000][gc,heap     ] GC(1) Old regions: 1->8
[2025-03-22T22:17:38.668+0000][gc,heap     ] GC(1) Archive regions: 2->2
[2025-03-22T22:17:38.668+0000][gc,heap     ] GC(1) Humongous regions: 0->0
[2025-03-22T22:17:38.668+0000][gc,metaspace] GC(1) Metaspace: 21283K(21504K)->21283K(21504K) NonClass: 18631K(18752K)->18631K(18752K) Class: 2651K(2752K)->2651K(2752K)
[2025-03-22T22:17:38.668+0000][gc          ] GC(1) Pause Young (Concurrent Start) (Metadata GC Threshold) 24M->9M(1024M) 9.294ms
[2025-03-22T22:17:38.668+0000][gc,cpu      ] GC(1) User=0.01s Sys=0.00s Real=0.01s
[2025-03-22T22:17:38.668+0000][gc          ] GC(2) Concurrent Mark Cycle
[2025-03-22T22:17:38.668+0000][gc,marking  ] GC(2) Concurrent Clear Claimed Marks
[2025-03-22T22:17:38.668+0000][gc,marking  ] GC(2) Concurrent Clear Claimed Marks 0.011ms
[2025-03-22T22:17:38.668+0000][gc,marking  ] GC(2) Concurrent Scan Root Regions
[2025-03-22T22:17:38.671+0000][gc,marking  ] GC(2) Concurrent Scan Root Regions 3.106ms
[2025-03-22T22:17:38.671+0000][gc,marking  ] GC(2) Concurrent Mark
[2025-03-22T22:17:38.671+0000][gc,marking  ] GC(2) Concurrent Mark From Roots
[2025-03-22T22:17:38.671+0000][gc,task     ] GC(2) Using 1 workers of 1 for marking
[2025-03-22T22:17:38.674+0000][gc,marking  ] GC(2) Concurrent Mark From Roots 2.891ms
[2025-03-22T22:17:38.674+0000][gc,marking  ] GC(2) Concurrent Preclean
[2025-03-22T22:17:38.674+0000][gc,marking  ] GC(2) Concurrent Preclean 0.017ms
[2025-03-22T22:17:38.674+0000][gc,start    ] GC(2) Pause Remark
[2025-03-22T22:17:38.677+0000][gc          ] GC(2) Pause Remark 9M->9M(1024M) 2.653ms
[2025-03-22T22:17:38.677+0000][gc,cpu      ] GC(2) User=0.00s Sys=0.00s Real=0.00s
[2025-03-22T22:17:38.677+0000][gc,marking  ] GC(2) Concurrent Mark 5.795ms
[2025-03-22T22:17:38.677+0000][gc,marking  ] GC(2) Concurrent Rebuild Remembered Sets
[2025-03-22T22:17:38.687+0000][gc,marking  ] GC(2) Concurrent Rebuild Remembered Sets 9.641ms
[2025-03-22T22:17:38.687+0000][gc,start    ] GC(2) Pause Cleanup
[2025-03-22T22:17:38.687+0000][gc          ] GC(2) Pause Cleanup 10M->10M(1024M) 0.175ms
[2025-03-22T22:17:38.687+0000][gc,cpu      ] GC(2) User=0.00s Sys=0.00s Real=0.00s
[2025-03-22T22:17:38.687+0000][gc,marking  ] GC(2) Concurrent Cleanup for Next Mark
[2025-03-22T22:17:38.697+0000][gc,marking  ] GC(2) Concurrent Cleanup for Next Mark 9.450ms
[2025-03-22T22:17:38.697+0000][gc          ] GC(2) Concurrent Mark Cycle 28.454ms
[2025-03-22T22:17:39.496+0000][gc,start    ] GC(3) Pause Young (Normal) (G1 Evacuation Pause)
[2025-03-22T22:17:39.497+0000][gc,task     ] GC(3) Using 2 workers of 2 for evacuation
[2025-03-22T22:17:39.505+0000][gc,phases   ] GC(3)   Pre Evacuate Collection Set: 0.1ms
[2025-03-22T22:17:39.505+0000][gc,phases   ] GC(3)   Merge Heap Roots: 0.1ms
[2025-03-22T22:17:39.505+0000][gc,phases   ] GC(3)   Evacuate Collection Set: 7.5ms
[2025-03-22T22:17:39.505+0000][gc,phases   ] GC(3)   Post Evacuate Collection Set: 0.4ms
[2025-03-22T22:17:39.505+0000][gc,phases   ] GC(3)   Other: 0.1ms
[2025-03-22T22:17:39.505+0000][gc,heap     ] GC(3) Eden regions: 49->0(45)
[2025-03-22T22:17:39.505+0000][gc,heap     ] GC(3) Survivor regions: 2->6(7)
[2025-03-22T22:17:39.505+0000][gc,heap     ] GC(3) Old regions: 8->8
[2025-03-22T22:17:39.505+0000][gc,heap     ] GC(3) Archive regions: 2->2
[2025-03-22T22:17:39.505+0000][gc,heap     ] GC(3) Humongous regions: 0->0
[2025-03-22T22:17:39.505+0000][gc,metaspace] GC(3) Metaspace: 31211K(31488K)->31211K(31488K) NonClass: 27544K(27712K)->27544K(27712K) Class: 3666K(3776K)->3666K(3776K)
[2025-03-22T22:17:39.505+0000][gc          ] GC(3) Pause Young (Normal) (G1 Evacuation Pause) 58M->13M(1024M) 8.375ms
[2025-03-22T22:17:39.505+0000][gc,cpu      ] GC(3) User=0.01s Sys=0.00s Real=0.01s
[2025-03-22T22:17:39.836+0000][gc,start    ] GC(4) Pause Young (Concurrent Start) (Metadata GC Threshold)
[2025-03-22T22:17:39.836+0000][gc,task     ] GC(4) Using 2 workers of 2 for evacuation
[2025-03-22T22:17:39.846+0000][gc,phases   ] GC(4)   Pre Evacuate Collection Set: 0.2ms
[2025-03-22T22:17:39.846+0000][gc,phases   ] GC(4)   Merge Heap Roots: 0.1ms
[2025-03-22T22:17:39.846+0000][gc,phases   ] GC(4)   Evacuate Collection Set: 8.3ms
[2025-03-22T22:17:39.846+0000][gc,phases   ] GC(4)   Post Evacuate Collection Set: 0.6ms
[2025-03-22T22:17:39.846+0000][gc,phases   ] GC(4)   Other: 0.2ms
[2025-03-22T22:17:39.846+0000][gc,heap     ] GC(4) Eden regions: 24->0(49)
[2025-03-22T22:17:39.846+0000][gc,heap     ] GC(4) Survivor regions: 6->2(7)
[2025-03-22T22:17:39.846+0000][gc,heap     ] GC(4) Old regions: 8->13
[2025-03-22T22:17:39.846+0000][gc,heap     ] GC(4) Archive regions: 2->2
[2025-03-22T22:17:39.846+0000][gc,heap     ] GC(4) Humongous regions: 12->12
[2025-03-22T22:17:39.846+0000][gc,metaspace] GC(4) Metaspace: 35468K(35968K)->35468K(35968K) NonClass: 31290K(31552K)->31290K(31552K) Class: 4178K(4416K)->4178K(4416K)
[2025-03-22T22:17:39.846+0000][gc          ] GC(4) Pause Young (Concurrent Start) (Metadata GC Threshold) 49M->27M(1024M) 9.447ms
[2025-03-22T22:17:39.846+0000][gc,cpu      ] GC(4) User=0.02s Sys=0.00s Real=0.01s
[2025-03-22T22:17:39.846+0000][gc          ] GC(5) Concurrent Mark Cycle
[2025-03-22T22:17:39.846+0000][gc,marking  ] GC(5) Concurrent Clear Claimed Marks
[2025-03-22T22:17:39.846+0000][gc,marking  ] GC(5) Concurrent Clear Claimed Marks 0.099ms
[2025-03-22T22:17:39.846+0000][gc,marking  ] GC(5) Concurrent Scan Root Regions
[2025-03-22T22:17:39.850+0000][gc,marking  ] GC(5) Concurrent Scan Root Regions 4.006ms
[2025-03-22T22:17:39.850+0000][gc,marking  ] GC(5) Concurrent Mark
[2025-03-22T22:17:39.850+0000][gc,marking  ] GC(5) Concurrent Mark From Roots
[2025-03-22T22:17:39.850+0000][gc,task     ] GC(5) Using 1 workers of 1 for marking
[2025-03-22T22:17:39.879+0000][gc,marking  ] GC(5) Concurrent Mark From Roots 29.190ms
[2025-03-22T22:17:39.879+0000][gc,marking  ] GC(5) Concurrent Preclean
[2025-03-22T22:17:39.879+0000][gc,marking  ] GC(5) Concurrent Preclean 0.057ms
[2025-03-22T22:17:39.892+0000][gc,start    ] GC(5) Pause Remark
[2025-03-22T22:17:39.895+0000][gc          ] GC(5) Pause Remark 31M->31M(1024M) 3.583ms
[2025-03-22T22:17:39.895+0000][gc,cpu      ] GC(5) User=0.01s Sys=0.00s Real=0.00s
[2025-03-22T22:17:39.895+0000][gc,marking  ] GC(5) Concurrent Mark 45.403ms
[2025-03-22T22:17:39.895+0000][gc,marking  ] GC(5) Concurrent Rebuild Remembered Sets
[2025-03-22T22:17:39.902+0000][gc,marking  ] GC(5) Concurrent Rebuild Remembered Sets 6.619ms
[2025-03-22T22:17:39.902+0000][gc,start    ] GC(5) Pause Cleanup
[2025-03-22T22:17:39.902+0000][gc          ] GC(5) Pause Cleanup 32M->32M(1024M) 0.131ms
[2025-03-22T22:17:39.902+0000][gc,cpu      ] GC(5) User=0.00s Sys=0.00s Real=0.00s
[2025-03-22T22:17:39.902+0000][gc,marking  ] GC(5) Concurrent Cleanup for Next Mark
[2025-03-22T22:17:39.929+0000][gc,marking  ] GC(5) Concurrent Cleanup for Next Mark 26.591ms
[2025-03-22T22:17:39.929+0000][gc          ] GC(5) Concurrent Mark Cycle 83.289ms
[2025-03-22T22:17:40.389+0000][gc,start    ] GC(6) Pause Young (Concurrent Start) (G1 Evacuation Pause)
[2025-03-22T22:17:40.389+0000][gc,task     ] GC(6) Using 2 workers of 2 for evacuation
[2025-03-22T22:17:40.399+0000][gc,phases   ] GC(6)   Pre Evacuate Collection Set: 0.3ms
[2025-03-22T22:17:40.399+0000][gc,phases   ] GC(6)   Merge Heap Roots: 0.1ms
[2025-03-22T22:17:40.399+0000][gc,phases   ] GC(6)   Evacuate Collection Set: 8.7ms
[2025-03-22T22:17:40.399+0000][gc,phases   ] GC(6)   Post Evacuate Collection Set: 1.1ms
[2025-03-22T22:17:40.399+0000][gc,phases   ] GC(6)   Other: 0.3ms
[2025-03-22T22:17:40.399+0000][gc,heap     ] GC(6) Eden regions: 49->0(44)
[2025-03-22T22:17:40.399+0000][gc,heap     ] GC(6) Survivor regions: 2->7(7)
[2025-03-22T22:17:40.399+0000][gc,heap     ] GC(6) Old regions: 13->14
[2025-03-22T22:17:40.399+0000][gc,heap     ] GC(6) Archive regions: 2->2
[2025-03-22T22:17:40.399+0000][gc,heap     ] GC(6) Humongous regions: 12->10
[2025-03-22T22:17:40.399+0000][gc,metaspace] GC(6) Metaspace: 41965K(42624K)->41965K(42624K) NonClass: 37049K(37440K)->37049K(37440K) Class: 4916K(5184K)->4916K(5184K)
[2025-03-22T22:17:40.399+0000][gc          ] GC(6) Pause Young (Concurrent Start) (G1 Evacuation Pause) 76M->31M(1024M) 10.583ms
[2025-03-22T22:17:40.399+0000][gc,cpu      ] GC(6) User=0.02s Sys=0.00s Real=0.01s
[2025-03-22T22:17:40.399+0000][gc          ] GC(7) Concurrent Mark Cycle
[2025-03-22T22:17:40.399+0000][gc,marking  ] GC(7) Concurrent Clear Claimed Marks
[2025-03-22T22:17:40.399+0000][gc,marking  ] GC(7) Concurrent Clear Claimed Marks 0.101ms
[2025-03-22T22:17:40.399+0000][gc,marking  ] GC(7) Concurrent Scan Root Regions
[2025-03-22T22:17:40.408+0000][gc,marking  ] GC(7) Concurrent Scan Root Regions 8.911ms
[2025-03-22T22:17:40.408+0000][gc,marking  ] GC(7) Concurrent Mark
[2025-03-22T22:17:40.408+0000][gc,marking  ] GC(7) Concurrent Mark From Roots
[2025-03-22T22:17:40.408+0000][gc,task     ] GC(7) Using 1 workers of 1 for marking
[2025-03-22T22:17:40.446+0000][gc,marking  ] GC(7) Concurrent Mark From Roots 37.709ms
[2025-03-22T22:17:40.446+0000][gc,marking  ] GC(7) Concurrent Preclean
[2025-03-22T22:17:40.446+0000][gc,marking  ] GC(7) Concurrent Preclean 0.163ms
[2025-03-22T22:17:40.446+0000][gc,start    ] GC(7) Pause Remark
[2025-03-22T22:17:40.450+0000][gc          ] GC(7) Pause Remark 33M->33M(1024M) 4.051ms
[2025-03-22T22:17:40.450+0000][gc,cpu      ] GC(7) User=0.01s Sys=0.00s Real=0.00s
[2025-03-22T22:17:40.451+0000][gc,marking  ] GC(7) Concurrent Mark 42.201ms
[2025-03-22T22:17:40.451+0000][gc,marking  ] GC(7) Concurrent Rebuild Remembered Sets
[2025-03-22T22:17:40.469+0000][gc,marking  ] GC(7) Concurrent Rebuild Remembered Sets 18.108ms
[2025-03-22T22:17:40.469+0000][gc,start    ] GC(7) Pause Cleanup
[2025-03-22T22:17:40.469+0000][gc          ] GC(7) Pause Cleanup 34M->34M(1024M) 0.150ms
[2025-03-22T22:17:40.469+0000][gc,cpu      ] GC(7) User=0.00s Sys=0.00s Real=0.00s
[2025-03-22T22:17:40.469+0000][gc,marking  ] GC(7) Concurrent Cleanup for Next Mark
[2025-03-22T22:17:40.480+0000][gc,marking  ] GC(7) Concurrent Cleanup for Next Mark 11.179ms
[2025-03-22T22:17:40.480+0000][gc          ] GC(7) Concurrent Mark Cycle 81.002ms
[2025-03-22T22:21:52.617+0000][gc,start    ] GC(8) Pause Young (Normal) (G1 Evacuation Pause)
[2025-03-22T22:21:52.617+0000][gc,task     ] GC(8) Using 2 workers of 2 for evacuation
[2025-03-22T22:21:52.627+0000][gc,phases   ] GC(8)   Pre Evacuate Collection Set: 0.2ms
[2025-03-22T22:21:52.627+0000][gc,phases   ] GC(8)   Merge Heap Roots: 0.1ms
[2025-03-22T22:21:52.627+0000][gc,phases   ] GC(8)   Evacuate Collection Set: 8.3ms
[2025-03-22T22:21:52.627+0000][gc,phases   ] GC(8)   Post Evacuate Collection Set: 0.8ms
[2025-03-22T22:21:52.627+0000][gc,phases   ] GC(8)   Other: 0.2ms
[2025-03-22T22:21:52.627+0000][gc,heap     ] GC(8) Eden regions: 44->0(48)
[2025-03-22T22:21:52.627+0000][gc,heap     ] GC(8) Survivor regions: 7->3(7)
[2025-03-22T22:21:52.627+0000][gc,heap     ] GC(8) Old regions: 14->21
[2025-03-22T22:21:52.627+0000][gc,heap     ] GC(8) Archive regions: 2->2
[2025-03-22T22:21:52.627+0000][gc,heap     ] GC(8) Humongous regions: 139->139
[2025-03-22T22:21:52.627+0000][gc,metaspace] GC(8) Metaspace: 46110K(46976K)->46110K(46976K) NonClass: 40591K(41024K)->40591K(41024K) Class: 5519K(5952K)->5519K(5952K)
[2025-03-22T22:21:52.627+0000][gc          ] GC(8) Pause Young (Normal) (G1 Evacuation Pause) 204M->162M(1024M) 9.619ms
[2025-03-22T22:21:52.627+0000][gc,cpu      ] GC(8) User=0.02s Sys=0.00s Real=0.01s
[2025-03-22T22:31:39.781+0000][gc,start    ] GC(9) Pause Young (Normal) (G1 Evacuation Pause)
[2025-03-22T22:31:39.781+0000][gc,task     ] GC(9) Using 2 workers of 2 for evacuation
[2025-03-22T22:31:39.787+0000][gc,phases   ] GC(9)   Pre Evacuate Collection Set: 0.1ms
[2025-03-22T22:31:39.787+0000][gc,phases   ] GC(9)   Merge Heap Roots: 0.1ms
[2025-03-22T22:31:39.787+0000][gc,phases   ] GC(9)   Evacuate Collection Set: 4.9ms
[2025-03-22T22:31:39.787+0000][gc,phases   ] GC(9)   Post Evacuate Collection Set: 0.7ms
[2025-03-22T22:31:39.787+0000][gc,phases   ] GC(9)   Other: 0.1ms
[2025-03-22T22:31:39.787+0000][gc,heap     ] GC(9) Eden regions: 48->0(47)
[2025-03-22T22:31:39.787+0000][gc,heap     ] GC(9) Survivor regions: 3->4(7)
[2025-03-22T22:31:39.787+0000][gc,heap     ] GC(9) Old regions: 21->21
[2025-03-22T22:31:39.787+0000][gc,heap     ] GC(9) Archive regions: 2->2
[2025-03-22T22:31:39.787+0000][gc,heap     ] GC(9) Humongous regions: 139->139
[2025-03-22T22:31:39.787+0000][gc,metaspace] GC(9) Metaspace: 46722K(47616K)->46722K(47616K) NonClass: 41198K(41664K)->41198K(41664K) Class: 5524K(5952K)->5524K(5952K)
[2025-03-22T22:31:39.787+0000][gc          ] GC(9) Pause Young (Normal) (G1 Evacuation Pause) 210M->163M(1024M) 5.940ms
[2025-03-22T22:31:39.787+0000][gc,cpu      ] GC(9) User=0.01s Sys=0.00s Real=0.01s
[2025-03-22T22:42:15.682+0000][gc,start    ] GC(10) Pause Young (Normal) (G1 Evacuation Pause)
[2025-03-22T22:42:15.682+0000][gc,task     ] GC(10) Using 2 workers of 2 for evacuation
[2025-03-22T22:42:15.871+0000][gc,mmu      ] GC(10) MMU target violated: 21.0ms (20.0ms/21.0ms)
[2025-03-22T22:42:15.871+0000][gc,phases   ] GC(10)   Pre Evacuate Collection Set: 40.9ms
[2025-03-22T22:42:15.871+0000][gc,phases   ] GC(10)   Merge Heap Roots: 2.2ms
[2025-03-22T22:42:15.871+0000][gc,phases   ] GC(10)   Evacuate Collection Set: 136.6ms
[2025-03-22T22:42:15.871+0000][gc,phases   ] GC(10)   Post Evacuate Collection Set: 8.0ms
[2025-03-22T22:42:15.871+0000][gc,phases   ] GC(10)   Other: 2.7ms
[2025-03-22T22:42:15.871+0000][gc,heap     ] GC(10) Eden regions: 47->0(46)
[2025-03-22T22:42:15.871+0000][gc,heap     ] GC(10) Survivor regions: 4->5(7)
[2025-03-22T22:42:15.871+0000][gc,heap     ] GC(10) Old regions: 21->21
[2025-03-22T22:42:15.871+0000][gc,heap     ] GC(10) Archive regions: 2->2
[2025-03-22T22:42:15.871+0000][gc,heap     ] GC(10) Humongous regions: 139->139
[2025-03-22T22:42:15.871+0000][gc,metaspace] GC(10) Metaspace: 46900K(47744K)->46900K(47744K) NonClass: 41376K(41792K)->41376K(41792K) Class: 5524K(5952K)->5524K(5952K)
[2025-03-22T22:42:15.871+0000][gc          ] GC(10) Pause Young (Normal) (G1 Evacuation Pause) 210M->164M(1024M) 189.707ms
[2025-03-22T22:42:15.871+0000][gc,cpu      ] GC(10) User=0.06s Sys=0.03s Real=0.19s
[2025-03-22T22:45:34.578+0000][gc,start    ] GC(11) Pause Young (Normal) (G1 Evacuation Pause)
[2025-03-22T22:45:34.578+0000][gc,task     ] GC(11) Using 2 workers of 2 for evacuation
[2025-03-22T22:45:34.591+0000][gc,phases   ] GC(11)   Pre Evacuate Collection Set: 0.3ms
[2025-03-22T22:45:34.591+0000][gc,phases   ] GC(11)   Merge Heap Roots: 0.1ms
[2025-03-22T22:45:34.591+0000][gc,phases   ] GC(11)   Evacuate Collection Set: 11.1ms
[2025-03-22T22:45:34.591+0000][gc,phases   ] GC(11)   Post Evacuate Collection Set: 1.0ms
[2025-03-22T22:45:34.591+0000][gc,phases   ] GC(11)   Other: 0.5ms
[2025-03-22T22:45:34.591+0000][gc,heap     ] GC(11) Eden regions: 46->0(47)
[2025-03-22T22:45:34.591+0000][gc,heap     ] GC(11) Survivor regions: 5->4(7)
[2025-03-22T22:45:34.591+0000][gc,heap     ] GC(11) Old regions: 21->23
[2025-03-22T22:45:34.591+0000][gc,heap     ] GC(11) Archive regions: 2->2
[2025-03-22T22:45:34.591+0000][gc,heap     ] GC(11) Humongous regions: 139->139
[2025-03-22T22:45:34.591+0000][gc,metaspace] GC(11) Metaspace: 47518K(48384K)->47518K(48384K) NonClass: 41994K(42432K)->41994K(42432K) Class: 5524K(5952K)->5524K(5952K)
[2025-03-22T22:45:34.591+0000][gc          ] GC(11) Pause Young (Normal) (G1 Evacuation Pause) 210M->166M(1024M) 13.065ms
[2025-03-22T22:45:34.591+0000][gc,cpu      ] GC(11) User=0.02s Sys=0.00s Real=0.01s
[2025-03-22T22:47:09.448+0000][gc,start    ] GC(12) Pause Young (Normal) (G1 Evacuation Pause)
[2025-03-22T22:47:09.448+0000][gc,task     ] GC(12) Using 2 workers of 2 for evacuation
[2025-03-22T22:47:09.461+0000][gc,phases   ] GC(12)   Pre Evacuate Collection Set: 0.1ms
[2025-03-22T22:47:09.461+0000][gc,phases   ] GC(12)   Merge Heap Roots: 0.1ms
[2025-03-22T22:47:09.461+0000][gc,phases   ] GC(12)   Evacuate Collection Set: 11.9ms
[2025-03-22T22:47:09.461+0000][gc,phases   ] GC(12)   Post Evacuate Collection Set: 1.0ms
[2025-03-22T22:47:09.461+0000][gc,phases   ] GC(12)   Other: 0.2ms
[2025-03-22T22:47:09.461+0000][gc,heap     ] GC(12) Eden regions: 47->0(46)
[2025-03-22T22:47:09.461+0000][gc,heap     ] GC(12) Survivor regions: 4->5(7)
[2025-03-22T22:47:09.461+0000][gc,heap     ] GC(12) Old regions: 23->23
[2025-03-22T22:47:09.461+0000][gc,heap     ] GC(12) Archive regions: 2->2
[2025-03-22T22:47:09.461+0000][gc,heap     ] GC(12) Humongous regions: 139->139
[2025-03-22T22:47:09.461+0000][gc,metaspace] GC(12) Metaspace: 47543K(48384K)->47543K(48384K) NonClass: 42019K(42432K)->42019K(42432K) Class: 5524K(5952K)->5524K(5952K)
[2025-03-22T22:47:09.462+0000][gc          ] GC(12) Pause Young (Normal) (G1 Evacuation Pause) 213M->167M(1024M) 13.304ms
[2025-03-22T22:47:09.462+0000][gc,cpu      ] GC(12) User=0.01s Sys=0.01s Real=0.01s
[2025-03-22T22:48:43.271+0000][gc,start    ] GC(13) Pause Young (Normal) (G1 Evacuation Pause)
[2025-03-22T22:48:43.271+0000][gc,task     ] GC(13) Using 2 workers of 2 for evacuation
[2025-03-22T22:48:43.280+0000][gc,phases   ] GC(13)   Pre Evacuate Collection Set: 0.2ms
[2025-03-22T22:48:43.280+0000][gc,phases   ] GC(13)   Merge Heap Roots: 0.1ms
[2025-03-22T22:48:43.280+0000][gc,phases   ] GC(13)   Evacuate Collection Set: 7.6ms
[2025-03-22T22:48:43.280+0000][gc,phases   ] GC(13)   Post Evacuate Collection Set: 0.6ms
[2025-03-22T22:48:43.280+0000][gc,phases   ] GC(13)   Other: 0.1ms
[2025-03-22T22:48:43.280+0000][gc,heap     ] GC(13) Eden regions: 46->0(46)
[2025-03-22T22:48:43.280+0000][gc,heap     ] GC(13) Survivor regions: 5->5(7)
[2025-03-22T22:48:43.280+0000][gc,heap     ] GC(13) Old regions: 23->24
[2025-03-22T22:48:43.280+0000][gc,heap     ] GC(13) Archive regions: 2->2
[2025-03-22T22:48:43.280+0000][gc,heap     ] GC(13) Humongous regions: 139->139
[2025-03-22T22:48:43.280+0000][gc,metaspace] GC(13) Metaspace: 47550K(48448K)->47550K(48448K) NonClass: 42025K(42496K)->42025K(42496K) Class: 5524K(5952K)->5524K(5952K)
[2025-03-22T22:48:43.280+0000][gc          ] GC(13) Pause Young (Normal) (G1 Evacuation Pause) 213M->168M(1024M) 8.733ms
[2025-03-22T22:48:43.280+0000][gc,cpu      ] GC(13) User=0.01s Sys=0.00s Real=0.01s
[2025-03-22T22:50:19.426+0000][gc,start    ] GC(14) Pause Young (Normal) (G1 Evacuation Pause)
[2025-03-22T22:50:19.426+0000][gc,task     ] GC(14) Using 2 workers of 2 for evacuation
[2025-03-22T22:50:19.436+0000][gc,phases   ] GC(14)   Pre Evacuate Collection Set: 0.2ms
[2025-03-22T22:50:19.436+0000][gc,phases   ] GC(14)   Merge Heap Roots: 0.1ms
[2025-03-22T22:50:19.436+0000][gc,phases   ] GC(14)   Evacuate Collection Set: 8.2ms
[2025-03-22T22:50:19.436+0000][gc,phases   ] GC(14)   Post Evacuate Collection Set: 0.7ms
[2025-03-22T22:50:19.436+0000][gc,phases   ] GC(14)   Other: 0.7ms
[2025-03-22T22:50:19.436+0000][gc,heap     ] GC(14) Eden regions: 46->0(46)
[2025-03-22T22:50:19.436+0000][gc,heap     ] GC(14) Survivor regions: 5->5(7)
[2025-03-22T22:50:19.436+0000][gc,heap     ] GC(14) Old regions: 24->26
[2025-03-22T22:50:19.436+0000][gc,heap     ] GC(14) Archive regions: 2->2
[2025-03-22T22:50:19.436+0000][gc,heap     ] GC(14) Humongous regions: 139->139
[2025-03-22T22:50:19.436+0000][gc,metaspace] GC(14) Metaspace: 47565K(48448K)->47565K(48448K) NonClass: 42040K(42496K)->42040K(42496K) Class: 5525K(5952K)->5525K(5952K)
[2025-03-22T22:50:19.436+0000][gc          ] GC(14) Pause Young (Normal) (G1 Evacuation Pause) 214M->170M(1024M) 9.960ms
[2025-03-22T22:50:19.436+0000][gc,cpu      ] GC(14) User=0.01s Sys=0.00s Real=0.01s
[2025-03-22T22:51:57.118+0000][gc,start    ] GC(15) Pause Young (Normal) (G1 Evacuation Pause)
[2025-03-22T22:51:57.118+0000][gc,task     ] GC(15) Using 2 workers of 2 for evacuation
[2025-03-22T22:51:57.128+0000][gc,phases   ] GC(15)   Pre Evacuate Collection Set: 0.2ms
[2025-03-22T22:51:57.128+0000][gc,phases   ] GC(15)   Merge Heap Roots: 0.1ms
[2025-03-22T22:51:57.128+0000][gc,phases   ] GC(15)   Evacuate Collection Set: 8.0ms
[2025-03-22T22:51:57.128+0000][gc,phases   ] GC(15)   Post Evacuate Collection Set: 0.8ms
[2025-03-22T22:51:57.128+0000][gc,phases   ] GC(15)   Other: 0.2ms
[2025-03-22T22:51:57.128+0000][gc,heap     ] GC(15) Eden regions: 46->0(46)
[2025-03-22T22:51:57.128+0000][gc,heap     ] GC(15) Survivor regions: 5->5(7)
[2025-03-22T22:51:57.128+0000][gc,heap     ] GC(15) Old regions: 26->28
[2025-03-22T22:51:57.128+0000][gc,heap     ] GC(15) Archive regions: 2->2
[2025-03-22T22:51:57.128+0000][gc,heap     ] GC(15) Humongous regions: 139->139
[2025-03-22T22:51:57.128+0000][gc,metaspace] GC(15) Metaspace: 47594K(48512K)->47594K(48512K) NonClass: 42069K(42560K)->42069K(42560K) Class: 5525K(5952K)->5525K(5952K)
[2025-03-22T22:51:57.128+0000][gc          ] GC(15) Pause Young (Normal) (G1 Evacuation Pause) 216M->171M(1024M) 9.423ms
[2025-03-22T22:51:57.128+0000][gc,cpu      ] GC(15) User=0.02s Sys=0.00s Real=0.01s
[2025-03-22T22:53:35.499+0000][gc,start    ] GC(16) Pause Young (Normal) (G1 Evacuation Pause)
[2025-03-22T22:53:35.499+0000][gc,task     ] GC(16) Using 2 workers of 2 for evacuation
[2025-03-22T22:53:35.514+0000][gc,phases   ] GC(16)   Pre Evacuate Collection Set: 0.2ms
[2025-03-22T22:53:35.514+0000][gc,phases   ] GC(16)   Merge Heap Roots: 0.1ms
[2025-03-22T22:53:35.514+0000][gc,phases   ] GC(16)   Evacuate Collection Set: 13.0ms
[2025-03-22T22:53:35.514+0000][gc,phases   ] GC(16)   Post Evacuate Collection Set: 0.8ms
[2025-03-22T22:53:35.514+0000][gc,phases   ] GC(16)   Other: 0.5ms
[2025-03-22T22:53:35.514+0000][gc,heap     ] GC(16) Eden regions: 46->0(46)
[2025-03-22T22:53:35.514+0000][gc,heap     ] GC(16) Survivor regions: 5->5(7)
[2025-03-22T22:53:35.514+0000][gc,heap     ] GC(16) Old regions: 28->29
[2025-03-22T22:53:35.514+0000][gc,heap     ] GC(16) Archive regions: 2->2
[2025-03-22T22:53:35.514+0000][gc,heap     ] GC(16) Humongous regions: 139->139
[2025-03-22T22:53:35.514+0000][gc,metaspace] GC(16) Metaspace: 47596K(48512K)->47596K(48512K) NonClass: 42071K(42560K)->42071K(42560K) Class: 5525K(5952K)->5525K(5952K)
[2025-03-22T22:53:35.514+0000][gc          ] GC(16) Pause Young (Normal) (G1 Evacuation Pause) 217M->173M(1024M) 14.689ms
[2025-03-22T22:53:35.514+0000][gc,cpu      ] GC(16) User=0.02s Sys=0.01s Real=0.02s
[2025-03-22T22:55:14.825+0000][gc,start    ] GC(17) Pause Young (Normal) (G1 Evacuation Pause)
[2025-03-22T22:55:14.825+0000][gc,task     ] GC(17) Using 2 workers of 2 for evacuation
[2025-03-22T22:55:14.834+0000][gc,phases   ] GC(17)   Pre Evacuate Collection Set: 0.1ms
[2025-03-22T22:55:14.834+0000][gc,phases   ] GC(17)   Merge Heap Roots: 0.1ms
[2025-03-22T22:55:14.834+0000][gc,phases   ] GC(17)   Evacuate Collection Set: 7.9ms
[2025-03-22T22:55:14.834+0000][gc,phases   ] GC(17)   Post Evacuate Collection Set: 0.7ms
[2025-03-22T22:55:14.834+0000][gc,phases   ] GC(17)   Other: 0.2ms
[2025-03-22T22:55:14.834+0000][gc,heap     ] GC(17) Eden regions: 46->0(46)
[2025-03-22T22:55:14.834+0000][gc,heap     ] GC(17) Survivor regions: 5->5(7)
[2025-03-22T22:55:14.834+0000][gc,heap     ] GC(17) Old regions: 29->31
[2025-03-22T22:55:14.834+0000][gc,heap     ] GC(17) Archive regions: 2->2
[2025-03-22T22:55:14.834+0000][gc,heap     ] GC(17) Humongous regions: 139->139
[2025-03-22T22:55:14.834+0000][gc,metaspace] GC(17) Metaspace: 47604K(48512K)->47604K(48512K) NonClass: 42079K(42560K)->42079K(42560K) Class: 5525K(5952K)->5525K(5952K)
[2025-03-22T22:55:14.834+0000][gc          ] GC(17) Pause Young (Normal) (G1 Evacuation Pause) 219M->175M(1024M) 9.177ms
[2025-03-22T22:55:14.834+0000][gc,cpu      ] GC(17) User=0.02s Sys=0.00s Real=0.01s
[2025-03-22T22:56:54.410+0000][gc,start    ] GC(18) Pause Young (Normal) (G1 Evacuation Pause)
[2025-03-22T22:56:54.410+0000][gc,task     ] GC(18) Using 2 workers of 2 for evacuation
[2025-03-22T22:56:54.421+0000][gc,phases   ] GC(18)   Pre Evacuate Collection Set: 0.2ms
[2025-03-22T22:56:54.421+0000][gc,phases   ] GC(18)   Merge Heap Roots: 0.1ms
[2025-03-22T22:56:54.421+0000][gc,phases   ] GC(18)   Evacuate Collection Set: 9.3ms
[2025-03-22T22:56:54.421+0000][gc,phases   ] GC(18)   Post Evacuate Collection Set: 0.7ms
[2025-03-22T22:56:54.421+0000][gc,phases   ] GC(18)   Other: 0.7ms
[2025-03-22T22:56:54.421+0000][gc,heap     ] GC(18) Eden regions: 46->0(46)
[2025-03-22T22:56:54.421+0000][gc,heap     ] GC(18) Survivor regions: 5->5(7)
[2025-03-22T22:56:54.421+0000][gc,heap     ] GC(18) Old regions: 31->32
[2025-03-22T22:56:54.421+0000][gc,heap     ] GC(18) Archive regions: 2->2
[2025-03-22T22:56:54.421+0000][gc,heap     ] GC(18) Humongous regions: 139->139
[2025-03-22T22:56:54.421+0000][gc,metaspace] GC(18) Metaspace: 47605K(48512K)->47605K(48512K) NonClass: 42080K(42560K)->42080K(42560K) Class: 5525K(5952K)->5525K(5952K)
[2025-03-22T22:56:54.421+0000][gc          ] GC(18) Pause Young (Normal) (G1 Evacuation Pause) 221M->176M(1024M) 11.056ms
[2025-03-22T22:56:54.421+0000][gc,cpu      ] GC(18) User=0.01s Sys=0.01s Real=0.01s
[2025-03-22T22:58:33.736+0000][gc,start    ] GC(19) Pause Young (Normal) (G1 Evacuation Pause)
[2025-03-22T22:58:33.736+0000][gc,task     ] GC(19) Using 2 workers of 2 for evacuation
[2025-03-22T22:58:33.747+0000][gc,phases   ] GC(19)   Pre Evacuate Collection Set: 0.2ms
[2025-03-22T22:58:33.747+0000][gc,phases   ] GC(19)   Merge Heap Roots: 0.1ms
[2025-03-22T22:58:33.748+0000][gc,phases   ] GC(19)   Evacuate Collection Set: 10.3ms
[2025-03-22T22:58:33.748+0000][gc,phases   ] GC(19)   Post Evacuate Collection Set: 0.8ms
[2025-03-22T22:58:33.748+0000][gc,phases   ] GC(19)   Other: 0.2ms
[2025-03-22T22:58:33.748+0000][gc,heap     ] GC(19) Eden regions: 46->0(46)
[2025-03-22T22:58:33.748+0000][gc,heap     ] GC(19) Survivor regions: 5->5(7)
[2025-03-22T22:58:33.748+0000][gc,heap     ] GC(19) Old regions: 32->34
[2025-03-22T22:58:33.748+0000][gc,heap     ] GC(19) Archive regions: 2->2
[2025-03-22T22:58:33.748+0000][gc,heap     ] GC(19) Humongous regions: 139->139
[2025-03-22T22:58:33.748+0000][gc,metaspace] GC(19) Metaspace: 47608K(48512K)->47608K(48512K) NonClass: 42083K(42560K)->42083K(42560K) Class: 5525K(5952K)->5525K(5952K)
[2025-03-22T22:58:33.748+0000][gc          ] GC(19) Pause Young (Normal) (G1 Evacuation Pause) 222M->178M(1024M) 11.752ms
[2025-03-22T22:58:33.748+0000][gc,cpu      ] GC(19) User=0.02s Sys=0.00s Real=0.01s
[2025-03-22T23:00:13.251+0000][gc,start    ] GC(20) Pause Young (Normal) (G1 Evacuation Pause)
[2025-03-22T23:00:13.251+0000][gc,task     ] GC(20) Using 2 workers of 2 for evacuation
[2025-03-22T23:00:13.270+0000][gc,phases   ] GC(20)   Pre Evacuate Collection Set: 0.6ms
[2025-03-22T23:00:13.270+0000][gc,phases   ] GC(20)   Merge Heap Roots: 0.2ms
[2025-03-22T23:00:13.270+0000][gc,phases   ] GC(20)   Evacuate Collection Set: 16.8ms
[2025-03-22T23:00:13.270+0000][gc,phases   ] GC(20)   Post Evacuate Collection Set: 0.8ms
[2025-03-22T23:00:13.270+0000][gc,phases   ] GC(20)   Other: 0.2ms
[2025-03-22T23:00:13.270+0000][gc,heap     ] GC(20) Eden regions: 46->0(46)
[2025-03-22T23:00:13.270+0000][gc,heap     ] GC(20) Survivor regions: 5->5(7)
[2025-03-22T23:00:13.270+0000][gc,heap     ] GC(20) Old regions: 34->36
[2025-03-22T23:00:13.270+0000][gc,heap     ] GC(20) Archive regions: 2->2
[2025-03-22T23:00:13.270+0000][gc,heap     ] GC(20) Humongous regions: 139->139
[2025-03-22T23:00:13.270+0000][gc,metaspace] GC(20) Metaspace: 47653K(48512K)->47653K(48512K) NonClass: 42125K(42560K)->42125K(42560K) Class: 5527K(5952K)->5527K(5952K)
[2025-03-22T23:00:13.270+0000][gc          ] GC(20) Pause Young (Normal) (G1 Evacuation Pause) 224M->180M(1024M) 18.738ms
[2025-03-22T23:00:13.270+0000][gc,cpu      ] GC(20) User=0.02s Sys=0.00s Real=0.02s
[2025-03-22T23:01:53.260+0000][gc,start    ] GC(21) Pause Young (Normal) (G1 Evacuation Pause)
[2025-03-22T23:01:53.260+0000][gc,task     ] GC(21) Using 2 workers of 2 for evacuation
[2025-03-22T23:01:53.269+0000][gc,phases   ] GC(21)   Pre Evacuate Collection Set: 0.2ms
[2025-03-22T23:01:53.269+0000][gc,phases   ] GC(21)   Merge Heap Roots: 0.1ms
[2025-03-22T23:01:53.269+0000][gc,phases   ] GC(21)   Evacuate Collection Set: 8.5ms
[2025-03-22T23:01:53.269+0000][gc,phases   ] GC(21)   Post Evacuate Collection Set: 0.4ms
[2025-03-22T23:01:53.269+0000][gc,phases   ] GC(21)   Other: 0.4ms
[2025-03-22T23:01:53.269+0000][gc,heap     ] GC(21) Eden regions: 46->0(46)
[2025-03-22T23:01:53.269+0000][gc,heap     ] GC(21) Survivor regions: 5->5(7)
[2025-03-22T23:01:53.269+0000][gc,heap     ] GC(21) Old regions: 36->37
[2025-03-22T23:01:53.269+0000][gc,heap     ] GC(21) Archive regions: 2->2
[2025-03-22T23:01:53.269+0000][gc,heap     ] GC(21) Humongous regions: 139->139
[2025-03-22T23:01:53.269+0000][gc,metaspace] GC(21) Metaspace: 47673K(48576K)->47673K(48576K) NonClass: 42145K(42624K)->42145K(42624K) Class: 5527K(5952K)->5527K(5952K)
[2025-03-22T23:01:53.269+0000][gc          ] GC(21) Pause Young (Normal) (G1 Evacuation Pause) 226M->181M(1024M) 9.689ms
[2025-03-22T23:01:53.270+0000][gc,cpu      ] GC(21) User=0.02s Sys=0.00s Real=0.01s
[2025-03-22T23:03:33.165+0000][gc,start    ] GC(22) Pause Young (Normal) (G1 Evacuation Pause)
[2025-03-22T23:03:33.165+0000][gc,task     ] GC(22) Using 2 workers of 2 for evacuation
[2025-03-22T23:03:33.178+0000][gc,phases   ] GC(22)   Pre Evacuate Collection Set: 0.3ms
[2025-03-22T23:03:33.178+0000][gc,phases   ] GC(22)   Merge Heap Roots: 0.1ms
[2025-03-22T23:03:33.178+0000][gc,phases   ] GC(22)   Evacuate Collection Set: 12.1ms
[2025-03-22T23:03:33.178+0000][gc,phases   ] GC(22)   Post Evacuate Collection Set: 0.8ms
[2025-03-22T23:03:33.178+0000][gc,phases   ] GC(22)   Other: 0.2ms
[2025-03-22T23:03:33.178+0000][gc,heap     ] GC(22) Eden regions: 46->0(60)
[2025-03-22T23:03:33.178+0000][gc,heap     ] GC(22) Survivor regions: 5->5(7)
[2025-03-22T23:03:33.178+0000][gc,heap     ] GC(22) Old regions: 37->39
[2025-03-22T23:03:33.178+0000][gc,heap     ] GC(22) Archive regions: 2->2
[2025-03-22T23:03:33.178+0000][gc,heap     ] GC(22) Humongous regions: 139->139
[2025-03-22T23:03:33.178+0000][gc,metaspace] GC(22) Metaspace: 47675K(48576K)->47675K(48576K) NonClass: 42147K(42624K)->42147K(42624K) Class: 5528K(5952K)->5528K(5952K)
[2025-03-22T23:03:33.178+0000][gc          ] GC(22) Pause Young (Normal) (G1 Evacuation Pause) 227M->183M(1024M) 13.539ms
[2025-03-22T23:03:33.178+0000][gc,cpu      ] GC(22) User=0.02s Sys=0.00s Real=0.01s
[2025-03-22T23:05:43.707+0000][gc,start    ] GC(23) Pause Young (Normal) (G1 Evacuation Pause)
[2025-03-22T23:05:43.707+0000][gc,task     ] GC(23) Using 2 workers of 2 for evacuation
[2025-03-22T23:05:43.744+0000][gc,mmu      ] GC(23) MMU target violated: 21.0ms (20.0ms/21.0ms)
[2025-03-22T23:05:43.744+0000][gc,phases   ] GC(23)   Pre Evacuate Collection Set: 0.2ms
[2025-03-22T23:05:43.744+0000][gc,phases   ] GC(23)   Merge Heap Roots: 0.1ms
[2025-03-22T23:05:43.744+0000][gc,phases   ] GC(23)   Evacuate Collection Set: 27.6ms
[2025-03-22T23:05:43.744+0000][gc,phases   ] GC(23)   Post Evacuate Collection Set: 8.3ms
[2025-03-22T23:05:43.744+0000][gc,phases   ] GC(23)   Other: 0.2ms
[2025-03-22T23:05:43.744+0000][gc,heap     ] GC(23) Eden regions: 60->0(45)
[2025-03-22T23:05:43.744+0000][gc,heap     ] GC(23) Survivor regions: 5->6(9)
[2025-03-22T23:05:43.744+0000][gc,heap     ] GC(23) Old regions: 39->41
[2025-03-22T23:05:43.744+0000][gc,heap     ] GC(23) Archive regions: 2->2
[2025-03-22T23:05:43.744+0000][gc,heap     ] GC(23) Humongous regions: 139->139
[2025-03-22T23:05:43.744+0000][gc,metaspace] GC(23) Metaspace: 47679K(48576K)->47679K(48576K) NonClass: 42150K(42624K)->42150K(42624K) Class: 5528K(5952K)->5528K(5952K)
[2025-03-22T23:05:43.744+0000][gc          ] GC(23) Pause Young (Normal) (G1 Evacuation Pause) 243M->186M(1024M) 36.471ms
[2025-03-22T23:05:43.744+0000][gc,cpu      ] GC(23) User=0.03s Sys=0.00s Real=0.04s
[2025-03-22T23:07:21.960+0000][gc,start    ] GC(24) Pause Young (Normal) (G1 Evacuation Pause)
[2025-03-22T23:07:21.960+0000][gc,task     ] GC(24) Using 2 workers of 2 for evacuation
[2025-03-22T23:07:21.969+0000][gc,phases   ] GC(24)   Pre Evacuate Collection Set: 0.1ms
[2025-03-22T23:07:21.969+0000][gc,phases   ] GC(24)   Merge Heap Roots: 0.1ms
[2025-03-22T23:07:21.969+0000][gc,phases   ] GC(24)   Evacuate Collection Set: 8.8ms
[2025-03-22T23:07:21.969+0000][gc,phases   ] GC(24)   Post Evacuate Collection Set: 0.6ms
[2025-03-22T23:07:21.969+0000][gc,phases   ] GC(24)   Other: 0.2ms
[2025-03-22T23:07:21.969+0000][gc,heap     ] GC(24) Eden regions: 45->0(46)
[2025-03-22T23:07:21.969+0000][gc,heap     ] GC(24) Survivor regions: 6->5(7)
[2025-03-22T23:07:21.969+0000][gc,heap     ] GC(24) Old regions: 41->44
[2025-03-22T23:07:21.969+0000][gc,heap     ] GC(24) Archive regions: 2->2
[2025-03-22T23:07:21.969+0000][gc,heap     ] GC(24) Humongous regions: 139->139
[2025-03-22T23:07:21.969+0000][gc,metaspace] GC(24) Metaspace: 47683K(48576K)->47683K(48576K) NonClass: 42154K(42624K)->42154K(42624K) Class: 5528K(5952K)->5528K(5952K)
[2025-03-22T23:07:21.969+0000][gc          ] GC(24) Pause Young (Normal) (G1 Evacuation Pause) 231M->188M(1024M) 9.850ms
[2025-03-22T23:07:21.970+0000][gc,cpu      ] GC(24) User=0.01s Sys=0.01s Real=0.01s
[2025-03-22T23:09:02.845+0000][gc,start    ] GC(25) Pause Young (Normal) (G1 Evacuation Pause)
[2025-03-22T23:09:02.845+0000][gc,task     ] GC(25) Using 2 workers of 2 for evacuation
[2025-03-22T23:09:02.857+0000][gc,phases   ] GC(25)   Pre Evacuate Collection Set: 0.1ms
[2025-03-22T23:09:02.857+0000][gc,phases   ] GC(25)   Merge Heap Roots: 0.1ms
[2025-03-22T23:09:02.857+0000][gc,phases   ] GC(25)   Evacuate Collection Set: 10.1ms
[2025-03-22T23:09:02.857+0000][gc,phases   ] GC(25)   Post Evacuate Collection Set: 0.8ms
[2025-03-22T23:09:02.857+0000][gc,phases   ] GC(25)   Other: 0.2ms
[2025-03-22T23:09:02.857+0000][gc,heap     ] GC(25) Eden regions: 46->0(64)
[2025-03-22T23:09:02.857+0000][gc,heap     ] GC(25) Survivor regions: 5->4(7)
[2025-03-22T23:09:02.857+0000][gc,heap     ] GC(25) Old regions: 44->46
[2025-03-22T23:09:02.857+0000][gc,heap     ] GC(25) Archive regions: 2->2
[2025-03-22T23:09:02.857+0000][gc,heap     ] GC(25) Humongous regions: 139->139
[2025-03-22T23:09:02.857+0000][gc,metaspace] GC(25) Metaspace: 47689K(48576K)->47689K(48576K) NonClass: 42161K(42624K)->42161K(42624K) Class: 5528K(5952K)->5528K(5952K)
[2025-03-22T23:09:02.857+0000][gc          ] GC(25) Pause Young (Normal) (G1 Evacuation Pause) 234M->189M(1024M) 11.342ms
[2025-03-22T23:09:02.857+0000][gc,cpu      ] GC(25) User=0.02s Sys=0.00s Real=0.01s
[2025-03-22T23:11:22.793+0000][gc,start    ] GC(26) Pause Young (Normal) (G1 Evacuation Pause)
[2025-03-22T23:11:22.793+0000][gc,task     ] GC(26) Using 2 workers of 2 for evacuation
[2025-03-22T23:11:22.803+0000][gc,phases   ] GC(26)   Pre Evacuate Collection Set: 0.2ms
[2025-03-22T23:11:22.803+0000][gc,phases   ] GC(26)   Merge Heap Roots: 0.2ms
[2025-03-22T23:11:22.803+0000][gc,phases   ] GC(26)   Evacuate Collection Set: 8.4ms
[2025-03-22T23:11:22.803+0000][gc,phases   ] GC(26)   Post Evacuate Collection Set: 1.0ms
[2025-03-22T23:11:22.803+0000][gc,phases   ] GC(26)   Other: 0.3ms
[2025-03-22T23:11:22.803+0000][gc,heap     ] GC(26) Eden regions: 64->0(50)
[2025-03-22T23:11:22.803+0000][gc,heap     ] GC(26) Survivor regions: 4->6(9)
[2025-03-22T23:11:22.803+0000][gc,heap     ] GC(26) Old regions: 46->46
[2025-03-22T23:11:22.803+0000][gc,heap     ] GC(26) Archive regions: 2->2
[2025-03-22T23:11:22.803+0000][gc,heap     ] GC(26) Humongous regions: 139->139
[2025-03-22T23:11:22.803+0000][gc,metaspace] GC(26) Metaspace: 47697K(48576K)->47697K(48576K) NonClass: 42168K(42624K)->42168K(42624K) Class: 5528K(5952K)->5528K(5952K)
[2025-03-22T23:11:22.803+0000][gc          ] GC(26) Pause Young (Normal) (G1 Evacuation Pause) 253M->191M(1024M) 10.113ms
[2025-03-22T23:11:22.803+0000][gc,cpu      ] GC(26) User=0.01s Sys=0.01s Real=0.00s
[2025-03-22T23:13:12.505+0000][gc,start    ] GC(27) Pause Young (Normal) (G1 Evacuation Pause)
[2025-03-22T23:13:12.505+0000][gc,task     ] GC(27) Using 2 workers of 2 for evacuation
[2025-03-22T23:13:12.518+0000][gc,phases   ] GC(27)   Pre Evacuate Collection Set: 0.2ms
[2025-03-22T23:13:12.518+0000][gc,phases   ] GC(27)   Merge Heap Roots: 0.1ms
[2025-03-22T23:13:12.518+0000][gc,phases   ] GC(27)   Evacuate Collection Set: 11.1ms
[2025-03-22T23:13:12.518+0000][gc,phases   ] GC(27)   Post Evacuate Collection Set: 1.3ms
[2025-03-22T23:13:12.518+0000][gc,phases   ] GC(27)   Other: 0.5ms
[2025-03-22T23:13:12.518+0000][gc,heap     ] GC(27) Eden regions: 50->0(81)
[2025-03-22T23:13:12.518+0000][gc,heap     ] GC(27) Survivor regions: 6->5(7)
[2025-03-22T23:13:12.518+0000][gc,heap     ] GC(27) Old regions: 46->50
[2025-03-22T23:13:12.518+0000][gc,heap     ] GC(27) Archive regions: 2->2
[2025-03-22T23:13:12.518+0000][gc,heap     ] GC(27) Humongous regions: 139->139
[2025-03-22T23:13:12.518+0000][gc,metaspace] GC(27) Metaspace: 47702K(48576K)->47702K(48576K) NonClass: 42174K(42624K)->42174K(42624K) Class: 5528K(5952K)->5528K(5952K)
[2025-03-22T23:13:12.518+0000][gc          ] GC(27) Pause Young (Normal) (G1 Evacuation Pause) 241M->193M(1024M) 13.264ms
[2025-03-22T23:13:12.518+0000][gc,cpu      ] GC(27) User=0.02s Sys=0.00s Real=0.01s
[2025-03-22T23:16:11.196+0000][gc,start    ] GC(28) Pause Young (Normal) (G1 Evacuation Pause)
[2025-03-22T23:16:11.196+0000][gc,task     ] GC(28) Using 2 workers of 2 for evacuation
[2025-03-22T23:16:11.228+0000][gc,mmu      ] GC(28) MMU target violated: 21.0ms (20.0ms/21.0ms)
[2025-03-22T23:16:11.228+0000][gc,phases   ] GC(28)   Pre Evacuate Collection Set: 0.7ms
[2025-03-22T23:16:11.228+0000][gc,phases   ] GC(28)   Merge Heap Roots: 0.2ms
[2025-03-22T23:16:11.228+0000][gc,phases   ] GC(28)   Evacuate Collection Set: 19.5ms
[2025-03-22T23:16:11.228+0000][gc,phases   ] GC(28)   Post Evacuate Collection Set: 11.8ms
[2025-03-22T23:16:11.228+0000][gc,phases   ] GC(28)   Other: 0.3ms
[2025-03-22T23:16:11.228+0000][gc,heap     ] GC(28) Eden regions: 81->0(44)
[2025-03-22T23:16:11.228+0000][gc,heap     ] GC(28) Survivor regions: 5->7(11)
[2025-03-22T23:16:11.228+0000][gc,heap     ] GC(28) Old regions: 50->50
[2025-03-22T23:16:11.228+0000][gc,heap     ] GC(28) Archive regions: 2->2
[2025-03-22T23:16:11.228+0000][gc,heap     ] GC(28) Humongous regions: 139->139
[2025-03-22T23:16:11.228+0000][gc,metaspace] GC(28) Metaspace: 47706K(48576K)->47706K(48576K) NonClass: 42178K(42624K)->42178K(42624K) Class: 5528K(5952K)->5528K(5952K)
[2025-03-22T23:16:11.228+0000][gc          ] GC(28) Pause Young (Normal) (G1 Evacuation Pause) 274M->195M(1024M) 32.475ms
[2025-03-22T23:16:11.228+0000][gc,cpu      ] GC(28) User=0.02s Sys=0.01s Real=0.03s
[2025-03-22T23:17:40.219+0000][gc,start    ] GC(29) Pause Young (Normal) (G1 Evacuation Pause)
[2025-03-22T23:17:40.219+0000][gc,task     ] GC(29) Using 2 workers of 2 for evacuation
[2025-03-22T23:17:40.244+0000][gc,mmu      ] GC(29) MMU target violated: 21.0ms (20.0ms/21.0ms)
[2025-03-22T23:17:40.244+0000][gc,phases   ] GC(29)   Pre Evacuate Collection Set: 0.1ms
[2025-03-22T23:17:40.244+0000][gc,phases   ] GC(29)   Merge Heap Roots: 0.1ms
[2025-03-22T23:17:40.244+0000][gc,phases   ] GC(29)   Evacuate Collection Set: 15.7ms
[2025-03-22T23:17:40.244+0000][gc,phases   ] GC(29)   Post Evacuate Collection Set: 8.5ms
[2025-03-22T23:17:40.244+0000][gc,phases   ] GC(29)   Other: 0.2ms
[2025-03-22T23:17:40.244+0000][gc,heap     ] GC(29) Eden regions: 44->0(44)
[2025-03-22T23:17:40.244+0000][gc,heap     ] GC(29) Survivor regions: 7->7(7)
[2025-03-22T23:17:40.244+0000][gc,heap     ] GC(29) Old regions: 50->54
[2025-03-22T23:17:40.244+0000][gc,heap     ] GC(29) Archive regions: 2->2
[2025-03-22T23:17:40.244+0000][gc,heap     ] GC(29) Humongous regions: 139->139
[2025-03-22T23:17:40.244+0000][gc,metaspace] GC(29) Metaspace: 47767K(48704K)->47767K(48704K) NonClass: 42227K(42688K)->42227K(42688K) Class: 5540K(6016K)->5540K(6016K)
[2025-03-22T23:17:40.244+0000][gc          ] GC(29) Pause Young (Normal) (G1 Evacuation Pause) 239M->200M(1024M) 24.725ms
[2025-03-22T23:17:40.244+0000][gc,cpu      ] GC(29) User=0.02s Sys=0.01s Real=0.03s
[2025-03-22T23:19:15.798+0000][gc,start    ] GC(30) Pause Young (Normal) (G1 Evacuation Pause)
[2025-03-22T23:19:15.799+0000][gc,task     ] GC(30) Using 2 workers of 2 for evacuation
[2025-03-22T23:19:15.813+0000][gc,phases   ] GC(30)   Pre Evacuate Collection Set: 0.1ms
[2025-03-22T23:19:15.813+0000][gc,phases   ] GC(30)   Merge Heap Roots: 0.2ms
[2025-03-22T23:19:15.813+0000][gc,phases   ] GC(30)   Evacuate Collection Set: 13.0ms
[2025-03-22T23:19:15.813+0000][gc,phases   ] GC(30)   Post Evacuate Collection Set: 0.9ms
[2025-03-22T23:19:15.813+0000][gc,phases   ] GC(30)   Other: 0.5ms
[2025-03-22T23:19:15.813+0000][gc,heap     ] GC(30) Eden regions: 44->0(99)
[2025-03-22T23:19:15.813+0000][gc,heap     ] GC(30) Survivor regions: 7->1(7)
[2025-03-22T23:19:15.813+0000][gc,heap     ] GC(30) Old regions: 54->59
[2025-03-22T23:19:15.813+0000][gc,heap     ] GC(30) Archive regions: 2->2
[2025-03-22T23:19:15.813+0000][gc,heap     ] GC(30) Humongous regions: 148->148
[2025-03-22T23:19:15.813+0000][gc,metaspace] GC(30) Metaspace: 47852K(48768K)->47852K(48768K) NonClass: 42294K(42752K)->42294K(42752K) Class: 5557K(6016K)->5557K(6016K)
[2025-03-22T23:19:15.813+0000][gc          ] GC(30) Pause Young (Normal) (G1 Evacuation Pause) 253M->208M(1024M) 14.822ms
[2025-03-22T23:19:15.813+0000][gc,cpu      ] GC(30) User=0.02s Sys=0.00s Real=0.02s
[2025-03-22T23:22:55.591+0000][gc,start    ] GC(31) Pause Young (Normal) (G1 Evacuation Pause)
[2025-03-22T23:22:55.591+0000][gc,task     ] GC(31) Using 2 workers of 2 for evacuation
[2025-03-22T23:22:55.619+0000][gc,mmu      ] GC(31) MMU target violated: 21.0ms (20.0ms/21.0ms)
[2025-03-22T23:22:55.619+0000][gc,phases   ] GC(31)   Pre Evacuate Collection Set: 2.7ms
[2025-03-22T23:22:55.619+0000][gc,phases   ] GC(31)   Merge Heap Roots: 0.1ms
[2025-03-22T23:22:55.619+0000][gc,phases   ] GC(31)   Evacuate Collection Set: 23.0ms
[2025-03-22T23:22:55.619+0000][gc,phases   ] GC(31)   Post Evacuate Collection Set: 1.6ms
[2025-03-22T23:22:55.619+0000][gc,phases   ] GC(31)   Other: 0.3ms
[2025-03-22T23:22:55.619+0000][gc,heap     ] GC(31) Eden regions: 99->0(46)
[2025-03-22T23:22:55.619+0000][gc,heap     ] GC(31) Survivor regions: 1->5(13)
[2025-03-22T23:22:55.619+0000][gc,heap     ] GC(31) Old regions: 59->59
[2025-03-22T23:22:55.619+0000][gc,heap     ] GC(31) Archive regions: 2->2
[2025-03-22T23:22:55.619+0000][gc,heap     ] GC(31) Humongous regions: 148->148
[2025-03-22T23:22:55.619+0000][gc,metaspace] GC(31) Metaspace: 47883K(48832K)->47883K(48832K) NonClass: 42325K(42816K)->42325K(42816K) Class: 5557K(6016K)->5557K(6016K)
[2025-03-22T23:22:55.619+0000][gc          ] GC(31) Pause Young (Normal) (G1 Evacuation Pause) 307M->212M(1024M) 27.830ms
[2025-03-22T23:22:55.619+0000][gc,cpu      ] GC(31) User=0.02s Sys=0.01s Real=0.03s
[2025-03-22T23:24:36.945+0000][gc,start    ] GC(32) Pause Young (Normal) (G1 Evacuation Pause)
[2025-03-22T23:24:36.945+0000][gc,task     ] GC(32) Using 2 workers of 2 for evacuation
[2025-03-22T23:24:36.957+0000][gc,phases   ] GC(32)   Pre Evacuate Collection Set: 0.1ms
[2025-03-22T23:24:36.957+0000][gc,phases   ] GC(32)   Merge Heap Roots: 0.1ms
[2025-03-22T23:24:36.957+0000][gc,phases   ] GC(32)   Evacuate Collection Set: 9.9ms
[2025-03-22T23:24:36.957+0000][gc,phases   ] GC(32)   Post Evacuate Collection Set: 1.4ms
[2025-03-22T23:24:36.957+0000][gc,phases   ] GC(32)   Other: 0.1ms
[2025-03-22T23:24:36.957+0000][gc,heap     ] GC(32) Eden regions: 46->0(45)
[2025-03-22T23:24:36.957+0000][gc,heap     ] GC(32) Survivor regions: 5->6(7)
[2025-03-22T23:24:36.957+0000][gc,heap     ] GC(32) Old regions: 59->60
[2025-03-22T23:24:36.957+0000][gc,heap     ] GC(32) Archive regions: 2->2
[2025-03-22T23:24:36.957+0000][gc,heap     ] GC(32) Humongous regions: 148->148
[2025-03-22T23:24:36.957+0000][gc,metaspace] GC(32) Metaspace: 47894K(48832K)->47894K(48832K) NonClass: 42336K(42816K)->42336K(42816K) Class: 5557K(6016K)->5557K(6016K)
[2025-03-22T23:24:36.957+0000][gc          ] GC(32) Pause Young (Normal) (G1 Evacuation Pause) 258M->214M(1024M) 11.768ms
[2025-03-22T23:24:36.957+0000][gc,cpu      ] GC(32) User=0.02s Sys=0.00s Real=0.01s
[2025-03-22T23:26:15.786+0000][gc,start    ] GC(33) Pause Young (Normal) (G1 Evacuation Pause)
[2025-03-22T23:26:15.787+0000][gc,task     ] GC(33) Using 2 workers of 2 for evacuation
[2025-03-22T23:26:15.804+0000][gc,phases   ] GC(33)   Pre Evacuate Collection Set: 0.2ms
[2025-03-22T23:26:15.804+0000][gc,phases   ] GC(33)   Merge Heap Roots: 0.1ms
[2025-03-22T23:26:15.804+0000][gc,phases   ] GC(33)   Evacuate Collection Set: 11.4ms
[2025-03-22T23:26:15.804+0000][gc,phases   ] GC(33)   Post Evacuate Collection Set: 5.1ms
[2025-03-22T23:26:15.804+0000][gc,phases   ] GC(33)   Other: 0.9ms
[2025-03-22T23:26:15.804+0000][gc,heap     ] GC(33) Eden regions: 45->0(58)
[2025-03-22T23:26:15.804+0000][gc,heap     ] GC(33) Survivor regions: 6->4(7)
[2025-03-22T23:26:15.804+0000][gc,heap     ] GC(33) Old regions: 60->64
[2025-03-22T23:26:15.804+0000][gc,heap     ] GC(33) Archive regions: 2->2
[2025-03-22T23:26:15.804+0000][gc,heap     ] GC(33) Humongous regions: 148->148
[2025-03-22T23:26:15.804+0000][gc,metaspace] GC(33) Metaspace: 47896K(48832K)->47896K(48832K) NonClass: 42339K(42816K)->42339K(42816K) Class: 5557K(6016K)->5557K(6016K)
[2025-03-22T23:26:15.804+0000][gc          ] GC(33) Pause Young (Normal) (G1 Evacuation Pause) 259M->215M(1024M) 17.665ms
[2025-03-22T23:26:15.804+0000][gc,cpu      ] GC(33) User=0.02s Sys=0.00s Real=0.02s
[2025-03-22T23:28:23.129+0000][gc,start    ] GC(34) Pause Young (Normal) (G1 Evacuation Pause)
[2025-03-22T23:28:23.129+0000][gc,task     ] GC(34) Using 2 workers of 2 for evacuation
[2025-03-22T23:28:23.137+0000][gc,phases   ] GC(34)   Pre Evacuate Collection Set: 0.1ms
[2025-03-22T23:28:23.137+0000][gc,phases   ] GC(34)   Merge Heap Roots: 0.1ms
[2025-03-22T23:28:23.137+0000][gc,phases   ] GC(34)   Evacuate Collection Set: 7.1ms
[2025-03-22T23:28:23.137+0000][gc,phases   ] GC(34)   Post Evacuate Collection Set: 0.6ms
[2025-03-22T23:28:23.137+0000][gc,phases   ] GC(34)   Other: 0.2ms
[2025-03-22T23:28:23.137+0000][gc,heap     ] GC(34) Eden regions: 58->0(45)
[2025-03-22T23:28:23.137+0000][gc,heap     ] GC(34) Survivor regions: 4->6(8)
[2025-03-22T23:28:23.137+0000][gc,heap     ] GC(34) Old regions: 64->64
[2025-03-22T23:28:23.137+0000][gc,heap     ] GC(34) Archive regions: 2->2
[2025-03-22T23:28:23.137+0000][gc,heap     ] GC(34) Humongous regions: 148->148
[2025-03-22T23:28:23.137+0000][gc,metaspace] GC(34) Metaspace: 47897K(48832K)->47897K(48832K) NonClass: 42339K(42816K)->42339K(42816K) Class: 5557K(6016K)->5557K(6016K)
[2025-03-22T23:28:23.137+0000][gc          ] GC(34) Pause Young (Normal) (G1 Evacuation Pause) 273M->218M(1024M) 8.145ms
[2025-03-22T23:28:23.137+0000][gc,cpu      ] GC(34) User=0.01s Sys=0.00s Real=0.01s
[2025-03-22T23:30:02.352+0000][gc,start    ] GC(35) Pause Young (Normal) (G1 Evacuation Pause)
[2025-03-22T23:30:02.352+0000][gc,task     ] GC(35) Using 2 workers of 2 for evacuation
[2025-03-22T23:30:02.364+0000][gc,phases   ] GC(35)   Pre Evacuate Collection Set: 0.1ms
[2025-03-22T23:30:02.364+0000][gc,phases   ] GC(35)   Merge Heap Roots: 0.1ms
[2025-03-22T23:30:02.364+0000][gc,phases   ] GC(35)   Evacuate Collection Set: 11.3ms
[2025-03-22T23:30:02.364+0000][gc,phases   ] GC(35)   Post Evacuate Collection Set: 0.8ms
[2025-03-22T23:30:02.364+0000][gc,phases   ] GC(35)   Other: 0.2ms
[2025-03-22T23:30:02.364+0000][gc,heap     ] GC(35) Eden regions: 45->0(111)
[2025-03-22T23:30:02.364+0000][gc,heap     ] GC(35) Survivor regions: 6->4(7)
[2025-03-22T23:30:02.364+0000][gc,heap     ] GC(35) Old regions: 64->67
[2025-03-22T23:30:02.364+0000][gc,heap     ] GC(35) Archive regions: 2->2
[2025-03-22T23:30:02.364+0000][gc,heap     ] GC(35) Humongous regions: 148->148
[2025-03-22T23:30:02.364+0000][gc,metaspace] GC(35) Metaspace: 47902K(48832K)->47902K(48832K) NonClass: 42344K(42816K)->42344K(42816K) Class: 5557K(6016K)->5557K(6016K)
[2025-03-22T23:30:02.364+0000][gc          ] GC(35) Pause Young (Normal) (G1 Evacuation Pause) 263M->219M(1024M) 12.644ms
[2025-03-22T23:30:02.364+0000][gc,cpu      ] GC(35) User=0.02s Sys=0.00s Real=0.02s
[2025-03-22T23:34:08.635+0000][gc,start    ] GC(36) Pause Young (Normal) (G1 Evacuation Pause)
[2025-03-22T23:34:08.636+0000][gc,task     ] GC(36) Using 2 workers of 2 for evacuation
[2025-03-22T23:34:08.661+0000][gc,mmu      ] GC(36) MMU target violated: 21.0ms (20.0ms/21.0ms)
[2025-03-22T23:34:08.661+0000][gc,phases   ] GC(36)   Pre Evacuate Collection Set: 0.3ms
[2025-03-22T23:34:08.661+0000][gc,phases   ] GC(36)   Merge Heap Roots: 0.1ms
[2025-03-22T23:34:08.661+0000][gc,phases   ] GC(36)   Evacuate Collection Set: 22.5ms
[2025-03-22T23:34:08.661+0000][gc,phases   ] GC(36)   Post Evacuate Collection Set: 2.0ms
[2025-03-22T23:34:08.661+0000][gc,phases   ] GC(36)   Other: 0.8ms
[2025-03-22T23:34:08.661+0000][gc,heap     ] GC(36) Eden regions: 111->0(43)
[2025-03-22T23:34:08.661+0000][gc,heap     ] GC(36) Survivor regions: 4->8(15)
[2025-03-22T23:34:08.661+0000][gc,heap     ] GC(36) Old regions: 67->67
[2025-03-22T23:34:08.661+0000][gc,heap     ] GC(36) Archive regions: 2->2
[2025-03-22T23:34:08.661+0000][gc,heap     ] GC(36) Humongous regions: 148->148
[2025-03-22T23:34:08.661+0000][gc,metaspace] GC(36) Metaspace: 47911K(48832K)->47911K(48832K) NonClass: 42353K(42816K)->42353K(42816K) Class: 5557K(6016K)->5557K(6016K)
[2025-03-22T23:34:08.661+0000][gc          ] GC(36) Pause Young (Normal) (G1 Evacuation Pause) 330M->223M(1024M) 25.979ms
[2025-03-22T23:34:08.661+0000][gc,cpu      ] GC(36) User=0.03s Sys=0.00s Real=0.02s
[2025-03-22T23:35:42.740+0000][gc,start    ] GC(37) Pause Young (Normal) (G1 Evacuation Pause)
[2025-03-22T23:35:42.740+0000][gc,task     ] GC(37) Using 2 workers of 2 for evacuation
[2025-03-22T23:35:42.764+0000][gc,mmu      ] GC(37) MMU target violated: 21.0ms (20.0ms/21.0ms)
[2025-03-22T23:35:42.764+0000][gc,phases   ] GC(37)   Pre Evacuate Collection Set: 0.2ms
[2025-03-22T23:35:42.764+0000][gc,phases   ] GC(37)   Merge Heap Roots: 0.1ms
[2025-03-22T23:35:42.764+0000][gc,phases   ] GC(37)   Evacuate Collection Set: 14.7ms
[2025-03-22T23:35:42.764+0000][gc,phases   ] GC(37)   Post Evacuate Collection Set: 8.2ms
[2025-03-22T23:35:42.764+0000][gc,phases   ] GC(37)   Other: 0.2ms
[2025-03-22T23:35:42.764+0000][gc,heap     ] GC(37) Eden regions: 43->0(87)
[2025-03-22T23:35:42.764+0000][gc,heap     ] GC(37) Survivor regions: 8->2(7)
[2025-03-22T23:35:42.764+0000][gc,heap     ] GC(37) Old regions: 67->75
[2025-03-22T23:35:42.764+0000][gc,heap     ] GC(37) Archive regions: 2->2
[2025-03-22T23:35:42.764+0000][gc,heap     ] GC(37) Humongous regions: 148->148
[2025-03-22T23:35:42.764+0000][gc,metaspace] GC(37) Metaspace: 47913K(48832K)->47913K(48832K) NonClass: 42355K(42816K)->42355K(42816K) Class: 5557K(6016K)->5557K(6016K)
[2025-03-22T23:35:42.764+0000][gc          ] GC(37) Pause Young (Normal) (G1 Evacuation Pause) 266M->225M(1024M) 23.492ms
[2025-03-22T23:35:42.764+0000][gc,cpu      ] GC(37) User=0.02s Sys=0.01s Real=0.03s
[2025-03-22T23:38:55.468+0000][gc,start    ] GC(38) Pause Young (Normal) (G1 Evacuation Pause)
[2025-03-22T23:38:55.468+0000][gc,task     ] GC(38) Using 2 workers of 2 for evacuation
[2025-03-22T23:38:55.477+0000][gc,phases   ] GC(38)   Pre Evacuate Collection Set: 0.2ms
[2025-03-22T23:38:55.477+0000][gc,phases   ] GC(38)   Merge Heap Roots: 0.1ms
[2025-03-22T23:38:55.477+0000][gc,phases   ] GC(38)   Evacuate Collection Set: 7.3ms
[2025-03-22T23:38:55.477+0000][gc,phases   ] GC(38)   Post Evacuate Collection Set: 0.5ms
[2025-03-22T23:38:55.477+0000][gc,phases   ] GC(38)   Other: 0.7ms
[2025-03-22T23:38:55.477+0000][gc,heap     ] GC(38) Eden regions: 87->0(62)
[2025-03-22T23:38:55.477+0000][gc,heap     ] GC(38) Survivor regions: 2->5(12)
[2025-03-22T23:38:55.477+0000][gc,heap     ] GC(38) Old regions: 75->75
[2025-03-22T23:38:55.477+0000][gc,heap     ] GC(38) Archive regions: 2->2
[2025-03-22T23:38:55.477+0000][gc,heap     ] GC(38) Humongous regions: 148->148
[2025-03-22T23:38:55.477+0000][gc,metaspace] GC(38) Metaspace: 47917K(48832K)->47917K(48832K) NonClass: 42359K(42816K)->42359K(42816K) Class: 5557K(6016K)->5557K(6016K)
[2025-03-22T23:38:55.477+0000][gc          ] GC(38) Pause Young (Normal) (G1 Evacuation Pause) 312M->227M(1024M) 8.864ms
[2025-03-22T23:38:55.477+0000][gc,cpu      ] GC(38) User=0.02s Sys=0.00s Real=0.01s
[2025-03-22T23:41:11.510+0000][gc,start    ] GC(39) Pause Young (Normal) (G1 Evacuation Pause)
[2025-03-22T23:41:11.510+0000][gc,task     ] GC(39) Using 2 workers of 2 for evacuation
[2025-03-22T23:41:11.523+0000][gc,phases   ] GC(39)   Pre Evacuate Collection Set: 0.2ms
[2025-03-22T23:41:11.523+0000][gc,phases   ] GC(39)   Merge Heap Roots: 0.1ms
[2025-03-22T23:41:11.523+0000][gc,phases   ] GC(39)   Evacuate Collection Set: 11.6ms
[2025-03-22T23:41:11.523+0000][gc,phases   ] GC(39)   Post Evacuate Collection Set: 0.6ms
[2025-03-22T23:41:11.523+0000][gc,phases   ] GC(39)   Other: 0.2ms
[2025-03-22T23:41:11.523+0000][gc,heap     ] GC(39) Eden regions: 62->0(48)
[2025-03-22T23:41:11.523+0000][gc,heap     ] GC(39) Survivor regions: 5->7(9)
[2025-03-22T23:41:11.523+0000][gc,heap     ] GC(39) Old regions: 75->75
[2025-03-22T23:41:11.523+0000][gc,heap     ] GC(39) Archive regions: 2->2
[2025-03-22T23:41:11.523+0000][gc,heap     ] GC(39) Humongous regions: 148->148
[2025-03-22T23:41:11.523+0000][gc,metaspace] GC(39) Metaspace: 47920K(48832K)->47920K(48832K) NonClass: 42362K(42816K)->42362K(42816K) Class: 5557K(6016K)->5557K(6016K)
[2025-03-22T23:41:11.523+0000][gc          ] GC(39) Pause Young (Normal) (G1 Evacuation Pause) 289M->229M(1024M) 12.801ms
[2025-03-22T23:41:11.523+0000][gc,cpu      ] GC(39) User=0.02s Sys=0.00s Real=0.01s
[2025-03-22T23:42:57.425+0000][gc,start    ] GC(40) Pause Young (Normal) (G1 Evacuation Pause)
[2025-03-22T23:42:57.425+0000][gc,task     ] GC(40) Using 2 workers of 2 for evacuation
[2025-03-22T23:42:57.444+0000][gc,phases   ] GC(40)   Pre Evacuate Collection Set: 0.2ms
[2025-03-22T23:42:57.444+0000][gc,phases   ] GC(40)   Merge Heap Roots: 0.1ms
[2025-03-22T23:42:57.444+0000][gc,phases   ] GC(40)   Evacuate Collection Set: 13.5ms
[2025-03-22T23:42:57.444+0000][gc,phases   ] GC(40)   Post Evacuate Collection Set: 4.9ms
[2025-03-22T23:42:57.444+0000][gc,phases   ] GC(40)   Other: 0.5ms
[2025-03-22T23:42:57.444+0000][gc,heap     ] GC(40) Eden regions: 48->0(92)
[2025-03-22T23:42:57.444+0000][gc,heap     ] GC(40) Survivor regions: 7->5(7)
[2025-03-22T23:42:57.444+0000][gc,heap     ] GC(40) Old regions: 75->79
[2025-03-22T23:42:57.444+0000][gc,heap     ] GC(40) Archive regions: 2->2
[2025-03-22T23:42:57.444+0000][gc,heap     ] GC(40) Humongous regions: 148->148
[2025-03-22T23:42:57.444+0000][gc,metaspace] GC(40) Metaspace: 47927K(48832K)->47927K(48832K) NonClass: 42369K(42816K)->42369K(42816K) Class: 5557K(6016K)->5557K(6016K)
[2025-03-22T23:42:57.444+0000][gc          ] GC(40) Pause Young (Normal) (G1 Evacuation Pause) 277M->232M(1024M) 19.370ms
[2025-03-22T23:42:57.444+0000][gc,cpu      ] GC(40) User=0.02s Sys=0.01s Real=0.02s
[2025-03-22T23:46:21.249+0000][gc,start    ] GC(41) Pause Young (Normal) (G1 Evacuation Pause)
[2025-03-22T23:46:21.250+0000][gc,task     ] GC(41) Using 2 workers of 2 for evacuation
[2025-03-22T23:46:21.299+0000][gc,mmu      ] GC(41) MMU target violated: 21.0ms (20.0ms/21.0ms)
[2025-03-22T23:46:21.299+0000][gc,phases   ] GC(41)   Pre Evacuate Collection Set: 0.2ms
[2025-03-22T23:46:21.299+0000][gc,phases   ] GC(41)   Merge Heap Roots: 0.1ms
[2025-03-22T23:46:21.299+0000][gc,phases   ] GC(41)   Evacuate Collection Set: 44.1ms
[2025-03-22T23:46:21.299+0000][gc,phases   ] GC(41)   Post Evacuate Collection Set: 5.0ms
[2025-03-22T23:46:21.299+0000][gc,phases   ] GC(41)   Other: 0.8ms
[2025-03-22T23:46:21.299+0000][gc,heap     ] GC(41) Eden regions: 92->0(43)
[2025-03-22T23:46:21.299+0000][gc,heap     ] GC(41) Survivor regions: 5->8(13)
[2025-03-22T23:46:21.299+0000][gc,heap     ] GC(41) Old regions: 79->79
[2025-03-22T23:46:21.299+0000][gc,heap     ] GC(41) Archive regions: 2->2
[2025-03-22T23:46:21.299+0000][gc,heap     ] GC(41) Humongous regions: 148->148
[2025-03-22T23:46:21.299+0000][gc,metaspace] GC(41) Metaspace: 47935K(48832K)->47935K(48832K) NonClass: 42377K(42816K)->42377K(42816K) Class: 5557K(6016K)->5557K(6016K)
[2025-03-22T23:46:21.299+0000][gc          ] GC(41) Pause Young (Normal) (G1 Evacuation Pause) 324M->235M(1024M) 50.264ms
[2025-03-22T23:46:21.299+0000][gc,cpu      ] GC(41) User=0.02s Sys=0.03s Real=0.05s
[2025-03-22T23:47:55.901+0000][gc,start    ] GC(42) Pause Young (Normal) (G1 Evacuation Pause)
[2025-03-22T23:47:55.901+0000][gc,task     ] GC(42) Using 2 workers of 2 for evacuation
[2025-03-22T23:47:55.928+0000][gc,mmu      ] GC(42) MMU target violated: 21.0ms (20.0ms/21.0ms)
[2025-03-22T23:47:55.928+0000][gc,phases   ] GC(42)   Pre Evacuate Collection Set: 0.3ms
[2025-03-22T23:47:55.928+0000][gc,phases   ] GC(42)   Merge Heap Roots: 0.2ms
[2025-03-22T23:47:55.928+0000][gc,phases   ] GC(42)   Evacuate Collection Set: 16.8ms
[2025-03-22T23:47:55.928+0000][gc,phases   ] GC(42)   Post Evacuate Collection Set: 9.0ms
[2025-03-22T23:47:55.928+0000][gc,phases   ] GC(42)   Other: 0.3ms
[2025-03-22T23:47:55.928+0000][gc,heap     ] GC(42) Eden regions: 43->0(46)
[2025-03-22T23:47:55.928+0000][gc,heap     ] GC(42) Survivor regions: 8->5(7)
[2025-03-22T23:47:55.928+0000][gc,heap     ] GC(42) Old regions: 79->83
[2025-03-22T23:47:55.928+0000][gc,heap     ] GC(42) Archive regions: 2->2
[2025-03-22T23:47:55.928+0000][gc,heap     ] GC(42) Humongous regions: 148->148
[2025-03-22T23:47:55.928+0000][gc,metaspace] GC(42) Metaspace: 47936K(48832K)->47936K(48832K) NonClass: 42378K(42816K)->42378K(42816K) Class: 5558K(6016K)->5558K(6016K)
[2025-03-22T23:47:55.928+0000][gc          ] GC(42) Pause Young (Normal) (G1 Evacuation Pause) 278M->236M(1024M) 26.632ms
[2025-03-22T23:47:55.928+0000][gc,cpu      ] GC(42) User=0.03s Sys=0.00s Real=0.03s
[2025-03-22T23:49:37.201+0000][gc,start    ] GC(43) Pause Young (Normal) (G1 Evacuation Pause)
[2025-03-22T23:49:37.202+0000][gc,task     ] GC(43) Using 2 workers of 2 for evacuation
[2025-03-22T23:49:37.228+0000][gc,mmu      ] GC(43) MMU target violated: 21.0ms (20.0ms/21.0ms)
[2025-03-22T23:49:37.229+0000][gc,phases   ] GC(43)   Pre Evacuate Collection Set: 0.4ms
[2025-03-22T23:49:37.229+0000][gc,phases   ] GC(43)   Merge Heap Roots: 0.2ms
[2025-03-22T23:49:37.229+0000][gc,phases   ] GC(43)   Evacuate Collection Set: 25.1ms
[2025-03-22T23:49:37.229+0000][gc,phases   ] GC(43)   Post Evacuate Collection Set: 1.0ms
[2025-03-22T23:49:37.229+0000][gc,phases   ] GC(43)   Other: 0.7ms
[2025-03-22T23:49:37.229+0000][gc,heap     ] GC(43) Eden regions: 46->0(47)
[2025-03-22T23:49:37.229+0000][gc,heap     ] GC(43) Survivor regions: 5->4(7)
[2025-03-22T23:49:37.229+0000][gc,heap     ] GC(43) Old regions: 83->86
[2025-03-22T23:49:37.229+0000][gc,heap     ] GC(43) Archive regions: 2->2
[2025-03-22T23:49:37.229+0000][gc,heap     ] GC(43) Humongous regions: 148->148
[2025-03-22T23:49:37.229+0000][gc,metaspace] GC(43) Metaspace: 47937K(48832K)->47937K(48832K) NonClass: 42379K(42816K)->42379K(42816K) Class: 5558K(6016K)->5558K(6016K)
[2025-03-22T23:49:37.229+0000][gc          ] GC(43) Pause Young (Normal) (G1 Evacuation Pause) 282M->238M(1024M) 27.478ms
[2025-03-22T23:49:37.229+0000][gc,cpu      ] GC(43) User=0.03s Sys=0.01s Real=0.03s
[2025-03-22T23:51:20.680+0000][gc,start    ] GC(44) Pause Young (Normal) (G1 Evacuation Pause)
[2025-03-22T23:51:20.680+0000][gc,task     ] GC(44) Using 2 workers of 2 for evacuation
[2025-03-22T23:51:20.693+0000][gc,phases   ] GC(44)   Pre Evacuate Collection Set: 0.2ms
[2025-03-22T23:51:20.693+0000][gc,phases   ] GC(44)   Merge Heap Roots: 0.1ms
[2025-03-22T23:51:20.693+0000][gc,phases   ] GC(44)   Evacuate Collection Set: 10.9ms
[2025-03-22T23:51:20.693+0000][gc,phases   ] GC(44)   Post Evacuate Collection Set: 1.1ms
[2025-03-22T23:51:20.693+0000][gc,phases   ] GC(44)   Other: 0.2ms
[2025-03-22T23:51:20.693+0000][gc,heap     ] GC(44) Eden regions: 47->0(46)
[2025-03-22T23:51:20.693+0000][gc,heap     ] GC(44) Survivor regions: 4->5(7)
[2025-03-22T23:51:20.693+0000][gc,heap     ] GC(44) Old regions: 86->86
[2025-03-22T23:51:20.693+0000][gc,heap     ] GC(44) Archive regions: 2->2
[2025-03-22T23:51:20.693+0000][gc,heap     ] GC(44) Humongous regions: 148->148
[2025-03-22T23:51:20.693+0000][gc,metaspace] GC(44) Metaspace: 47937K(48832K)->47937K(48832K) NonClass: 42379K(42816K)->42379K(42816K) Class: 5558K(6016K)->5558K(6016K)
[2025-03-22T23:51:20.693+0000][gc          ] GC(44) Pause Young (Normal) (G1 Evacuation Pause) 285M->239M(1024M) 12.581ms
[2025-03-22T23:51:20.693+0000][gc,cpu      ] GC(44) User=0.02s Sys=0.00s Real=0.02s
[2025-03-22T23:53:01.998+0000][gc,start    ] GC(45) Pause Young (Normal) (G1 Evacuation Pause)
[2025-03-22T23:53:01.998+0000][gc,task     ] GC(45) Using 2 workers of 2 for evacuation
[2025-03-22T23:53:02.010+0000][gc,phases   ] GC(45)   Pre Evacuate Collection Set: 0.3ms
[2025-03-22T23:53:02.010+0000][gc,phases   ] GC(45)   Merge Heap Roots: 0.1ms
[2025-03-22T23:53:02.010+0000][gc,phases   ] GC(45)   Evacuate Collection Set: 10.8ms
[2025-03-22T23:53:02.010+0000][gc,phases   ] GC(45)   Post Evacuate Collection Set: 0.7ms
[2025-03-22T23:53:02.010+0000][gc,phases   ] GC(45)   Other: 0.2ms
[2025-03-22T23:53:02.010+0000][gc,heap     ] GC(45) Eden regions: 46->0(46)
[2025-03-22T23:53:02.010+0000][gc,heap     ] GC(45) Survivor regions: 5->5(7)
[2025-03-22T23:53:02.010+0000][gc,heap     ] GC(45) Old regions: 86->88
[2025-03-22T23:53:02.010+0000][gc,heap     ] GC(45) Archive regions: 2->2
[2025-03-22T23:53:02.010+0000][gc,heap     ] GC(45) Humongous regions: 148->148
[2025-03-22T23:53:02.010+0000][gc,metaspace] GC(45) Metaspace: 47939K(48832K)->47939K(48832K) NonClass: 42380K(42816K)->42380K(42816K) Class: 5558K(6016K)->5558K(6016K)
[2025-03-22T23:53:02.010+0000][gc          ] GC(45) Pause Young (Normal) (G1 Evacuation Pause) 285M->241M(1024M) 12.163ms
[2025-03-22T23:53:02.010+0000][gc,cpu      ] GC(45) User=0.02s Sys=0.00s Real=0.01s
[2025-03-22T23:54:43.509+0000][gc,start    ] GC(46) Pause Young (Normal) (G1 Evacuation Pause)
[2025-03-22T23:54:43.509+0000][gc,task     ] GC(46) Using 2 workers of 2 for evacuation
[2025-03-22T23:54:43.520+0000][gc,phases   ] GC(46)   Pre Evacuate Collection Set: 0.1ms
[2025-03-22T23:54:43.520+0000][gc,phases   ] GC(46)   Merge Heap Roots: 0.1ms
[2025-03-22T23:54:43.520+0000][gc,phases   ] GC(46)   Evacuate Collection Set: 10.1ms
[2025-03-22T23:54:43.520+0000][gc,phases   ] GC(46)   Post Evacuate Collection Set: 0.7ms
[2025-03-22T23:54:43.520+0000][gc,phases   ] GC(46)   Other: 0.2ms
[2025-03-22T23:54:43.520+0000][gc,heap     ] GC(46) Eden regions: 46->0(45)
[2025-03-22T23:54:43.520+0000][gc,heap     ] GC(46) Survivor regions: 5->6(7)
[2025-03-22T23:54:43.520+0000][gc,heap     ] GC(46) Old regions: 88->90
[2025-03-22T23:54:43.520+0000][gc,heap     ] GC(46) Archive regions: 2->2
[2025-03-22T23:54:43.520+0000][gc,heap     ] GC(46) Humongous regions: 148->148
[2025-03-22T23:54:43.520+0000][gc,metaspace] GC(46) Metaspace: 47957K(48896K)->47957K(48896K) NonClass: 42399K(42880K)->42399K(42880K) Class: 5558K(6016K)->5558K(6016K)
[2025-03-22T23:54:43.520+0000][gc          ] GC(46) Pause Young (Normal) (G1 Evacuation Pause) 287M->243M(1024M) 11.247ms
[2025-03-22T23:54:43.520+0000][gc,cpu      ] GC(46) User=0.02s Sys=0.00s Real=0.01s
[2025-03-22T23:56:22.527+0000][gc,start    ] GC(47) Pause Young (Normal) (G1 Evacuation Pause)
[2025-03-22T23:56:22.527+0000][gc,task     ] GC(47) Using 2 workers of 2 for evacuation
[2025-03-22T23:56:22.536+0000][gc,phases   ] GC(47)   Pre Evacuate Collection Set: 0.2ms
[2025-03-22T23:56:22.536+0000][gc,phases   ] GC(47)   Merge Heap Roots: 0.1ms
[2025-03-22T23:56:22.536+0000][gc,phases   ] GC(47)   Evacuate Collection Set: 8.7ms
[2025-03-22T23:56:22.536+0000][gc,phases   ] GC(47)   Post Evacuate Collection Set: 0.6ms
[2025-03-22T23:56:22.536+0000][gc,phases   ] GC(47)   Other: 0.2ms
[2025-03-22T23:56:22.536+0000][gc,heap     ] GC(47) Eden regions: 45->0(88)
[2025-03-22T23:56:22.536+0000][gc,heap     ] GC(47) Survivor regions: 6->5(7)
[2025-03-22T23:56:22.536+0000][gc,heap     ] GC(47) Old regions: 90->91
[2025-03-22T23:56:22.536+0000][gc,heap     ] GC(47) Archive regions: 2->2
[2025-03-22T23:56:22.536+0000][gc,heap     ] GC(47) Humongous regions: 148->148
[2025-03-22T23:56:22.536+0000][gc,metaspace] GC(47) Metaspace: 47957K(48896K)->47957K(48896K) NonClass: 42399K(42880K)->42399K(42880K) Class: 5558K(6016K)->5558K(6016K)
[2025-03-22T23:56:22.537+0000][gc          ] GC(47) Pause Young (Normal) (G1 Evacuation Pause) 288M->244M(1024M) 9.788ms
[2025-03-22T23:56:22.537+0000][gc,cpu      ] GC(47) User=0.02s Sys=0.00s Real=0.01s
[2025-03-22T23:59:37.361+0000][gc,start    ] GC(48) Pause Young (Normal) (G1 Evacuation Pause)
[2025-03-22T23:59:37.362+0000][gc,task     ] GC(48) Using 2 workers of 2 for evacuation
[2025-03-22T23:59:37.389+0000][gc,mmu      ] GC(48) MMU target violated: 21.0ms (20.0ms/21.0ms)
[2025-03-22T23:59:37.389+0000][gc,phases   ] GC(48)   Pre Evacuate Collection Set: 0.2ms
[2025-03-22T23:59:37.389+0000][gc,phases   ] GC(48)   Merge Heap Roots: 0.1ms
[2025-03-22T23:59:37.389+0000][gc,phases   ] GC(48)   Evacuate Collection Set: 25.9ms
[2025-03-22T23:59:37.389+0000][gc,phases   ] GC(48)   Post Evacuate Collection Set: 0.7ms
[2025-03-22T23:59:37.389+0000][gc,phases   ] GC(48)   Other: 0.9ms
[2025-03-22T23:59:37.389+0000][gc,heap     ] GC(48) Eden regions: 88->0(42)
[2025-03-22T23:59:37.389+0000][gc,heap     ] GC(48) Survivor regions: 5->9(12)
[2025-03-22T23:59:37.389+0000][gc,heap     ] GC(48) Old regions: 91->91
[2025-03-22T23:59:37.389+0000][gc,heap     ] GC(48) Archive regions: 2->2
[2025-03-22T23:59:37.389+0000][gc,heap     ] GC(48) Humongous regions: 148->148
[2025-03-22T23:59:37.389+0000][gc,metaspace] GC(48) Metaspace: 47958K(48896K)->47958K(48896K) NonClass: 42399K(42880K)->42399K(42880K) Class: 5558K(6016K)->5558K(6016K)
[2025-03-22T23:59:37.389+0000][gc          ] GC(48) Pause Young (Normal) (G1 Evacuation Pause) 332M->248M(1024M) 27.879ms
[2025-03-22T23:59:37.389+0000][gc,cpu      ] GC(48) User=0.02s Sys=0.01s Real=0.03s
[2025-03-23T00:01:09.908+0000][gc,start    ] GC(49) Pause Young (Normal) (G1 Evacuation Pause)
[2025-03-23T00:01:09.908+0000][gc,task     ] GC(49) Using 2 workers of 2 for evacuation
[2025-03-23T00:01:09.948+0000][gc,mmu      ] GC(49) MMU target violated: 21.0ms (20.0ms/21.0ms)
[2025-03-23T00:01:09.948+0000][gc,phases   ] GC(49)   Pre Evacuate Collection Set: 0.4ms
[2025-03-23T00:01:09.948+0000][gc,phases   ] GC(49)   Merge Heap Roots: 0.1ms
[2025-03-23T00:01:09.948+0000][gc,phases   ] GC(49)   Evacuate Collection Set: 31.7ms
[2025-03-23T00:01:09.948+0000][gc,phases   ] GC(49)   Post Evacuate Collection Set: 7.0ms
[2025-03-23T00:01:09.948+0000][gc,phases   ] GC(49)   Other: 0.8ms
[2025-03-23T00:01:09.948+0000][gc,heap     ] GC(49) Eden regions: 42->0(46)
[2025-03-23T00:01:09.948+0000][gc,heap     ] GC(49) Survivor regions: 9->5(7)
[2025-03-23T00:01:09.948+0000][gc,heap     ] GC(49) Old regions: 91->96
[2025-03-23T00:01:09.948+0000][gc,heap     ] GC(49) Archive regions: 2->2
[2025-03-23T00:01:09.948+0000][gc,heap     ] GC(49) Humongous regions: 148->148
[2025-03-23T00:01:09.948+0000][gc,metaspace] GC(49) Metaspace: 47971K(48896K)->47971K(48896K) NonClass: 42412K(42880K)->42412K(42880K) Class: 5558K(6016K)->5558K(6016K)
[2025-03-23T00:01:09.948+0000][gc          ] GC(49) Pause Young (Normal) (G1 Evacuation Pause) 290M->249M(1024M) 40.037ms
[2025-03-23T00:01:09.948+0000][gc,cpu      ] GC(49) User=0.03s Sys=0.00s Real=0.04s
[2025-03-23T00:02:51.117+0000][gc,start    ] GC(50) Pause Young (Normal) (G1 Evacuation Pause)
[2025-03-23T00:02:51.117+0000][gc,task     ] GC(50) Using 2 workers of 2 for evacuation
[2025-03-23T00:02:51.127+0000][gc,phases   ] GC(50)   Pre Evacuate Collection Set: 0.2ms
[2025-03-23T00:02:51.128+0000][gc,phases   ] GC(50)   Merge Heap Roots: 0.1ms
[2025-03-23T00:02:51.128+0000][gc,phases   ] GC(50)   Evacuate Collection Set: 8.8ms
[2025-03-23T00:02:51.128+0000][gc,phases   ] GC(50)   Post Evacuate Collection Set: 0.8ms
[2025-03-23T00:02:51.128+0000][gc,phases   ] GC(50)   Other: 0.5ms
[2025-03-23T00:02:51.128+0000][gc,heap     ] GC(50) Eden regions: 46->0(90)
[2025-03-23T00:02:51.128+0000][gc,heap     ] GC(50) Survivor regions: 5->4(7)
[2025-03-23T00:02:51.128+0000][gc,heap     ] GC(50) Old regions: 96->100
[2025-03-23T00:02:51.128+0000][gc,heap     ] GC(50) Archive regions: 2->2
[2025-03-23T00:02:51.128+0000][gc,heap     ] GC(50) Humongous regions: 148->148
[2025-03-23T00:02:51.128+0000][gc,metaspace] GC(50) Metaspace: 47971K(48896K)->47971K(48896K) NonClass: 42412K(42880K)->42412K(42880K) Class: 5558K(6016K)->5558K(6016K)
[2025-03-23T00:02:51.128+0000][gc          ] GC(50) Pause Young (Normal) (G1 Evacuation Pause) 295M->251M(1024M) 10.356ms
[2025-03-23T00:02:51.128+0000][gc,cpu      ] GC(50) User=0.02s Sys=0.00s Real=0.01s
[2025-03-23T00:06:10.680+0000][gc,start    ] GC(51) Pause Young (Normal) (G1 Evacuation Pause)
[2025-03-23T00:06:10.680+0000][gc,task     ] GC(51) Using 2 workers of 2 for evacuation
[2025-03-23T00:06:10.697+0000][gc,phases   ] GC(51)   Pre Evacuate Collection Set: 0.2ms
[2025-03-23T00:06:10.697+0000][gc,phases   ] GC(51)   Merge Heap Roots: 0.2ms
[2025-03-23T00:06:10.697+0000][gc,phases   ] GC(51)   Evacuate Collection Set: 14.6ms
[2025-03-23T00:06:10.697+0000][gc,phases   ] GC(51)   Post Evacuate Collection Set: 1.8ms
[2025-03-23T00:06:10.697+0000][gc,phases   ] GC(51)   Other: 0.5ms
[2025-03-23T00:06:10.697+0000][gc,heap     ] GC(51) Eden regions: 90->0(44)
[2025-03-23T00:06:10.697+0000][gc,heap     ] GC(51) Survivor regions: 4->7(12)
[2025-03-23T00:06:10.697+0000][gc,heap     ] GC(51) Old regions: 100->100
[2025-03-23T00:06:10.697+0000][gc,heap     ] GC(51) Archive regions: 2->2
[2025-03-23T00:06:10.697+0000][gc,heap     ] GC(51) Humongous regions: 148->148
[2025-03-23T00:06:10.697+0000][gc,metaspace] GC(51) Metaspace: 47979K(48896K)->47979K(48896K) NonClass: 42420K(42880K)->42420K(42880K) Class: 5558K(6016K)->5558K(6016K)
[2025-03-23T00:06:10.697+0000][gc          ] GC(51) Pause Young (Normal) (G1 Evacuation Pause) 341M->255M(1024M) 17.373ms
[2025-03-23T00:06:10.697+0000][gc,cpu      ] GC(51) User=0.03s Sys=0.00s Real=0.02s
[2025-03-23T00:07:47.383+0000][gc,start    ] GC(52) Pause Young (Normal) (G1 Evacuation Pause)
[2025-03-23T00:07:47.383+0000][gc,task     ] GC(52) Using 2 workers of 2 for evacuation
[2025-03-23T00:07:47.396+0000][gc,phases   ] GC(52)   Pre Evacuate Collection Set: 0.2ms
[2025-03-23T00:07:47.396+0000][gc,phases   ] GC(52)   Merge Heap Roots: 0.1ms
[2025-03-23T00:07:47.396+0000][gc,phases   ] GC(52)   Evacuate Collection Set: 11.9ms
[2025-03-23T00:07:47.396+0000][gc,phases   ] GC(52)   Post Evacuate Collection Set: 0.7ms
[2025-03-23T00:07:47.396+0000][gc,phases   ] GC(52)   Other: 0.2ms
[2025-03-23T00:07:47.396+0000][gc,heap     ] GC(52) Eden regions: 44->0(99)
[2025-03-23T00:07:47.396+0000][gc,heap     ] GC(52) Survivor regions: 7->5(7)
[2025-03-23T00:07:47.396+0000][gc,heap     ] GC(52) Old regions: 100->103
[2025-03-23T00:07:47.396+0000][gc,heap     ] GC(52) Archive regions: 2->2
[2025-03-23T00:07:47.396+0000][gc,heap     ] GC(52) Humongous regions: 148->148
[2025-03-23T00:07:47.396+0000][gc,metaspace] GC(52) Metaspace: 47979K(48896K)->47979K(48896K) NonClass: 42420K(42880K)->42420K(42880K) Class: 5558K(6016K)->5558K(6016K)
[2025-03-23T00:07:47.396+0000][gc          ] GC(52) Pause Young (Normal) (G1 Evacuation Pause) 299M->256M(1024M) 13.179ms
[2025-03-23T00:07:47.396+0000][gc,cpu      ] GC(52) User=0.02s Sys=0.00s Real=0.02s
[2025-03-23T00:11:25.537+0000][gc,start    ] GC(53) Pause Young (Normal) (G1 Evacuation Pause)
[2025-03-23T00:11:25.537+0000][gc,task     ] GC(53) Using 2 workers of 2 for evacuation
[2025-03-23T00:11:25.629+0000][gc,mmu      ] GC(53) MMU target violated: 21.0ms (20.0ms/21.0ms)
[2025-03-23T00:11:25.630+0000][gc,phases   ] GC(53)   Pre Evacuate Collection Set: 0.2ms
[2025-03-23T00:11:25.630+0000][gc,phases   ] GC(53)   Merge Heap Roots: 0.2ms
[2025-03-23T00:11:25.630+0000][gc,phases   ] GC(53)   Evacuate Collection Set: 90.6ms
[2025-03-23T00:11:25.630+0000][gc,phases   ] GC(53)   Post Evacuate Collection Set: 0.9ms
[2025-03-23T00:11:25.630+0000][gc,phases   ] GC(53)   Other: 0.3ms
[2025-03-23T00:11:25.630+0000][gc,heap     ] GC(53) Eden regions: 98->0(42)
[2025-03-23T00:11:25.630+0000][gc,heap     ] GC(53) Survivor regions: 5->9(13)
[2025-03-23T00:11:25.630+0000][gc,heap     ] GC(53) Old regions: 103->103
[2025-03-23T00:11:25.630+0000][gc,heap     ] GC(53) Archive regions: 2->2
[2025-03-23T00:11:25.630+0000][gc,heap     ] GC(53) Humongous regions: 148->148
[2025-03-23T00:11:25.630+0000][gc,metaspace] GC(53) Metaspace: 47979K(48896K)->47979K(48896K) NonClass: 42420K(42880K)->42420K(42880K) Class: 5558K(6016K)->5558K(6016K)
[2025-03-23T00:11:25.630+0000][gc          ] GC(53) Pause Young (Normal) (G1 Evacuation Pause) 354M->260M(1024M) 92.223ms
[2025-03-23T00:11:25.630+0000][gc,cpu      ] GC(53) User=0.03s Sys=0.03s Real=0.09s
[2025-03-23T00:12:57.564+0000][gc,start    ] GC(54) Pause Young (Normal) (G1 Evacuation Pause)
[2025-03-23T00:12:57.564+0000][gc,task     ] GC(54) Using 2 workers of 2 for evacuation
[2025-03-23T00:12:57.588+0000][gc,mmu      ] GC(54) MMU target violated: 21.0ms (20.0ms/21.0ms)
[2025-03-23T00:12:57.588+0000][gc,phases   ] GC(54)   Pre Evacuate Collection Set: 0.1ms
[2025-03-23T00:12:57.588+0000][gc,phases   ] GC(54)   Merge Heap Roots: 0.1ms
[2025-03-23T00:12:57.588+0000][gc,phases   ] GC(54)   Evacuate Collection Set: 17.5ms
[2025-03-23T00:12:57.588+0000][gc,phases   ] GC(54)   Post Evacuate Collection Set: 5.7ms
[2025-03-23T00:12:57.588+0000][gc,phases   ] GC(54)   Other: 0.5ms
[2025-03-23T00:12:57.588+0000][gc,heap     ] GC(54) Eden regions: 42->0(46)
[2025-03-23T00:12:57.588+0000][gc,heap     ] GC(54) Survivor regions: 9->5(7)
[2025-03-23T00:12:57.588+0000][gc,heap     ] GC(54) Old regions: 103->108
[2025-03-23T00:12:57.588+0000][gc,heap     ] GC(54) Archive regions: 2->2
[2025-03-23T00:12:57.588+0000][gc,heap     ] GC(54) Humongous regions: 148->148
[2025-03-23T00:12:57.588+0000][gc,metaspace] GC(54) Metaspace: 47979K(48896K)->47979K(48896K) NonClass: 42420K(42880K)->42420K(42880K) Class: 5558K(6016K)->5558K(6016K)
[2025-03-23T00:12:57.588+0000][gc          ] GC(54) Pause Young (Normal) (G1 Evacuation Pause) 302M->261M(1024M) 24.107ms
[2025-03-23T00:12:57.588+0000][gc,cpu      ] GC(54) User=0.04s Sys=0.00s Real=0.02s
[2025-03-23T00:14:38.968+0000][gc,start    ] GC(55) Pause Young (Normal) (G1 Evacuation Pause)
[2025-03-23T00:14:38.968+0000][gc,task     ] GC(55) Using 2 workers of 2 for evacuation
[2025-03-23T00:14:38.984+0000][gc,phases   ] GC(55)   Pre Evacuate Collection Set: 0.1ms
[2025-03-23T00:14:38.984+0000][gc,phases   ] GC(55)   Merge Heap Roots: 0.1ms
[2025-03-23T00:14:38.984+0000][gc,phases   ] GC(55)   Evacuate Collection Set: 14.1ms
[2025-03-23T00:14:38.984+0000][gc,phases   ] GC(55)   Post Evacuate Collection Set: 1.0ms
[2025-03-23T00:14:38.984+0000][gc,phases   ] GC(55)   Other: 0.2ms
[2025-03-23T00:14:38.984+0000][gc,heap     ] GC(55) Eden regions: 46->0(47)
[2025-03-23T00:14:38.984+0000][gc,heap     ] GC(55) Survivor regions: 5->4(7)
[2025-03-23T00:14:38.984+0000][gc,heap     ] GC(55) Old regions: 108->111
[2025-03-23T00:14:38.984+0000][gc,heap     ] GC(55) Archive regions: 2->2
[2025-03-23T00:14:38.984+0000][gc,heap     ] GC(55) Humongous regions: 148->148
[2025-03-23T00:14:38.984+0000][gc,metaspace] GC(55) Metaspace: 47981K(48896K)->47981K(48896K) NonClass: 42422K(42880K)->42422K(42880K) Class: 5558K(6016K)->5558K(6016K)
[2025-03-23T00:14:38.984+0000][gc          ] GC(55) Pause Young (Normal) (G1 Evacuation Pause) 307M->263M(1024M) 15.632ms
[2025-03-23T00:14:38.984+0000][gc,cpu      ] GC(55) User=0.01s Sys=0.01s Real=0.02s
[2025-03-23T00:16:22.596+0000][gc,start    ] GC(56) Pause Young (Normal) (G1 Evacuation Pause)
[2025-03-23T00:16:22.596+0000][gc,task     ] GC(56) Using 2 workers of 2 for evacuation
[2025-03-23T00:16:22.606+0000][gc,phases   ] GC(56)   Pre Evacuate Collection Set: 0.2ms
[2025-03-23T00:16:22.606+0000][gc,phases   ] GC(56)   Merge Heap Roots: 0.1ms
[2025-03-23T00:16:22.606+0000][gc,phases   ] GC(56)   Evacuate Collection Set: 9.4ms
[2025-03-23T00:16:22.606+0000][gc,phases   ] GC(56)   Post Evacuate Collection Set: 0.7ms
[2025-03-23T00:16:22.606+0000][gc,phases   ] GC(56)   Other: 0.2ms
[2025-03-23T00:16:22.606+0000][gc,heap     ] GC(56) Eden regions: 47->0(46)
[2025-03-23T00:16:22.606+0000][gc,heap     ] GC(56) Survivor regions: 4->5(7)
[2025-03-23T00:16:22.606+0000][gc,heap     ] GC(56) Old regions: 111->111
[2025-03-23T00:16:22.606+0000][gc,heap     ] GC(56) Archive regions: 2->2
[2025-03-23T00:16:22.606+0000][gc,heap     ] GC(56) Humongous regions: 148->148
[2025-03-23T00:16:22.606+0000][gc,metaspace] GC(56) Metaspace: 47987K(48960K)->47987K(48960K) NonClass: 42428K(42944K)->42428K(42944K) Class: 5558K(6016K)->5558K(6016K)
[2025-03-23T00:16:22.606+0000][gc          ] GC(56) Pause Young (Normal) (G1 Evacuation Pause) 310M->264M(1024M) 10.695ms
[2025-03-23T00:16:22.606+0000][gc,cpu      ] GC(56) User=0.02s Sys=0.00s Real=0.01s
[2025-03-23T00:17:56.744+0000][gc,start    ] GC(57) Pause Young (Normal) (G1 Evacuation Pause)
[2025-03-23T00:17:56.744+0000][gc,task     ] GC(57) Using 2 workers of 2 for evacuation
[2025-03-23T00:17:56.758+0000][gc,phases   ] GC(57)   Pre Evacuate Collection Set: 0.1ms
[2025-03-23T00:17:56.758+0000][gc,phases   ] GC(57)   Merge Heap Roots: 0.1ms
[2025-03-23T00:17:56.758+0000][gc,phases   ] GC(57)   Evacuate Collection Set: 12.8ms
[2025-03-23T00:17:56.758+0000][gc,phases   ] GC(57)   Post Evacuate Collection Set: 0.8ms
[2025-03-23T00:17:56.758+0000][gc,phases   ] GC(57)   Other: 0.4ms
[2025-03-23T00:17:56.758+0000][gc,heap     ] GC(57) Eden regions: 46->0(44)
[2025-03-23T00:17:56.758+0000][gc,heap     ] GC(57) Survivor regions: 5->7(7)
[2025-03-23T00:17:56.758+0000][gc,heap     ] GC(57) Old regions: 111->113
[2025-03-23T00:17:56.758+0000][gc,heap     ] GC(57) Archive regions: 2->2
[2025-03-23T00:17:56.758+0000][gc,heap     ] GC(57) Humongous regions: 148->148
[2025-03-23T00:17:56.758+0000][gc,metaspace] GC(57) Metaspace: 47989K(48960K)->47989K(48960K) NonClass: 42430K(42944K)->42430K(42944K) Class: 5558K(6016K)->5558K(6016K)
[2025-03-23T00:17:56.758+0000][gc          ] GC(57) Pause Young (Normal) (G1 Evacuation Pause) 310M->268M(1024M) 14.353ms
[2025-03-23T00:17:56.758+0000][gc,cpu      ] GC(57) User=0.02s Sys=0.00s Real=0.01s
[2025-03-23T00:19:33.277+0000][gc,start    ] GC(58) Pause Young (Normal) (G1 Evacuation Pause)
[2025-03-23T00:19:33.277+0000][gc,task     ] GC(58) Using 2 workers of 2 for evacuation
[2025-03-23T00:19:33.300+0000][gc,mmu      ] GC(58) MMU target violated: 21.0ms (20.0ms/21.0ms)
[2025-03-23T00:19:33.300+0000][gc,phases   ] GC(58)   Pre Evacuate Collection Set: 0.1ms
[2025-03-23T00:19:33.300+0000][gc,phases   ] GC(58)   Merge Heap Roots: 0.1ms
[2025-03-23T00:19:33.300+0000][gc,phases   ] GC(58)   Evacuate Collection Set: 16.0ms
[2025-03-23T00:19:33.300+0000][gc,phases   ] GC(58)   Post Evacuate Collection Set: 6.6ms
[2025-03-23T00:19:33.300+0000][gc,phases   ] GC(58)   Other: 0.2ms
[2025-03-23T00:19:33.300+0000][gc,heap     ] GC(58) Eden regions: 44->0(80)
[2025-03-23T00:19:33.300+0000][gc,heap     ] GC(58) Survivor regions: 7->2(7)
[2025-03-23T00:19:33.300+0000][gc,heap     ] GC(58) Old regions: 113->119
[2025-03-23T00:19:33.300+0000][gc,heap     ] GC(58) Archive regions: 2->2
[2025-03-23T00:19:33.300+0000][gc,heap     ] GC(58) Humongous regions: 148->148
[2025-03-23T00:19:33.300+0000][gc,metaspace] GC(58) Metaspace: 47999K(48960K)->47999K(48960K) NonClass: 42435K(42944K)->42435K(42944K) Class: 5564K(6016K)->5564K(6016K)
[2025-03-23T00:19:33.300+0000][gc          ] GC(58) Pause Young (Normal) (G1 Evacuation Pause) 312M->268M(1024M) 23.108ms
[2025-03-23T00:19:33.300+0000][gc,cpu      ] GC(58) User=0.02s Sys=0.00s Real=0.02s
[2025-03-23T00:22:29.842+0000][gc,start    ] GC(59) Pause Young (Normal) (G1 Evacuation Pause)
[2025-03-23T00:22:29.842+0000][gc,task     ] GC(59) Using 2 workers of 2 for evacuation
[2025-03-23T00:22:29.849+0000][gc,phases   ] GC(59)   Pre Evacuate Collection Set: 0.2ms
[2025-03-23T00:22:29.849+0000][gc,phases   ] GC(59)   Merge Heap Roots: 0.1ms
[2025-03-23T00:22:29.849+0000][gc,phases   ] GC(59)   Evacuate Collection Set: 6.4ms
[2025-03-23T00:22:29.849+0000][gc,phases   ] GC(59)   Post Evacuate Collection Set: 0.6ms
[2025-03-23T00:22:29.849+0000][gc,phases   ] GC(59)   Other: 0.2ms
[2025-03-23T00:22:29.849+0000][gc,heap     ] GC(59) Eden regions: 80->0(52)
[2025-03-23T00:22:29.849+0000][gc,heap     ] GC(59) Survivor regions: 2->4(11)
[2025-03-23T00:22:29.849+0000][gc,heap     ] GC(59) Old regions: 119->119
[2025-03-23T00:22:29.849+0000][gc,heap     ] GC(59) Archive regions: 2->2
[2025-03-23T00:22:29.849+0000][gc,heap     ] GC(59) Humongous regions: 148->148
[2025-03-23T00:22:29.849+0000][gc,metaspace] GC(59) Metaspace: 48004K(48960K)->48004K(48960K) NonClass: 42439K(42944K)->42439K(42944K) Class: 5564K(6016K)->5564K(6016K)
[2025-03-23T00:22:29.849+0000][gc          ] GC(59) Pause Young (Normal) (G1 Evacuation Pause) 348M->271M(1024M) 7.470ms
[2025-03-23T00:22:29.849+0000][gc,cpu      ] GC(59) User=0.02s Sys=0.00s Real=0.01s
[2025-03-23T00:24:23.718+0000][gc,start    ] GC(60) Pause Young (Normal) (G1 Evacuation Pause)
[2025-03-23T00:24:23.718+0000][gc,task     ] GC(60) Using 2 workers of 2 for evacuation
[2025-03-23T00:24:23.728+0000][gc,phases   ] GC(60)   Pre Evacuate Collection Set: 0.1ms
[2025-03-23T00:24:23.728+0000][gc,phases   ] GC(60)   Merge Heap Roots: 0.1ms
[2025-03-23T00:24:23.728+0000][gc,phases   ] GC(60)   Evacuate Collection Set: 9.1ms
[2025-03-23T00:24:23.728+0000][gc,phases   ] GC(60)   Post Evacuate Collection Set: 0.8ms
[2025-03-23T00:24:23.728+0000][gc,phases   ] GC(60)   Other: 0.2ms
[2025-03-23T00:24:23.728+0000][gc,heap     ] GC(60) Eden regions: 52->0(49)
[2025-03-23T00:24:23.728+0000][gc,heap     ] GC(60) Survivor regions: 4->5(7)
[2025-03-23T00:24:23.728+0000][gc,heap     ] GC(60) Old regions: 119->120
[2025-03-23T00:24:23.728+0000][gc,heap     ] GC(60) Archive regions: 2->2
[2025-03-23T00:24:23.728+0000][gc,heap     ] GC(60) Humongous regions: 148->148
[2025-03-23T00:24:23.728+0000][gc,metaspace] GC(60) Metaspace: 48004K(48960K)->48004K(48960K) NonClass: 42439K(42944K)->42439K(42944K) Class: 5564K(6016K)->5564K(6016K)
[2025-03-23T00:24:23.728+0000][gc          ] GC(60) Pause Young (Normal) (G1 Evacuation Pause) 323M->273M(1024M) 10.340ms
[2025-03-23T00:24:23.728+0000][gc,cpu      ] GC(60) User=0.02s Sys=0.00s Real=0.01s
[2025-03-23T00:26:05.629+0000][gc,start    ] GC(61) Pause Young (Normal) (G1 Evacuation Pause)
[2025-03-23T00:26:05.629+0000][gc,task     ] GC(61) Using 2 workers of 2 for evacuation
[2025-03-23T00:26:05.643+0000][gc,phases   ] GC(61)   Pre Evacuate Collection Set: 0.2ms
[2025-03-23T00:26:05.643+0000][gc,phases   ] GC(61)   Merge Heap Roots: 0.1ms
[2025-03-23T00:26:05.643+0000][gc,phases   ] GC(61)   Evacuate Collection Set: 12.7ms
[2025-03-23T00:26:05.643+0000][gc,phases   ] GC(61)   Post Evacuate Collection Set: 0.8ms
[2025-03-23T00:26:05.643+0000][gc,phases   ] GC(61)   Other: 0.3ms
[2025-03-23T00:26:05.643+0000][gc,heap     ] GC(61) Eden regions: 46->0(93)
[2025-03-23T00:26:05.643+0000][gc,heap     ] GC(61) Survivor regions: 5->4(7)
[2025-03-23T00:26:05.643+0000][gc,heap     ] GC(61) Old regions: 120->123
[2025-03-23T00:26:05.643+0000][gc,heap     ] GC(61) Archive regions: 2->2
[2025-03-23T00:26:05.643+0000][gc,heap     ] GC(61) Humongous regions: 148->148
[2025-03-23T00:26:05.643+0000][gc,metaspace] GC(61) Metaspace: 48024K(48960K)->48024K(48960K) NonClass: 42459K(42944K)->42459K(42944K) Class: 5564K(6016K)->5564K(6016K)
[2025-03-23T00:26:05.643+0000][gc          ] GC(61) Pause Young (Normal) (G1 Evacuation Pause) 319M->275M(1024M) 14.157ms
[2025-03-23T00:26:05.643+0000][gc,cpu      ] GC(61) User=0.02s Sys=0.01s Real=0.01s
[2025-03-23T00:29:31.834+0000][gc,start    ] GC(62) Pause Young (Normal) (G1 Evacuation Pause)
[2025-03-23T00:29:31.834+0000][gc,task     ] GC(62) Using 2 workers of 2 for evacuation
[2025-03-23T00:29:31.849+0000][gc,phases   ] GC(62)   Pre Evacuate Collection Set: 0.2ms
[2025-03-23T00:29:31.849+0000][gc,phases   ] GC(62)   Merge Heap Roots: 0.1ms
[2025-03-23T00:29:31.849+0000][gc,phases   ] GC(62)   Evacuate Collection Set: 13.8ms
[2025-03-23T00:29:31.849+0000][gc,phases   ] GC(62)   Post Evacuate Collection Set: 0.6ms
[2025-03-23T00:29:31.849+0000][gc,phases   ] GC(62)   Other: 0.5ms
[2025-03-23T00:29:31.849+0000][gc,heap     ] GC(62) Eden regions: 93->0(44)
[2025-03-23T00:29:31.849+0000][gc,heap     ] GC(62) Survivor regions: 4->7(13)
[2025-03-23T00:29:31.849+0000][gc,heap     ] GC(62) Old regions: 123->123
[2025-03-23T00:29:31.849+0000][gc,heap     ] GC(62) Archive regions: 2->2
[2025-03-23T00:29:31.849+0000][gc,heap     ] GC(62) Humongous regions: 148->148
[2025-03-23T00:29:31.849+0000][gc,metaspace] GC(62) Metaspace: 48028K(48960K)->48028K(48960K) NonClass: 42464K(42944K)->42464K(42944K) Class: 5564K(6016K)->5564K(6016K)
[2025-03-23T00:29:31.849+0000][gc          ] GC(62) Pause Young (Normal) (G1 Evacuation Pause) 368M->278M(1024M) 15.357ms
[2025-03-23T00:29:31.849+0000][gc,cpu      ] GC(62) User=0.03s Sys=0.00s Real=0.01s
[2025-03-23T00:31:08.986+0000][gc,start    ] GC(63) Pause Young (Normal) (G1 Evacuation Pause)
[2025-03-23T00:31:08.986+0000][gc,task     ] GC(63) Using 2 workers of 2 for evacuation
[2025-03-23T00:31:08.997+0000][gc,phases   ] GC(63)   Pre Evacuate Collection Set: 0.1ms
[2025-03-23T00:31:08.997+0000][gc,phases   ] GC(63)   Merge Heap Roots: 0.1ms
[2025-03-23T00:31:08.997+0000][gc,phases   ] GC(63)   Evacuate Collection Set: 9.6ms
[2025-03-23T00:31:08.997+0000][gc,phases   ] GC(63)   Post Evacuate Collection Set: 0.8ms
[2025-03-23T00:31:08.997+0000][gc,phases   ] GC(63)   Other: 0.1ms
[2025-03-23T00:31:08.997+0000][gc,heap     ] GC(63) Eden regions: 44->0(111)
[2025-03-23T00:31:08.997+0000][gc,heap     ] GC(63) Survivor regions: 7->5(7)
[2025-03-23T00:31:08.997+0000][gc,heap     ] GC(63) Old regions: 123->126
[2025-03-23T00:31:08.997+0000][gc,heap     ] GC(63) Archive regions: 2->2
[2025-03-23T00:31:08.997+0000][gc,heap     ] GC(63) Humongous regions: 148->148
[2025-03-23T00:31:08.997+0000][gc,metaspace] GC(63) Metaspace: 48029K(48960K)->48029K(48960K) NonClass: 42465K(42944K)->42465K(42944K) Class: 5564K(6016K)->5564K(6016K)
[2025-03-23T00:31:08.997+0000][gc          ] GC(63) Pause Young (Normal) (G1 Evacuation Pause) 322M->279M(1024M) 10.857ms
[2025-03-23T00:31:08.997+0000][gc,cpu      ] GC(63) User=0.02s Sys=0.00s Real=0.01s
[2025-03-23T00:35:15.591+0000][gc,start    ] GC(64) Pause Young (Normal) (G1 Evacuation Pause)
[2025-03-23T00:35:15.591+0000][gc,task     ] GC(64) Using 2 workers of 2 for evacuation
[2025-03-23T00:35:15.659+0000][gc,mmu      ] GC(64) MMU target violated: 21.0ms (20.0ms/21.0ms)
[2025-03-23T00:35:15.659+0000][gc,phases   ] GC(64)   Pre Evacuate Collection Set: 0.2ms
[2025-03-23T00:35:15.659+0000][gc,phases   ] GC(64)   Merge Heap Roots: 0.1ms
[2025-03-23T00:35:15.659+0000][gc,phases   ] GC(64)   Evacuate Collection Set: 66.9ms
[2025-03-23T00:35:15.659+0000][gc,phases   ] GC(64)   Post Evacuate Collection Set: 1.0ms
[2025-03-23T00:35:15.659+0000][gc,phases   ] GC(64)   Other: 0.2ms
[2025-03-23T00:35:15.660+0000][gc,heap     ] GC(64) Eden regions: 111->0(42)
[2025-03-23T00:35:15.660+0000][gc,heap     ] GC(64) Survivor regions: 5->9(15)
[2025-03-23T00:35:15.660+0000][gc,heap     ] GC(64) Old regions: 126->126
[2025-03-23T00:35:15.660+0000][gc,heap     ] GC(64) Archive regions: 2->2
[2025-03-23T00:35:15.660+0000][gc,heap     ] GC(64) Humongous regions: 148->148
[2025-03-23T00:35:15.660+0000][gc,metaspace] GC(64) Metaspace: 48031K(48960K)->48031K(48960K) NonClass: 42466K(42944K)->42466K(42944K) Class: 5564K(6016K)->5564K(6016K)
[2025-03-23T00:35:15.660+0000][gc          ] GC(64) Pause Young (Normal) (G1 Evacuation Pause) 390M->283M(1024M) 68.432ms
[2025-03-23T00:35:15.660+0000][gc,cpu      ] GC(64) User=0.03s Sys=0.04s Real=0.07s
[2025-03-23T00:36:47.990+0000][gc,start    ] GC(65) Pause Young (Normal) (G1 Evacuation Pause)
[2025-03-23T00:36:47.990+0000][gc,task     ] GC(65) Using 2 workers of 2 for evacuation
[2025-03-23T00:36:48.011+0000][gc,mmu      ] GC(65) MMU target violated: 20.2ms (20.0ms/21.0ms)
[2025-03-23T00:36:48.011+0000][gc,phases   ] GC(65)   Pre Evacuate Collection Set: 0.2ms
[2025-03-23T00:36:48.011+0000][gc,phases   ] GC(65)   Merge Heap Roots: 0.1ms
[2025-03-23T00:36:48.011+0000][gc,phases   ] GC(65)   Evacuate Collection Set: 18.0ms
[2025-03-23T00:36:48.011+0000][gc,phases   ] GC(65)   Post Evacuate Collection Set: 1.9ms
[2025-03-23T00:36:48.011+0000][gc,phases   ] GC(65)   Other: 0.6ms
[2025-03-23T00:36:48.011+0000][gc,heap     ] GC(65) Eden regions: 42->0(69)
[2025-03-23T00:36:48.011+0000][gc,heap     ] GC(65) Survivor regions: 9->2(7)
[2025-03-23T00:36:48.011+0000][gc,heap     ] GC(65) Old regions: 126->135
[2025-03-23T00:36:48.011+0000][gc,heap     ] GC(65) Archive regions: 2->2
[2025-03-23T00:36:48.011+0000][gc,heap     ] GC(65) Humongous regions: 148->148
[2025-03-23T00:36:48.011+0000][gc,metaspace] GC(65) Metaspace: 48034K(48960K)->48034K(48960K) NonClass: 42469K(42944K)->42469K(42944K) Class: 5564K(6016K)->5564K(6016K)
[2025-03-23T00:36:48.011+0000][gc          ] GC(65) Pause Young (Normal) (G1 Evacuation Pause) 325M->285M(1024M) 20.850ms
[2025-03-23T00:36:48.011+0000][gc,cpu      ] GC(65) User=0.01s Sys=0.02s Real=0.02s
[2025-03-23T00:39:20.680+0000][gc,start    ] GC(66) Pause Young (Normal) (G1 Evacuation Pause)
[2025-03-23T00:39:20.680+0000][gc,task     ] GC(66) Using 2 workers of 2 for evacuation
[2025-03-23T00:39:20.688+0000][gc,phases   ] GC(66)   Pre Evacuate Collection Set: 0.3ms
[2025-03-23T00:39:20.688+0000][gc,phases   ] GC(66)   Merge Heap Roots: 0.1ms
[2025-03-23T00:39:20.688+0000][gc,phases   ] GC(66)   Evacuate Collection Set: 7.0ms
[2025-03-23T00:39:20.688+0000][gc,phases   ] GC(66)   Post Evacuate Collection Set: 0.6ms
[2025-03-23T00:39:20.688+0000][gc,phases   ] GC(66)   Other: 0.2ms
[2025-03-23T00:39:20.688+0000][gc,heap     ] GC(66) Eden regions: 69->0(46)
[2025-03-23T00:39:20.688+0000][gc,heap     ] GC(66) Survivor regions: 2->5(9)
[2025-03-23T00:39:20.688+0000][gc,heap     ] GC(66) Old regions: 135->135
[2025-03-23T00:39:20.688+0000][gc,heap     ] GC(66) Archive regions: 2->2
[2025-03-23T00:39:20.688+0000][gc,heap     ] GC(66) Humongous regions: 148->148
[2025-03-23T00:39:20.688+0000][gc,metaspace] GC(66) Metaspace: 48036K(48960K)->48036K(48960K) NonClass: 42472K(42944K)->42472K(42944K) Class: 5564K(6016K)->5564K(6016K)
[2025-03-23T00:39:20.688+0000][gc          ] GC(66) Pause Young (Normal) (G1 Evacuation Pause) 354M->287M(1024M) 8.383ms
[2025-03-23T00:39:20.688+0000][gc,cpu      ] GC(66) User=0.02s Sys=0.00s Real=0.01s
[2025-03-23T00:41:02.005+0000][gc,start    ] GC(67) Pause Young (Normal) (G1 Evacuation Pause)
[2025-03-23T00:41:02.005+0000][gc,task     ] GC(67) Using 2 workers of 2 for evacuation
[2025-03-23T00:41:02.013+0000][gc,phases   ] GC(67)   Pre Evacuate Collection Set: 0.1ms
[2025-03-23T00:41:02.013+0000][gc,phases   ] GC(67)   Merge Heap Roots: 0.1ms
[2025-03-23T00:41:02.013+0000][gc,phases   ] GC(67)   Evacuate Collection Set: 6.7ms
[2025-03-23T00:41:02.013+0000][gc,phases   ] GC(67)   Post Evacuate Collection Set: 0.8ms
[2025-03-23T00:41:02.013+0000][gc,phases   ] GC(67)   Other: 0.2ms
[2025-03-23T00:41:02.013+0000][gc,heap     ] GC(67) Eden regions: 46->0(59)
[2025-03-23T00:41:02.013+0000][gc,heap     ] GC(67) Survivor regions: 5->5(7)
[2025-03-23T00:41:02.013+0000][gc,heap     ] GC(67) Old regions: 135->137
[2025-03-23T00:41:02.013+0000][gc,heap     ] GC(67) Archive regions: 2->2
[2025-03-23T00:41:02.013+0000][gc,heap     ] GC(67) Humongous regions: 148->148
[2025-03-23T00:41:02.013+0000][gc,metaspace] GC(67) Metaspace: 48038K(48960K)->48038K(48960K) NonClass: 42473K(42944K)->42473K(42944K) Class: 5564K(6016K)->5564K(6016K)
[2025-03-23T00:41:02.013+0000][gc          ] GC(67) Pause Young (Normal) (G1 Evacuation Pause) 333M->289M(1024M) 7.939ms
[2025-03-23T00:41:02.013+0000][gc,cpu      ] GC(67) User=0.01s Sys=0.00s Real=0.01s
[2025-03-23T00:43:07.583+0000][gc,start    ] GC(68) Pause Young (Normal) (G1 Evacuation Pause)
[2025-03-23T00:43:07.584+0000][gc,task     ] GC(68) Using 2 workers of 2 for evacuation
[2025-03-23T00:43:07.593+0000][gc,phases   ] GC(68)   Pre Evacuate Collection Set: 0.2ms
[2025-03-23T00:43:07.594+0000][gc,phases   ] GC(68)   Merge Heap Roots: 0.1ms
[2025-03-23T00:43:07.594+0000][gc,phases   ] GC(68)   Evacuate Collection Set: 8.4ms
[2025-03-23T00:43:07.594+0000][gc,phases   ] GC(68)   Post Evacuate Collection Set: 0.7ms
[2025-03-23T00:43:07.594+0000][gc,phases   ] GC(68)   Other: 0.6ms
[2025-03-23T00:43:07.594+0000][gc,heap     ] GC(68) Eden regions: 57->0(44)
[2025-03-23T00:43:07.594+0000][gc,heap     ] GC(68) Survivor regions: 5->7(8)
[2025-03-23T00:43:07.594+0000][gc,heap     ] GC(68) Old regions: 137->137
[2025-03-23T00:43:07.594+0000][gc,heap     ] GC(68) Archive regions: 2->2
[2025-03-23T00:43:07.594+0000][gc,heap     ] GC(68) Humongous regions: 148->148
[2025-03-23T00:43:07.594+0000][gc,metaspace] GC(68) Metaspace: 48038K(48960K)->48038K(48960K) NonClass: 42474K(42944K)->42474K(42944K) Class: 5564K(6016K)->5564K(6016K)
[2025-03-23T00:43:07.594+0000][gc          ] GC(68) Pause Young (Normal) (G1 Evacuation Pause) 346M->291M(1024M) 10.171ms
[2025-03-23T00:43:07.594+0000][gc,cpu      ] GC(68) User=0.01s Sys=0.00s Real=0.02s
[2025-03-23T00:44:44.142+0000][gc,start    ] GC(69) Pause Young (Normal) (G1 Evacuation Pause)
[2025-03-23T00:44:44.142+0000][gc,task     ] GC(69) Using 2 workers of 2 for evacuation
[2025-03-23T00:44:44.155+0000][gc,phases   ] GC(69)   Pre Evacuate Collection Set: 0.2ms
[2025-03-23T00:44:44.155+0000][gc,phases   ] GC(69)   Merge Heap Roots: 0.1ms
[2025-03-23T00:44:44.155+0000][gc,phases   ] GC(69)   Evacuate Collection Set: 11.7ms
[2025-03-23T00:44:44.155+0000][gc,phases   ] GC(69)   Post Evacuate Collection Set: 0.8ms
[2025-03-23T00:44:44.155+0000][gc,phases   ] GC(69)   Other: 0.1ms
[2025-03-23T00:44:44.155+0000][gc,heap     ] GC(69) Eden regions: 44->0(132)
[2025-03-23T00:44:44.155+0000][gc,heap     ] GC(69) Survivor regions: 7->4(7)
[2025-03-23T00:44:44.155+0000][gc,heap     ] GC(69) Old regions: 137->141
[2025-03-23T00:44:44.155+0000][gc,heap     ] GC(69) Archive regions: 2->2
[2025-03-23T00:44:44.155+0000][gc,heap     ] GC(69) Humongous regions: 148->148
[2025-03-23T00:44:44.155+0000][gc,metaspace] GC(69) Metaspace: 48042K(48960K)->48042K(48960K) NonClass: 42478K(42944K)->42478K(42944K) Class: 5564K(6016K)->5564K(6016K)
[2025-03-23T00:44:44.155+0000][gc          ] GC(69) Pause Young (Normal) (G1 Evacuation Pause) 335M->293M(1024M) 13.182ms
[2025-03-23T00:44:44.155+0000][gc,cpu      ] GC(69) User=0.01s Sys=0.01s Real=0.02s
[2025-03-23T00:49:37.975+0000][gc,start    ] GC(70) Pause Young (Normal) (G1 Evacuation Pause)
[2025-03-23T00:49:37.975+0000][gc,task     ] GC(70) Using 2 workers of 2 for evacuation
[2025-03-23T00:49:37.997+0000][gc,mmu      ] GC(70) MMU target violated: 20.7ms (20.0ms/21.0ms)
[2025-03-23T00:49:37.997+0000][gc,phases   ] GC(70)   Pre Evacuate Collection Set: 0.2ms
[2025-03-23T00:49:37.997+0000][gc,phases   ] GC(70)   Merge Heap Roots: 0.1ms
[2025-03-23T00:49:37.997+0000][gc,phases   ] GC(70)   Evacuate Collection Set: 18.5ms
[2025-03-23T00:49:37.997+0000][gc,phases   ] GC(70)   Post Evacuate Collection Set: 1.9ms
[2025-03-23T00:49:37.997+0000][gc,phases   ] GC(70)   Other: 1.0ms
[2025-03-23T00:49:37.997+0000][gc,heap     ] GC(70) Eden regions: 132->0(42)
[2025-03-23T00:49:37.997+0000][gc,heap     ] GC(70) Survivor regions: 4->9(17)
[2025-03-23T00:49:37.997+0000][gc,heap     ] GC(70) Old regions: 141->141
[2025-03-23T00:49:37.997+0000][gc,heap     ] GC(70) Archive regions: 2->2
[2025-03-23T00:49:37.997+0000][gc,heap     ] GC(70) Humongous regions: 148->148
[2025-03-23T00:49:37.997+0000][gc,metaspace] GC(70) Metaspace: 48043K(48960K)->48043K(48960K) NonClass: 42478K(42944K)->42478K(42944K) Class: 5564K(6016K)->5564K(6016K)
[2025-03-23T00:49:37.997+0000][gc          ] GC(70) Pause Young (Normal) (G1 Evacuation Pause) 425M->297M(1024M) 21.786ms
[2025-03-23T00:49:37.997+0000][gc,cpu      ] GC(70) User=0.03s Sys=0.01s Real=0.02s
[2025-03-23T00:51:10.402+0000][gc,start    ] GC(71) Pause Young (Normal) (G1 Evacuation Pause)
[2025-03-23T00:51:10.402+0000][gc,task     ] GC(71) Using 2 workers of 2 for evacuation
[2025-03-23T00:51:10.420+0000][gc,phases   ] GC(71)   Pre Evacuate Collection Set: 0.2ms
[2025-03-23T00:51:10.420+0000][gc,phases   ] GC(71)   Merge Heap Roots: 0.1ms
[2025-03-23T00:51:10.420+0000][gc,phases   ] GC(71)   Evacuate Collection Set: 11.2ms
[2025-03-23T00:51:10.420+0000][gc,phases   ] GC(71)   Post Evacuate Collection Set: 5.8ms
[2025-03-23T00:51:10.420+0000][gc,phases   ] GC(71)   Other: 0.2ms
[2025-03-23T00:51:10.420+0000][gc,heap     ] GC(71) Eden regions: 42->0(120)
[2025-03-23T00:51:10.420+0000][gc,heap     ] GC(71) Survivor regions: 9->2(7)
[2025-03-23T00:51:10.420+0000][gc,heap     ] GC(71) Old regions: 141->149
[2025-03-23T00:51:10.420+0000][gc,heap     ] GC(71) Archive regions: 2->2
[2025-03-23T00:51:10.420+0000][gc,heap     ] GC(71) Humongous regions: 148->148
[2025-03-23T00:51:10.420+0000][gc,metaspace] GC(71) Metaspace: 48043K(48960K)->48043K(48960K) NonClass: 42478K(42944K)->42478K(42944K) Class: 5564K(6016K)->5564K(6016K)
[2025-03-23T00:51:10.420+0000][gc          ] GC(71) Pause Young (Normal) (G1 Evacuation Pause) 339M->299M(1024M) 17.583ms
[2025-03-23T00:51:10.420+0000][gc,cpu      ] GC(71) User=0.02s Sys=0.00s Real=0.02s
[2025-03-23T00:55:36.890+0000][gc,start    ] GC(72) Pause Young (Normal) (G1 Evacuation Pause)
[2025-03-23T00:55:36.890+0000][gc,task     ] GC(72) Using 2 workers of 2 for evacuation
[2025-03-23T00:55:36.905+0000][gc,phases   ] GC(72)   Pre Evacuate Collection Set: 0.1ms
[2025-03-23T00:55:36.905+0000][gc,phases   ] GC(72)   Merge Heap Roots: 0.1ms
[2025-03-23T00:55:36.905+0000][gc,phases   ] GC(72)   Evacuate Collection Set: 12.7ms
[2025-03-23T00:55:36.905+0000][gc,phases   ] GC(72)   Post Evacuate Collection Set: 1.7ms
[2025-03-23T00:55:36.905+0000][gc,phases   ] GC(72)   Other: 0.2ms
[2025-03-23T00:55:36.905+0000][gc,heap     ] GC(72) Eden regions: 120->0(54)
[2025-03-23T00:55:36.905+0000][gc,heap     ] GC(72) Survivor regions: 2->6(16)
[2025-03-23T00:55:36.905+0000][gc,heap     ] GC(72) Old regions: 149->149
[2025-03-23T00:55:36.905+0000][gc,heap     ] GC(72) Archive regions: 2->2
[2025-03-23T00:55:36.905+0000][gc,heap     ] GC(72) Humongous regions: 148->148
[2025-03-23T00:55:36.905+0000][gc,metaspace] GC(72) Metaspace: 48052K(48960K)->48052K(48960K) NonClass: 42487K(42944K)->42487K(42944K) Class: 5564K(6016K)->5564K(6016K)
[2025-03-23T00:55:36.905+0000][gc          ] GC(72) Pause Young (Normal) (G1 Evacuation Pause) 419M->303M(1024M) 14.887ms
[2025-03-23T00:55:36.905+0000][gc,cpu      ] GC(72) User=0.02s Sys=0.00s Real=0.02s
[2025-03-23T00:57:35.309+0000][gc,start    ] GC(73) Pause Young (Normal) (G1 Evacuation Pause)
[2025-03-23T00:57:35.309+0000][gc,task     ] GC(73) Using 2 workers of 2 for evacuation
[2025-03-23T00:57:35.320+0000][gc,phases   ] GC(73)   Pre Evacuate Collection Set: 0.2ms
[2025-03-23T00:57:35.320+0000][gc,phases   ] GC(73)   Merge Heap Roots: 0.1ms
[2025-03-23T00:57:35.320+0000][gc,phases   ] GC(73)   Evacuate Collection Set: 9.7ms
[2025-03-23T00:57:35.320+0000][gc,phases   ] GC(73)   Post Evacuate Collection Set: 0.9ms
[2025-03-23T00:57:35.320+0000][gc,phases   ] GC(73)   Other: 0.1ms
[2025-03-23T00:57:35.320+0000][gc,heap     ] GC(73) Eden regions: 54->0(148)
[2025-03-23T00:57:35.320+0000][gc,heap     ] GC(73) Survivor regions: 6->2(8)
[2025-03-23T00:57:35.320+0000][gc,heap     ] GC(73) Old regions: 149->154
[2025-03-23T00:57:35.320+0000][gc,heap     ] GC(73) Archive regions: 2->2
[2025-03-23T00:57:35.320+0000][gc,heap     ] GC(73) Humongous regions: 148->148
[2025-03-23T00:57:35.320+0000][gc,metaspace] GC(73) Metaspace: 48052K(48960K)->48052K(48960K) NonClass: 42487K(42944K)->42487K(42944K) Class: 5564K(6016K)->5564K(6016K)
[2025-03-23T00:57:35.320+0000][gc          ] GC(73) Pause Young (Normal) (G1 Evacuation Pause) 357M->304M(1024M) 11.036ms
[2025-03-23T00:57:35.320+0000][gc,cpu      ] GC(73) User=0.02s Sys=0.00s Real=0.01s
[2025-03-23T01:03:05.331+0000][gc,start    ] GC(74) Pause Young (Normal) (G1 Evacuation Pause)
[2025-03-23T01:03:05.331+0000][gc,task     ] GC(74) Using 2 workers of 2 for evacuation
[2025-03-23T01:03:05.361+0000][gc,mmu      ] GC(74) MMU target violated: 21.0ms (20.0ms/21.0ms)
[2025-03-23T01:03:05.361+0000][gc,phases   ] GC(74)   Pre Evacuate Collection Set: 0.2ms
[2025-03-23T01:03:05.361+0000][gc,phases   ] GC(74)   Merge Heap Roots: 0.1ms
[2025-03-23T01:03:05.361+0000][gc,phases   ] GC(74)   Evacuate Collection Set: 27.7ms
[2025-03-23T01:03:05.361+0000][gc,phases   ] GC(74)   Post Evacuate Collection Set: 0.9ms
[2025-03-23T01:03:05.361+0000][gc,phases   ] GC(74)   Other: 0.3ms
[2025-03-23T01:03:05.361+0000][gc,heap     ] GC(74) Eden regions: 148->0(43)
[2025-03-23T01:03:05.361+0000][gc,heap     ] GC(74) Survivor regions: 2->8(19)
[2025-03-23T01:03:05.361+0000][gc,heap     ] GC(74) Old regions: 154->154
[2025-03-23T01:03:05.361+0000][gc,heap     ] GC(74) Archive regions: 2->2
[2025-03-23T01:03:05.361+0000][gc,heap     ] GC(74) Humongous regions: 148->148
[2025-03-23T01:03:05.361+0000][gc,metaspace] GC(74) Metaspace: 48083K(48960K)->48083K(48960K) NonClass: 42518K(42944K)->42518K(42944K) Class: 5564K(6016K)->5564K(6016K)
[2025-03-23T01:03:05.361+0000][gc          ] GC(74) Pause Young (Normal) (G1 Evacuation Pause) 452M->310M(1024M) 29.335ms
[2025-03-23T01:03:05.361+0000][gc,cpu      ] GC(74) User=0.04s Sys=0.01s Real=0.03s
[2025-03-23T01:04:39.714+0000][gc,start    ] GC(75) Pause Young (Normal) (G1 Evacuation Pause)
[2025-03-23T01:04:39.714+0000][gc,task     ] GC(75) Using 2 workers of 2 for evacuation
[2025-03-23T01:04:39.740+0000][gc,mmu      ] GC(75) MMU target violated: 21.0ms (20.0ms/21.0ms)
[2025-03-23T01:04:39.740+0000][gc,phases   ] GC(75)   Pre Evacuate Collection Set: 0.2ms
[2025-03-23T01:04:39.740+0000][gc,phases   ] GC(75)   Merge Heap Roots: 0.1ms
[2025-03-23T01:04:39.740+0000][gc,phases   ] GC(75)   Evacuate Collection Set: 15.1ms
[2025-03-23T01:04:39.740+0000][gc,phases   ] GC(75)   Post Evacuate Collection Set: 10.4ms
[2025-03-23T01:04:39.740+0000][gc,phases   ] GC(75)   Other: 0.3ms
[2025-03-23T01:04:39.740+0000][gc,heap     ] GC(75) Eden regions: 43->0(69)
[2025-03-23T01:04:39.740+0000][gc,heap     ] GC(75) Survivor regions: 8->2(7)
[2025-03-23T01:04:39.740+0000][gc,heap     ] GC(75) Old regions: 154->162
[2025-03-23T01:04:39.740+0000][gc,heap     ] GC(75) Archive regions: 2->2
[2025-03-23T01:04:39.740+0000][gc,heap     ] GC(75) Humongous regions: 148->148
[2025-03-23T01:04:39.740+0000][gc,metaspace] GC(75) Metaspace: 48083K(48960K)->48083K(48960K) NonClass: 42518K(42944K)->42518K(42944K) Class: 5564K(6016K)->5564K(6016K)
[2025-03-23T01:04:39.740+0000][gc          ] GC(75) Pause Young (Normal) (G1 Evacuation Pause) 353M->312M(1024M) 26.545ms
[2025-03-23T01:04:39.740+0000][gc,cpu      ] GC(75) User=0.03s Sys=0.00s Real=0.02s
[2025-03-23T01:07:12.227+0000][gc,start    ] GC(76) Pause Young (Normal) (G1 Evacuation Pause)
[2025-03-23T01:07:12.227+0000][gc,task     ] GC(76) Using 2 workers of 2 for evacuation
[2025-03-23T01:07:12.236+0000][gc,phases   ] GC(76)   Pre Evacuate Collection Set: 0.3ms
[2025-03-23T01:07:12.236+0000][gc,phases   ] GC(76)   Merge Heap Roots: 0.1ms
[2025-03-23T01:07:12.236+0000][gc,phases   ] GC(76)   Evacuate Collection Set: 8.0ms
[2025-03-23T01:07:12.236+0000][gc,phases   ] GC(76)   Post Evacuate Collection Set: 0.7ms
[2025-03-23T01:07:12.236+0000][gc,phases   ] GC(76)   Other: 0.2ms
[2025-03-23T01:07:12.236+0000][gc,heap     ] GC(76) Eden regions: 69->0(52)
[2025-03-23T01:07:12.236+0000][gc,heap     ] GC(76) Survivor regions: 2->5(9)
[2025-03-23T01:07:12.236+0000][gc,heap     ] GC(76) Old regions: 162->162
[2025-03-23T01:07:12.236+0000][gc,heap     ] GC(76) Archive regions: 2->2
[2025-03-23T01:07:12.236+0000][gc,heap     ] GC(76) Humongous regions: 148->148
[2025-03-23T01:07:12.236+0000][gc,metaspace] GC(76) Metaspace: 48083K(48960K)->48083K(48960K) NonClass: 42518K(42944K)->42518K(42944K) Class: 5564K(6016K)->5564K(6016K)
[2025-03-23T01:07:12.237+0000][gc          ] GC(76) Pause Young (Normal) (G1 Evacuation Pause) 381M->314M(1024M) 9.393ms
[2025-03-23T01:07:12.237+0000][gc,cpu      ] GC(76) User=0.02s Sys=0.00s Real=0.01s
[2025-03-23T01:09:06.226+0000][gc,start    ] GC(77) Pause Young (Normal) (G1 Evacuation Pause)
[2025-03-23T01:09:06.226+0000][gc,task     ] GC(77) Using 2 workers of 2 for evacuation
[2025-03-23T01:09:06.234+0000][gc,phases   ] GC(77)   Pre Evacuate Collection Set: 0.1ms
[2025-03-23T01:09:06.234+0000][gc,phases   ] GC(77)   Merge Heap Roots: 0.2ms
[2025-03-23T01:09:06.234+0000][gc,phases   ] GC(77)   Evacuate Collection Set: 7.1ms
[2025-03-23T01:09:06.234+0000][gc,phases   ] GC(77)   Post Evacuate Collection Set: 0.7ms
[2025-03-23T01:09:06.234+0000][gc,phases   ] GC(77)   Other: 0.2ms
[2025-03-23T01:09:06.234+0000][gc,heap     ] GC(77) Eden regions: 52->0(60)
[2025-03-23T01:09:06.234+0000][gc,heap     ] GC(77) Survivor regions: 5->6(8)
[2025-03-23T01:09:06.234+0000][gc,heap     ] GC(77) Old regions: 162->162
[2025-03-23T01:09:06.234+0000][gc,heap     ] GC(77) Archive regions: 2->2
[2025-03-23T01:09:06.234+0000][gc,heap     ] GC(77) Humongous regions: 148->148
[2025-03-23T01:09:06.234+0000][gc,metaspace] GC(77) Metaspace: 48083K(48960K)->48083K(48960K) NonClass: 42518K(42944K)->42518K(42944K) Class: 5564K(6016K)->5564K(6016K)
[2025-03-23T01:09:06.234+0000][gc          ] GC(77) Pause Young (Normal) (G1 Evacuation Pause) 366M->315M(1024M) 8.291ms
[2025-03-23T01:09:06.234+0000][gc,cpu      ] GC(77) User=0.02s Sys=0.00s Real=0.01s
[2025-03-23T01:11:18.172+0000][gc,start    ] GC(78) Pause Young (Normal) (G1 Evacuation Pause)
[2025-03-23T01:11:18.172+0000][gc,task     ] GC(78) Using 2 workers of 2 for evacuation
[2025-03-23T01:11:18.185+0000][gc,phases   ] GC(78)   Pre Evacuate Collection Set: 0.2ms
[2025-03-23T01:11:18.185+0000][gc,phases   ] GC(78)   Merge Heap Roots: 0.1ms
[2025-03-23T01:11:18.185+0000][gc,phases   ] GC(78)   Evacuate Collection Set: 12.4ms
[2025-03-23T01:11:18.185+0000][gc,phases   ] GC(78)   Post Evacuate Collection Set: 0.8ms
[2025-03-23T01:11:18.185+0000][gc,phases   ] GC(78)   Other: 0.2ms
[2025-03-23T01:11:18.185+0000][gc,heap     ] GC(78) Eden regions: 60->0(56)
[2025-03-23T01:11:18.185+0000][gc,heap     ] GC(78) Survivor regions: 6->7(9)
[2025-03-23T01:11:18.185+0000][gc,heap     ] GC(78) Old regions: 162->163
[2025-03-23T01:11:18.185+0000][gc,heap     ] GC(78) Archive regions: 2->2
[2025-03-23T01:11:18.185+0000][gc,heap     ] GC(78) Humongous regions: 148->148
[2025-03-23T01:11:18.185+0000][gc,metaspace] GC(78) Metaspace: 48083K(48960K)->48083K(48960K) NonClass: 42518K(42944K)->42518K(42944K) Class: 5564K(6016K)->5564K(6016K)
[2025-03-23T01:11:18.185+0000][gc          ] GC(78) Pause Young (Normal) (G1 Evacuation Pause) 375M->318M(1024M) 13.697ms
[2025-03-23T01:11:18.185+0000][gc,cpu      ] GC(78) User=0.02s Sys=0.00s Real=0.02s
[2025-03-23T01:13:18.656+0000][gc,start    ] GC(79) Pause Young (Normal) (G1 Evacuation Pause)
[2025-03-23T01:13:18.656+0000][gc,task     ] GC(79) Using 2 workers of 2 for evacuation
[2025-03-23T01:13:18.668+0000][gc,phases   ] GC(79)   Pre Evacuate Collection Set: 0.1ms
[2025-03-23T01:13:18.668+0000][gc,phases   ] GC(79)   Merge Heap Roots: 0.1ms
[2025-03-23T01:13:18.668+0000][gc,phases   ] GC(79)   Evacuate Collection Set: 10.8ms
[2025-03-23T01:13:18.668+0000][gc,phases   ] GC(79)   Post Evacuate Collection Set: 0.7ms
[2025-03-23T01:13:18.668+0000][gc,phases   ] GC(79)   Other: 0.2ms
[2025-03-23T01:13:18.668+0000][gc,heap     ] GC(79) Eden regions: 55->0(103)
[2025-03-23T01:13:18.668+0000][gc,heap     ] GC(79) Survivor regions: 7->6(8)
[2025-03-23T01:13:18.668+0000][gc,heap     ] GC(79) Old regions: 163->166
[2025-03-23T01:13:18.668+0000][gc,heap     ] GC(79) Archive regions: 2->2
[2025-03-23T01:13:18.668+0000][gc,heap     ] GC(79) Humongous regions: 148->148
[2025-03-23T01:13:18.668+0000][gc,metaspace] GC(79) Metaspace: 48083K(48960K)->48083K(48960K) NonClass: 42518K(42944K)->42518K(42944K) Class: 5564K(6016K)->5564K(6016K)
[2025-03-23T01:13:18.668+0000][gc          ] GC(79) Pause Young (Normal) (G1 Evacuation Pause) 373M->320M(1024M) 11.994ms
[2025-03-23T01:13:18.668+0000][gc,cpu      ] GC(79) User=0.01s Sys=0.01s Real=0.01s
[2025-03-23T01:17:05.329+0000][gc,start    ] GC(80) Pause Young (Normal) (G1 Evacuation Pause)
[2025-03-23T01:17:05.329+0000][gc,task     ] GC(80) Using 2 workers of 2 for evacuation
[2025-03-23T01:17:05.348+0000][gc,phases   ] GC(80)   Pre Evacuate Collection Set: 0.2ms
[2025-03-23T01:17:05.348+0000][gc,phases   ] GC(80)   Merge Heap Roots: 0.1ms
[2025-03-23T01:17:05.348+0000][gc,phases   ] GC(80)   Evacuate Collection Set: 18.2ms
[2025-03-23T01:17:05.348+0000][gc,phases   ] GC(80)   Post Evacuate Collection Set: 0.5ms
[2025-03-23T01:17:05.348+0000][gc,phases   ] GC(80)   Other: 0.5ms
[2025-03-23T01:17:05.348+0000][gc,heap     ] GC(80) Eden regions: 102->0(57)
[2025-03-23T01:17:05.348+0000][gc,heap     ] GC(80) Survivor regions: 6->10(14)
[2025-03-23T01:17:05.348+0000][gc,heap     ] GC(80) Old regions: 166->166
[2025-03-23T01:17:05.348+0000][gc,heap     ] GC(80) Archive regions: 2->2
[2025-03-23T01:17:05.348+0000][gc,heap     ] GC(80) Humongous regions: 148->148
[2025-03-23T01:17:05.348+0000][gc,metaspace] GC(80) Metaspace: 48083K(48960K)->48083K(48960K) NonClass: 42518K(42944K)->42518K(42944K) Class: 5564K(6016K)->5564K(6016K)
[2025-03-23T01:17:05.348+0000][gc          ] GC(80) Pause Young (Normal) (G1 Evacuation Pause) 422M->323M(1024M) 19.565ms
[2025-03-23T01:17:05.348+0000][gc,cpu      ] GC(80) User=0.03s Sys=0.00s Real=0.02s
[2025-03-23T01:19:03.029+0000][gc,start    ] GC(81) Pause Young (Normal) (G1 Evacuation Pause)
[2025-03-23T01:19:03.029+0000][gc,task     ] GC(81) Using 2 workers of 2 for evacuation
[2025-03-23T01:19:03.051+0000][gc,mmu      ] GC(81) MMU target violated: 21.0ms (20.0ms/21.0ms)
[2025-03-23T01:19:03.052+0000][gc,phases   ] GC(81)   Pre Evacuate Collection Set: 0.1ms
[2025-03-23T01:19:03.052+0000][gc,phases   ] GC(81)   Merge Heap Roots: 0.1ms
[2025-03-23T01:19:03.052+0000][gc,phases   ] GC(81)   Evacuate Collection Set: 21.3ms
[2025-03-23T01:19:03.052+0000][gc,phases   ] GC(81)   Post Evacuate Collection Set: 0.9ms
[2025-03-23T01:19:03.052+0000][gc,phases   ] GC(81)   Other: 0.2ms
[2025-03-23T01:19:03.052+0000][gc,heap     ] GC(81) Eden regions: 57->0(94)
[2025-03-23T01:19:03.052+0000][gc,heap     ] GC(81) Survivor regions: 10->7(9)
[2025-03-23T01:19:03.052+0000][gc,heap     ] GC(81) Old regions: 166->171
[2025-03-23T01:19:03.052+0000][gc,heap     ] GC(81) Archive regions: 2->2
[2025-03-23T01:19:03.052+0000][gc,heap     ] GC(81) Humongous regions: 148->148
[2025-03-23T01:19:03.052+0000][gc,metaspace] GC(81) Metaspace: 48088K(48960K)->48088K(48960K) NonClass: 42520K(42944K)->42520K(42944K) Class: 5568K(6016K)->5568K(6016K)
[2025-03-23T01:19:03.052+0000][gc          ] GC(81) Pause Young (Normal) (G1 Evacuation Pause) 380M->326M(1024M) 22.833ms
[2025-03-23T01:19:03.052+0000][gc,cpu      ] GC(81) User=0.02s Sys=0.00s Real=0.03s
[2025-03-23T01:22:31.140+0000][gc,start    ] GC(82) Pause Young (Normal) (G1 Evacuation Pause)
[2025-03-23T01:22:31.140+0000][gc,task     ] GC(82) Using 2 workers of 2 for evacuation
[2025-03-23T01:22:31.160+0000][gc,phases   ] GC(82)   Pre Evacuate Collection Set: 0.1ms
[2025-03-23T01:22:31.160+0000][gc,phases   ] GC(82)   Merge Heap Roots: 0.1ms
[2025-03-23T01:22:31.160+0000][gc,phases   ] GC(82)   Evacuate Collection Set: 12.4ms
[2025-03-23T01:22:31.160+0000][gc,phases   ] GC(82)   Post Evacuate Collection Set: 7.3ms
[2025-03-23T01:22:31.160+0000][gc,phases   ] GC(82)   Other: 0.2ms
[2025-03-23T01:22:31.160+0000][gc,heap     ] GC(82) Eden regions: 94->0(158)
[2025-03-23T01:22:31.160+0000][gc,heap     ] GC(82) Survivor regions: 7->4(13)
[2025-03-23T01:22:31.160+0000][gc,heap     ] GC(82) Old regions: 171->175
[2025-03-23T01:22:31.160+0000][gc,heap     ] GC(82) Archive regions: 2->2
[2025-03-23T01:22:31.160+0000][gc,heap     ] GC(82) Humongous regions: 148->148
[2025-03-23T01:22:31.160+0000][gc,metaspace] GC(82) Metaspace: 48090K(48960K)->48090K(48960K) NonClass: 42522K(42944K)->42522K(42944K) Class: 5568K(6016K)->5568K(6016K)
[2025-03-23T01:22:31.160+0000][gc          ] GC(82) Pause Young (Normal) (G1 Evacuation Pause) 420M->327M(1024M) 20.207ms
[2025-03-23T01:22:31.160+0000][gc,cpu      ] GC(82) User=0.01s Sys=0.00s Real=0.02s
[2025-03-23T01:28:20.498+0000][gc,start    ] GC(83) Pause Young (Normal) (G1 Evacuation Pause)
[2025-03-23T01:28:20.498+0000][gc,task     ] GC(83) Using 2 workers of 2 for evacuation
[2025-03-23T01:28:20.515+0000][gc,phases   ] GC(83)   Pre Evacuate Collection Set: 0.3ms
[2025-03-23T01:28:20.515+0000][gc,phases   ] GC(83)   Merge Heap Roots: 0.1ms
[2025-03-23T01:28:20.515+0000][gc,phases   ] GC(83)   Evacuate Collection Set: 13.6ms
[2025-03-23T01:28:20.515+0000][gc,phases   ] GC(83)   Post Evacuate Collection Set: 2.2ms
[2025-03-23T01:28:20.515+0000][gc,phases   ] GC(83)   Other: 0.8ms
[2025-03-23T01:28:20.515+0000][gc,heap     ] GC(83) Eden regions: 157->0(93)
[2025-03-23T01:28:20.515+0000][gc,heap     ] GC(83) Survivor regions: 4->4(21)
[2025-03-23T01:28:20.515+0000][gc,heap     ] GC(83) Old regions: 175->175
[2025-03-23T01:28:20.515+0000][gc,heap     ] GC(83) Archive regions: 2->2
[2025-03-23T01:28:20.515+0000][gc,heap     ] GC(83) Humongous regions: 148->148
[2025-03-23T01:28:20.515+0000][gc,metaspace] GC(83) Metaspace: 48097K(48960K)->48097K(48960K) NonClass: 42529K(42944K)->42529K(42944K) Class: 5568K(6016K)->5568K(6016K)
[2025-03-23T01:28:20.515+0000][gc          ] GC(83) Pause Young (Normal) (G1 Evacuation Pause) 484M->327M(1024M) 17.112ms
[2025-03-23T01:28:20.515+0000][gc,cpu      ] GC(83) User=0.02s Sys=0.00s Real=0.02s
[2025-03-23T01:31:46.328+0000][gc,start    ] GC(84) Pause Young (Normal) (G1 Evacuation Pause)
[2025-03-23T01:31:46.328+0000][gc,task     ] GC(84) Using 2 workers of 2 for evacuation
[2025-03-23T01:31:46.334+0000][gc,phases   ] GC(84)   Pre Evacuate Collection Set: 0.2ms
[2025-03-23T01:31:46.334+0000][gc,phases   ] GC(84)   Merge Heap Roots: 0.1ms
[2025-03-23T01:31:46.334+0000][gc,phases   ] GC(84)   Evacuate Collection Set: 4.9ms
[2025-03-23T01:31:46.334+0000][gc,phases   ] GC(84)   Post Evacuate Collection Set: 0.7ms
[2025-03-23T01:31:46.334+0000][gc,phases   ] GC(84)   Other: 0.5ms
[2025-03-23T01:31:46.334+0000][gc,heap     ] GC(84) Eden regions: 93->0(205)
[2025-03-23T01:31:46.334+0000][gc,heap     ] GC(84) Survivor regions: 4->4(13)
[2025-03-23T01:31:46.334+0000][gc,heap     ] GC(84) Old regions: 175->175
[2025-03-23T01:31:46.334+0000][gc,heap     ] GC(84) Archive regions: 2->2
[2025-03-23T01:31:46.334+0000][gc,heap     ] GC(84) Humongous regions: 148->148
[2025-03-23T01:31:46.334+0000][gc,metaspace] GC(84) Metaspace: 48105K(49024K)->48105K(49024K) NonClass: 42537K(43008K)->42537K(43008K) Class: 5568K(6016K)->5568K(6016K)
[2025-03-23T01:31:46.334+0000][gc          ] GC(84) Pause Young (Normal) (G1 Evacuation Pause) 420M->327M(1024M) 6.509ms
[2025-03-23T01:31:46.334+0000][gc,cpu      ] GC(84) User=0.01s Sys=0.00s Real=0.01s
[2025-03-23T01:39:23.863+0000][gc,start    ] GC(85) Pause Young (Normal) (G1 Evacuation Pause)
[2025-03-23T01:39:23.863+0000][gc,task     ] GC(85) Using 2 workers of 2 for evacuation
[2025-03-23T01:39:23.892+0000][gc,mmu      ] GC(85) MMU target violated: 21.0ms (20.0ms/21.0ms)
[2025-03-23T01:39:23.892+0000][gc,phases   ] GC(85)   Pre Evacuate Collection Set: 0.5ms
[2025-03-23T01:39:23.892+0000][gc,phases   ] GC(85)   Merge Heap Roots: 0.4ms
[2025-03-23T01:39:23.892+0000][gc,phases   ] GC(85)   Evacuate Collection Set: 18.4ms
[2025-03-23T01:39:23.892+0000][gc,phases   ] GC(85)   Post Evacuate Collection Set: 9.1ms
[2025-03-23T01:39:23.892+0000][gc,phases   ] GC(85)   Other: 1.0ms
[2025-03-23T01:39:23.892+0000][gc,heap     ] GC(85) Eden regions: 205->0(90)
[2025-03-23T01:39:23.892+0000][gc,heap     ] GC(85) Survivor regions: 4->4(27)
[2025-03-23T01:39:23.892+0000][gc,heap     ] GC(85) Old regions: 175->175
[2025-03-23T01:39:23.892+0000][gc,heap     ] GC(85) Archive regions: 2->2
[2025-03-23T01:39:23.892+0000][gc,heap     ] GC(85) Humongous regions: 148->148
[2025-03-23T01:39:23.892+0000][gc,metaspace] GC(85) Metaspace: 48109K(49024K)->48109K(49024K) NonClass: 42541K(43008K)->42541K(43008K) Class: 5568K(6016K)->5568K(6016K)
[2025-03-23T01:39:23.892+0000][gc          ] GC(85) Pause Young (Normal) (G1 Evacuation Pause) 532M->327M(1024M) 29.381ms
[2025-03-23T01:39:23.892+0000][gc,cpu      ] GC(85) User=0.02s Sys=0.00s Real=0.04s
[2025-03-23T01:42:25.988+0000][gc,start    ] GC(86) Pause Young (Normal) (G1 Evacuation Pause)
[2025-03-23T01:42:25.988+0000][gc,task     ] GC(86) Using 2 workers of 2 for evacuation
[2025-03-23T01:42:26.000+0000][gc,phases   ] GC(86)   Pre Evacuate Collection Set: 0.1ms
[2025-03-23T01:42:26.000+0000][gc,phases   ] GC(86)   Merge Heap Roots: 0.1ms
[2025-03-23T01:42:26.000+0000][gc,phases   ] GC(86)   Evacuate Collection Set: 10.1ms
[2025-03-23T01:42:26.000+0000][gc,phases   ] GC(86)   Post Evacuate Collection Set: 0.9ms
[2025-03-23T01:42:26.000+0000][gc,phases   ] GC(86)   Other: 0.5ms
[2025-03-23T01:42:26.000+0000][gc,heap     ] GC(86) Eden regions: 82->0(125)
[2025-03-23T01:42:26.000+0000][gc,heap     ] GC(86) Survivor regions: 4->4(11)
[2025-03-23T01:42:26.000+0000][gc,heap     ] GC(86) Old regions: 175->175
[2025-03-23T01:42:26.000+0000][gc,heap     ] GC(86) Archive regions: 2->2
[2025-03-23T01:42:26.000+0000][gc,heap     ] GC(86) Humongous regions: 148->148
[2025-03-23T01:42:26.000+0000][gc,metaspace] GC(86) Metaspace: 48110K(49024K)->48110K(49024K) NonClass: 42541K(43008K)->42541K(43008K) Class: 5568K(6016K)->5568K(6016K)
[2025-03-23T01:42:26.000+0000][gc          ] GC(86) Pause Young (Normal) (G1 Evacuation Pause) 409M->327M(1024M) 11.722ms
[2025-03-23T01:42:26.000+0000][gc,cpu      ] GC(86) User=0.01s Sys=0.01s Real=0.01s
[2025-03-23T01:47:04.088+0000][gc,start    ] GC(87) Pause Young (Normal) (G1 Evacuation Pause)
[2025-03-23T01:47:04.088+0000][gc,task     ] GC(87) Using 2 workers of 2 for evacuation
[2025-03-23T01:47:04.098+0000][gc,phases   ] GC(87)   Pre Evacuate Collection Set: 0.2ms
[2025-03-23T01:47:04.098+0000][gc,phases   ] GC(87)   Merge Heap Roots: 0.1ms
[2025-03-23T01:47:04.098+0000][gc,phases   ] GC(87)   Evacuate Collection Set: 8.6ms
[2025-03-23T01:47:04.098+0000][gc,phases   ] GC(87)   Post Evacuate Collection Set: 0.6ms
[2025-03-23T01:47:04.098+0000][gc,phases   ] GC(87)   Other: 0.5ms
[2025-03-23T01:47:04.098+0000][gc,heap     ] GC(87) Eden regions: 125->0(301)
[2025-03-23T01:47:04.098+0000][gc,heap     ] GC(87) Survivor regions: 4->4(17)
[2025-03-23T01:47:04.098+0000][gc,heap     ] GC(87) Old regions: 175->175
[2025-03-23T01:47:04.098+0000][gc,heap     ] GC(87) Archive regions: 2->2
[2025-03-23T01:47:04.098+0000][gc,heap     ] GC(87) Humongous regions: 148->148
[2025-03-23T01:47:04.098+0000][gc,metaspace] GC(87) Metaspace: 48113K(49088K)->48113K(49088K) NonClass: 42545K(43072K)->42545K(43072K) Class: 5568K(6016K)->5568K(6016K)
[2025-03-23T01:47:04.098+0000][gc          ] GC(87) Pause Young (Normal) (G1 Evacuation Pause) 452M->327M(1024M) 10.130ms
[2025-03-23T01:47:04.098+0000][gc,cpu      ] GC(87) User=0.01s Sys=0.00s Real=0.01s
[2025-03-23T01:58:18.487+0000][gc,start    ] GC(88) Pause Young (Normal) (G1 Evacuation Pause)
[2025-03-23T01:58:18.487+0000][gc,task     ] GC(88) Using 2 workers of 2 for evacuation
[2025-03-23T01:58:18.640+0000][gc,mmu      ] GC(88) MMU target violated: 21.0ms (20.0ms/21.0ms)
[2025-03-23T01:58:18.640+0000][gc,phases   ] GC(88)   Pre Evacuate Collection Set: 7.3ms
[2025-03-23T01:58:18.640+0000][gc,phases   ] GC(88)   Merge Heap Roots: 3.1ms
[2025-03-23T01:58:18.640+0000][gc,phases   ] GC(88)   Evacuate Collection Set: 117.0ms
[2025-03-23T01:58:18.640+0000][gc,phases   ] GC(88)   Post Evacuate Collection Set: 24.2ms
[2025-03-23T01:58:18.640+0000][gc,phases   ] GC(88)   Other: 1.7ms
[2025-03-23T01:58:18.640+0000][gc,heap     ] GC(88) Eden regions: 301->0(47)
[2025-03-23T01:58:18.640+0000][gc,heap     ] GC(88) Survivor regions: 4->4(39)
[2025-03-23T01:58:18.640+0000][gc,heap     ] GC(88) Old regions: 175->175
[2025-03-23T01:58:18.640+0000][gc,heap     ] GC(88) Archive regions: 2->2
[2025-03-23T01:58:18.640+0000][gc,heap     ] GC(88) Humongous regions: 148->148
[2025-03-23T01:58:18.640+0000][gc,metaspace] GC(88) Metaspace: 48136K(49088K)->48136K(49088K) NonClass: 42568K(43072K)->42568K(43072K) Class: 5568K(6016K)->5568K(6016K)
[2025-03-23T01:58:18.640+0000][gc          ] GC(88) Pause Young (Normal) (G1 Evacuation Pause) 628M->327M(1024M) 153.323ms
[2025-03-23T01:58:18.640+0000][gc,cpu      ] GC(88) User=0.00s Sys=0.07s Real=0.15s
[2025-03-23T02:00:02.512+0000][gc,start    ] GC(89) Pause Young (Normal) (G1 Evacuation Pause)
[2025-03-23T02:00:02.513+0000][gc,task     ] GC(89) Using 2 workers of 2 for evacuation
[2025-03-23T02:00:02.551+0000][gc,mmu      ] GC(89) MMU target violated: 21.0ms (20.0ms/21.0ms)
[2025-03-23T02:00:02.552+0000][gc,phases   ] GC(89)   Pre Evacuate Collection Set: 0.3ms
[2025-03-23T02:00:02.552+0000][gc,phases   ] GC(89)   Merge Heap Roots: 0.2ms
[2025-03-23T02:00:02.552+0000][gc,phases   ] GC(89)   Evacuate Collection Set: 37.3ms
[2025-03-23T02:00:02.552+0000][gc,phases   ] GC(89)   Post Evacuate Collection Set: 0.9ms
[2025-03-23T02:00:02.552+0000][gc,phases   ] GC(89)   Other: 0.8ms
[2025-03-23T02:00:02.552+0000][gc,heap     ] GC(89) Eden regions: 47->0(47)
[2025-03-23T02:00:02.552+0000][gc,heap     ] GC(89) Survivor regions: 4->4(7)
[2025-03-23T02:00:02.552+0000][gc,heap     ] GC(89) Old regions: 175->175
[2025-03-23T02:00:02.552+0000][gc,heap     ] GC(89) Archive regions: 2->2
[2025-03-23T02:00:02.552+0000][gc,heap     ] GC(89) Humongous regions: 148->148
[2025-03-23T02:00:02.552+0000][gc,metaspace] GC(89) Metaspace: 48137K(49088K)->48137K(49088K) NonClass: 42569K(43072K)->42569K(43072K) Class: 5568K(6016K)->5568K(6016K)
[2025-03-23T02:00:02.552+0000][gc          ] GC(89) Pause Young (Normal) (G1 Evacuation Pause) 374M->327M(1024M) 39.550ms
[2025-03-23T02:00:02.552+0000][gc,cpu      ] GC(89) User=0.03s Sys=0.00s Real=0.04s
[2025-03-23T02:01:46.123+0000][gc,start    ] GC(90) Pause Young (Normal) (G1 Evacuation Pause)
[2025-03-23T02:01:46.123+0000][gc,task     ] GC(90) Using 2 workers of 2 for evacuation
[2025-03-23T02:01:46.146+0000][gc,mmu      ] GC(90) MMU target violated: 21.0ms (20.0ms/21.0ms)
[2025-03-23T02:01:46.147+0000][gc,phases   ] GC(90)   Pre Evacuate Collection Set: 0.2ms
[2025-03-23T02:01:46.147+0000][gc,phases   ] GC(90)   Merge Heap Roots: 0.1ms
[2025-03-23T02:01:46.147+0000][gc,phases   ] GC(90)   Evacuate Collection Set: 21.8ms
[2025-03-23T02:01:46.147+0000][gc,phases   ] GC(90)   Post Evacuate Collection Set: 0.6ms
[2025-03-23T02:01:46.147+0000][gc,phases   ] GC(90)   Other: 0.6ms
[2025-03-23T02:01:46.147+0000][gc,heap     ] GC(90) Eden regions: 47->0(47)
[2025-03-23T02:01:46.147+0000][gc,heap     ] GC(90) Survivor regions: 4->4(7)
[2025-03-23T02:01:46.147+0000][gc,heap     ] GC(90) Old regions: 175->175
[2025-03-23T02:01:46.147+0000][gc,heap     ] GC(90) Archive regions: 2->2
[2025-03-23T02:01:46.147+0000][gc,heap     ] GC(90) Humongous regions: 148->148
[2025-03-23T02:01:46.147+0000][gc,metaspace] GC(90) Metaspace: 48138K(49088K)->48138K(49088K) NonClass: 42570K(43072K)->42570K(43072K) Class: 5568K(6016K)->5568K(6016K)
[2025-03-23T02:01:46.147+0000][gc          ] GC(90) Pause Young (Normal) (G1 Evacuation Pause) 374M->327M(1024M) 23.330ms
[2025-03-23T02:01:46.147+0000][gc,cpu      ] GC(90) User=0.01s Sys=0.00s Real=0.03s
[2025-03-23T02:03:30.012+0000][gc,start    ] GC(91) Pause Young (Normal) (G1 Evacuation Pause)
[2025-03-23T02:03:30.012+0000][gc,task     ] GC(91) Using 2 workers of 2 for evacuation
[2025-03-23T02:03:30.021+0000][gc,phases   ] GC(91)   Pre Evacuate Collection Set: 0.2ms
[2025-03-23T02:03:30.021+0000][gc,phases   ] GC(91)   Merge Heap Roots: 0.1ms
[2025-03-23T02:03:30.021+0000][gc,phases   ] GC(91)   Evacuate Collection Set: 8.1ms
[2025-03-23T02:03:30.021+0000][gc,phases   ] GC(91)   Post Evacuate Collection Set: 0.7ms
[2025-03-23T02:03:30.021+0000][gc,phases   ] GC(91)   Other: 0.1ms
[2025-03-23T02:03:30.021+0000][gc,heap     ] GC(91) Eden regions: 47->0(47)
[2025-03-23T02:03:30.021+0000][gc,heap     ] GC(91) Survivor regions: 4->4(7)
[2025-03-23T02:03:30.021+0000][gc,heap     ] GC(91) Old regions: 175->175
[2025-03-23T02:03:30.021+0000][gc,heap     ] GC(91) Archive regions: 2->2
[2025-03-23T02:03:30.021+0000][gc,heap     ] GC(91) Humongous regions: 148->148
[2025-03-23T02:03:30.021+0000][gc,metaspace] GC(91) Metaspace: 48138K(49088K)->48138K(49088K) NonClass: 42570K(43072K)->42570K(43072K) Class: 5568K(6016K)->5568K(6016K)
[2025-03-23T02:03:30.021+0000][gc          ] GC(91) Pause Young (Normal) (G1 Evacuation Pause) 374M->327M(1024M) 9.279ms
[2025-03-23T02:03:30.021+0000][gc,cpu      ] GC(91) User=0.01s Sys=0.01s Real=0.01s
[2025-03-23T02:05:13.650+0000][gc,start    ] GC(92) Pause Young (Normal) (G1 Evacuation Pause)
[2025-03-23T02:05:13.650+0000][gc,task     ] GC(92) Using 2 workers of 2 for evacuation
[2025-03-23T02:05:13.658+0000][gc,phases   ] GC(92)   Pre Evacuate Collection Set: 0.1ms
[2025-03-23T02:05:13.659+0000][gc,phases   ] GC(92)   Merge Heap Roots: 0.1ms
[2025-03-23T02:05:13.659+0000][gc,phases   ] GC(92)   Evacuate Collection Set: 7.4ms
[2025-03-23T02:05:13.659+0000][gc,phases   ] GC(92)   Post Evacuate Collection Set: 0.7ms
[2025-03-23T02:05:13.659+0000][gc,phases   ] GC(92)   Other: 0.2ms
[2025-03-23T02:05:13.659+0000][gc,heap     ] GC(92) Eden regions: 47->0(47)
[2025-03-23T02:05:13.659+0000][gc,heap     ] GC(92) Survivor regions: 4->4(7)
[2025-03-23T02:05:13.659+0000][gc,heap     ] GC(92) Old regions: 175->175
[2025-03-23T02:05:13.659+0000][gc,heap     ] GC(92) Archive regions: 2->2
[2025-03-23T02:05:13.659+0000][gc,heap     ] GC(92) Humongous regions: 148->148
[2025-03-23T02:05:13.659+0000][gc,metaspace] GC(92) Metaspace: 48139K(49088K)->48139K(49088K) NonClass: 42571K(43072K)->42571K(43072K) Class: 5568K(6016K)->5568K(6016K)
[2025-03-23T02:05:13.659+0000][gc          ] GC(92) Pause Young (Normal) (G1 Evacuation Pause) 374M->327M(1024M) 8.618ms
[2025-03-23T02:05:13.659+0000][gc,cpu      ] GC(92) User=0.01s Sys=0.01s Real=0.01s
[2025-03-23T02:06:57.377+0000][gc,start    ] GC(93) Pause Young (Normal) (G1 Evacuation Pause)
[2025-03-23T02:06:57.378+0000][gc,task     ] GC(93) Using 2 workers of 2 for evacuation
[2025-03-23T02:06:57.384+0000][gc,phases   ] GC(93)   Pre Evacuate Collection Set: 0.3ms
[2025-03-23T02:06:57.384+0000][gc,phases   ] GC(93)   Merge Heap Roots: 0.1ms
[2025-03-23T02:06:57.384+0000][gc,phases   ] GC(93)   Evacuate Collection Set: 5.2ms
[2025-03-23T02:06:57.384+0000][gc,phases   ] GC(93)   Post Evacuate Collection Set: 0.5ms
[2025-03-23T02:06:57.384+0000][gc,phases   ] GC(93)   Other: 0.6ms
[2025-03-23T02:06:57.384+0000][gc,heap     ] GC(93) Eden regions: 47->0(47)
[2025-03-23T02:06:57.384+0000][gc,heap     ] GC(93) Survivor regions: 4->4(7)
[2025-03-23T02:06:57.384+0000][gc,heap     ] GC(93) Old regions: 175->175
[2025-03-23T02:06:57.384+0000][gc,heap     ] GC(93) Archive regions: 2->2
[2025-03-23T02:06:57.384+0000][gc,heap     ] GC(93) Humongous regions: 148->148
[2025-03-23T02:06:57.384+0000][gc,metaspace] GC(93) Metaspace: 48146K(49088K)->48146K(49088K) NonClass: 42578K(43072K)->42578K(43072K) Class: 5568K(6016K)->5568K(6016K)
[2025-03-23T02:06:57.384+0000][gc          ] GC(93) Pause Young (Normal) (G1 Evacuation Pause) 374M->327M(1024M) 6.834ms
[2025-03-23T02:06:57.384+0000][gc,cpu      ] GC(93) User=0.01s Sys=0.00s Real=0.01s
[2025-03-23T02:08:41.123+0000][gc,start    ] GC(94) Pause Young (Normal) (G1 Evacuation Pause)
[2025-03-23T02:08:41.123+0000][gc,task     ] GC(94) Using 2 workers of 2 for evacuation
[2025-03-23T02:08:41.131+0000][gc,phases   ] GC(94)   Pre Evacuate Collection Set: 0.1ms
[2025-03-23T02:08:41.131+0000][gc,phases   ] GC(94)   Merge Heap Roots: 0.1ms
[2025-03-23T02:08:41.131+0000][gc,phases   ] GC(94)   Evacuate Collection Set: 6.9ms
[2025-03-23T02:08:41.131+0000][gc,phases   ] GC(94)   Post Evacuate Collection Set: 0.7ms
[2025-03-23T02:08:41.131+0000][gc,phases   ] GC(94)   Other: 0.2ms
[2025-03-23T02:08:41.131+0000][gc,heap     ] GC(94) Eden regions: 47->0(47)
[2025-03-23T02:08:41.131+0000][gc,heap     ] GC(94) Survivor regions: 4->4(7)
[2025-03-23T02:08:41.131+0000][gc,heap     ] GC(94) Old regions: 175->175
[2025-03-23T02:08:41.131+0000][gc,heap     ] GC(94) Archive regions: 2->2
[2025-03-23T02:08:41.131+0000][gc,heap     ] GC(94) Humongous regions: 148->148
[2025-03-23T02:08:41.131+0000][gc,metaspace] GC(94) Metaspace: 48146K(49088K)->48146K(49088K) NonClass: 42578K(43072K)->42578K(43072K) Class: 5568K(6016K)->5568K(6016K)
[2025-03-23T02:08:41.131+0000][gc          ] GC(94) Pause Young (Normal) (G1 Evacuation Pause) 374M->327M(1024M) 8.059ms
[2025-03-23T02:08:41.131+0000][gc,cpu      ] GC(94) User=0.01s Sys=0.01s Real=0.01s
[2025-03-23T02:10:24.964+0000][gc,start    ] GC(95) Pause Young (Normal) (G1 Evacuation Pause)
[2025-03-23T02:10:24.964+0000][gc,task     ] GC(95) Using 2 workers of 2 for evacuation
[2025-03-23T02:10:24.975+0000][gc,phases   ] GC(95)   Pre Evacuate Collection Set: 0.2ms
[2025-03-23T02:10:24.975+0000][gc,phases   ] GC(95)   Merge Heap Roots: 0.1ms
[2025-03-23T02:10:24.975+0000][gc,phases   ] GC(95)   Evacuate Collection Set: 9.2ms
[2025-03-23T02:10:24.975+0000][gc,phases   ] GC(95)   Post Evacuate Collection Set: 0.8ms
[2025-03-23T02:10:24.975+0000][gc,phases   ] GC(95)   Other: 0.2ms
[2025-03-23T02:10:24.975+0000][gc,heap     ] GC(95) Eden regions: 47->0(71)
[2025-03-23T02:10:24.975+0000][gc,heap     ] GC(95) Survivor regions: 4->4(7)
[2025-03-23T02:10:24.975+0000][gc,heap     ] GC(95) Old regions: 175->175
[2025-03-23T02:10:24.975+0000][gc,heap     ] GC(95) Archive regions: 2->2
[2025-03-23T02:10:24.975+0000][gc,heap     ] GC(95) Humongous regions: 148->148
[2025-03-23T02:10:24.975+0000][gc,metaspace] GC(95) Metaspace: 48154K(49088K)->48154K(49088K) NonClass: 42586K(43072K)->42586K(43072K) Class: 5568K(6016K)->5568K(6016K)
[2025-03-23T02:10:24.975+0000][gc          ] GC(95) Pause Young (Normal) (G1 Evacuation Pause) 374M->327M(1024M) 10.581ms
[2025-03-23T02:10:24.975+0000][gc,cpu      ] GC(95) User=0.02s Sys=0.00s Real=0.01s
[2025-03-23T02:13:01.563+0000][gc,start    ] GC(96) Pause Young (Normal) (G1 Evacuation Pause)
[2025-03-23T02:13:01.564+0000][gc,task     ] GC(96) Using 2 workers of 2 for evacuation
[2025-03-23T02:13:01.594+0000][gc,mmu      ] GC(96) MMU target violated: 21.0ms (20.0ms/21.0ms)
[2025-03-23T02:13:01.594+0000][gc,phases   ] GC(96)   Pre Evacuate Collection Set: 0.2ms
[2025-03-23T02:13:01.594+0000][gc,phases   ] GC(96)   Merge Heap Roots: 0.1ms
[2025-03-23T02:13:01.594+0000][gc,phases   ] GC(96)   Evacuate Collection Set: 29.1ms
[2025-03-23T02:13:01.594+0000][gc,phases   ] GC(96)   Post Evacuate Collection Set: 0.8ms
[2025-03-23T02:13:01.594+0000][gc,phases   ] GC(96)   Other: 0.5ms
[2025-03-23T02:13:01.594+0000][gc,heap     ] GC(96) Eden regions: 71->0(103)
[2025-03-23T02:13:01.594+0000][gc,heap     ] GC(96) Survivor regions: 4->2(10)
[2025-03-23T02:13:01.594+0000][gc,heap     ] GC(96) Old regions: 175->177
[2025-03-23T02:13:01.594+0000][gc,heap     ] GC(96) Archive regions: 2->2
[2025-03-23T02:13:01.594+0000][gc,heap     ] GC(96) Humongous regions: 148->148
[2025-03-23T02:13:01.594+0000][gc,metaspace] GC(96) Metaspace: 48156K(49088K)->48156K(49088K) NonClass: 42588K(43072K)->42588K(43072K) Class: 5568K(6016K)->5568K(6016K)
[2025-03-23T02:13:01.594+0000][gc          ] GC(96) Pause Young (Normal) (G1 Evacuation Pause) 398M->327M(1024M) 30.810ms
[2025-03-23T02:13:01.594+0000][gc,cpu      ] GC(96) User=0.01s Sys=0.01s Real=0.04s
[2025-03-23T02:16:51.688+0000][gc,start    ] GC(97) Pause Young (Normal) (G1 Evacuation Pause)
[2025-03-23T02:16:51.688+0000][gc,task     ] GC(97) Using 2 workers of 2 for evacuation
[2025-03-23T02:16:51.708+0000][gc,phases   ] GC(97)   Pre Evacuate Collection Set: 0.2ms
[2025-03-23T02:16:51.708+0000][gc,phases   ] GC(97)   Merge Heap Roots: 0.1ms
[2025-03-23T02:16:51.708+0000][gc,phases   ] GC(97)   Evacuate Collection Set: 18.2ms
[2025-03-23T02:16:51.708+0000][gc,phases   ] GC(97)   Post Evacuate Collection Set: 1.0ms
[2025-03-23T02:16:51.708+0000][gc,phases   ] GC(97)   Other: 0.6ms
[2025-03-23T02:16:51.708+0000][gc,heap     ] GC(97) Eden regions: 103->0(69)
[2025-03-23T02:16:51.708+0000][gc,heap     ] GC(97) Survivor regions: 2->2(14)
[2025-03-23T02:16:51.708+0000][gc,heap     ] GC(97) Old regions: 177->177
[2025-03-23T02:16:51.708+0000][gc,heap     ] GC(97) Archive regions: 2->2
[2025-03-23T02:16:51.708+0000][gc,heap     ] GC(97) Humongous regions: 148->148
[2025-03-23T02:16:51.708+0000][gc,metaspace] GC(97) Metaspace: 48156K(49088K)->48156K(49088K) NonClass: 42588K(43072K)->42588K(43072K) Class: 5568K(6016K)->5568K(6016K)
[2025-03-23T02:16:51.708+0000][gc          ] GC(97) Pause Young (Normal) (G1 Evacuation Pause) 430M->327M(1024M) 20.180ms
[2025-03-23T02:16:51.708+0000][gc,cpu      ] GC(97) User=0.01s Sys=0.01s Real=0.02s
[2025-03-23T02:19:16.528+0000][gc,start    ] GC(98) Pause Young (Normal) (G1 Evacuation Pause)
[2025-03-23T02:19:16.529+0000][gc,task     ] GC(98) Using 2 workers of 2 for evacuation
[2025-03-23T02:19:16.534+0000][gc,phases   ] GC(98)   Pre Evacuate Collection Set: 0.2ms
[2025-03-23T02:19:16.534+0000][gc,phases   ] GC(98)   Merge Heap Roots: 0.1ms
[2025-03-23T02:19:16.534+0000][gc,phases   ] GC(98)   Evacuate Collection Set: 4.0ms
[2025-03-23T02:19:16.534+0000][gc,phases   ] GC(98)   Post Evacuate Collection Set: 0.5ms
[2025-03-23T02:19:16.534+0000][gc,phases   ] GC(98)   Other: 0.5ms
[2025-03-23T02:19:16.534+0000][gc,heap     ] GC(98) Eden regions: 69->0(112)
[2025-03-23T02:19:16.534+0000][gc,heap     ] GC(98) Survivor regions: 2->2(9)
[2025-03-23T02:19:16.534+0000][gc,heap     ] GC(98) Old regions: 177->177
[2025-03-23T02:19:16.534+0000][gc,heap     ] GC(98) Archive regions: 2->2
[2025-03-23T02:19:16.534+0000][gc,heap     ] GC(98) Humongous regions: 148->148
[2025-03-23T02:19:16.534+0000][gc,metaspace] GC(98) Metaspace: 48159K(49088K)->48159K(49088K) NonClass: 42590K(43072K)->42590K(43072K) Class: 5568K(6016K)->5568K(6016K)
[2025-03-23T02:19:16.534+0000][gc          ] GC(98) Pause Young (Normal) (G1 Evacuation Pause) 396M->327M(1024M) 5.412ms
[2025-03-23T02:19:16.534+0000][gc,cpu      ] GC(98) User=0.01s Sys=0.00s Real=0.01s
[2025-03-23T02:23:25.569+0000][gc,start    ] GC(99) Pause Young (Normal) (G1 Evacuation Pause)
[2025-03-23T02:23:25.569+0000][gc,task     ] GC(99) Using 2 workers of 2 for evacuation
[2025-03-23T02:23:25.596+0000][gc,mmu      ] GC(99) MMU target violated: 21.0ms (20.0ms/21.0ms)
[2025-03-23T02:23:25.597+0000][gc,phases   ] GC(99)   Pre Evacuate Collection Set: 0.2ms
[2025-03-23T02:23:25.597+0000][gc,phases   ] GC(99)   Merge Heap Roots: 0.2ms
[2025-03-23T02:23:25.597+0000][gc,phases   ] GC(99)   Evacuate Collection Set: 24.6ms
[2025-03-23T02:23:25.597+0000][gc,phases   ] GC(99)   Post Evacuate Collection Set: 1.7ms
[2025-03-23T02:23:25.597+0000][gc,phases   ] GC(99)   Other: 0.8ms
[2025-03-23T02:23:25.597+0000][gc,heap     ] GC(99) Eden regions: 112->0(49)
[2025-03-23T02:23:25.597+0000][gc,heap     ] GC(99) Survivor regions: 2->2(15)
[2025-03-23T02:23:25.597+0000][gc,heap     ] GC(99) Old regions: 177->177
[2025-03-23T02:23:25.597+0000][gc,heap     ] GC(99) Archive regions: 2->2
[2025-03-23T02:23:25.597+0000][gc,heap     ] GC(99) Humongous regions: 148->148
[2025-03-23T02:23:25.597+0000][gc,metaspace] GC(99) Metaspace: 48160K(49088K)->48160K(49088K) NonClass: 42592K(43072K)->42592K(43072K) Class: 5568K(6016K)->5568K(6016K)
[2025-03-23T02:23:25.597+0000][gc          ] GC(99) Pause Young (Normal) (G1 Evacuation Pause) 439M->327M(1024M) 27.564ms
[2025-03-23T02:23:25.597+0000][gc,cpu      ] GC(99) User=0.02s Sys=0.01s Real=0.03s
[2025-03-23T02:25:13.335+0000][gc,start    ] GC(100) Pause Young (Normal) (G1 Evacuation Pause)
[2025-03-23T02:25:13.335+0000][gc,task     ] GC(100) Using 2 workers of 2 for evacuation
[2025-03-23T02:25:13.339+0000][gc,phases   ] GC(100)   Pre Evacuate Collection Set: 0.2ms
[2025-03-23T02:25:13.339+0000][gc,phases   ] GC(100)   Merge Heap Roots: 0.1ms
[2025-03-23T02:25:13.339+0000][gc,phases   ] GC(100)   Evacuate Collection Set: 3.2ms
[2025-03-23T02:25:13.339+0000][gc,phases   ] GC(100)   Post Evacuate Collection Set: 0.4ms
[2025-03-23T02:25:13.339+0000][gc,phases   ] GC(100)   Other: 0.2ms
[2025-03-23T02:25:13.339+0000][gc,heap     ] GC(100) Eden regions: 49->0(63)
[2025-03-23T02:25:13.339+0000][gc,heap     ] GC(100) Survivor regions: 2->2(7)
[2025-03-23T02:25:13.339+0000][gc,heap     ] GC(100) Old regions: 177->177
[2025-03-23T02:25:13.339+0000][gc,heap     ] GC(100) Archive regions: 2->2
[2025-03-23T02:25:13.339+0000][gc,heap     ] GC(100) Humongous regions: 148->148
[2025-03-23T02:25:13.339+0000][gc,metaspace] GC(100) Metaspace: 48160K(49088K)->48160K(49088K) NonClass: 42592K(43072K)->42592K(43072K) Class: 5568K(6016K)->5568K(6016K)
[2025-03-23T02:25:13.339+0000][gc          ] GC(100) Pause Young (Normal) (G1 Evacuation Pause) 376M->327M(1024M) 4.091ms
[2025-03-23T02:25:13.339+0000][gc,cpu      ] GC(100) User=0.01s Sys=0.00s Real=0.00s
[2025-03-23T02:27:32.042+0000][gc,start    ] GC(101) Pause Young (Normal) (G1 Evacuation Pause)
[2025-03-23T02:27:32.042+0000][gc,task     ] GC(101) Using 2 workers of 2 for evacuation
[2025-03-23T02:27:32.047+0000][gc,phases   ] GC(101)   Pre Evacuate Collection Set: 0.2ms
[2025-03-23T02:27:32.047+0000][gc,phases   ] GC(101)   Merge Heap Roots: 0.1ms
[2025-03-23T02:27:32.047+0000][gc,phases   ] GC(101)   Evacuate Collection Set: 3.8ms
[2025-03-23T02:27:32.047+0000][gc,phases   ] GC(101)   Post Evacuate Collection Set: 1.0ms
[2025-03-23T02:27:32.047+0000][gc,phases   ] GC(101)   Other: 0.2ms
[2025-03-23T02:27:32.047+0000][gc,heap     ] GC(101) Eden regions: 63->0(137)
[2025-03-23T02:27:32.047+0000][gc,heap     ] GC(101) Survivor regions: 2->2(9)
[2025-03-23T02:27:32.047+0000][gc,heap     ] GC(101) Old regions: 177->177
[2025-03-23T02:27:32.047+0000][gc,heap     ] GC(101) Archive regions: 2->2
[2025-03-23T02:27:32.047+0000][gc,heap     ] GC(101) Humongous regions: 148->148
[2025-03-23T02:27:32.047+0000][gc,metaspace] GC(101) Metaspace: 48160K(49088K)->48160K(49088K) NonClass: 42592K(43072K)->42592K(43072K) Class: 5568K(6016K)->5568K(6016K)
[2025-03-23T02:27:32.047+0000][gc          ] GC(101) Pause Young (Normal) (G1 Evacuation Pause) 390M->327M(1024M) 5.365ms
[2025-03-23T02:27:32.047+0000][gc,cpu      ] GC(101) User=0.01s Sys=0.00s Real=0.01s
[2025-03-23T02:32:37.355+0000][gc,start    ] GC(102) Pause Young (Normal) (G1 Evacuation Pause)
[2025-03-23T02:32:37.356+0000][gc,task     ] GC(102) Using 2 workers of 2 for evacuation
[2025-03-23T02:32:37.376+0000][gc,mmu      ] GC(102) MMU target violated: 20.2ms (20.0ms/21.0ms)
[2025-03-23T02:32:37.377+0000][gc,phases   ] GC(102)   Pre Evacuate Collection Set: 0.2ms
[2025-03-23T02:32:37.377+0000][gc,phases   ] GC(102)   Merge Heap Roots: 0.1ms
[2025-03-23T02:32:37.377+0000][gc,phases   ] GC(102)   Evacuate Collection Set: 18.8ms
[2025-03-23T02:32:37.377+0000][gc,phases   ] GC(102)   Post Evacuate Collection Set: 0.9ms
[2025-03-23T02:32:37.377+0000][gc,phases   ] GC(102)   Other: 1.1ms
[2025-03-23T02:32:37.377+0000][gc,heap     ] GC(102) Eden regions: 137->0(69)
[2025-03-23T02:32:37.377+0000][gc,heap     ] GC(102) Survivor regions: 2->2(18)
[2025-03-23T02:32:37.377+0000][gc,heap     ] GC(102) Old regions: 177->177
[2025-03-23T02:32:37.377+0000][gc,heap     ] GC(102) Archive regions: 2->2
[2025-03-23T02:32:37.377+0000][gc,heap     ] GC(102) Humongous regions: 148->148
[2025-03-23T02:32:37.377+0000][gc,metaspace] GC(102) Metaspace: 48169K(49088K)->48169K(49088K) NonClass: 42601K(43072K)->42601K(43072K) Class: 5568K(6016K)->5568K(6016K)
[2025-03-23T02:32:37.377+0000][gc          ] GC(102) Pause Young (Normal) (G1 Evacuation Pause) 464M->327M(1024M) 21.157ms
[2025-03-23T02:32:37.377+0000][gc,cpu      ] GC(102) User=0.01s Sys=0.01s Real=0.02s
[2025-03-23T02:35:09.749+0000][gc,start    ] GC(103) Pause Young (Normal) (G1 Evacuation Pause)
[2025-03-23T02:35:09.750+0000][gc,task     ] GC(103) Using 2 workers of 2 for evacuation
[2025-03-23T02:35:09.756+0000][gc,phases   ] GC(103)   Pre Evacuate Collection Set: 0.4ms
[2025-03-23T02:35:09.756+0000][gc,phases   ] GC(103)   Merge Heap Roots: 0.1ms
[2025-03-23T02:35:09.756+0000][gc,phases   ] GC(103)   Evacuate Collection Set: 5.1ms
[2025-03-23T02:35:09.756+0000][gc,phases   ] GC(103)   Post Evacuate Collection Set: 0.9ms
[2025-03-23T02:35:09.756+0000][gc,phases   ] GC(103)   Other: 0.7ms
[2025-03-23T02:35:09.756+0000][gc,heap     ] GC(103) Eden regions: 69->0(143)
[2025-03-23T02:35:09.756+0000][gc,heap     ] GC(103) Survivor regions: 2->2(9)
[2025-03-23T02:35:09.756+0000][gc,heap     ] GC(103) Old regions: 177->177
[2025-03-23T02:35:09.756+0000][gc,heap     ] GC(103) Archive regions: 2->2
[2025-03-23T02:35:09.756+0000][gc,heap     ] GC(103) Humongous regions: 148->148
[2025-03-23T02:35:09.756+0000][gc,metaspace] GC(103) Metaspace: 48204K(49152K)->48204K(49152K) NonClass: 42636K(43136K)->42636K(43136K) Class: 5568K(6016K)->5568K(6016K)
[2025-03-23T02:35:09.756+0000][gc          ] GC(103) Pause Young (Normal) (G1 Evacuation Pause) 396M->327M(1024M) 7.259ms
[2025-03-23T02:35:09.756+0000][gc,cpu      ] GC(103) User=0.01s Sys=0.00s Real=0.01s
[2025-03-23T02:40:27.406+0000][gc,start    ] GC(104) Pause Young (Normal) (G1 Evacuation Pause)
[2025-03-23T02:40:27.406+0000][gc,task     ] GC(104) Using 2 workers of 2 for evacuation
[2025-03-23T02:40:27.439+0000][gc,mmu      ] GC(104) MMU target violated: 21.0ms (20.0ms/21.0ms)
[2025-03-23T02:40:27.439+0000][gc,phases   ] GC(104)   Pre Evacuate Collection Set: 0.1ms
[2025-03-23T02:40:27.439+0000][gc,phases   ] GC(104)   Merge Heap Roots: 0.1ms
[2025-03-23T02:40:27.439+0000][gc,phases   ] GC(104)   Evacuate Collection Set: 30.8ms
[2025-03-23T02:40:27.439+0000][gc,phases   ] GC(104)   Post Evacuate Collection Set: 1.1ms
[2025-03-23T02:40:27.439+0000][gc,phases   ] GC(104)   Other: 0.4ms
[2025-03-23T02:40:27.439+0000][gc,heap     ] GC(104) Eden regions: 143->0(49)
[2025-03-23T02:40:27.439+0000][gc,heap     ] GC(104) Survivor regions: 2->2(19)
[2025-03-23T02:40:27.439+0000][gc,heap     ] GC(104) Old regions: 177->177
[2025-03-23T02:40:27.439+0000][gc,heap     ] GC(104) Archive regions: 2->2
[2025-03-23T02:40:27.439+0000][gc,heap     ] GC(104) Humongous regions: 148->148
[2025-03-23T02:40:27.439+0000][gc,metaspace] GC(104) Metaspace: 48204K(49152K)->48204K(49152K) NonClass: 42636K(43136K)->42636K(43136K) Class: 5568K(6016K)->5568K(6016K)
[2025-03-23T02:40:27.439+0000][gc          ] GC(104) Pause Young (Normal) (G1 Evacuation Pause) 470M->327M(1024M) 32.648ms
[2025-03-23T02:40:27.439+0000][gc,cpu      ] GC(104) User=0.02s Sys=0.00s Real=0.03s
[2025-03-23T02:42:15.680+0000][gc,start    ] GC(105) Pause Young (Normal) (G1 Evacuation Pause)
[2025-03-23T02:42:15.680+0000][gc,task     ] GC(105) Using 2 workers of 2 for evacuation
[2025-03-23T02:42:15.684+0000][gc,phases   ] GC(105)   Pre Evacuate Collection Set: 0.2ms
[2025-03-23T02:42:15.684+0000][gc,phases   ] GC(105)   Merge Heap Roots: 0.0ms
[2025-03-23T02:42:15.684+0000][gc,phases   ] GC(105)   Evacuate Collection Set: 3.4ms
[2025-03-23T02:42:15.684+0000][gc,phases   ] GC(105)   Post Evacuate Collection Set: 0.6ms
[2025-03-23T02:42:15.684+0000][gc,phases   ] GC(105)   Other: 0.1ms
[2025-03-23T02:42:15.684+0000][gc,heap     ] GC(105) Eden regions: 49->0(49)
[2025-03-23T02:42:15.684+0000][gc,heap     ] GC(105) Survivor regions: 2->2(7)
[2025-03-23T02:42:15.684+0000][gc,heap     ] GC(105) Old regions: 177->177
[2025-03-23T02:42:15.684+0000][gc,heap     ] GC(105) Archive regions: 2->2
[2025-03-23T02:42:15.684+0000][gc,heap     ] GC(105) Humongous regions: 148->148
[2025-03-23T02:42:15.684+0000][gc,metaspace] GC(105) Metaspace: 48204K(49152K)->48204K(49152K) NonClass: 42636K(43136K)->42636K(43136K) Class: 5568K(6016K)->5568K(6016K)
[2025-03-23T02:42:15.684+0000][gc          ] GC(105) Pause Young (Normal) (G1 Evacuation Pause) 376M->327M(1024M) 4.555ms
[2025-03-23T02:42:15.685+0000][gc,cpu      ] GC(105) User=0.01s Sys=0.00s Real=0.01s
[2025-03-23T02:44:03.782+0000][gc,start    ] GC(106) Pause Young (Normal) (G1 Evacuation Pause)
[2025-03-23T02:44:03.782+0000][gc,task     ] GC(106) Using 2 workers of 2 for evacuation
[2025-03-23T02:44:03.788+0000][gc,phases   ] GC(106)   Pre Evacuate Collection Set: 0.2ms
[2025-03-23T02:44:03.789+0000][gc,phases   ] GC(106)   Merge Heap Roots: 0.2ms
[2025-03-23T02:44:03.789+0000][gc,phases   ] GC(106)   Evacuate Collection Set: 5.1ms
[2025-03-23T02:44:03.789+0000][gc,phases   ] GC(106)   Post Evacuate Collection Set: 0.5ms
[2025-03-23T02:44:03.789+0000][gc,phases   ] GC(106)   Other: 0.2ms
[2025-03-23T02:44:03.789+0000][gc,heap     ] GC(106) Eden regions: 49->0(100)
[2025-03-23T02:44:03.789+0000][gc,heap     ] GC(106) Survivor regions: 2->2(7)
[2025-03-23T02:44:03.789+0000][gc,heap     ] GC(106) Old regions: 177->177
[2025-03-23T02:44:03.789+0000][gc,heap     ] GC(106) Archive regions: 2->2
[2025-03-23T02:44:03.789+0000][gc,heap     ] GC(106) Humongous regions: 148->148
[2025-03-23T02:44:03.789+0000][gc,metaspace] GC(106) Metaspace: 48206K(49152K)->48206K(49152K) NonClass: 42638K(43136K)->42638K(43136K) Class: 5568K(6016K)->5568K(6016K)
[2025-03-23T02:44:03.789+0000][gc          ] GC(106) Pause Young (Normal) (G1 Evacuation Pause) 376M->327M(1024M) 6.230ms
[2025-03-23T02:44:03.789+0000][gc,cpu      ] GC(106) User=0.01s Sys=0.00s Real=0.01s
[2025-03-23T02:47:45.680+0000][gc,start    ] GC(107) Pause Young (Normal) (G1 Evacuation Pause)
[2025-03-23T02:47:45.680+0000][gc,task     ] GC(107) Using 2 workers of 2 for evacuation
[2025-03-23T02:47:45.684+0000][gc,phases   ] GC(107)   Pre Evacuate Collection Set: 0.1ms
[2025-03-23T02:47:45.684+0000][gc,phases   ] GC(107)   Merge Heap Roots: 0.1ms
[2025-03-23T02:47:45.684+0000][gc,phases   ] GC(107)   Evacuate Collection Set: 3.7ms
[2025-03-23T02:47:45.684+0000][gc,phases   ] GC(107)   Post Evacuate Collection Set: 0.4ms
[2025-03-23T02:47:45.684+0000][gc,phases   ] GC(107)   Other: 0.1ms
[2025-03-23T02:47:45.684+0000][gc,heap     ] GC(107) Eden regions: 100->0(188)
[2025-03-23T02:47:45.684+0000][gc,heap     ] GC(107) Survivor regions: 2->2(13)
[2025-03-23T02:47:45.684+0000][gc,heap     ] GC(107) Old regions: 177->177
[2025-03-23T02:47:45.684+0000][gc,heap     ] GC(107) Archive regions: 2->2
[2025-03-23T02:47:45.684+0000][gc,heap     ] GC(107) Humongous regions: 148->148
[2025-03-23T02:47:45.684+0000][gc,metaspace] GC(107) Metaspace: 48207K(49152K)->48207K(49152K) NonClass: 42639K(43136K)->42639K(43136K) Class: 5568K(6016K)->5568K(6016K)
[2025-03-23T02:47:45.684+0000][gc          ] GC(107) Pause Young (Normal) (G1 Evacuation Pause) 427M->327M(1024M) 4.485ms
[2025-03-23T02:47:45.684+0000][gc,cpu      ] GC(107) User=0.01s Sys=0.00s Real=0.01s
[2025-03-23T02:54:45.680+0000][gc,start    ] GC(108) Pause Young (Normal) (G1 Evacuation Pause)
[2025-03-23T02:54:45.680+0000][gc,task     ] GC(108) Using 2 workers of 2 for evacuation
[2025-03-23T02:54:45.708+0000][gc,mmu      ] GC(108) MMU target violated: 21.0ms (20.0ms/21.0ms)
[2025-03-23T02:54:45.708+0000][gc,phases   ] GC(108)   Pre Evacuate Collection Set: 0.3ms
[2025-03-23T02:54:45.708+0000][gc,phases   ] GC(108)   Merge Heap Roots: 0.1ms
[2025-03-23T02:54:45.708+0000][gc,phases   ] GC(108)   Evacuate Collection Set: 19.5ms
[2025-03-23T02:54:45.708+0000][gc,phases   ] GC(108)   Post Evacuate Collection Set: 7.4ms
[2025-03-23T02:54:45.708+0000][gc,phases   ] GC(108)   Other: 0.7ms
[2025-03-23T02:54:45.708+0000][gc,heap     ] GC(108) Eden regions: 188->0(49)
[2025-03-23T02:54:45.708+0000][gc,heap     ] GC(108) Survivor regions: 2->2(24)
[2025-03-23T02:54:45.708+0000][gc,heap     ] GC(108) Old regions: 177->177
[2025-03-23T02:54:45.708+0000][gc,heap     ] GC(108) Archive regions: 2->2
[2025-03-23T02:54:45.708+0000][gc,heap     ] GC(108) Humongous regions: 148->148
[2025-03-23T02:54:45.708+0000][gc,metaspace] GC(108) Metaspace: 48207K(49152K)->48207K(49152K) NonClass: 42639K(43136K)->42639K(43136K) Class: 5568K(6016K)->5568K(6016K)
[2025-03-23T02:54:45.708+0000][gc          ] GC(108) Pause Young (Normal) (G1 Evacuation Pause) 515M->327M(1024M) 27.956ms
[2025-03-23T02:54:45.708+0000][gc,cpu      ] GC(108) User=0.02s Sys=0.00s Real=0.03s
[2025-03-23T02:56:33.951+0000][gc,start    ] GC(109) Pause Young (Normal) (G1 Evacuation Pause)
[2025-03-23T02:56:33.951+0000][gc,task     ] GC(109) Using 2 workers of 2 for evacuation
[2025-03-23T02:56:33.958+0000][gc,phases   ] GC(109)   Pre Evacuate Collection Set: 0.2ms
[2025-03-23T02:56:33.958+0000][gc,phases   ] GC(109)   Merge Heap Roots: 0.1ms
[2025-03-23T02:56:33.958+0000][gc,phases   ] GC(109)   Evacuate Collection Set: 5.6ms
[2025-03-23T02:56:33.958+0000][gc,phases   ] GC(109)   Post Evacuate Collection Set: 0.9ms
[2025-03-23T02:56:33.958+0000][gc,phases   ] GC(109)   Other: 0.2ms
[2025-03-23T02:56:33.958+0000][gc,heap     ] GC(109) Eden regions: 49->0(88)
[2025-03-23T02:56:33.958+0000][gc,heap     ] GC(109) Survivor regions: 2->3(7)
[2025-03-23T02:56:33.958+0000][gc,heap     ] GC(109) Old regions: 177->177
[2025-03-23T02:56:33.958+0000][gc,heap     ] GC(109) Archive regions: 2->2
[2025-03-23T02:56:33.958+0000][gc,heap     ] GC(109) Humongous regions: 148->148
[2025-03-23T02:56:33.958+0000][gc,metaspace] GC(109) Metaspace: 48207K(49152K)->48207K(49152K) NonClass: 42639K(43136K)->42639K(43136K) Class: 5568K(6016K)->5568K(6016K)
[2025-03-23T02:56:33.958+0000][gc          ] GC(109) Pause Young (Normal) (G1 Evacuation Pause) 376M->327M(1024M) 6.965ms
[2025-03-23T02:56:33.958+0000][gc,cpu      ] GC(109) User=0.01s Sys=0.00s Real=0.01s
[2025-03-23T02:59:48.540+0000][gc,start    ] GC(110) Pause Young (Normal) (G1 Evacuation Pause)
[2025-03-23T02:59:48.540+0000][gc,task     ] GC(110) Using 2 workers of 2 for evacuation
[2025-03-23T02:59:48.545+0000][gc,phases   ] GC(110)   Pre Evacuate Collection Set: 0.3ms
[2025-03-23T02:59:48.545+0000][gc,phases   ] GC(110)   Merge Heap Roots: 0.1ms
[2025-03-23T02:59:48.545+0000][gc,phases   ] GC(110)   Evacuate Collection Set: 3.6ms
[2025-03-23T02:59:48.545+0000][gc,phases   ] GC(110)   Post Evacuate Collection Set: 0.4ms
[2025-03-23T02:59:48.545+0000][gc,phases   ] GC(110)   Other: 0.6ms
[2025-03-23T02:59:48.545+0000][gc,heap     ] GC(110) Eden regions: 88->0(188)
[2025-03-23T02:59:48.545+0000][gc,heap     ] GC(110) Survivor regions: 3->2(12)
[2025-03-23T02:59:48.545+0000][gc,heap     ] GC(110) Old regions: 177->177
[2025-03-23T02:59:48.545+0000][gc,heap     ] GC(110) Archive regions: 2->2
[2025-03-23T02:59:48.545+0000][gc,heap     ] GC(110) Humongous regions: 148->148
[2025-03-23T02:59:48.545+0000][gc,metaspace] GC(110) Metaspace: 48207K(49152K)->48207K(49152K) NonClass: 42639K(43136K)->42639K(43136K) Class: 5568K(6016K)->5568K(6016K)
[2025-03-23T02:59:48.545+0000][gc          ] GC(110) Pause Young (Normal) (G1 Evacuation Pause) 415M->327M(1024M) 5.011ms
[2025-03-23T02:59:48.545+0000][gc,cpu      ] GC(110) User=0.01s Sys=0.00s Real=0.01s
[2025-03-23T03:06:48.572+0000][gc,start    ] GC(111) Pause Young (Normal) (G1 Evacuation Pause)
[2025-03-23T03:06:48.572+0000][gc,task     ] GC(111) Using 2 workers of 2 for evacuation
[2025-03-23T03:06:48.578+0000][gc,phases   ] GC(111)   Pre Evacuate Collection Set: 0.2ms
[2025-03-23T03:06:48.578+0000][gc,phases   ] GC(111)   Merge Heap Roots: 0.1ms
[2025-03-23T03:06:48.578+0000][gc,phases   ] GC(111)   Evacuate Collection Set: 4.9ms
[2025-03-23T03:06:48.578+0000][gc,phases   ] GC(111)   Post Evacuate Collection Set: 0.8ms
[2025-03-23T03:06:48.578+0000][gc,phases   ] GC(111)   Other: 0.5ms
[2025-03-23T03:06:48.578+0000][gc,heap     ] GC(111) Eden regions: 188->0(307)
[2025-03-23T03:06:48.578+0000][gc,heap     ] GC(111) Survivor regions: 2->2(24)
[2025-03-23T03:06:48.578+0000][gc,heap     ] GC(111) Old regions: 177->177
[2025-03-23T03:06:48.578+0000][gc,heap     ] GC(111) Archive regions: 2->2
[2025-03-23T03:06:48.578+0000][gc,heap     ] GC(111) Humongous regions: 148->148
[2025-03-23T03:06:48.578+0000][gc,metaspace] GC(111) Metaspace: 48208K(49152K)->48208K(49152K) NonClass: 42640K(43136K)->42640K(43136K) Class: 5568K(6016K)->5568K(6016K)
[2025-03-23T03:06:48.578+0000][gc          ] GC(111) Pause Young (Normal) (G1 Evacuation Pause) 515M->327M(1024M) 6.483ms
[2025-03-23T03:06:48.578+0000][gc,cpu      ] GC(111) User=0.01s Sys=0.00s Real=0.01s
[2025-03-23T03:18:10.194+0000][gc,start    ] GC(112) Pause Young (Normal) (G1 Evacuation Pause)
[2025-03-23T03:18:10.194+0000][gc,task     ] GC(112) Using 2 workers of 2 for evacuation
[2025-03-23T03:18:10.333+0000][gc,mmu      ] GC(112) MMU target violated: 21.0ms (20.0ms/21.0ms)
[2025-03-23T03:18:10.333+0000][gc,phases   ] GC(112)   Pre Evacuate Collection Set: 27.9ms
[2025-03-23T03:18:10.333+0000][gc,phases   ] GC(112)   Merge Heap Roots: 2.3ms
[2025-03-23T03:18:10.333+0000][gc,phases   ] GC(112)   Evacuate Collection Set: 73.7ms
[2025-03-23T03:18:10.333+0000][gc,phases   ] GC(112)   Post Evacuate Collection Set: 32.9ms
[2025-03-23T03:18:10.333+0000][gc,phases   ] GC(112)   Other: 3.1ms
[2025-03-23T03:18:10.333+0000][gc,heap     ] GC(112) Eden regions: 307->0(49)
[2025-03-23T03:18:10.333+0000][gc,heap     ] GC(112) Survivor regions: 2->2(39)
[2025-03-23T03:18:10.333+0000][gc,heap     ] GC(112) Old regions: 177->177
[2025-03-23T03:18:10.333+0000][gc,heap     ] GC(112) Archive regions: 2->2
[2025-03-23T03:18:10.333+0000][gc,heap     ] GC(112) Humongous regions: 148->148
[2025-03-23T03:18:10.333+0000][gc,metaspace] GC(112) Metaspace: 48209K(49152K)->48209K(49152K) NonClass: 42641K(43136K)->42641K(43136K) Class: 5568K(6016K)->5568K(6016K)
[2025-03-23T03:18:10.333+0000][gc          ] GC(112) Pause Young (Normal) (G1 Evacuation Pause) 634M->327M(1024M) 139.157ms
[2025-03-23T03:18:10.333+0000][gc,cpu      ] GC(112) User=0.01s Sys=0.03s Real=0.14s
[2025-03-23T03:19:58.400+0000][gc,start    ] GC(113) Pause Young (Normal) (G1 Evacuation Pause)
[2025-03-23T03:19:58.403+0000][gc,task     ] GC(113) Using 2 workers of 2 for evacuation
[2025-03-23T03:19:58.424+0000][gc,mmu      ] GC(113) MMU target violated: 21.0ms (20.0ms/21.0ms)
[2025-03-23T03:19:58.424+0000][gc,phases   ] GC(113)   Pre Evacuate Collection Set: 0.3ms
[2025-03-23T03:19:58.424+0000][gc,phases   ] GC(113)   Merge Heap Roots: 0.1ms
[2025-03-23T03:19:58.424+0000][gc,phases   ] GC(113)   Evacuate Collection Set: 20.4ms
[2025-03-23T03:19:58.424+0000][gc,phases   ] GC(113)   Post Evacuate Collection Set: 0.8ms
[2025-03-23T03:19:58.424+0000][gc,phases   ] GC(113)   Other: 2.6ms
[2025-03-23T03:19:58.424+0000][gc,heap     ] GC(113) Eden regions: 49->0(49)
[2025-03-23T03:19:58.424+0000][gc,heap     ] GC(113) Survivor regions: 2->2(7)
[2025-03-23T03:19:58.424+0000][gc,heap     ] GC(113) Old regions: 177->177
[2025-03-23T03:19:58.424+0000][gc,heap     ] GC(113) Archive regions: 2->2
[2025-03-23T03:19:58.424+0000][gc,heap     ] GC(113) Humongous regions: 148->148
[2025-03-23T03:19:58.424+0000][gc,metaspace] GC(113) Metaspace: 48212K(49152K)->48212K(49152K) NonClass: 42644K(43136K)->42644K(43136K) Class: 5568K(6016K)->5568K(6016K)
[2025-03-23T03:19:58.424+0000][gc          ] GC(113) Pause Young (Normal) (G1 Evacuation Pause) 376M->327M(1024M) 24.288ms
[2025-03-23T03:19:58.424+0000][gc,cpu      ] GC(113) User=0.00s Sys=0.01s Real=0.03s
[2025-03-23T03:21:46.877+0000][gc,start    ] GC(114) Pause Young (Normal) (G1 Evacuation Pause)
[2025-03-23T03:21:46.877+0000][gc,task     ] GC(114) Using 2 workers of 2 for evacuation
[2025-03-23T03:21:46.894+0000][gc,phases   ] GC(114)   Pre Evacuate Collection Set: 0.2ms
[2025-03-23T03:21:46.894+0000][gc,phases   ] GC(114)   Merge Heap Roots: 0.1ms
[2025-03-23T03:21:46.894+0000][gc,phases   ] GC(114)   Evacuate Collection Set: 16.1ms
[2025-03-23T03:21:46.894+0000][gc,phases   ] GC(114)   Post Evacuate Collection Set: 0.5ms
[2025-03-23T03:21:46.894+0000][gc,phases   ] GC(114)   Other: 0.5ms
[2025-03-23T03:21:46.894+0000][gc,heap     ] GC(114) Eden regions: 49->0(49)
[2025-03-23T03:21:46.894+0000][gc,heap     ] GC(114) Survivor regions: 2->2(7)
[2025-03-23T03:21:46.894+0000][gc,heap     ] GC(114) Old regions: 177->177
[2025-03-23T03:21:46.894+0000][gc,heap     ] GC(114) Archive regions: 2->2
[2025-03-23T03:21:46.894+0000][gc,heap     ] GC(114) Humongous regions: 148->148
[2025-03-23T03:21:46.894+0000][gc,metaspace] GC(114) Metaspace: 48212K(49152K)->48212K(49152K) NonClass: 42644K(43136K)->42644K(43136K) Class: 5568K(6016K)->5568K(6016K)
[2025-03-23T03:21:46.894+0000][gc          ] GC(114) Pause Young (Normal) (G1 Evacuation Pause) 376M->327M(1024M) 17.532ms
[2025-03-23T03:21:46.894+0000][gc,cpu      ] GC(114) User=0.01s Sys=0.00s Real=0.02s
[2025-03-23T03:23:35.171+0000][gc,start    ] GC(115) Pause Young (Normal) (G1 Evacuation Pause)
[2025-03-23T03:23:35.171+0000][gc,task     ] GC(115) Using 2 workers of 2 for evacuation
[2025-03-23T03:23:35.178+0000][gc,phases   ] GC(115)   Pre Evacuate Collection Set: 0.1ms
[2025-03-23T03:23:35.178+0000][gc,phases   ] GC(115)   Merge Heap Roots: 0.1ms
[2025-03-23T03:23:35.178+0000][gc,phases   ] GC(115)   Evacuate Collection Set: 6.1ms
[2025-03-23T03:23:35.178+0000][gc,phases   ] GC(115)   Post Evacuate Collection Set: 0.6ms
[2025-03-23T03:23:35.178+0000][gc,phases   ] GC(115)   Other: 0.2ms
[2025-03-23T03:23:35.178+0000][gc,heap     ] GC(115) Eden regions: 49->0(49)
[2025-03-23T03:23:35.178+0000][gc,heap     ] GC(115) Survivor regions: 2->2(7)
[2025-03-23T03:23:35.178+0000][gc,heap     ] GC(115) Old regions: 177->177
[2025-03-23T03:23:35.178+0000][gc,heap     ] GC(115) Archive regions: 2->2
[2025-03-23T03:23:35.178+0000][gc,heap     ] GC(115) Humongous regions: 148->148
[2025-03-23T03:23:35.178+0000][gc,metaspace] GC(115) Metaspace: 48212K(49152K)->48212K(49152K) NonClass: 42644K(43136K)->42644K(43136K) Class: 5568K(6016K)->5568K(6016K)
[2025-03-23T03:23:35.178+0000][gc          ] GC(115) Pause Young (Normal) (G1 Evacuation Pause) 376M->327M(1024M) 7.173ms
[2025-03-23T03:23:35.178+0000][gc,cpu      ] GC(115) User=0.01s Sys=0.00s Real=0.01s
[2025-03-23T03:25:23.261+0000][gc,start    ] GC(116) Pause Young (Normal) (G1 Evacuation Pause)
[2025-03-23T03:25:23.261+0000][gc,task     ] GC(116) Using 2 workers of 2 for evacuation
[2025-03-23T03:25:23.288+0000][gc,mmu      ] GC(116) MMU target violated: 21.0ms (20.0ms/21.0ms)
[2025-03-23T03:25:23.288+0000][gc,phases   ] GC(116)   Pre Evacuate Collection Set: 1.1ms
[2025-03-23T03:25:23.288+0000][gc,phases   ] GC(116)   Merge Heap Roots: 0.1ms
[2025-03-23T03:25:23.288+0000][gc,phases   ] GC(116)   Evacuate Collection Set: 24.9ms
[2025-03-23T03:25:23.288+0000][gc,phases   ] GC(116)   Post Evacuate Collection Set: 0.8ms
[2025-03-23T03:25:23.288+0000][gc,phases   ] GC(116)   Other: 0.3ms
[2025-03-23T03:25:23.288+0000][gc,heap     ] GC(116) Eden regions: 49->0(49)
[2025-03-23T03:25:23.288+0000][gc,heap     ] GC(116) Survivor regions: 2->2(7)
[2025-03-23T03:25:23.288+0000][gc,heap     ] GC(116) Old regions: 177->177
[2025-03-23T03:25:23.288+0000][gc,heap     ] GC(116) Archive regions: 2->2
[2025-03-23T03:25:23.288+0000][gc,heap     ] GC(116) Humongous regions: 148->148
[2025-03-23T03:25:23.288+0000][gc,metaspace] GC(116) Metaspace: 48212K(49152K)->48212K(49152K) NonClass: 42644K(43136K)->42644K(43136K) Class: 5568K(6016K)->5568K(6016K)
[2025-03-23T03:25:23.288+0000][gc          ] GC(116) Pause Young (Normal) (G1 Evacuation Pause) 376M->327M(1024M) 27.087ms
[2025-03-23T03:25:23.288+0000][gc,cpu      ] GC(116) User=0.01s Sys=0.00s Real=0.03s
[2025-03-23T03:27:11.037+0000][gc,start    ] GC(117) Pause Young (Normal) (G1 Evacuation Pause)
[2025-03-23T03:27:11.037+0000][gc,task     ] GC(117) Using 2 workers of 2 for evacuation
[2025-03-23T03:27:11.042+0000][gc,phases   ] GC(117)   Pre Evacuate Collection Set: 0.1ms
[2025-03-23T03:27:11.042+0000][gc,phases   ] GC(117)   Merge Heap Roots: 0.1ms
[2025-03-23T03:27:11.042+0000][gc,phases   ] GC(117)   Evacuate Collection Set: 4.7ms
[2025-03-23T03:27:11.042+0000][gc,phases   ] GC(117)   Post Evacuate Collection Set: 0.6ms
[2025-03-23T03:27:11.042+0000][gc,phases   ] GC(117)   Other: 0.2ms
[2025-03-23T03:27:11.042+0000][gc,heap     ] GC(117) Eden regions: 49->0(49)
[2025-03-23T03:27:11.042+0000][gc,heap     ] GC(117) Survivor regions: 2->2(7)
[2025-03-23T03:27:11.042+0000][gc,heap     ] GC(117) Old regions: 177->177
[2025-03-23T03:27:11.042+0000][gc,heap     ] GC(117) Archive regions: 2->2
[2025-03-23T03:27:11.042+0000][gc,heap     ] GC(117) Humongous regions: 148->148
[2025-03-23T03:27:11.042+0000][gc,metaspace] GC(117) Metaspace: 48213K(49152K)->48213K(49152K) NonClass: 42645K(43136K)->42645K(43136K) Class: 5568K(6016K)->5568K(6016K)
[2025-03-23T03:27:11.042+0000][gc          ] GC(117) Pause Young (Normal) (G1 Evacuation Pause) 376M->327M(1024M) 5.806ms
[2025-03-23T03:27:11.043+0000][gc,cpu      ] GC(117) User=0.01s Sys=0.00s Real=0.00s
[2025-03-23T03:28:59.513+0000][gc,start    ] GC(118) Pause Young (Normal) (G1 Evacuation Pause)
[2025-03-23T03:28:59.513+0000][gc,task     ] GC(118) Using 2 workers of 2 for evacuation
[2025-03-23T03:28:59.520+0000][gc,phases   ] GC(118)   Pre Evacuate Collection Set: 0.2ms
[2025-03-23T03:28:59.520+0000][gc,phases   ] GC(118)   Merge Heap Roots: 0.1ms
[2025-03-23T03:28:59.520+0000][gc,phases   ] GC(118)   Evacuate Collection Set: 5.7ms
[2025-03-23T03:28:59.520+0000][gc,phases   ] GC(118)   Post Evacuate Collection Set: 0.7ms
[2025-03-23T03:28:59.520+0000][gc,phases   ] GC(118)   Other: 0.4ms
[2025-03-23T03:28:59.520+0000][gc,heap     ] GC(118) Eden regions: 49->0(117)
[2025-03-23T03:28:59.520+0000][gc,heap     ] GC(118) Survivor regions: 2->2(7)
[2025-03-23T03:28:59.520+0000][gc,heap     ] GC(118) Old regions: 177->177
[2025-03-23T03:28:59.520+0000][gc,heap     ] GC(118) Archive regions: 2->2
[2025-03-23T03:28:59.520+0000][gc,heap     ] GC(118) Humongous regions: 148->148
[2025-03-23T03:28:59.520+0000][gc,metaspace] GC(118) Metaspace: 48213K(49152K)->48213K(49152K) NonClass: 42645K(43136K)->42645K(43136K) Class: 5568K(6016K)->5568K(6016K)
[2025-03-23T03:28:59.520+0000][gc          ] GC(118) Pause Young (Normal) (G1 Evacuation Pause) 376M->327M(1024M) 7.116ms
[2025-03-23T03:28:59.520+0000][gc,cpu      ] GC(118) User=0.00s Sys=0.01s Real=0.00s
[2025-03-23T03:33:19.240+0000][gc,start    ] GC(119) Pause Young (Normal) (G1 Evacuation Pause)
[2025-03-23T03:33:19.241+0000][gc,task     ] GC(119) Using 2 workers of 2 for evacuation
[2025-03-23T03:33:19.255+0000][gc,phases   ] GC(119)   Pre Evacuate Collection Set: 0.2ms
[2025-03-23T03:33:19.255+0000][gc,phases   ] GC(119)   Merge Heap Roots: 0.1ms
[2025-03-23T03:33:19.255+0000][gc,phases   ] GC(119)   Evacuate Collection Set: 12.6ms
[2025-03-23T03:33:19.255+0000][gc,phases   ] GC(119)   Post Evacuate Collection Set: 0.8ms
[2025-03-23T03:33:19.255+0000][gc,phases   ] GC(119)   Other: 0.7ms
[2025-03-23T03:33:19.255+0000][gc,heap     ] GC(119) Eden regions: 117->0(92)
[2025-03-23T03:33:19.255+0000][gc,heap     ] GC(119) Survivor regions: 2->2(15)
[2025-03-23T03:33:19.255+0000][gc,heap     ] GC(119) Old regions: 177->177
[2025-03-23T03:33:19.255+0000][gc,heap     ] GC(119) Archive regions: 2->2
[2025-03-23T03:33:19.255+0000][gc,heap     ] GC(119) Humongous regions: 148->148
[2025-03-23T03:33:19.255+0000][gc,metaspace] GC(119) Metaspace: 48214K(49152K)->48214K(49152K) NonClass: 42646K(43136K)->42646K(43136K) Class: 5568K(6016K)->5568K(6016K)
[2025-03-23T03:33:19.255+0000][gc          ] GC(119) Pause Young (Normal) (G1 Evacuation Pause) 444M->327M(1024M) 14.495ms
[2025-03-23T03:33:19.255+0000][gc,cpu      ] GC(119) User=0.01s Sys=0.01s Real=0.02s
[2025-03-23T03:36:43.396+0000][gc,start    ] GC(120) Pause Young (Normal) (G1 Evacuation Pause)
[2025-03-23T03:36:43.396+0000][gc,task     ] GC(120) Using 2 workers of 2 for evacuation
[2025-03-23T03:36:43.402+0000][gc,phases   ] GC(120)   Pre Evacuate Collection Set: 0.2ms
[2025-03-23T03:36:43.402+0000][gc,phases   ] GC(120)   Merge Heap Roots: 0.1ms
[2025-03-23T03:36:43.402+0000][gc,phases   ] GC(120)   Evacuate Collection Set: 4.0ms
[2025-03-23T03:36:43.402+0000][gc,phases   ] GC(120)   Post Evacuate Collection Set: 0.7ms
[2025-03-23T03:36:43.402+0000][gc,phases   ] GC(120)   Other: 0.5ms
[2025-03-23T03:36:43.402+0000][gc,heap     ] GC(120) Eden regions: 92->0(181)
[2025-03-23T03:36:43.402+0000][gc,heap     ] GC(120) Survivor regions: 2->2(12)
[2025-03-23T03:36:43.402+0000][gc,heap     ] GC(120) Old regions: 177->177
[2025-03-23T03:36:43.402+0000][gc,heap     ] GC(120) Archive regions: 2->2
[2025-03-23T03:36:43.402+0000][gc,heap     ] GC(120) Humongous regions: 148->148
[2025-03-23T03:36:43.402+0000][gc,metaspace] GC(120) Metaspace: 48214K(49152K)->48214K(49152K) NonClass: 42646K(43136K)->42646K(43136K) Class: 5568K(6016K)->5568K(6016K)
[2025-03-23T03:36:43.402+0000][gc          ] GC(120) Pause Young (Normal) (G1 Evacuation Pause) 419M->327M(1024M) 5.682ms
[2025-03-23T03:36:43.402+0000][gc,cpu      ] GC(120) User=0.01s Sys=0.00s Real=0.00s
[2025-03-23T03:43:27.363+0000][gc,start    ] GC(121) Pause Young (Normal) (G1 Evacuation Pause)
[2025-03-23T03:43:27.364+0000][gc,task     ] GC(121) Using 2 workers of 2 for evacuation
[2025-03-23T03:43:27.386+0000][gc,mmu      ] GC(121) MMU target violated: 21.0ms (20.0ms/21.0ms)
[2025-03-23T03:43:27.386+0000][gc,phases   ] GC(121)   Pre Evacuate Collection Set: 0.2ms
[2025-03-23T03:43:27.386+0000][gc,phases   ] GC(121)   Merge Heap Roots: 0.1ms
[2025-03-23T03:43:27.386+0000][gc,phases   ] GC(121)   Evacuate Collection Set: 21.4ms
[2025-03-23T03:43:27.386+0000][gc,phases   ] GC(121)   Post Evacuate Collection Set: 0.8ms
[2025-03-23T03:43:27.386+0000][gc,phases   ] GC(121)   Other: 0.8ms
[2025-03-23T03:43:27.386+0000][gc,heap     ] GC(121) Eden regions: 181->0(58)
[2025-03-23T03:43:27.386+0000][gc,heap     ] GC(121) Survivor regions: 2->2(23)
[2025-03-23T03:43:27.386+0000][gc,heap     ] GC(121) Old regions: 177->177
[2025-03-23T03:43:27.386+0000][gc,heap     ] GC(121) Archive regions: 2->2
[2025-03-23T03:43:27.386+0000][gc,heap     ] GC(121) Humongous regions: 148->148
[2025-03-23T03:43:27.386+0000][gc,metaspace] GC(121) Metaspace: 48224K(49152K)->48224K(49152K) NonClass: 42656K(43136K)->42656K(43136K) Class: 5568K(6016K)->5568K(6016K)
[2025-03-23T03:43:27.386+0000][gc          ] GC(121) Pause Young (Normal) (G1 Evacuation Pause) 508M->327M(1024M) 23.163ms
[2025-03-23T03:43:27.386+0000][gc,cpu      ] GC(121) User=0.01s Sys=0.02s Real=0.03s
[2025-03-23T03:45:35.235+0000][gc,start    ] GC(122) Pause Young (Normal) (G1 Evacuation Pause)
[2025-03-23T03:45:35.235+0000][gc,task     ] GC(122) Using 2 workers of 2 for evacuation
[2025-03-23T03:45:35.240+0000][gc,phases   ] GC(122)   Pre Evacuate Collection Set: 0.2ms
[2025-03-23T03:45:35.240+0000][gc,phases   ] GC(122)   Merge Heap Roots: 0.1ms
[2025-03-23T03:45:35.240+0000][gc,phases   ] GC(122)   Evacuate Collection Set: 4.1ms
[2025-03-23T03:45:35.240+0000][gc,phases   ] GC(122)   Post Evacuate Collection Set: 0.5ms
[2025-03-23T03:45:35.240+0000][gc,phases   ] GC(122)   Other: 0.2ms
[2025-03-23T03:45:35.240+0000][gc,heap     ] GC(122) Eden regions: 58->0(128)
[2025-03-23T03:45:35.240+0000][gc,heap     ] GC(122) Survivor regions: 2->2(8)
[2025-03-23T03:45:35.240+0000][gc,heap     ] GC(122) Old regions: 177->177
[2025-03-23T03:45:35.240+0000][gc,heap     ] GC(122) Archive regions: 2->2
[2025-03-23T03:45:35.240+0000][gc,heap     ] GC(122) Humongous regions: 148->148
[2025-03-23T03:45:35.240+0000][gc,metaspace] GC(122) Metaspace: 48224K(49152K)->48224K(49152K) NonClass: 42656K(43136K)->42656K(43136K) Class: 5568K(6016K)->5568K(6016K)
[2025-03-23T03:45:35.240+0000][gc          ] GC(122) Pause Young (Normal) (G1 Evacuation Pause) 385M->327M(1024M) 5.112ms
[2025-03-23T03:45:35.240+0000][gc,cpu      ] GC(122) User=0.01s Sys=0.01s Real=0.00s
[2025-03-23T03:50:19.837+0000][gc,start    ] GC(123) Pause Young (Normal) (G1 Evacuation Pause)
[2025-03-23T03:50:19.837+0000][gc,task     ] GC(123) Using 2 workers of 2 for evacuation
[2025-03-23T03:50:19.843+0000][gc,phases   ] GC(123)   Pre Evacuate Collection Set: 0.2ms
[2025-03-23T03:50:19.843+0000][gc,phases   ] GC(123)   Merge Heap Roots: 0.1ms
[2025-03-23T03:50:19.843+0000][gc,phases   ] GC(123)   Evacuate Collection Set: 4.6ms
[2025-03-23T03:50:19.843+0000][gc,phases   ] GC(123)   Post Evacuate Collection Set: 0.6ms
[2025-03-23T03:50:19.843+0000][gc,phases   ] GC(123)   Other: 0.2ms
[2025-03-23T03:50:19.843+0000][gc,heap     ] GC(123) Eden regions: 128->0(245)
[2025-03-23T03:50:19.843+0000][gc,heap     ] GC(123) Survivor regions: 2->2(17)
[2025-03-23T03:50:19.843+0000][gc,heap     ] GC(123) Old regions: 177->177
[2025-03-23T03:50:19.843+0000][gc,heap     ] GC(123) Archive regions: 2->2
[2025-03-23T03:50:19.843+0000][gc,heap     ] GC(123) Humongous regions: 148->148
[2025-03-23T03:50:19.843+0000][gc,metaspace] GC(123) Metaspace: 48225K(49152K)->48225K(49152K) NonClass: 42657K(43136K)->42657K(43136K) Class: 5568K(6016K)->5568K(6016K)
[2025-03-23T03:50:19.843+0000][gc          ] GC(123) Pause Young (Normal) (G1 Evacuation Pause) 455M->327M(1024M) 5.787ms
[2025-03-23T03:50:19.843+0000][gc,cpu      ] GC(123) User=0.00s Sys=0.01s Real=0.00s
[2025-03-23T03:59:28.810+0000][gc,start    ] GC(124) Pause Young (Normal) (G1 Evacuation Pause)
[2025-03-23T03:59:28.810+0000][gc,task     ] GC(124) Using 2 workers of 2 for evacuation
[2025-03-23T03:59:28.864+0000][gc,mmu      ] GC(124) MMU target violated: 21.0ms (20.0ms/21.0ms)
[2025-03-23T03:59:28.864+0000][gc,phases   ] GC(124)   Pre Evacuate Collection Set: 9.2ms
[2025-03-23T03:59:28.864+0000][gc,phases   ] GC(124)   Merge Heap Roots: 0.4ms
[2025-03-23T03:59:28.864+0000][gc,phases   ] GC(124)   Evacuate Collection Set: 33.7ms
[2025-03-23T03:59:28.864+0000][gc,phases   ] GC(124)   Post Evacuate Collection Set: 10.0ms
[2025-03-23T03:59:28.864+0000][gc,phases   ] GC(124)   Other: 0.8ms
[2025-03-23T03:59:28.864+0000][gc,heap     ] GC(124) Eden regions: 245->0(49)
[2025-03-23T03:59:28.864+0000][gc,heap     ] GC(124) Survivor regions: 2->2(31)
[2025-03-23T03:59:28.864+0000][gc,heap     ] GC(124) Old regions: 177->177
[2025-03-23T03:59:28.864+0000][gc,heap     ] GC(124) Archive regions: 2->2
[2025-03-23T03:59:28.864+0000][gc,heap     ] GC(124) Humongous regions: 148->148
[2025-03-23T03:59:28.864+0000][gc,metaspace] GC(124) Metaspace: 48225K(49152K)->48225K(49152K) NonClass: 42657K(43136K)->42657K(43136K) Class: 5568K(6016K)->5568K(6016K)
[2025-03-23T03:59:28.864+0000][gc          ] GC(124) Pause Young (Normal) (G1 Evacuation Pause) 572M->327M(1024M) 54.093ms
[2025-03-23T03:59:28.864+0000][gc,cpu      ] GC(124) User=0.01s Sys=0.02s Real=0.06s
[2025-03-23T04:01:17.153+0000][gc,start    ] GC(125) Pause Young (Normal) (G1 Evacuation Pause)
[2025-03-23T04:01:17.153+0000][gc,task     ] GC(125) Using 2 workers of 2 for evacuation
[2025-03-23T04:01:17.162+0000][gc,phases   ] GC(125)   Pre Evacuate Collection Set: 0.3ms
[2025-03-23T04:01:17.162+0000][gc,phases   ] GC(125)   Merge Heap Roots: 0.1ms
[2025-03-23T04:01:17.162+0000][gc,phases   ] GC(125)   Evacuate Collection Set: 7.1ms
[2025-03-23T04:01:17.162+0000][gc,phases   ] GC(125)   Post Evacuate Collection Set: 0.8ms
[2025-03-23T04:01:17.162+0000][gc,phases   ] GC(125)   Other: 0.4ms
[2025-03-23T04:01:17.162+0000][gc,heap     ] GC(125) Eden regions: 49->0(49)
[2025-03-23T04:01:17.162+0000][gc,heap     ] GC(125) Survivor regions: 2->2(7)
[2025-03-23T04:01:17.162+0000][gc,heap     ] GC(125) Old regions: 177->177
[2025-03-23T04:01:17.162+0000][gc,heap     ] GC(125) Archive regions: 2->2
[2025-03-23T04:01:17.162+0000][gc,heap     ] GC(125) Humongous regions: 148->148
[2025-03-23T04:01:17.162+0000][gc,metaspace] GC(125) Metaspace: 48225K(49152K)->48225K(49152K) NonClass: 42657K(43136K)->42657K(43136K) Class: 5568K(6016K)->5568K(6016K)
[2025-03-23T04:01:17.162+0000][gc          ] GC(125) Pause Young (Normal) (G1 Evacuation Pause) 376M->327M(1024M) 8.857ms
[2025-03-23T04:01:17.162+0000][gc,cpu      ] GC(125) User=0.01s Sys=0.00s Real=0.00s
[2025-03-23T04:03:05.448+0000][gc,start    ] GC(126) Pause Young (Normal) (G1 Evacuation Pause)
[2025-03-23T04:03:05.448+0000][gc,task     ] GC(126) Using 2 workers of 2 for evacuation
[2025-03-23T04:03:05.455+0000][gc,phases   ] GC(126)   Pre Evacuate Collection Set: 0.2ms
[2025-03-23T04:03:05.455+0000][gc,phases   ] GC(126)   Merge Heap Roots: 0.1ms
[2025-03-23T04:03:05.455+0000][gc,phases   ] GC(126)   Evacuate Collection Set: 5.8ms
[2025-03-23T04:03:05.455+0000][gc,phases   ] GC(126)   Post Evacuate Collection Set: 0.6ms
[2025-03-23T04:03:05.455+0000][gc,phases   ] GC(126)   Other: 0.5ms
[2025-03-23T04:03:05.455+0000][gc,heap     ] GC(126) Eden regions: 49->0(49)
[2025-03-23T04:03:05.455+0000][gc,heap     ] GC(126) Survivor regions: 2->2(7)
[2025-03-23T04:03:05.455+0000][gc,heap     ] GC(126) Old regions: 177->177
[2025-03-23T04:03:05.455+0000][gc,heap     ] GC(126) Archive regions: 2->2
[2025-03-23T04:03:05.455+0000][gc,heap     ] GC(126) Humongous regions: 148->148
[2025-03-23T04:03:05.455+0000][gc,metaspace] GC(126) Metaspace: 48225K(49152K)->48225K(49152K) NonClass: 42657K(43136K)->42657K(43136K) Class: 5568K(6016K)->5568K(6016K)
[2025-03-23T04:03:05.455+0000][gc          ] GC(126) Pause Young (Normal) (G1 Evacuation Pause) 376M->327M(1024M) 7.148ms
[2025-03-23T04:03:05.455+0000][gc,cpu      ] GC(126) User=0.01s Sys=0.00s Real=0.01s
[2025-03-23T04:04:53.510+0000][gc,start    ] GC(127) Pause Young (Normal) (G1 Evacuation Pause)
[2025-03-23T04:04:53.510+0000][gc,task     ] GC(127) Using 2 workers of 2 for evacuation
[2025-03-23T04:04:53.516+0000][gc,phases   ] GC(127)   Pre Evacuate Collection Set: 0.2ms
[2025-03-23T04:04:53.516+0000][gc,phases   ] GC(127)   Merge Heap Roots: 0.1ms
[2025-03-23T04:04:53.516+0000][gc,phases   ] GC(127)   Evacuate Collection Set: 5.4ms
[2025-03-23T04:04:53.516+0000][gc,phases   ] GC(127)   Post Evacuate Collection Set: 0.5ms
[2025-03-23T04:04:53.516+0000][gc,phases   ] GC(127)   Other: 0.1ms
[2025-03-23T04:04:53.516+0000][gc,heap     ] GC(127) Eden regions: 49->0(104)
[2025-03-23T04:04:53.516+0000][gc,heap     ] GC(127) Survivor regions: 2->2(7)
[2025-03-23T04:04:53.516+0000][gc,heap     ] GC(127) Old regions: 177->177
[2025-03-23T04:04:53.516+0000][gc,heap     ] GC(127) Archive regions: 2->2
[2025-03-23T04:04:53.516+0000][gc,heap     ] GC(127) Humongous regions: 148->148
[2025-03-23T04:04:53.516+0000][gc,metaspace] GC(127) Metaspace: 48225K(49152K)->48225K(49152K) NonClass: 42657K(43136K)->42657K(43136K) Class: 5568K(6016K)->5568K(6016K)
[2025-03-23T04:04:53.516+0000][gc          ] GC(127) Pause Young (Normal) (G1 Evacuation Pause) 376M->327M(1024M) 6.363ms
[2025-03-23T04:04:53.516+0000][gc,cpu      ] GC(127) User=0.01s Sys=0.00s Real=0.01s
[2025-03-23T04:08:45.016+0000][gc,start    ] GC(128) Pause Young (Normal) (G1 Evacuation Pause)
[2025-03-23T04:08:45.016+0000][gc,task     ] GC(128) Using 2 workers of 2 for evacuation
[2025-03-23T04:08:45.027+0000][gc,phases   ] GC(128)   Pre Evacuate Collection Set: 0.2ms
[2025-03-23T04:08:45.027+0000][gc,phases   ] GC(128)   Merge Heap Roots: 0.1ms
[2025-03-23T04:08:45.027+0000][gc,phases   ] GC(128)   Evacuate Collection Set: 9.9ms
[2025-03-23T04:08:45.027+0000][gc,phases   ] GC(128)   Post Evacuate Collection Set: 0.5ms
[2025-03-23T04:08:45.027+0000][gc,phases   ] GC(128)   Other: 0.4ms
[2025-03-23T04:08:45.027+0000][gc,heap     ] GC(128) Eden regions: 104->0(155)
[2025-03-23T04:08:45.027+0000][gc,heap     ] GC(128) Survivor regions: 2->2(14)
[2025-03-23T04:08:45.027+0000][gc,heap     ] GC(128) Old regions: 177->177
[2025-03-23T04:08:45.027+0000][gc,heap     ] GC(128) Archive regions: 2->2
[2025-03-23T04:08:45.027+0000][gc,heap     ] GC(128) Humongous regions: 148->148
[2025-03-23T04:08:45.028+0000][gc,metaspace] GC(128) Metaspace: 48225K(49152K)->48225K(49152K) NonClass: 42657K(43136K)->42657K(43136K) Class: 5568K(6016K)->5568K(6016K)
[2025-03-23T04:08:45.028+0000][gc          ] GC(128) Pause Young (Normal) (G1 Evacuation Pause) 431M->327M(1024M) 11.133ms
[2025-03-23T04:08:45.028+0000][gc,cpu      ] GC(128) User=0.01s Sys=0.00s Real=0.01s
[2025-03-23T04:14:30.044+0000][gc,start    ] GC(129) Pause Young (Normal) (G1 Evacuation Pause)
[2025-03-23T04:14:30.044+0000][gc,task     ] GC(129) Using 2 workers of 2 for evacuation
[2025-03-23T04:14:30.062+0000][gc,phases   ] GC(129)   Pre Evacuate Collection Set: 0.2ms
[2025-03-23T04:14:30.062+0000][gc,phases   ] GC(129)   Merge Heap Roots: 0.1ms
[2025-03-23T04:14:30.062+0000][gc,phases   ] GC(129)   Evacuate Collection Set: 16.5ms
[2025-03-23T04:14:30.062+0000][gc,phases   ] GC(129)   Post Evacuate Collection Set: 0.9ms
[2025-03-23T04:14:30.062+0000][gc,phases   ] GC(129)   Other: 0.5ms
[2025-03-23T04:14:30.062+0000][gc,heap     ] GC(129) Eden regions: 155->0(105)
[2025-03-23T04:14:30.062+0000][gc,heap     ] GC(129) Survivor regions: 2->2(20)
[2025-03-23T04:14:30.062+0000][gc,heap     ] GC(129) Old regions: 177->177
[2025-03-23T04:14:30.062+0000][gc,heap     ] GC(129) Archive regions: 2->2
[2025-03-23T04:14:30.062+0000][gc,heap     ] GC(129) Humongous regions: 148->148
[2025-03-23T04:14:30.062+0000][gc,metaspace] GC(129) Metaspace: 48225K(49152K)->48225K(49152K) NonClass: 42657K(43136K)->42657K(43136K) Class: 5568K(6016K)->5568K(6016K)
[2025-03-23T04:14:30.062+0000][gc          ] GC(129) Pause Young (Normal) (G1 Evacuation Pause) 482M->327M(1024M) 18.228ms
[2025-03-23T04:14:30.062+0000][gc,cpu      ] GC(129) User=0.01s Sys=0.00s Real=0.01s
[2025-03-23T04:18:15.680+0000][gc,start    ] GC(130) Pause Young (Normal) (G1 Evacuation Pause)
[2025-03-23T04:18:15.680+0000][gc,task     ] GC(130) Using 2 workers of 2 for evacuation
[2025-03-23T04:18:15.688+0000][gc,phases   ] GC(130)   Pre Evacuate Collection Set: 0.2ms
[2025-03-23T04:18:15.688+0000][gc,phases   ] GC(130)   Merge Heap Roots: 0.1ms
[2025-03-23T04:18:15.688+0000][gc,phases   ] GC(130)   Evacuate Collection Set: 6.3ms
[2025-03-23T04:18:15.688+0000][gc,phases   ] GC(130)   Post Evacuate Collection Set: 0.5ms
[2025-03-23T04:18:15.688+0000][gc,phases   ] GC(130)   Other: 1.0ms
[2025-03-23T04:18:15.688+0000][gc,heap     ] GC(130) Eden regions: 105->0(149)
[2025-03-23T04:18:15.688+0000][gc,heap     ] GC(130) Survivor regions: 2->2(14)
[2025-03-23T04:18:15.688+0000][gc,heap     ] GC(130) Old regions: 177->177
[2025-03-23T04:18:15.688+0000][gc,heap     ] GC(130) Archive regions: 2->2
[2025-03-23T04:18:15.688+0000][gc,heap     ] GC(130) Humongous regions: 148->148
[2025-03-23T04:18:15.688+0000][gc,metaspace] GC(130) Metaspace: 48228K(49152K)->48228K(49152K) NonClass: 42660K(43136K)->42660K(43136K) Class: 5568K(6016K)->5568K(6016K)
[2025-03-23T04:18:15.688+0000][gc          ] GC(130) Pause Young (Normal) (G1 Evacuation Pause) 432M->327M(1024M) 8.080ms
[2025-03-23T04:18:15.688+0000][gc,cpu      ] GC(130) User=0.00s Sys=0.00s Real=0.01s
[2025-03-23T04:23:46.931+0000][gc,start    ] GC(131) Pause Young (Normal) (G1 Evacuation Pause)
[2025-03-23T04:23:46.931+0000][gc,task     ] GC(131) Using 2 workers of 2 for evacuation
[2025-03-23T04:23:46.937+0000][gc,phases   ] GC(131)   Pre Evacuate Collection Set: 0.2ms
[2025-03-23T04:23:46.937+0000][gc,phases   ] GC(131)   Merge Heap Roots: 1.2ms
[2025-03-23T04:23:46.937+0000][gc,phases   ] GC(131)   Evacuate Collection Set: 3.9ms
[2025-03-23T04:23:46.937+0000][gc,phases   ] GC(131)   Post Evacuate Collection Set: 0.5ms
[2025-03-23T04:23:46.937+0000][gc,phases   ] GC(131)   Other: 0.2ms
[2025-03-23T04:23:46.937+0000][gc,heap     ] GC(131) Eden regions: 149->0(298)
[2025-03-23T04:23:46.937+0000][gc,heap     ] GC(131) Survivor regions: 2->2(19)
[2025-03-23T04:23:46.937+0000][gc,heap     ] GC(131) Old regions: 177->177
[2025-03-23T04:23:46.937+0000][gc,heap     ] GC(131) Archive regions: 2->2
[2025-03-23T04:23:46.937+0000][gc,heap     ] GC(131) Humongous regions: 148->148
[2025-03-23T04:23:46.937+0000][gc,metaspace] GC(131) Metaspace: 48230K(49152K)->48230K(49152K) NonClass: 42662K(43136K)->42662K(43136K) Class: 5568K(6016K)->5568K(6016K)
[2025-03-23T04:23:46.937+0000][gc          ] GC(131) Pause Young (Normal) (G1 Evacuation Pause) 476M->327M(1024M) 6.017ms
[2025-03-23T04:23:46.937+0000][gc,cpu      ] GC(131) User=0.01s Sys=0.00s Real=0.01s
[2025-03-23T04:34:55.405+0000][gc,start    ] GC(132) Pause Young (Normal) (G1 Evacuation Pause)
[2025-03-23T04:34:55.405+0000][gc,task     ] GC(132) Using 2 workers of 2 for evacuation
[2025-03-23T04:34:55.500+0000][gc,mmu      ] GC(132) MMU target violated: 21.0ms (20.0ms/21.0ms)
[2025-03-23T04:34:55.500+0000][gc,phases   ] GC(132)   Pre Evacuate Collection Set: 10.3ms
[2025-03-23T04:34:55.500+0000][gc,phases   ] GC(132)   Merge Heap Roots: 0.7ms
[2025-03-23T04:34:55.500+0000][gc,phases   ] GC(132)   Evacuate Collection Set: 74.0ms
[2025-03-23T04:34:55.500+0000][gc,phases   ] GC(132)   Post Evacuate Collection Set: 9.3ms
[2025-03-23T04:34:55.500+0000][gc,phases   ] GC(132)   Other: 1.1ms
[2025-03-23T04:34:55.500+0000][gc,heap     ] GC(132) Eden regions: 298->0(49)
[2025-03-23T04:34:55.500+0000][gc,heap     ] GC(132) Survivor regions: 2->2(38)
[2025-03-23T04:34:55.500+0000][gc,heap     ] GC(132) Old regions: 177->177
[2025-03-23T04:34:55.500+0000][gc,heap     ] GC(132) Archive regions: 2->2
[2025-03-23T04:34:55.500+0000][gc,heap     ] GC(132) Humongous regions: 148->148
[2025-03-23T04:34:55.500+0000][gc,metaspace] GC(132) Metaspace: 48231K(49152K)->48231K(49152K) NonClass: 42663K(43136K)->42663K(43136K) Class: 5568K(6016K)->5568K(6016K)
[2025-03-23T04:34:55.500+0000][gc          ] GC(132) Pause Young (Normal) (G1 Evacuation Pause) 625M->327M(1024M) 95.273ms
[2025-03-23T04:34:55.500+0000][gc,cpu      ] GC(132) User=0.02s Sys=0.03s Real=0.09s
[2025-03-23T04:36:43.711+0000][gc,start    ] GC(133) Pause Young (Normal) (G1 Evacuation Pause)
[2025-03-23T04:36:43.711+0000][gc,task     ] GC(133) Using 2 workers of 2 for evacuation
[2025-03-23T04:36:43.728+0000][gc,phases   ] GC(133)   Pre Evacuate Collection Set: 0.2ms
[2025-03-23T04:36:43.728+0000][gc,phases   ] GC(133)   Merge Heap Roots: 0.1ms
[2025-03-23T04:36:43.728+0000][gc,phases   ] GC(133)   Evacuate Collection Set: 15.0ms
[2025-03-23T04:36:43.728+0000][gc,phases   ] GC(133)   Post Evacuate Collection Set: 0.9ms
[2025-03-23T04:36:43.728+0000][gc,phases   ] GC(133)   Other: 0.5ms
[2025-03-23T04:36:43.728+0000][gc,heap     ] GC(133) Eden regions: 49->0(49)
[2025-03-23T04:36:43.728+0000][gc,heap     ] GC(133) Survivor regions: 2->2(7)
[2025-03-23T04:36:43.728+0000][gc,heap     ] GC(133) Old regions: 177->177
[2025-03-23T04:36:43.728+0000][gc,heap     ] GC(133) Archive regions: 2->2
[2025-03-23T04:36:43.728+0000][gc,heap     ] GC(133) Humongous regions: 148->148
[2025-03-23T04:36:43.728+0000][gc,metaspace] GC(133) Metaspace: 48231K(49152K)->48231K(49152K) NonClass: 42663K(43136K)->42663K(43136K) Class: 5568K(6016K)->5568K(6016K)
[2025-03-23T04:36:43.728+0000][gc          ] GC(133) Pause Young (Normal) (G1 Evacuation Pause) 376M->327M(1024M) 16.882ms
[2025-03-23T04:36:43.728+0000][gc,cpu      ] GC(133) User=0.01s Sys=0.00s Real=0.02s
[2025-03-23T04:38:31.924+0000][gc,start    ] GC(134) Pause Young (Normal) (G1 Evacuation Pause)
[2025-03-23T04:38:31.924+0000][gc,task     ] GC(134) Using 2 workers of 2 for evacuation
[2025-03-23T04:38:31.937+0000][gc,phases   ] GC(134)   Pre Evacuate Collection Set: 0.2ms
[2025-03-23T04:38:31.937+0000][gc,phases   ] GC(134)   Merge Heap Roots: 0.1ms
[2025-03-23T04:38:31.937+0000][gc,phases   ] GC(134)   Evacuate Collection Set: 11.4ms
[2025-03-23T04:38:31.937+0000][gc,phases   ] GC(134)   Post Evacuate Collection Set: 0.7ms
[2025-03-23T04:38:31.937+0000][gc,phases   ] GC(134)   Other: 0.5ms
[2025-03-23T04:38:31.937+0000][gc,heap     ] GC(134) Eden regions: 49->0(49)
[2025-03-23T04:38:31.937+0000][gc,heap     ] GC(134) Survivor regions: 2->2(7)
[2025-03-23T04:38:31.937+0000][gc,heap     ] GC(134) Old regions: 177->177
[2025-03-23T04:38:31.937+0000][gc,heap     ] GC(134) Archive regions: 2->2
[2025-03-23T04:38:31.937+0000][gc,heap     ] GC(134) Humongous regions: 148->148
[2025-03-23T04:38:31.937+0000][gc,metaspace] GC(134) Metaspace: 48231K(49152K)->48231K(49152K) NonClass: 42663K(43136K)->42663K(43136K) Class: 5568K(6016K)->5568K(6016K)
[2025-03-23T04:38:31.937+0000][gc          ] GC(134) Pause Young (Normal) (G1 Evacuation Pause) 376M->327M(1024M) 13.049ms
[2025-03-23T04:38:31.937+0000][gc,cpu      ] GC(134) User=0.02s Sys=0.00s Real=0.01s
[2025-03-23T04:40:20.487+0000][gc,start    ] GC(135) Pause Young (Normal) (G1 Evacuation Pause)
[2025-03-23T04:40:20.487+0000][gc,task     ] GC(135) Using 2 workers of 2 for evacuation
[2025-03-23T04:40:20.492+0000][gc,phases   ] GC(135)   Pre Evacuate Collection Set: 0.1ms
[2025-03-23T04:40:20.492+0000][gc,phases   ] GC(135)   Merge Heap Roots: 0.1ms
[2025-03-23T04:40:20.492+0000][gc,phases   ] GC(135)   Evacuate Collection Set: 3.9ms
[2025-03-23T04:40:20.492+0000][gc,phases   ] GC(135)   Post Evacuate Collection Set: 0.7ms
[2025-03-23T04:40:20.492+0000][gc,phases   ] GC(135)   Other: 0.1ms
[2025-03-23T04:40:20.492+0000][gc,heap     ] GC(135) Eden regions: 49->0(49)
[2025-03-23T04:40:20.492+0000][gc,heap     ] GC(135) Survivor regions: 2->2(7)
[2025-03-23T04:40:20.492+0000][gc,heap     ] GC(135) Old regions: 177->177
[2025-03-23T04:40:20.492+0000][gc,heap     ] GC(135) Archive regions: 2->2
[2025-03-23T04:40:20.492+0000][gc,heap     ] GC(135) Humongous regions: 148->148
[2025-03-23T04:40:20.492+0000][gc,metaspace] GC(135) Metaspace: 48232K(49152K)->48232K(49152K) NonClass: 42664K(43136K)->42664K(43136K) Class: 5568K(6016K)->5568K(6016K)
[2025-03-23T04:40:20.492+0000][gc          ] GC(135) Pause Young (Normal) (G1 Evacuation Pause) 376M->327M(1024M) 4.953ms
[2025-03-23T04:40:20.492+0000][gc,cpu      ] GC(135) User=0.01s Sys=0.00s Real=0.01s
[2025-03-23T04:42:08.971+0000][gc,start    ] GC(136) Pause Young (Normal) (G1 Evacuation Pause)
[2025-03-23T04:42:08.971+0000][gc,task     ] GC(136) Using 2 workers of 2 for evacuation
[2025-03-23T04:42:08.977+0000][gc,phases   ] GC(136)   Pre Evacuate Collection Set: 0.2ms
[2025-03-23T04:42:08.977+0000][gc,phases   ] GC(136)   Merge Heap Roots: 0.1ms
[2025-03-23T04:42:08.977+0000][gc,phases   ] GC(136)   Evacuate Collection Set: 4.7ms
[2025-03-23T04:42:08.977+0000][gc,phases   ] GC(136)   Post Evacuate Collection Set: 0.6ms
[2025-03-23T04:42:08.977+0000][gc,phases   ] GC(136)   Other: 0.1ms
[2025-03-23T04:42:08.977+0000][gc,heap     ] GC(136) Eden regions: 49->0(49)
[2025-03-23T04:42:08.977+0000][gc,heap     ] GC(136) Survivor regions: 2->2(7)
[2025-03-23T04:42:08.977+0000][gc,heap     ] GC(136) Old regions: 177->177
[2025-03-23T04:42:08.977+0000][gc,heap     ] GC(136) Archive regions: 2->2
[2025-03-23T04:42:08.977+0000][gc,heap     ] GC(136) Humongous regions: 148->148
[2025-03-23T04:42:08.977+0000][gc,metaspace] GC(136) Metaspace: 48238K(49152K)->48238K(49152K) NonClass: 42670K(43136K)->42670K(43136K) Class: 5568K(6016K)->5568K(6016K)
[2025-03-23T04:42:08.977+0000][gc          ] GC(136) Pause Young (Normal) (G1 Evacuation Pause) 376M->327M(1024M) 5.765ms
[2025-03-23T04:42:08.977+0000][gc,cpu      ] GC(136) User=0.00s Sys=0.01s Real=0.01s
[2025-03-23T04:43:56.829+0000][gc,start    ] GC(137) Pause Young (Normal) (G1 Evacuation Pause)
[2025-03-23T04:43:56.829+0000][gc,task     ] GC(137) Using 2 workers of 2 for evacuation
[2025-03-23T04:43:56.836+0000][gc,phases   ] GC(137)   Pre Evacuate Collection Set: 0.1ms
[2025-03-23T04:43:56.836+0000][gc,phases   ] GC(137)   Merge Heap Roots: 0.1ms
[2025-03-23T04:43:56.836+0000][gc,phases   ] GC(137)   Evacuate Collection Set: 5.3ms
[2025-03-23T04:43:56.836+0000][gc,phases   ] GC(137)   Post Evacuate Collection Set: 0.9ms
[2025-03-23T04:43:56.836+0000][gc,phases   ] GC(137)   Other: 0.1ms
[2025-03-23T04:43:56.836+0000][gc,heap     ] GC(137) Eden regions: 49->0(49)
[2025-03-23T04:43:56.836+0000][gc,heap     ] GC(137) Survivor regions: 2->2(7)
[2025-03-23T04:43:56.836+0000][gc,heap     ] GC(137) Old regions: 177->177
[2025-03-23T04:43:56.836+0000][gc,heap     ] GC(137) Archive regions: 2->2
[2025-03-23T04:43:56.836+0000][gc,heap     ] GC(137) Humongous regions: 148->148
[2025-03-23T04:43:56.836+0000][gc,metaspace] GC(137) Metaspace: 48238K(49152K)->48238K(49152K) NonClass: 42670K(43136K)->42670K(43136K) Class: 5568K(6016K)->5568K(6016K)
[2025-03-23T04:43:56.836+0000][gc          ] GC(137) Pause Young (Normal) (G1 Evacuation Pause) 376M->327M(1024M) 6.818ms
[2025-03-23T04:43:56.836+0000][gc,cpu      ] GC(137) User=0.01s Sys=0.00s Real=0.01s
[2025-03-23T04:45:45.079+0000][gc,start    ] GC(138) Pause Young (Normal) (G1 Evacuation Pause)
[2025-03-23T04:45:45.079+0000][gc,task     ] GC(138) Using 2 workers of 2 for evacuation
[2025-03-23T04:45:45.084+0000][gc,phases   ] GC(138)   Pre Evacuate Collection Set: 0.2ms
[2025-03-23T04:45:45.084+0000][gc,phases   ] GC(138)   Merge Heap Roots: 0.1ms
[2025-03-23T04:45:45.084+0000][gc,phases   ] GC(138)   Evacuate Collection Set: 3.3ms
[2025-03-23T04:45:45.084+0000][gc,phases   ] GC(138)   Post Evacuate Collection Set: 0.6ms
[2025-03-23T04:45:45.084+0000][gc,phases   ] GC(138)   Other: 0.3ms
[2025-03-23T04:45:45.084+0000][gc,heap     ] GC(138) Eden regions: 49->0(113)
[2025-03-23T04:45:45.084+0000][gc,heap     ] GC(138) Survivor regions: 2->2(7)
[2025-03-23T04:45:45.084+0000][gc,heap     ] GC(138) Old regions: 177->177
[2025-03-23T04:45:45.084+0000][gc,heap     ] GC(138) Archive regions: 2->2
[2025-03-23T04:45:45.084+0000][gc,heap     ] GC(138) Humongous regions: 148->148
[2025-03-23T04:45:45.084+0000][gc,metaspace] GC(138) Metaspace: 48238K(49152K)->48238K(49152K) NonClass: 42670K(43136K)->42670K(43136K) Class: 5568K(6016K)->5568K(6016K)
[2025-03-23T04:45:45.084+0000][gc          ] GC(138) Pause Young (Normal) (G1 Evacuation Pause) 376M->327M(1024M) 4.627ms
[2025-03-23T04:45:45.084+0000][gc,cpu      ] GC(138) User=0.01s Sys=0.00s Real=0.01s
[2025-03-23T04:49:56.102+0000][gc,start    ] GC(139) Pause Young (Normal) (G1 Evacuation Pause)
[2025-03-23T04:49:56.103+0000][gc,task     ] GC(139) Using 2 workers of 2 for evacuation
[2025-03-23T04:49:56.122+0000][gc,phases   ] GC(139)   Pre Evacuate Collection Set: 0.2ms
[2025-03-23T04:49:56.122+0000][gc,phases   ] GC(139)   Merge Heap Roots: 0.1ms
[2025-03-23T04:49:56.122+0000][gc,phases   ] GC(139)   Evacuate Collection Set: 17.9ms
[2025-03-23T04:49:56.122+0000][gc,phases   ] GC(139)   Post Evacuate Collection Set: 0.8ms
[2025-03-23T04:49:56.122+0000][gc,phases   ] GC(139)   Other: 0.6ms
[2025-03-23T04:49:56.122+0000][gc,heap     ] GC(139) Eden regions: 113->0(75)
[2025-03-23T04:49:56.122+0000][gc,heap     ] GC(139) Survivor regions: 2->2(15)
[2025-03-23T04:49:56.122+0000][gc,heap     ] GC(139) Old regions: 177->177
[2025-03-23T04:49:56.122+0000][gc,heap     ] GC(139) Archive regions: 2->2
[2025-03-23T04:49:56.122+0000][gc,heap     ] GC(139) Humongous regions: 148->148
[2025-03-23T04:49:56.122+0000][gc,metaspace] GC(139) Metaspace: 48238K(49152K)->48238K(49152K) NonClass: 42670K(43136K)->42670K(43136K) Class: 5568K(6016K)->5568K(6016K)
[2025-03-23T04:49:56.122+0000][gc          ] GC(139) Pause Young (Normal) (G1 Evacuation Pause) 440M->327M(1024M) 19.584ms
[2025-03-23T04:49:56.122+0000][gc,cpu      ] GC(139) User=0.01s Sys=0.01s Real=0.02s
[2025-03-23T04:52:42.152+0000][gc,start    ] GC(140) Pause Young (Normal) (G1 Evacuation Pause)
[2025-03-23T04:52:42.153+0000][gc,task     ] GC(140) Using 2 workers of 2 for evacuation
[2025-03-23T04:52:42.157+0000][gc,phases   ] GC(140)   Pre Evacuate Collection Set: 0.2ms
[2025-03-23T04:52:42.157+0000][gc,phases   ] GC(140)   Merge Heap Roots: 0.1ms
[2025-03-23T04:52:42.157+0000][gc,phases   ] GC(140)   Evacuate Collection Set: 3.5ms
[2025-03-23T04:52:42.157+0000][gc,phases   ] GC(140)   Post Evacuate Collection Set: 0.5ms
[2025-03-23T04:52:42.157+0000][gc,phases   ] GC(140)   Other: 0.5ms
[2025-03-23T04:52:42.157+0000][gc,heap     ] GC(140) Eden regions: 75->0(145)
[2025-03-23T04:52:42.157+0000][gc,heap     ] GC(140) Survivor regions: 2->2(10)
[2025-03-23T04:52:42.157+0000][gc,heap     ] GC(140) Old regions: 177->177
[2025-03-23T04:52:42.157+0000][gc,heap     ] GC(140) Archive regions: 2->2
[2025-03-23T04:52:42.157+0000][gc,heap     ] GC(140) Humongous regions: 148->148
[2025-03-23T04:52:42.157+0000][gc,metaspace] GC(140) Metaspace: 48238K(49152K)->48238K(49152K) NonClass: 42670K(43136K)->42670K(43136K) Class: 5568K(6016K)->5568K(6016K)
[2025-03-23T04:52:42.157+0000][gc          ] GC(140) Pause Young (Normal) (G1 Evacuation Pause) 402M->327M(1024M) 4.871ms
[2025-03-23T04:52:42.157+0000][gc,cpu      ] GC(140) User=0.01s Sys=0.00s Real=0.00s
[2025-03-23T04:58:06.083+0000][gc,start    ] GC(141) Pause Young (Normal) (G1 Evacuation Pause)
[2025-03-23T04:58:06.084+0000][gc,task     ] GC(141) Using 2 workers of 2 for evacuation
[2025-03-23T04:58:06.103+0000][gc,phases   ] GC(141)   Pre Evacuate Collection Set: 0.2ms
[2025-03-23T04:58:06.103+0000][gc,phases   ] GC(141)   Merge Heap Roots: 0.8ms
[2025-03-23T04:58:06.103+0000][gc,phases   ] GC(141)   Evacuate Collection Set: 17.1ms
[2025-03-23T04:58:06.103+0000][gc,phases   ] GC(141)   Post Evacuate Collection Set: 0.7ms
[2025-03-23T04:58:06.103+0000][gc,phases   ] GC(141)   Other: 0.5ms
[2025-03-23T04:58:06.103+0000][gc,heap     ] GC(141) Eden regions: 145->0(98)
[2025-03-23T04:58:06.103+0000][gc,heap     ] GC(141) Survivor regions: 2->2(19)
[2025-03-23T04:58:06.103+0000][gc,heap     ] GC(141) Old regions: 177->177
[2025-03-23T04:58:06.103+0000][gc,heap     ] GC(141) Archive regions: 2->2
[2025-03-23T04:58:06.103+0000][gc,heap     ] GC(141) Humongous regions: 148->148
[2025-03-23T04:58:06.103+0000][gc,metaspace] GC(141) Metaspace: 48238K(49152K)->48238K(49152K) NonClass: 42670K(43136K)->42670K(43136K) Class: 5568K(6016K)->5568K(6016K)
[2025-03-23T04:58:06.103+0000][gc          ] GC(141) Pause Young (Normal) (G1 Evacuation Pause) 472M->327M(1024M) 19.417ms
[2025-03-23T04:58:06.103+0000][gc,cpu      ] GC(141) User=0.01s Sys=0.00s Real=0.02s
[2025-03-23T05:01:44.014+0000][gc,start    ] GC(142) Pause Young (Normal) (G1 Evacuation Pause)
[2025-03-23T05:01:44.014+0000][gc,task     ] GC(142) Using 2 workers of 2 for evacuation
[2025-03-23T05:01:44.020+0000][gc,phases   ] GC(142)   Pre Evacuate Collection Set: 0.1ms
[2025-03-23T05:01:44.020+0000][gc,phases   ] GC(142)   Merge Heap Roots: 0.1ms
[2025-03-23T05:01:44.020+0000][gc,phases   ] GC(142)   Evacuate Collection Set: 5.4ms
[2025-03-23T05:01:44.020+0000][gc,phases   ] GC(142)   Post Evacuate Collection Set: 0.6ms
[2025-03-23T05:01:44.020+0000][gc,phases   ] GC(142)   Other: 0.2ms
[2025-03-23T05:01:44.020+0000][gc,heap     ] GC(142) Eden regions: 98->0(192)
[2025-03-23T05:01:44.020+0000][gc,heap     ] GC(142) Survivor regions: 2->2(13)
[2025-03-23T05:01:44.020+0000][gc,heap     ] GC(142) Old regions: 177->177
[2025-03-23T05:01:44.020+0000][gc,heap     ] GC(142) Archive regions: 2->2
[2025-03-23T05:01:44.020+0000][gc,heap     ] GC(142) Humongous regions: 148->148
[2025-03-23T05:01:44.020+0000][gc,metaspace] GC(142) Metaspace: 48239K(49152K)->48239K(49152K) NonClass: 42671K(43136K)->42671K(43136K) Class: 5568K(6016K)->5568K(6016K)
[2025-03-23T05:01:44.020+0000][gc          ] GC(142) Pause Young (Normal) (G1 Evacuation Pause) 425M->327M(1024M) 6.457ms
[2025-03-23T05:01:44.020+0000][gc,cpu      ] GC(142) User=0.01s Sys=0.00s Real=0.00s
[2025-03-23T05:08:52.091+0000][gc,start    ] GC(143) Pause Young (Normal) (G1 Evacuation Pause)
[2025-03-23T05:08:52.092+0000][gc,task     ] GC(143) Using 2 workers of 2 for evacuation
[2025-03-23T05:08:52.120+0000][gc,mmu      ] GC(143) MMU target violated: 21.0ms (20.0ms/21.0ms)
[2025-03-23T05:08:52.120+0000][gc,phases   ] GC(143)   Pre Evacuate Collection Set: 0.2ms
[2025-03-23T05:08:52.120+0000][gc,phases   ] GC(143)   Merge Heap Roots: 0.1ms
[2025-03-23T05:08:52.120+0000][gc,phases   ] GC(143)   Evacuate Collection Set: 19.4ms
[2025-03-23T05:08:52.120+0000][gc,phases   ] GC(143)   Post Evacuate Collection Set: 8.2ms
[2025-03-23T05:08:52.120+0000][gc,phases   ] GC(143)   Other: 0.7ms
[2025-03-23T05:08:52.120+0000][gc,heap     ] GC(143) Eden regions: 192->0(49)
[2025-03-23T05:08:52.120+0000][gc,heap     ] GC(143) Survivor regions: 2->2(25)
[2025-03-23T05:08:52.120+0000][gc,heap     ] GC(143) Old regions: 177->177
[2025-03-23T05:08:52.120+0000][gc,heap     ] GC(143) Archive regions: 2->2
[2025-03-23T05:08:52.120+0000][gc,heap     ] GC(143) Humongous regions: 148->148
[2025-03-23T05:08:52.120+0000][gc,metaspace] GC(143) Metaspace: 48239K(49152K)->48239K(49152K) NonClass: 42671K(43136K)->42671K(43136K) Class: 5568K(6016K)->5568K(6016K)
[2025-03-23T05:08:52.120+0000][gc          ] GC(143) Pause Young (Normal) (G1 Evacuation Pause) 519M->327M(1024M) 28.651ms
[2025-03-23T05:08:52.120+0000][gc,cpu      ] GC(143) User=0.00s Sys=0.00s Real=0.03s
[2025-03-23T05:10:40.455+0000][gc,start    ] GC(144) Pause Young (Normal) (G1 Evacuation Pause)
[2025-03-23T05:10:40.456+0000][gc,task     ] GC(144) Using 2 workers of 2 for evacuation
[2025-03-23T05:10:40.481+0000][gc,mmu      ] GC(144) MMU target violated: 21.0ms (20.0ms/21.0ms)
[2025-03-23T05:10:40.481+0000][gc,phases   ] GC(144)   Pre Evacuate Collection Set: 7.6ms
[2025-03-23T05:10:40.481+0000][gc,phases   ] GC(144)   Merge Heap Roots: 0.2ms
[2025-03-23T05:10:40.481+0000][gc,phases   ] GC(144)   Evacuate Collection Set: 13.8ms
[2025-03-23T05:10:40.481+0000][gc,phases   ] GC(144)   Post Evacuate Collection Set: 2.6ms
[2025-03-23T05:10:40.481+0000][gc,phases   ] GC(144)   Other: 1.0ms
[2025-03-23T05:10:40.481+0000][gc,heap     ] GC(144) Eden regions: 49->0(49)
[2025-03-23T05:10:40.481+0000][gc,heap     ] GC(144) Survivor regions: 2->2(7)
[2025-03-23T05:10:40.481+0000][gc,heap     ] GC(144) Old regions: 177->177
[2025-03-23T05:10:40.481+0000][gc,heap     ] GC(144) Archive regions: 2->2
[2025-03-23T05:10:40.481+0000][gc,heap     ] GC(144) Humongous regions: 148->148
[2025-03-23T05:10:40.481+0000][gc,metaspace] GC(144) Metaspace: 48240K(49152K)->48240K(49152K) NonClass: 42672K(43136K)->42672K(43136K) Class: 5568K(6016K)->5568K(6016K)
[2025-03-23T05:10:40.481+0000][gc          ] GC(144) Pause Young (Normal) (G1 Evacuation Pause) 376M->327M(1024M) 25.289ms
[2025-03-23T05:10:40.481+0000][gc,cpu      ] GC(144) User=0.01s Sys=0.00s Real=0.02s
[2025-03-23T05:12:28.422+0000][gc,start    ] GC(145) Pause Young (Normal) (G1 Evacuation Pause)
[2025-03-23T05:12:28.422+0000][gc,task     ] GC(145) Using 2 workers of 2 for evacuation
[2025-03-23T05:12:28.431+0000][gc,phases   ] GC(145)   Pre Evacuate Collection Set: 0.1ms
[2025-03-23T05:12:28.431+0000][gc,phases   ] GC(145)   Merge Heap Roots: 0.1ms
[2025-03-23T05:12:28.431+0000][gc,phases   ] GC(145)   Evacuate Collection Set: 8.0ms
[2025-03-23T05:12:28.431+0000][gc,phases   ] GC(145)   Post Evacuate Collection Set: 0.5ms
[2025-03-23T05:12:28.431+0000][gc,phases   ] GC(145)   Other: 0.1ms
[2025-03-23T05:12:28.431+0000][gc,heap     ] GC(145) Eden regions: 49->0(55)
[2025-03-23T05:12:28.431+0000][gc,heap     ] GC(145) Survivor regions: 2->2(7)
[2025-03-23T05:12:28.431+0000][gc,heap     ] GC(145) Old regions: 177->177
[2025-03-23T05:12:28.431+0000][gc,heap     ] GC(145) Archive regions: 2->2
[2025-03-23T05:12:28.431+0000][gc,heap     ] GC(145) Humongous regions: 148->148
[2025-03-23T05:12:28.431+0000][gc,metaspace] GC(145) Metaspace: 48240K(49152K)->48240K(49152K) NonClass: 42672K(43136K)->42672K(43136K) Class: 5568K(6016K)->5568K(6016K)
[2025-03-23T05:12:28.431+0000][gc          ] GC(145) Pause Young (Normal) (G1 Evacuation Pause) 376M->327M(1024M) 8.880ms
[2025-03-23T05:12:28.431+0000][gc,cpu      ] GC(145) User=0.01s Sys=0.01s Real=0.01s
[2025-03-23T05:14:29.480+0000][gc,start    ] GC(146) Pause Young (Normal) (G1 Evacuation Pause)
[2025-03-23T05:14:29.480+0000][gc,task     ] GC(146) Using 2 workers of 2 for evacuation
[2025-03-23T05:14:29.512+0000][gc,mmu      ] GC(146) MMU target violated: 21.0ms (20.0ms/21.0ms)
[2025-03-23T05:14:29.512+0000][gc,phases   ] GC(146)   Pre Evacuate Collection Set: 0.2ms
[2025-03-23T05:14:29.512+0000][gc,phases   ] GC(146)   Merge Heap Roots: 0.1ms
[2025-03-23T05:14:29.512+0000][gc,phases   ] GC(146)   Evacuate Collection Set: 30.8ms
[2025-03-23T05:14:29.512+0000][gc,phases   ] GC(146)   Post Evacuate Collection Set: 0.6ms
[2025-03-23T05:14:29.512+0000][gc,phases   ] GC(146)   Other: 0.4ms
[2025-03-23T05:14:29.512+0000][gc,heap     ] GC(146) Eden regions: 55->0(49)
[2025-03-23T05:14:29.512+0000][gc,heap     ] GC(146) Survivor regions: 2->2(8)
[2025-03-23T05:14:29.512+0000][gc,heap     ] GC(146) Old regions: 177->177
[2025-03-23T05:14:29.512+0000][gc,heap     ] GC(146) Archive regions: 2->2
[2025-03-23T05:14:29.512+0000][gc,heap     ] GC(146) Humongous regions: 148->148
[2025-03-23T05:14:29.512+0000][gc,metaspace] GC(146) Metaspace: 48240K(49152K)->48240K(49152K) NonClass: 42672K(43136K)->42672K(43136K) Class: 5568K(6016K)->5568K(6016K)
[2025-03-23T05:14:29.512+0000][gc          ] GC(146) Pause Young (Normal) (G1 Evacuation Pause) 382M->327M(1024M) 32.071ms
[2025-03-23T05:14:29.513+0000][gc,cpu      ] GC(146) User=0.01s Sys=0.01s Real=0.04s
[2025-03-23T05:16:17.730+0000][gc,start    ] GC(147) Pause Young (Normal) (G1 Evacuation Pause)
[2025-03-23T05:16:17.730+0000][gc,task     ] GC(147) Using 2 workers of 2 for evacuation
[2025-03-23T05:16:17.736+0000][gc,phases   ] GC(147)   Pre Evacuate Collection Set: 0.2ms
[2025-03-23T05:16:17.736+0000][gc,phases   ] GC(147)   Merge Heap Roots: 0.1ms
[2025-03-23T05:16:17.736+0000][gc,phases   ] GC(147)   Evacuate Collection Set: 4.8ms
[2025-03-23T05:16:17.736+0000][gc,phases   ] GC(147)   Post Evacuate Collection Set: 0.7ms
[2025-03-23T05:16:17.736+0000][gc,phases   ] GC(147)   Other: 0.1ms
[2025-03-23T05:16:17.736+0000][gc,heap     ] GC(147) Eden regions: 49->0(49)
[2025-03-23T05:16:17.736+0000][gc,heap     ] GC(147) Survivor regions: 2->2(7)
[2025-03-23T05:16:17.736+0000][gc,heap     ] GC(147) Old regions: 177->177
[2025-03-23T05:16:17.736+0000][gc,heap     ] GC(147) Archive regions: 2->2
[2025-03-23T05:16:17.736+0000][gc,heap     ] GC(147) Humongous regions: 148->148
[2025-03-23T05:16:17.736+0000][gc,metaspace] GC(147) Metaspace: 48240K(49152K)->48240K(49152K) NonClass: 42672K(43136K)->42672K(43136K) Class: 5568K(6016K)->5568K(6016K)
[2025-03-23T05:16:17.736+0000][gc          ] GC(147) Pause Young (Normal) (G1 Evacuation Pause) 376M->327M(1024M) 5.951ms
[2025-03-23T05:16:17.736+0000][gc,cpu      ] GC(147) User=0.01s Sys=0.01s Real=0.01s
[2025-03-23T05:17:58.823+0000][gc,start    ] GC(148) Pause Young (Normal) (G1 Evacuation Pause)
[2025-03-23T05:17:58.823+0000][gc,task     ] GC(148) Using 2 workers of 2 for evacuation
[2025-03-23T05:17:58.828+0000][gc,phases   ] GC(148)   Pre Evacuate Collection Set: 0.3ms
[2025-03-23T05:17:58.828+0000][gc,phases   ] GC(148)   Merge Heap Roots: 0.1ms
[2025-03-23T05:17:58.828+0000][gc,phases   ] GC(148)   Evacuate Collection Set: 4.2ms
[2025-03-23T05:17:58.828+0000][gc,phases   ] GC(148)   Post Evacuate Collection Set: 0.5ms
[2025-03-23T05:17:58.828+0000][gc,phases   ] GC(148)   Other: 0.2ms
[2025-03-23T05:17:58.828+0000][gc,heap     ] GC(148) Eden regions: 49->0(49)
[2025-03-23T05:17:58.828+0000][gc,heap     ] GC(148) Survivor regions: 2->2(7)
[2025-03-23T05:17:58.828+0000][gc,heap     ] GC(148) Old regions: 177->177
[2025-03-23T05:17:58.828+0000][gc,heap     ] GC(148) Archive regions: 2->2
[2025-03-23T05:17:58.828+0000][gc,heap     ] GC(148) Humongous regions: 148->148
[2025-03-23T05:17:58.828+0000][gc,metaspace] GC(148) Metaspace: 48242K(49152K)->48242K(49152K) NonClass: 42673K(43136K)->42673K(43136K) Class: 5568K(6016K)->5568K(6016K)
[2025-03-23T05:17:58.828+0000][gc          ] GC(148) Pause Young (Normal) (G1 Evacuation Pause) 376M->327M(1024M) 5.314ms
[2025-03-23T05:17:58.828+0000][gc,cpu      ] GC(148) User=0.00s Sys=0.00s Real=0.01s
[2025-03-23T05:19:46.780+0000][gc,start    ] GC(149) Pause Young (Normal) (G1 Evacuation Pause)
[2025-03-23T05:19:46.780+0000][gc,task     ] GC(149) Using 2 workers of 2 for evacuation
[2025-03-23T05:19:46.784+0000][gc,phases   ] GC(149)   Pre Evacuate Collection Set: 0.1ms
[2025-03-23T05:19:46.784+0000][gc,phases   ] GC(149)   Merge Heap Roots: 0.1ms
[2025-03-23T05:19:46.784+0000][gc,phases   ] GC(149)   Evacuate Collection Set: 3.0ms
[2025-03-23T05:19:46.784+0000][gc,phases   ] GC(149)   Post Evacuate Collection Set: 0.4ms
[2025-03-23T05:19:46.784+0000][gc,phases   ] GC(149)   Other: 0.1ms
[2025-03-23T05:19:46.784+0000][gc,heap     ] GC(149) Eden regions: 49->0(103)
[2025-03-23T05:19:46.784+0000][gc,heap     ] GC(149) Survivor regions: 2->2(7)
[2025-03-23T05:19:46.784+0000][gc,heap     ] GC(149) Old regions: 177->177
[2025-03-23T05:19:46.784+0000][gc,heap     ] GC(149) Archive regions: 2->2
[2025-03-23T05:19:46.784+0000][gc,heap     ] GC(149) Humongous regions: 148->148
[2025-03-23T05:19:46.784+0000][gc,metaspace] GC(149) Metaspace: 48242K(49152K)->48242K(49152K) NonClass: 42674K(43136K)->42674K(43136K) Class: 5568K(6016K)->5568K(6016K)
[2025-03-23T05:19:46.784+0000][gc          ] GC(149) Pause Young (Normal) (G1 Evacuation Pause) 376M->327M(1024M) 3.802ms
[2025-03-23T05:19:46.784+0000][gc,cpu      ] GC(149) User=0.00s Sys=0.00s Real=0.01s
[2025-03-23T05:23:36.250+0000][gc,start    ] GC(150) Pause Young (Normal) (G1 Evacuation Pause)
[2025-03-23T05:23:36.250+0000][gc,task     ] GC(150) Using 2 workers of 2 for evacuation
[2025-03-23T05:23:36.280+0000][gc,mmu      ] GC(150) MMU target violated: 21.0ms (20.0ms/21.0ms)
[2025-03-23T05:23:36.280+0000][gc,phases   ] GC(150)   Pre Evacuate Collection Set: 0.2ms
[2025-03-23T05:23:36.280+0000][gc,phases   ] GC(150)   Merge Heap Roots: 0.1ms
[2025-03-23T05:23:36.280+0000][gc,phases   ] GC(150)   Evacuate Collection Set: 21.7ms
[2025-03-23T05:23:36.280+0000][gc,phases   ] GC(150)   Post Evacuate Collection Set: 7.9ms
[2025-03-23T05:23:36.280+0000][gc,phases   ] GC(150)   Other: 0.2ms
[2025-03-23T05:23:36.280+0000][gc,heap     ] GC(150) Eden regions: 103->0(49)
[2025-03-23T05:23:36.280+0000][gc,heap     ] GC(150) Survivor regions: 2->2(14)
[2025-03-23T05:23:36.280+0000][gc,heap     ] GC(150) Old regions: 177->177
[2025-03-23T05:23:36.280+0000][gc,heap     ] GC(150) Archive regions: 2->2
[2025-03-23T05:23:36.280+0000][gc,heap     ] GC(150) Humongous regions: 148->148
[2025-03-23T05:23:36.280+0000][gc,metaspace] GC(150) Metaspace: 48242K(49152K)->48242K(49152K) NonClass: 42674K(43136K)->42674K(43136K) Class: 5568K(6016K)->5568K(6016K)
[2025-03-23T05:23:36.280+0000][gc          ] GC(150) Pause Young (Normal) (G1 Evacuation Pause) 430M->327M(1024M) 30.119ms
[2025-03-23T05:23:36.280+0000][gc,cpu      ] GC(150) User=0.01s Sys=0.01s Real=0.03s
[2025-03-23T05:25:24.566+0000][gc,start    ] GC(151) Pause Young (Normal) (G1 Evacuation Pause)
[2025-03-23T05:25:24.566+0000][gc,task     ] GC(151) Using 2 workers of 2 for evacuation
[2025-03-23T05:25:24.570+0000][gc,phases   ] GC(151)   Pre Evacuate Collection Set: 0.2ms
[2025-03-23T05:25:24.570+0000][gc,phases   ] GC(151)   Merge Heap Roots: 0.1ms
[2025-03-23T05:25:24.570+0000][gc,phases   ] GC(151)   Evacuate Collection Set: 2.9ms
[2025-03-23T05:25:24.570+0000][gc,phases   ] GC(151)   Post Evacuate Collection Set: 0.4ms
[2025-03-23T05:25:24.570+0000][gc,phases   ] GC(151)   Other: 0.2ms
[2025-03-23T05:25:24.570+0000][gc,heap     ] GC(151) Eden regions: 49->0(49)
[2025-03-23T05:25:24.570+0000][gc,heap     ] GC(151) Survivor regions: 2->2(7)
[2025-03-23T05:25:24.570+0000][gc,heap     ] GC(151) Old regions: 177->177
[2025-03-23T05:25:24.570+0000][gc,heap     ] GC(151) Archive regions: 2->2
[2025-03-23T05:25:24.570+0000][gc,heap     ] GC(151) Humongous regions: 148->148
[2025-03-23T05:25:24.570+0000][gc,metaspace] GC(151) Metaspace: 48242K(49152K)->48242K(49152K) NonClass: 42674K(43136K)->42674K(43136K) Class: 5568K(6016K)->5568K(6016K)
[2025-03-23T05:25:24.570+0000][gc          ] GC(151) Pause Young (Normal) (G1 Evacuation Pause) 376M->327M(1024M) 3.707ms
[2025-03-23T05:25:24.570+0000][gc,cpu      ] GC(151) User=0.01s Sys=0.01s Real=0.00s
[2025-03-23T05:27:12.542+0000][gc,start    ] GC(152) Pause Young (Normal) (G1 Evacuation Pause)
[2025-03-23T05:27:12.542+0000][gc,task     ] GC(152) Using 2 workers of 2 for evacuation
[2025-03-23T05:27:12.547+0000][gc,phases   ] GC(152)   Pre Evacuate Collection Set: 0.1ms
[2025-03-23T05:27:12.548+0000][gc,phases   ] GC(152)   Merge Heap Roots: 0.0ms
[2025-03-23T05:27:12.548+0000][gc,phases   ] GC(152)   Evacuate Collection Set: 5.0ms
[2025-03-23T05:27:12.548+0000][gc,phases   ] GC(152)   Post Evacuate Collection Set: 0.4ms
[2025-03-23T05:27:12.548+0000][gc,phases   ] GC(152)   Other: 0.1ms
[2025-03-23T05:27:12.548+0000][gc,heap     ] GC(152) Eden regions: 49->0(106)
[2025-03-23T05:27:12.548+0000][gc,heap     ] GC(152) Survivor regions: 2->2(7)
[2025-03-23T05:27:12.548+0000][gc,heap     ] GC(152) Old regions: 177->177
[2025-03-23T05:27:12.548+0000][gc,heap     ] GC(152) Archive regions: 2->2
[2025-03-23T05:27:12.548+0000][gc,heap     ] GC(152) Humongous regions: 148->148
[2025-03-23T05:27:12.548+0000][gc,metaspace] GC(152) Metaspace: 48244K(49152K)->48244K(49152K) NonClass: 42676K(43136K)->42676K(43136K) Class: 5568K(6016K)->5568K(6016K)
[2025-03-23T05:27:12.548+0000][gc          ] GC(152) Pause Young (Normal) (G1 Evacuation Pause) 376M->327M(1024M) 6.048ms
[2025-03-23T05:27:12.548+0000][gc,cpu      ] GC(152) User=0.00s Sys=0.00s Real=0.01s
[2025-03-23T05:31:07.616+0000][gc,start    ] GC(153) Pause Young (Normal) (G1 Evacuation Pause)
[2025-03-23T05:31:07.616+0000][gc,task     ] GC(153) Using 2 workers of 2 for evacuation
[2025-03-23T05:31:07.635+0000][gc,phases   ] GC(153)   Pre Evacuate Collection Set: 0.2ms
[2025-03-23T05:31:07.635+0000][gc,phases   ] GC(153)   Merge Heap Roots: 0.2ms
[2025-03-23T05:31:07.635+0000][gc,phases   ] GC(153)   Evacuate Collection Set: 17.2ms
[2025-03-23T05:31:07.635+0000][gc,phases   ] GC(153)   Post Evacuate Collection Set: 1.2ms
[2025-03-23T05:31:07.635+0000][gc,phases   ] GC(153)   Other: 0.2ms
[2025-03-23T05:31:07.635+0000][gc,heap     ] GC(153) Eden regions: 106->0(80)
[2025-03-23T05:31:07.635+0000][gc,heap     ] GC(153) Survivor regions: 2->2(14)
[2025-03-23T05:31:07.635+0000][gc,heap     ] GC(153) Old regions: 177->177
[2025-03-23T05:31:07.635+0000][gc,heap     ] GC(153) Archive regions: 2->2
[2025-03-23T05:31:07.635+0000][gc,heap     ] GC(153) Humongous regions: 148->148
[2025-03-23T05:31:07.635+0000][gc,metaspace] GC(153) Metaspace: 48244K(49152K)->48244K(49152K) NonClass: 42676K(43136K)->42676K(43136K) Class: 5568K(6016K)->5568K(6016K)
[2025-03-23T05:31:07.635+0000][gc          ] GC(153) Pause Young (Normal) (G1 Evacuation Pause) 433M->327M(1024M) 19.080ms
[2025-03-23T05:31:07.635+0000][gc,cpu      ] GC(153) User=0.01s Sys=0.01s Real=0.02s
[2025-03-23T05:34:04.926+0000][gc,start    ] GC(154) Pause Young (Normal) (G1 Evacuation Pause)
[2025-03-23T05:34:04.926+0000][gc,task     ] GC(154) Using 2 workers of 2 for evacuation
[2025-03-23T05:34:04.930+0000][gc,phases   ] GC(154)   Pre Evacuate Collection Set: 0.1ms
[2025-03-23T05:34:04.930+0000][gc,phases   ] GC(154)   Merge Heap Roots: 0.1ms
[2025-03-23T05:34:04.930+0000][gc,phases   ] GC(154)   Evacuate Collection Set: 3.3ms
[2025-03-23T05:34:04.930+0000][gc,phases   ] GC(154)   Post Evacuate Collection Set: 0.6ms
[2025-03-23T05:34:04.930+0000][gc,phases   ] GC(154)   Other: 0.2ms
[2025-03-23T05:34:04.930+0000][gc,heap     ] GC(154) Eden regions: 80->0(164)
[2025-03-23T05:34:04.930+0000][gc,heap     ] GC(154) Survivor regions: 2->2(11)
[2025-03-23T05:34:04.930+0000][gc,heap     ] GC(154) Old regions: 177->177
[2025-03-23T05:34:04.930+0000][gc,heap     ] GC(154) Archive regions: 2->2
[2025-03-23T05:34:04.930+0000][gc,heap     ] GC(154) Humongous regions: 148->148
[2025-03-23T05:34:04.930+0000][gc,metaspace] GC(154) Metaspace: 48248K(49152K)->48248K(49152K) NonClass: 42679K(43136K)->42679K(43136K) Class: 5568K(6016K)->5568K(6016K)
[2025-03-23T05:34:04.930+0000][gc          ] GC(154) Pause Young (Normal) (G1 Evacuation Pause) 407M->327M(1024M) 4.265ms
[2025-03-23T05:34:04.930+0000][gc,cpu      ] GC(154) User=0.00s Sys=0.00s Real=0.00s
[2025-03-23T05:40:10.465+0000][gc,start    ] GC(155) Pause Young (Normal) (G1 Evacuation Pause)
[2025-03-23T05:40:10.465+0000][gc,task     ] GC(155) Using 2 workers of 2 for evacuation
[2025-03-23T05:40:10.492+0000][gc,mmu      ] GC(155) MMU target violated: 21.0ms (20.0ms/21.0ms)
[2025-03-23T05:40:10.492+0000][gc,phases   ] GC(155)   Pre Evacuate Collection Set: 0.2ms
[2025-03-23T05:40:10.492+0000][gc,phases   ] GC(155)   Merge Heap Roots: 0.1ms
[2025-03-23T05:40:10.492+0000][gc,phases   ] GC(155)   Evacuate Collection Set: 19.9ms
[2025-03-23T05:40:10.492+0000][gc,phases   ] GC(155)   Post Evacuate Collection Set: 6.4ms
[2025-03-23T05:40:10.492+0000][gc,phases   ] GC(155)   Other: 0.5ms
[2025-03-23T05:40:10.492+0000][gc,heap     ] GC(155) Eden regions: 164->0(50)
[2025-03-23T05:40:10.492+0000][gc,heap     ] GC(155) Survivor regions: 2->2(21)
[2025-03-23T05:40:10.492+0000][gc,heap     ] GC(155) Old regions: 177->177
[2025-03-23T05:40:10.492+0000][gc,heap     ] GC(155) Archive regions: 2->2
[2025-03-23T05:40:10.492+0000][gc,heap     ] GC(155) Humongous regions: 148->148
[2025-03-23T05:40:10.492+0000][gc,metaspace] GC(155) Metaspace: 48248K(49152K)->48248K(49152K) NonClass: 42679K(43136K)->42679K(43136K) Class: 5568K(6016K)->5568K(6016K)
[2025-03-23T05:40:10.492+0000][gc          ] GC(155) Pause Young (Normal) (G1 Evacuation Pause) 491M->327M(1024M) 27.206ms
[2025-03-23T05:40:10.492+0000][gc,cpu      ] GC(155) User=0.01s Sys=0.01s Real=0.03s
[2025-03-23T05:42:00.849+0000][gc,start    ] GC(156) Pause Young (Normal) (G1 Evacuation Pause)
[2025-03-23T05:42:00.849+0000][gc,task     ] GC(156) Using 2 workers of 2 for evacuation
[2025-03-23T05:42:00.854+0000][gc,phases   ] GC(156)   Pre Evacuate Collection Set: 0.2ms
[2025-03-23T05:42:00.854+0000][gc,phases   ] GC(156)   Merge Heap Roots: 0.1ms
[2025-03-23T05:42:00.854+0000][gc,phases   ] GC(156)   Evacuate Collection Set: 4.1ms
[2025-03-23T05:42:00.854+0000][gc,phases   ] GC(156)   Post Evacuate Collection Set: 0.6ms
[2025-03-23T05:42:00.854+0000][gc,phases   ] GC(156)   Other: 0.2ms
[2025-03-23T05:42:00.854+0000][gc,heap     ] GC(156) Eden regions: 50->0(97)
[2025-03-23T05:42:00.854+0000][gc,heap     ] GC(156) Survivor regions: 2->2(7)
[2025-03-23T05:42:00.854+0000][gc,heap     ] GC(156) Old regions: 177->177
[2025-03-23T05:42:00.854+0000][gc,heap     ] GC(156) Archive regions: 2->2
[2025-03-23T05:42:00.854+0000][gc,heap     ] GC(156) Humongous regions: 148->148
[2025-03-23T05:42:00.854+0000][gc,metaspace] GC(156) Metaspace: 48248K(49152K)->48248K(49152K) NonClass: 42680K(43136K)->42680K(43136K) Class: 5568K(6016K)->5568K(6016K)
[2025-03-23T05:42:00.854+0000][gc          ] GC(156) Pause Young (Normal) (G1 Evacuation Pause) 377M->327M(1024M) 5.237ms
[2025-03-23T05:42:00.854+0000][gc,cpu      ] GC(156) User=0.01s Sys=0.00s Real=0.01s
[2025-03-23T05:45:37.022+0000][gc,start    ] GC(157) Pause Young (Normal) (G1 Evacuation Pause)
[2025-03-23T05:45:37.022+0000][gc,task     ] GC(157) Using 2 workers of 2 for evacuation
[2025-03-23T05:45:37.027+0000][gc,phases   ] GC(157)   Pre Evacuate Collection Set: 0.2ms
[2025-03-23T05:45:37.027+0000][gc,phases   ] GC(157)   Merge Heap Roots: 0.1ms
[2025-03-23T05:45:37.027+0000][gc,phases   ] GC(157)   Evacuate Collection Set: 3.6ms
[2025-03-23T05:45:37.027+0000][gc,phases   ] GC(157)   Post Evacuate Collection Set: 0.6ms
[2025-03-23T05:45:37.027+0000][gc,phases   ] GC(157)   Other: 0.6ms
[2025-03-23T05:45:37.027+0000][gc,heap     ] GC(157) Eden regions: 97->0(165)
[2025-03-23T05:45:37.027+0000][gc,heap     ] GC(157) Survivor regions: 2->2(13)
[2025-03-23T05:45:37.027+0000][gc,heap     ] GC(157) Old regions: 177->177
[2025-03-23T05:45:37.027+0000][gc,heap     ] GC(157) Archive regions: 2->2
[2025-03-23T05:45:37.027+0000][gc,heap     ] GC(157) Humongous regions: 148->148
[2025-03-23T05:45:37.027+0000][gc,metaspace] GC(157) Metaspace: 48248K(49152K)->48248K(49152K) NonClass: 42680K(43136K)->42680K(43136K) Class: 5568K(6016K)->5568K(6016K)
[2025-03-23T05:45:37.027+0000][gc          ] GC(157) Pause Young (Normal) (G1 Evacuation Pause) 424M->327M(1024M) 5.217ms
[2025-03-23T05:45:37.027+0000][gc,cpu      ] GC(157) User=0.00s Sys=0.00s Real=0.01s
[2025-03-23T05:51:45.035+0000][gc,start    ] GC(158) Pause Young (Normal) (G1 Evacuation Pause)
[2025-03-23T05:51:45.035+0000][gc,task     ] GC(158) Using 2 workers of 2 for evacuation
[2025-03-23T05:51:45.048+0000][gc,phases   ] GC(158)   Pre Evacuate Collection Set: 0.2ms
[2025-03-23T05:51:45.048+0000][gc,phases   ] GC(158)   Merge Heap Roots: 0.1ms
[2025-03-23T05:51:45.048+0000][gc,phases   ] GC(158)   Evacuate Collection Set: 12.3ms
[2025-03-23T05:51:45.048+0000][gc,phases   ] GC(158)   Post Evacuate Collection Set: 0.5ms
[2025-03-23T05:51:45.048+0000][gc,phases   ] GC(158)   Other: 0.5ms
[2025-03-23T05:51:45.048+0000][gc,heap     ] GC(158) Eden regions: 165->0(165)
[2025-03-23T05:51:45.048+0000][gc,heap     ] GC(158) Survivor regions: 2->2(21)
[2025-03-23T05:51:45.048+0000][gc,heap     ] GC(158) Old regions: 177->177
[2025-03-23T05:51:45.048+0000][gc,heap     ] GC(158) Archive regions: 2->2
[2025-03-23T05:51:45.048+0000][gc,heap     ] GC(158) Humongous regions: 148->148
[2025-03-23T05:51:45.048+0000][gc,metaspace] GC(158) Metaspace: 48249K(49152K)->48249K(49152K) NonClass: 42681K(43136K)->42681K(43136K) Class: 5568K(6016K)->5568K(6016K)
[2025-03-23T05:51:45.048+0000][gc          ] GC(158) Pause Young (Normal) (G1 Evacuation Pause) 492M->327M(1024M) 13.595ms
[2025-03-23T05:51:45.048+0000][gc,cpu      ] GC(158) User=0.01s Sys=0.00s Real=0.01s
[2025-03-23T05:57:54.105+0000][gc,start    ] GC(159) Pause Young (Normal) (G1 Evacuation Pause)
[2025-03-23T05:57:54.105+0000][gc,task     ] GC(159) Using 2 workers of 2 for evacuation
[2025-03-23T05:57:54.114+0000][gc,phases   ] GC(159)   Pre Evacuate Collection Set: 0.3ms
[2025-03-23T05:57:54.114+0000][gc,phases   ] GC(159)   Merge Heap Roots: 0.1ms
[2025-03-23T05:57:54.114+0000][gc,phases   ] GC(159)   Evacuate Collection Set: 7.0ms
[2025-03-23T05:57:54.114+0000][gc,phases   ] GC(159)   Post Evacuate Collection Set: 0.8ms
[2025-03-23T05:57:54.114+0000][gc,phases   ] GC(159)   Other: 0.6ms
[2025-03-23T05:57:54.114+0000][gc,heap     ] GC(159) Eden regions: 165->0(250)
[2025-03-23T05:57:54.114+0000][gc,heap     ] GC(159) Survivor regions: 2->2(21)
[2025-03-23T05:57:54.114+0000][gc,heap     ] GC(159) Old regions: 177->177
[2025-03-23T05:57:54.114+0000][gc,heap     ] GC(159) Archive regions: 2->2
[2025-03-23T05:57:54.114+0000][gc,heap     ] GC(159) Humongous regions: 148->148
[2025-03-23T05:57:54.114+0000][gc,metaspace] GC(159) Metaspace: 48249K(49152K)->48249K(49152K) NonClass: 42681K(43136K)->42681K(43136K) Class: 5568K(6016K)->5568K(6016K)
[2025-03-23T05:57:54.114+0000][gc          ] GC(159) Pause Young (Normal) (G1 Evacuation Pause) 492M->327M(1024M) 8.874ms
[2025-03-23T05:57:54.114+0000][gc,cpu      ] GC(159) User=0.01s Sys=0.00s Real=0.01s
[2025-03-23T06:07:14.206+0000][gc,start    ] GC(160) Pause Young (Normal) (G1 Evacuation Pause)
[2025-03-23T06:07:14.206+0000][gc,task     ] GC(160) Using 2 workers of 2 for evacuation
[2025-03-23T06:07:14.260+0000][gc,mmu      ] GC(160) MMU target violated: 21.0ms (20.0ms/21.0ms)
[2025-03-23T06:07:14.260+0000][gc,phases   ] GC(160)   Pre Evacuate Collection Set: 8.6ms
[2025-03-23T06:07:14.260+0000][gc,phases   ] GC(160)   Merge Heap Roots: 0.6ms
[2025-03-23T06:07:14.260+0000][gc,phases   ] GC(160)   Evacuate Collection Set: 38.2ms
[2025-03-23T06:07:14.260+0000][gc,phases   ] GC(160)   Post Evacuate Collection Set: 5.0ms
[2025-03-23T06:07:14.260+0000][gc,phases   ] GC(160)   Other: 1.7ms
[2025-03-23T06:07:14.260+0000][gc,heap     ] GC(160) Eden regions: 250->0(49)
[2025-03-23T06:07:14.260+0000][gc,heap     ] GC(160) Survivor regions: 2->2(32)
[2025-03-23T06:07:14.260+0000][gc,heap     ] GC(160) Old regions: 177->177
[2025-03-23T06:07:14.260+0000][gc,heap     ] GC(160) Archive regions: 2->2
[2025-03-23T06:07:14.260+0000][gc,heap     ] GC(160) Humongous regions: 148->148
[2025-03-23T06:07:14.260+0000][gc,metaspace] GC(160) Metaspace: 48250K(49152K)->48250K(49152K) NonClass: 42681K(43136K)->42681K(43136K) Class: 5568K(6016K)->5568K(6016K)
[2025-03-23T06:07:14.260+0000][gc          ] GC(160) Pause Young (Normal) (G1 Evacuation Pause) 577M->327M(1024M) 53.777ms
[2025-03-23T06:07:14.260+0000][gc,cpu      ] GC(160) User=0.01s Sys=0.02s Real=0.05s
[2025-03-23T06:09:02.583+0000][gc,start    ] GC(161) Pause Young (Normal) (G1 Evacuation Pause)
[2025-03-23T06:09:02.584+0000][gc,task     ] GC(161) Using 2 workers of 2 for evacuation
[2025-03-23T06:09:02.594+0000][gc,phases   ] GC(161)   Pre Evacuate Collection Set: 0.2ms
[2025-03-23T06:09:02.594+0000][gc,phases   ] GC(161)   Merge Heap Roots: 0.1ms
[2025-03-23T06:09:02.594+0000][gc,phases   ] GC(161)   Evacuate Collection Set: 9.1ms
[2025-03-23T06:09:02.594+0000][gc,phases   ] GC(161)   Post Evacuate Collection Set: 0.6ms
[2025-03-23T06:09:02.594+0000][gc,phases   ] GC(161)   Other: 0.4ms
[2025-03-23T06:09:02.594+0000][gc,heap     ] GC(161) Eden regions: 49->0(49)
[2025-03-23T06:09:02.594+0000][gc,heap     ] GC(161) Survivor regions: 2->2(7)
[2025-03-23T06:09:02.594+0000][gc,heap     ] GC(161) Old regions: 177->177
[2025-03-23T06:09:02.594+0000][gc,heap     ] GC(161) Archive regions: 2->2
[2025-03-23T06:09:02.594+0000][gc,heap     ] GC(161) Humongous regions: 148->148
[2025-03-23T06:09:02.594+0000][gc,metaspace] GC(161) Metaspace: 48250K(49152K)->48250K(49152K) NonClass: 42681K(43136K)->42681K(43136K) Class: 5568K(6016K)->5568K(6016K)
[2025-03-23T06:09:02.594+0000][gc          ] GC(161) Pause Young (Normal) (G1 Evacuation Pause) 376M->327M(1024M) 10.498ms
[2025-03-23T06:09:02.594+0000][gc,cpu      ] GC(161) User=0.01s Sys=0.00s Real=0.02s
[2025-03-23T06:10:50.680+0000][gc,start    ] GC(162) Pause Young (Normal) (G1 Evacuation Pause)
[2025-03-23T06:10:50.680+0000][gc,task     ] GC(162) Using 2 workers of 2 for evacuation
[2025-03-23T06:10:50.689+0000][gc,phases   ] GC(162)   Pre Evacuate Collection Set: 0.2ms
[2025-03-23T06:10:50.689+0000][gc,phases   ] GC(162)   Merge Heap Roots: 0.1ms
[2025-03-23T06:10:50.689+0000][gc,phases   ] GC(162)   Evacuate Collection Set: 7.8ms
[2025-03-23T06:10:50.689+0000][gc,phases   ] GC(162)   Post Evacuate Collection Set: 0.6ms
[2025-03-23T06:10:50.689+0000][gc,phases   ] GC(162)   Other: 0.2ms
[2025-03-23T06:10:50.689+0000][gc,heap     ] GC(162) Eden regions: 49->0(49)
[2025-03-23T06:10:50.689+0000][gc,heap     ] GC(162) Survivor regions: 2->2(7)
[2025-03-23T06:10:50.689+0000][gc,heap     ] GC(162) Old regions: 177->177
[2025-03-23T06:10:50.689+0000][gc,heap     ] GC(162) Archive regions: 2->2
[2025-03-23T06:10:50.689+0000][gc,heap     ] GC(162) Humongous regions: 148->148
[2025-03-23T06:10:50.689+0000][gc,metaspace] GC(162) Metaspace: 48250K(49152K)->48250K(49152K) NonClass: 42681K(43136K)->42681K(43136K) Class: 5568K(6016K)->5568K(6016K)
[2025-03-23T06:10:50.689+0000][gc          ] GC(162) Pause Young (Normal) (G1 Evacuation Pause) 376M->327M(1024M) 8.922ms
[2025-03-23T06:10:50.689+0000][gc,cpu      ] GC(162) User=0.01s Sys=0.00s Real=0.01s
[2025-03-23T06:12:38.776+0000][gc,start    ] GC(163) Pause Young (Normal) (G1 Evacuation Pause)
[2025-03-23T06:12:38.777+0000][gc,task     ] GC(163) Using 2 workers of 2 for evacuation
[2025-03-23T06:12:38.784+0000][gc,phases   ] GC(163)   Pre Evacuate Collection Set: 0.1ms
[2025-03-23T06:12:38.784+0000][gc,phases   ] GC(163)   Merge Heap Roots: 0.1ms
[2025-03-23T06:12:38.784+0000][gc,phases   ] GC(163)   Evacuate Collection Set: 6.5ms
[2025-03-23T06:12:38.784+0000][gc,phases   ] GC(163)   Post Evacuate Collection Set: 0.7ms
[2025-03-23T06:12:38.784+0000][gc,phases   ] GC(163)   Other: 0.5ms
[2025-03-23T06:12:38.784+0000][gc,heap     ] GC(163) Eden regions: 49->0(103)
[2025-03-23T06:12:38.784+0000][gc,heap     ] GC(163) Survivor regions: 2->2(7)
[2025-03-23T06:12:38.784+0000][gc,heap     ] GC(163) Old regions: 177->177
[2025-03-23T06:12:38.784+0000][gc,heap     ] GC(163) Archive regions: 2->2
[2025-03-23T06:12:38.784+0000][gc,heap     ] GC(163) Humongous regions: 148->148
[2025-03-23T06:12:38.784+0000][gc,metaspace] GC(163) Metaspace: 48250K(49152K)->48250K(49152K) NonClass: 42681K(43136K)->42681K(43136K) Class: 5568K(6016K)->5568K(6016K)
[2025-03-23T06:12:38.784+0000][gc          ] GC(163) Pause Young (Normal) (G1 Evacuation Pause) 376M->327M(1024M) 8.018ms
[2025-03-23T06:12:38.784+0000][gc,cpu      ] GC(163) User=0.01s Sys=0.00s Real=0.01s
[2025-03-23T06:16:27.172+0000][gc,start    ] GC(164) Pause Young (Normal) (G1 Evacuation Pause)
[2025-03-23T06:16:27.173+0000][gc,task     ] GC(164) Using 2 workers of 2 for evacuation
[2025-03-23T06:16:27.189+0000][gc,phases   ] GC(164)   Pre Evacuate Collection Set: 0.2ms
[2025-03-23T06:16:27.189+0000][gc,phases   ] GC(164)   Merge Heap Roots: 0.1ms
[2025-03-23T06:16:27.189+0000][gc,phases   ] GC(164)   Evacuate Collection Set: 15.3ms
[2025-03-23T06:16:27.189+0000][gc,phases   ] GC(164)   Post Evacuate Collection Set: 0.7ms
[2025-03-23T06:16:27.189+0000][gc,phases   ] GC(164)   Other: 0.6ms
[2025-03-23T06:16:27.189+0000][gc,heap     ] GC(164) Eden regions: 103->0(84)
[2025-03-23T06:16:27.189+0000][gc,heap     ] GC(164) Survivor regions: 2->2(14)
[2025-03-23T06:16:27.189+0000][gc,heap     ] GC(164) Old regions: 177->178
[2025-03-23T06:16:27.189+0000][gc,heap     ] GC(164) Archive regions: 2->2
[2025-03-23T06:16:27.189+0000][gc,heap     ] GC(164) Humongous regions: 148->148
[2025-03-23T06:16:27.189+0000][gc,metaspace] GC(164) Metaspace: 48250K(49152K)->48250K(49152K) NonClass: 42681K(43136K)->42681K(43136K) Class: 5568K(6016K)->5568K(6016K)
[2025-03-23T06:16:27.189+0000][gc          ] GC(164) Pause Young (Normal) (G1 Evacuation Pause) 430M->327M(1024M) 17.050ms
[2025-03-23T06:16:27.189+0000][gc,cpu      ] GC(164) User=0.01s Sys=0.00s Real=0.01s
[2025-03-23T06:19:26.143+0000][gc,start    ] GC(165) Pause Young (Normal) (G1 Evacuation Pause)
[2025-03-23T06:19:26.143+0000][gc,task     ] GC(165) Using 2 workers of 2 for evacuation
[2025-03-23T06:19:26.149+0000][gc,phases   ] GC(165)   Pre Evacuate Collection Set: 0.2ms
[2025-03-23T06:19:26.149+0000][gc,phases   ] GC(165)   Merge Heap Roots: 0.1ms
[2025-03-23T06:19:26.149+0000][gc,phases   ] GC(165)   Evacuate Collection Set: 4.7ms
[2025-03-23T06:19:26.149+0000][gc,phases   ] GC(165)   Post Evacuate Collection Set: 0.6ms
[2025-03-23T06:19:26.149+0000][gc,phases   ] GC(165)   Other: 0.1ms
[2025-03-23T06:19:26.149+0000][gc,heap     ] GC(165) Eden regions: 84->0(139)
[2025-03-23T06:19:26.149+0000][gc,heap     ] GC(165) Survivor regions: 2->2(11)
[2025-03-23T06:19:26.149+0000][gc,heap     ] GC(165) Old regions: 178->178
[2025-03-23T06:19:26.149+0000][gc,heap     ] GC(165) Archive regions: 2->2
[2025-03-23T06:19:26.149+0000][gc,heap     ] GC(165) Humongous regions: 148->148
[2025-03-23T06:19:26.149+0000][gc,metaspace] GC(165) Metaspace: 48250K(49152K)->48250K(49152K) NonClass: 42681K(43136K)->42681K(43136K) Class: 5568K(6016K)->5568K(6016K)
[2025-03-23T06:19:26.149+0000][gc          ] GC(165) Pause Young (Normal) (G1 Evacuation Pause) 411M->327M(1024M) 5.803ms
[2025-03-23T06:19:26.149+0000][gc,cpu      ] GC(165) User=0.00s Sys=0.00s Real=0.01s
[2025-03-23T06:24:35.370+0000][gc,start    ] GC(166) Pause Young (Normal) (G1 Evacuation Pause)
[2025-03-23T06:24:35.370+0000][gc,task     ] GC(166) Using 2 workers of 2 for evacuation
[2025-03-23T06:24:35.390+0000][gc,phases   ] GC(166)   Pre Evacuate Collection Set: 0.3ms
[2025-03-23T06:24:35.390+0000][gc,phases   ] GC(166)   Merge Heap Roots: 0.1ms
[2025-03-23T06:24:35.390+0000][gc,phases   ] GC(166)   Evacuate Collection Set: 18.7ms
[2025-03-23T06:24:35.390+0000][gc,phases   ] GC(166)   Post Evacuate Collection Set: 0.8ms
[2025-03-23T06:24:35.390+0000][gc,phases   ] GC(166)   Other: 0.4ms
[2025-03-23T06:24:35.390+0000][gc,heap     ] GC(166) Eden regions: 139->0(89)
[2025-03-23T06:24:35.390+0000][gc,heap     ] GC(166) Survivor regions: 2->2(18)
[2025-03-23T06:24:35.390+0000][gc,heap     ] GC(166) Old regions: 178->178
[2025-03-23T06:24:35.390+0000][gc,heap     ] GC(166) Archive regions: 2->2
[2025-03-23T06:24:35.390+0000][gc,heap     ] GC(166) Humongous regions: 148->148
[2025-03-23T06:24:35.390+0000][gc,metaspace] GC(166) Metaspace: 48250K(49152K)->48250K(49152K) NonClass: 42681K(43136K)->42681K(43136K) Class: 5568K(6016K)->5568K(6016K)
[2025-03-23T06:24:35.390+0000][gc          ] GC(166) Pause Young (Normal) (G1 Evacuation Pause) 466M->327M(1024M) 20.334ms
[2025-03-23T06:24:35.390+0000][gc,cpu      ] GC(166) User=0.01s Sys=0.01s Real=0.02s
[2025-03-23T06:27:52.188+0000][gc,start    ] GC(167) Pause Young (Normal) (G1 Evacuation Pause)
[2025-03-23T06:27:52.188+0000][gc,task     ] GC(167) Using 2 workers of 2 for evacuation
[2025-03-23T06:27:52.202+0000][gc,phases   ] GC(167)   Pre Evacuate Collection Set: 0.2ms
[2025-03-23T06:27:52.202+0000][gc,phases   ] GC(167)   Merge Heap Roots: 0.1ms
[2025-03-23T06:27:52.202+0000][gc,phases   ] GC(167)   Evacuate Collection Set: 11.8ms
[2025-03-23T06:27:52.202+0000][gc,phases   ] GC(167)   Post Evacuate Collection Set: 1.0ms
[2025-03-23T06:27:52.202+0000][gc,phases   ] GC(167)   Other: 0.7ms
[2025-03-23T06:27:52.202+0000][gc,heap     ] GC(167) Eden regions: 89->0(130)
[2025-03-23T06:27:52.202+0000][gc,heap     ] GC(167) Survivor regions: 2->2(12)
[2025-03-23T06:27:52.202+0000][gc,heap     ] GC(167) Old regions: 178->178
[2025-03-23T06:27:52.202+0000][gc,heap     ] GC(167) Archive regions: 2->2
[2025-03-23T06:27:52.202+0000][gc,heap     ] GC(167) Humongous regions: 148->148
[2025-03-23T06:27:52.202+0000][gc,metaspace] GC(167) Metaspace: 48250K(49152K)->48250K(49152K) NonClass: 42681K(43136K)->42681K(43136K) Class: 5568K(6016K)->5568K(6016K)
[2025-03-23T06:27:52.202+0000][gc          ] GC(167) Pause Young (Normal) (G1 Evacuation Pause) 416M->327M(1024M) 13.920ms
[2025-03-23T06:27:52.202+0000][gc,cpu      ] GC(167) User=0.02s Sys=0.00s Real=0.01s
[2025-03-23T06:32:41.516+0000][gc,start    ] GC(168) Pause Young (Normal) (G1 Evacuation Pause)
[2025-03-23T06:32:41.516+0000][gc,task     ] GC(168) Using 2 workers of 2 for evacuation
[2025-03-23T06:32:41.527+0000][gc,phases   ] GC(168)   Pre Evacuate Collection Set: 0.1ms
[2025-03-23T06:32:41.527+0000][gc,phases   ] GC(168)   Merge Heap Roots: 0.1ms
[2025-03-23T06:32:41.527+0000][gc,phases   ] GC(168)   Evacuate Collection Set: 9.8ms
[2025-03-23T06:32:41.527+0000][gc,phases   ] GC(168)   Post Evacuate Collection Set: 0.8ms
[2025-03-23T06:32:41.527+0000][gc,phases   ] GC(168)   Other: 0.7ms
[2025-03-23T06:32:41.527+0000][gc,heap     ] GC(168) Eden regions: 130->0(253)
[2025-03-23T06:32:41.527+0000][gc,heap     ] GC(168) Survivor regions: 2->3(17)
[2025-03-23T06:32:41.527+0000][gc,heap     ] GC(168) Old regions: 178->178
[2025-03-23T06:32:41.527+0000][gc,heap     ] GC(168) Archive regions: 2->2
[2025-03-23T06:32:41.527+0000][gc,heap     ] GC(168) Humongous regions: 148->148
[2025-03-23T06:32:41.527+0000][gc,metaspace] GC(168) Metaspace: 48250K(49152K)->48250K(49152K) NonClass: 42681K(43136K)->42681K(43136K) Class: 5568K(6016K)->5568K(6016K)
[2025-03-23T06:32:41.527+0000][gc          ] GC(168) Pause Young (Normal) (G1 Evacuation Pause) 457M->328M(1024M) 11.521ms
[2025-03-23T06:32:41.528+0000][gc,cpu      ] GC(168) User=0.01s Sys=0.00s Real=0.01s
[2025-03-23T06:42:05.884+0000][gc,start    ] GC(169) Pause Young (Normal) (G1 Evacuation Pause)
[2025-03-23T06:42:05.885+0000][gc,task     ] GC(169) Using 2 workers of 2 for evacuation
[2025-03-23T06:42:06.053+0000][gc,mmu      ] GC(169) MMU target violated: 21.0ms (20.0ms/21.0ms)
[2025-03-23T06:42:06.053+0000][gc,phases   ] GC(169)   Pre Evacuate Collection Set: 24.9ms
[2025-03-23T06:42:06.053+0000][gc,phases   ] GC(169)   Merge Heap Roots: 4.6ms
[2025-03-23T06:42:06.053+0000][gc,phases   ] GC(169)   Evacuate Collection Set: 115.8ms
[2025-03-23T06:42:06.053+0000][gc,phases   ] GC(169)   Post Evacuate Collection Set: 21.3ms
[2025-03-23T06:42:06.053+0000][gc,phases   ] GC(169)   Other: 3.1ms
[2025-03-23T06:42:06.053+0000][gc,heap     ] GC(169) Eden regions: 253->0(49)
[2025-03-23T06:42:06.053+0000][gc,heap     ] GC(169) Survivor regions: 3->2(32)
[2025-03-23T06:42:06.053+0000][gc,heap     ] GC(169) Old regions: 178->178
[2025-03-23T06:42:06.053+0000][gc,heap     ] GC(169) Archive regions: 2->2
[2025-03-23T06:42:06.053+0000][gc,heap     ] GC(169) Humongous regions: 148->148
[2025-03-23T06:42:06.053+0000][gc,metaspace] GC(169) Metaspace: 48250K(49152K)->48250K(49152K) NonClass: 42681K(43136K)->42681K(43136K) Class: 5568K(6016K)->5568K(6016K)
[2025-03-23T06:42:06.053+0000][gc          ] GC(169) Pause Young (Normal) (G1 Evacuation Pause) 581M->327M(1024M) 169.170ms
[2025-03-23T06:42:06.054+0000][gc,cpu      ] GC(169) User=0.03s Sys=0.04s Real=0.17s
[2025-03-23T06:43:54.225+0000][gc,start    ] GC(170) Pause Young (Normal) (G1 Evacuation Pause)
[2025-03-23T06:43:54.225+0000][gc,task     ] GC(170) Using 2 workers of 2 for evacuation
[2025-03-23T06:43:54.235+0000][gc,phases   ] GC(170)   Pre Evacuate Collection Set: 0.2ms
[2025-03-23T06:43:54.235+0000][gc,phases   ] GC(170)   Merge Heap Roots: 0.1ms
[2025-03-23T06:43:54.235+0000][gc,phases   ] GC(170)   Evacuate Collection Set: 8.3ms
[2025-03-23T06:43:54.235+0000][gc,phases   ] GC(170)   Post Evacuate Collection Set: 1.0ms
[2025-03-23T06:43:54.235+0000][gc,phases   ] GC(170)   Other: 0.6ms
[2025-03-23T06:43:54.235+0000][gc,heap     ] GC(170) Eden regions: 49->0(49)
[2025-03-23T06:43:54.235+0000][gc,heap     ] GC(170) Survivor regions: 2->2(7)
[2025-03-23T06:43:54.235+0000][gc,heap     ] GC(170) Old regions: 178->178
[2025-03-23T06:43:54.235+0000][gc,heap     ] GC(170) Archive regions: 2->2
[2025-03-23T06:43:54.235+0000][gc,heap     ] GC(170) Humongous regions: 148->148
[2025-03-23T06:43:54.235+0000][gc,metaspace] GC(170) Metaspace: 48250K(49152K)->48250K(49152K) NonClass: 42681K(43136K)->42681K(43136K) Class: 5568K(6016K)->5568K(6016K)
[2025-03-23T06:43:54.235+0000][gc          ] GC(170) Pause Young (Normal) (G1 Evacuation Pause) 376M->327M(1024M) 10.243ms
[2025-03-23T06:43:54.235+0000][gc,cpu      ] GC(170) User=0.01s Sys=0.00s Real=0.01s
[2025-03-23T06:45:41.820+0000][gc,start    ] GC(171) Pause Young (Normal) (G1 Evacuation Pause)
[2025-03-23T06:45:41.820+0000][gc,task     ] GC(171) Using 2 workers of 2 for evacuation
[2025-03-23T06:45:41.835+0000][gc,phases   ] GC(171)   Pre Evacuate Collection Set: 0.2ms
[2025-03-23T06:45:41.835+0000][gc,phases   ] GC(171)   Merge Heap Roots: 0.2ms
[2025-03-23T06:45:41.835+0000][gc,phases   ] GC(171)   Evacuate Collection Set: 13.4ms
[2025-03-23T06:45:41.835+0000][gc,phases   ] GC(171)   Post Evacuate Collection Set: 0.7ms
[2025-03-23T06:45:41.835+0000][gc,phases   ] GC(171)   Other: 0.4ms
[2025-03-23T06:45:41.835+0000][gc,heap     ] GC(171) Eden regions: 49->0(49)
[2025-03-23T06:45:41.835+0000][gc,heap     ] GC(171) Survivor regions: 2->2(7)
[2025-03-23T06:45:41.835+0000][gc,heap     ] GC(171) Old regions: 178->178
[2025-03-23T06:45:41.835+0000][gc,heap     ] GC(171) Archive regions: 2->2
[2025-03-23T06:45:41.835+0000][gc,heap     ] GC(171) Humongous regions: 148->148
[2025-03-23T06:45:41.835+0000][gc,metaspace] GC(171) Metaspace: 48250K(49152K)->48250K(49152K) NonClass: 42681K(43136K)->42681K(43136K) Class: 5568K(6016K)->5568K(6016K)
[2025-03-23T06:45:41.835+0000][gc          ] GC(171) Pause Young (Normal) (G1 Evacuation Pause) 376M->327M(1024M) 14.992ms
[2025-03-23T06:45:41.835+0000][gc,cpu      ] GC(171) User=0.01s Sys=0.01s Real=0.02s
[2025-03-23T06:47:29.884+0000][gc,start    ] GC(172) Pause Young (Normal) (G1 Evacuation Pause)
[2025-03-23T06:47:29.884+0000][gc,task     ] GC(172) Using 2 workers of 2 for evacuation
[2025-03-23T06:47:29.889+0000][gc,phases   ] GC(172)   Pre Evacuate Collection Set: 0.1ms
[2025-03-23T06:47:29.889+0000][gc,phases   ] GC(172)   Merge Heap Roots: 0.1ms
[2025-03-23T06:47:29.889+0000][gc,phases   ] GC(172)   Evacuate Collection Set: 4.1ms
[2025-03-23T06:47:29.889+0000][gc,phases   ] GC(172)   Post Evacuate Collection Set: 0.6ms
[2025-03-23T06:47:29.889+0000][gc,phases   ] GC(172)   Other: 0.1ms
[2025-03-23T06:47:29.889+0000][gc,heap     ] GC(172) Eden regions: 49->0(49)
[2025-03-23T06:47:29.889+0000][gc,heap     ] GC(172) Survivor regions: 2->2(7)
[2025-03-23T06:47:29.889+0000][gc,heap     ] GC(172) Old regions: 178->178
[2025-03-23T06:47:29.889+0000][gc,heap     ] GC(172) Archive regions: 2->2
[2025-03-23T06:47:29.889+0000][gc,heap     ] GC(172) Humongous regions: 148->148
[2025-03-23T06:47:29.889+0000][gc,metaspace] GC(172) Metaspace: 48250K(49152K)->48250K(49152K) NonClass: 42681K(43136K)->42681K(43136K) Class: 5568K(6016K)->5568K(6016K)
[2025-03-23T06:47:29.889+0000][gc          ] GC(172) Pause Young (Normal) (G1 Evacuation Pause) 376M->327M(1024M) 5.104ms
[2025-03-23T06:47:29.889+0000][gc,cpu      ] GC(172) User=0.01s Sys=0.00s Real=0.00s
[2025-03-23T06:49:17.962+0000][gc,start    ] GC(173) Pause Young (Normal) (G1 Evacuation Pause)
[2025-03-23T06:49:17.962+0000][gc,task     ] GC(173) Using 2 workers of 2 for evacuation
[2025-03-23T06:49:17.971+0000][gc,phases   ] GC(173)   Pre Evacuate Collection Set: 0.2ms
[2025-03-23T06:49:17.971+0000][gc,phases   ] GC(173)   Merge Heap Roots: 0.1ms
[2025-03-23T06:49:17.971+0000][gc,phases   ] GC(173)   Evacuate Collection Set: 7.7ms
[2025-03-23T06:49:17.971+0000][gc,phases   ] GC(173)   Post Evacuate Collection Set: 0.4ms
[2025-03-23T06:49:17.971+0000][gc,phases   ] GC(173)   Other: 0.1ms
[2025-03-23T06:49:17.971+0000][gc,heap     ] GC(173) Eden regions: 49->0(49)
[2025-03-23T06:49:17.971+0000][gc,heap     ] GC(173) Survivor regions: 2->2(7)
[2025-03-23T06:49:17.971+0000][gc,heap     ] GC(173) Old regions: 178->178
[2025-03-23T06:49:17.971+0000][gc,heap     ] GC(173) Archive regions: 2->2
[2025-03-23T06:49:17.971+0000][gc,heap     ] GC(173) Humongous regions: 148->148
[2025-03-23T06:49:17.971+0000][gc,metaspace] GC(173) Metaspace: 48261K(49152K)->48261K(49152K) NonClass: 42693K(43136K)->42693K(43136K) Class: 5568K(6016K)->5568K(6016K)
[2025-03-23T06:49:17.971+0000][gc          ] GC(173) Pause Young (Normal) (G1 Evacuation Pause) 376M->327M(1024M) 8.626ms
[2025-03-23T06:49:17.971+0000][gc,cpu      ] GC(173) User=0.01s Sys=0.00s Real=0.01s
[2025-03-23T06:51:06.418+0000][gc,start    ] GC(174) Pause Young (Normal) (G1 Evacuation Pause)
[2025-03-23T06:51:06.418+0000][gc,task     ] GC(174) Using 2 workers of 2 for evacuation
[2025-03-23T06:51:06.423+0000][gc,phases   ] GC(174)   Pre Evacuate Collection Set: 0.2ms
[2025-03-23T06:51:06.423+0000][gc,phases   ] GC(174)   Merge Heap Roots: 0.1ms
[2025-03-23T06:51:06.423+0000][gc,phases   ] GC(174)   Evacuate Collection Set: 4.0ms
[2025-03-23T06:51:06.423+0000][gc,phases   ] GC(174)   Post Evacuate Collection Set: 0.5ms
[2025-03-23T06:51:06.423+0000][gc,phases   ] GC(174)   Other: 0.1ms
[2025-03-23T06:51:06.423+0000][gc,heap     ] GC(174) Eden regions: 49->0(49)
[2025-03-23T06:51:06.423+0000][gc,heap     ] GC(174) Survivor regions: 2->2(7)
[2025-03-23T06:51:06.423+0000][gc,heap     ] GC(174) Old regions: 178->178
[2025-03-23T06:51:06.423+0000][gc,heap     ] GC(174) Archive regions: 2->2
[2025-03-23T06:51:06.423+0000][gc,heap     ] GC(174) Humongous regions: 148->148
[2025-03-23T06:51:06.423+0000][gc,metaspace] GC(174) Metaspace: 48279K(49216K)->48279K(49216K) NonClass: 42710K(43200K)->42710K(43200K) Class: 5568K(6016K)->5568K(6016K)
[2025-03-23T06:51:06.423+0000][gc          ] GC(174) Pause Young (Normal) (G1 Evacuation Pause) 376M->327M(1024M) 4.931ms
[2025-03-23T06:51:06.423+0000][gc,cpu      ] GC(174) User=0.00s Sys=0.00s Real=0.00s
[2025-03-23T06:52:54.804+0000][gc,start    ] GC(175) Pause Young (Normal) (G1 Evacuation Pause)
[2025-03-23T06:52:54.804+0000][gc,task     ] GC(175) Using 2 workers of 2 for evacuation
[2025-03-23T06:52:54.809+0000][gc,phases   ] GC(175)   Pre Evacuate Collection Set: 0.2ms
[2025-03-23T06:52:54.809+0000][gc,phases   ] GC(175)   Merge Heap Roots: 0.1ms
[2025-03-23T06:52:54.809+0000][gc,phases   ] GC(175)   Evacuate Collection Set: 4.5ms
[2025-03-23T06:52:54.809+0000][gc,phases   ] GC(175)   Post Evacuate Collection Set: 0.5ms
[2025-03-23T06:52:54.809+0000][gc,phases   ] GC(175)   Other: 0.2ms
[2025-03-23T06:52:54.809+0000][gc,heap     ] GC(175) Eden regions: 49->0(52)
[2025-03-23T06:52:54.809+0000][gc,heap     ] GC(175) Survivor regions: 2->2(7)
[2025-03-23T06:52:54.809+0000][gc,heap     ] GC(175) Old regions: 178->178
[2025-03-23T06:52:54.809+0000][gc,heap     ] GC(175) Archive regions: 2->2
[2025-03-23T06:52:54.809+0000][gc,heap     ] GC(175) Humongous regions: 148->148
[2025-03-23T06:52:54.809+0000][gc,metaspace] GC(175) Metaspace: 48279K(49216K)->48279K(49216K) NonClass: 42710K(43200K)->42710K(43200K) Class: 5568K(6016K)->5568K(6016K)
[2025-03-23T06:52:54.809+0000][gc          ] GC(175) Pause Young (Normal) (G1 Evacuation Pause) 376M->327M(1024M) 5.481ms
[2025-03-23T06:52:54.809+0000][gc,cpu      ] GC(175) User=0.00s Sys=0.00s Real=0.00s
[2025-03-23T06:54:48.741+0000][gc,start    ] GC(176) Pause Young (Normal) (G1 Evacuation Pause)
[2025-03-23T06:54:48.741+0000][gc,task     ] GC(176) Using 2 workers of 2 for evacuation
[2025-03-23T06:54:48.769+0000][gc,mmu      ] GC(176) MMU target violated: 21.0ms (20.0ms/21.0ms)
[2025-03-23T06:54:48.769+0000][gc,phases   ] GC(176)   Pre Evacuate Collection Set: 0.2ms
[2025-03-23T06:54:48.769+0000][gc,phases   ] GC(176)   Merge Heap Roots: 0.1ms
[2025-03-23T06:54:48.769+0000][gc,phases   ] GC(176)   Evacuate Collection Set: 26.8ms
[2025-03-23T06:54:48.769+0000][gc,phases   ] GC(176)   Post Evacuate Collection Set: 0.6ms
[2025-03-23T06:54:48.769+0000][gc,phases   ] GC(176)   Other: 0.6ms
[2025-03-23T06:54:48.769+0000][gc,heap     ] GC(176) Eden regions: 52->0(49)
[2025-03-23T06:54:48.769+0000][gc,heap     ] GC(176) Survivor regions: 2->2(7)
[2025-03-23T06:54:48.769+0000][gc,heap     ] GC(176) Old regions: 178->178
[2025-03-23T06:54:48.769+0000][gc,heap     ] GC(176) Archive regions: 2->2
[2025-03-23T06:54:48.769+0000][gc,heap     ] GC(176) Humongous regions: 148->148
[2025-03-23T06:54:48.769+0000][gc,metaspace] GC(176) Metaspace: 48279K(49216K)->48279K(49216K) NonClass: 42710K(43200K)->42710K(43200K) Class: 5568K(6016K)->5568K(6016K)
[2025-03-23T06:54:48.769+0000][gc          ] GC(176) Pause Young (Normal) (G1 Evacuation Pause) 379M->327M(1024M) 28.236ms
[2025-03-23T06:54:48.769+0000][gc,cpu      ] GC(176) User=0.01s Sys=0.01s Real=0.03s
[2025-03-23T06:56:37.200+0000][gc,start    ] GC(177) Pause Young (Normal) (G1 Evacuation Pause)
[2025-03-23T06:56:37.200+0000][gc,task     ] GC(177) Using 2 workers of 2 for evacuation
[2025-03-23T06:56:37.206+0000][gc,phases   ] GC(177)   Pre Evacuate Collection Set: 0.2ms
[2025-03-23T06:56:37.206+0000][gc,phases   ] GC(177)   Merge Heap Roots: 0.1ms
[2025-03-23T06:56:37.206+0000][gc,phases   ] GC(177)   Evacuate Collection Set: 5.1ms
[2025-03-23T06:56:37.206+0000][gc,phases   ] GC(177)   Post Evacuate Collection Set: 0.7ms
[2025-03-23T06:56:37.206+0000][gc,phases   ] GC(177)   Other: 0.2ms
[2025-03-23T06:56:37.206+0000][gc,heap     ] GC(177) Eden regions: 49->0(49)
[2025-03-23T06:56:37.206+0000][gc,heap     ] GC(177) Survivor regions: 2->2(7)
[2025-03-23T06:56:37.206+0000][gc,heap     ] GC(177) Old regions: 178->178
[2025-03-23T06:56:37.206+0000][gc,heap     ] GC(177) Archive regions: 2->2
[2025-03-23T06:56:37.206+0000][gc,heap     ] GC(177) Humongous regions: 148->148
[2025-03-23T06:56:37.206+0000][gc,metaspace] GC(177) Metaspace: 48279K(49216K)->48279K(49216K) NonClass: 42710K(43200K)->42710K(43200K) Class: 5568K(6016K)->5568K(6016K)
[2025-03-23T06:56:37.206+0000][gc          ] GC(177) Pause Young (Normal) (G1 Evacuation Pause) 376M->328M(1024M) 6.376ms
[2025-03-23T06:56:37.206+0000][gc,cpu      ] GC(177) User=0.01s Sys=0.00s Real=0.01s
[2025-03-23T06:58:25.380+0000][gc,start    ] GC(178) Pause Young (Normal) (G1 Evacuation Pause)
[2025-03-23T06:58:25.380+0000][gc,task     ] GC(178) Using 2 workers of 2 for evacuation
[2025-03-23T06:58:25.385+0000][gc,phases   ] GC(178)   Pre Evacuate Collection Set: 0.2ms
[2025-03-23T06:58:25.385+0000][gc,phases   ] GC(178)   Merge Heap Roots: 0.1ms
[2025-03-23T06:58:25.385+0000][gc,phases   ] GC(178)   Evacuate Collection Set: 3.8ms
[2025-03-23T06:58:25.385+0000][gc,phases   ] GC(178)   Post Evacuate Collection Set: 0.7ms
[2025-03-23T06:58:25.385+0000][gc,phases   ] GC(178)   Other: 0.2ms
[2025-03-23T06:58:25.385+0000][gc,heap     ] GC(178) Eden regions: 49->0(90)
[2025-03-23T06:58:25.385+0000][gc,heap     ] GC(178) Survivor regions: 2->2(7)
[2025-03-23T06:58:25.385+0000][gc,heap     ] GC(178) Old regions: 178->178
[2025-03-23T06:58:25.385+0000][gc,heap     ] GC(178) Archive regions: 2->2
[2025-03-23T06:58:25.385+0000][gc,heap     ] GC(178) Humongous regions: 148->148
[2025-03-23T06:58:25.385+0000][gc,metaspace] GC(178) Metaspace: 48279K(49216K)->48279K(49216K) NonClass: 42710K(43200K)->42710K(43200K) Class: 5568K(6016K)->5568K(6016K)
[2025-03-23T06:58:25.385+0000][gc          ] GC(178) Pause Young (Normal) (G1 Evacuation Pause) 377M->328M(1024M) 4.921ms
[2025-03-23T06:58:25.385+0000][gc,cpu      ] GC(178) User=0.00s Sys=0.00s Real=0.01s
[2025-03-23T07:01:44.963+0000][gc,start    ] GC(179) Pause Young (Normal) (G1 Evacuation Pause)
[2025-03-23T07:01:44.963+0000][gc,task     ] GC(179) Using 2 workers of 2 for evacuation
[2025-03-23T07:01:44.975+0000][gc,phases   ] GC(179)   Pre Evacuate Collection Set: 0.2ms
[2025-03-23T07:01:44.975+0000][gc,phases   ] GC(179)   Merge Heap Roots: 0.1ms
[2025-03-23T07:01:44.976+0000][gc,phases   ] GC(179)   Evacuate Collection Set: 11.1ms
[2025-03-23T07:01:44.976+0000][gc,phases   ] GC(179)   Post Evacuate Collection Set: 0.7ms
[2025-03-23T07:01:44.976+0000][gc,phases   ] GC(179)   Other: 0.4ms
[2025-03-23T07:01:44.976+0000][gc,heap     ] GC(179) Eden regions: 90->0(107)
[2025-03-23T07:01:44.976+0000][gc,heap     ] GC(179) Survivor regions: 2->2(12)
[2025-03-23T07:01:44.976+0000][gc,heap     ] GC(179) Old regions: 178->178
[2025-03-23T07:01:44.976+0000][gc,heap     ] GC(179) Archive regions: 2->2
[2025-03-23T07:01:44.976+0000][gc,heap     ] GC(179) Humongous regions: 148->148
[2025-03-23T07:01:44.976+0000][gc,metaspace] GC(179) Metaspace: 48279K(49216K)->48279K(49216K) NonClass: 42710K(43200K)->42710K(43200K) Class: 5568K(6016K)->5568K(6016K)
[2025-03-23T07:01:44.976+0000][gc          ] GC(179) Pause Young (Normal) (G1 Evacuation Pause) 418M->328M(1024M) 12.636ms
[2025-03-23T07:01:44.976+0000][gc,cpu      ] GC(179) User=0.01s Sys=0.01s Real=0.02s
[2025-03-23T07:05:41.872+0000][gc,start    ] GC(180) Pause Young (Normal) (G1 Evacuation Pause)
[2025-03-23T07:05:41.872+0000][gc,task     ] GC(180) Using 2 workers of 2 for evacuation
[2025-03-23T07:05:41.886+0000][gc,phases   ] GC(180)   Pre Evacuate Collection Set: 0.2ms
[2025-03-23T07:05:41.886+0000][gc,phases   ] GC(180)   Merge Heap Roots: 0.1ms
[2025-03-23T07:05:41.886+0000][gc,phases   ] GC(180)   Evacuate Collection Set: 12.3ms
[2025-03-23T07:05:41.886+0000][gc,phases   ] GC(180)   Post Evacuate Collection Set: 0.8ms
[2025-03-23T07:05:41.886+0000][gc,phases   ] GC(180)   Other: 0.2ms
[2025-03-23T07:05:41.886+0000][gc,heap     ] GC(180) Eden regions: 107->0(116)
[2025-03-23T07:05:41.886+0000][gc,heap     ] GC(180) Survivor regions: 2->2(14)
[2025-03-23T07:05:41.886+0000][gc,heap     ] GC(180) Old regions: 178->178
[2025-03-23T07:05:41.886+0000][gc,heap     ] GC(180) Archive regions: 2->2
[2025-03-23T07:05:41.886+0000][gc,heap     ] GC(180) Humongous regions: 148->148
[2025-03-23T07:05:41.886+0000][gc,metaspace] GC(180) Metaspace: 48279K(49216K)->48279K(49216K) NonClass: 42710K(43200K)->42710K(43200K) Class: 5568K(6016K)->5568K(6016K)
[2025-03-23T07:05:41.886+0000][gc          ] GC(180) Pause Young (Normal) (G1 Evacuation Pause) 435M->328M(1024M) 13.771ms
[2025-03-23T07:05:41.886+0000][gc,cpu      ] GC(180) User=0.01s Sys=0.00s Real=0.01s
[2025-03-23T07:09:59.120+0000][gc,start    ] GC(181) Pause Young (Normal) (G1 Evacuation Pause)
[2025-03-23T07:09:59.121+0000][gc,task     ] GC(181) Using 2 workers of 2 for evacuation
[2025-03-23T07:09:59.140+0000][gc,phases   ] GC(181)   Pre Evacuate Collection Set: 0.5ms
[2025-03-23T07:09:59.140+0000][gc,phases   ] GC(181)   Merge Heap Roots: 0.1ms
[2025-03-23T07:09:59.140+0000][gc,phases   ] GC(181)   Evacuate Collection Set: 18.5ms
[2025-03-23T07:09:59.140+0000][gc,phases   ] GC(181)   Post Evacuate Collection Set: 0.7ms
[2025-03-23T07:09:59.140+0000][gc,phases   ] GC(181)   Other: 0.5ms
[2025-03-23T07:09:59.140+0000][gc,heap     ] GC(181) Eden regions: 116->0(71)
[2025-03-23T07:09:59.140+0000][gc,heap     ] GC(181) Survivor regions: 2->2(15)
[2025-03-23T07:09:59.140+0000][gc,heap     ] GC(181) Old regions: 178->178
[2025-03-23T07:09:59.140+0000][gc,heap     ] GC(181) Archive regions: 2->2
[2025-03-23T07:09:59.140+0000][gc,heap     ] GC(181) Humongous regions: 148->148
[2025-03-23T07:09:59.140+0000][gc,metaspace] GC(181) Metaspace: 48279K(49216K)->48279K(49216K) NonClass: 42710K(43200K)->42710K(43200K) Class: 5568K(6016K)->5568K(6016K)
[2025-03-23T07:09:59.141+0000][gc          ] GC(181) Pause Young (Normal) (G1 Evacuation Pause) 444M->328M(1024M) 20.405ms
[2025-03-23T07:09:59.141+0000][gc,cpu      ] GC(181) User=0.01s Sys=0.00s Real=0.02s
[2025-03-23T07:12:35.680+0000][gc,start    ] GC(182) Pause Young (Normal) (G1 Evacuation Pause)
[2025-03-23T07:12:35.680+0000][gc,task     ] GC(182) Using 2 workers of 2 for evacuation
[2025-03-23T07:12:35.685+0000][gc,phases   ] GC(182)   Pre Evacuate Collection Set: 0.3ms
[2025-03-23T07:12:35.685+0000][gc,phases   ] GC(182)   Merge Heap Roots: 0.1ms
[2025-03-23T07:12:35.685+0000][gc,phases   ] GC(182)   Evacuate Collection Set: 4.3ms
[2025-03-23T07:12:35.685+0000][gc,phases   ] GC(182)   Post Evacuate Collection Set: 0.5ms
[2025-03-23T07:12:35.685+0000][gc,phases   ] GC(182)   Other: 0.5ms
[2025-03-23T07:12:35.685+0000][gc,heap     ] GC(182) Eden regions: 71->0(147)
[2025-03-23T07:12:35.685+0000][gc,heap     ] GC(182) Survivor regions: 2->2(10)
[2025-03-23T07:12:35.685+0000][gc,heap     ] GC(182) Old regions: 178->178
[2025-03-23T07:12:35.685+0000][gc,heap     ] GC(182) Archive regions: 2->2
[2025-03-23T07:12:35.686+0000][gc,heap     ] GC(182) Humongous regions: 148->148
[2025-03-23T07:12:35.686+0000][gc,metaspace] GC(182) Metaspace: 48279K(49216K)->48279K(49216K) NonClass: 42710K(43200K)->42710K(43200K) Class: 5568K(6016K)->5568K(6016K)
[2025-03-23T07:12:35.686+0000][gc          ] GC(182) Pause Young (Normal) (G1 Evacuation Pause) 399M->328M(1024M) 5.762ms
[2025-03-23T07:12:35.686+0000][gc,cpu      ] GC(182) User=0.00s Sys=0.00s Real=0.01s
[2025-03-23T07:17:55.682+0000][gc,start    ] GC(183) Pause Young (Normal) (G1 Evacuation Pause)
[2025-03-23T07:17:55.682+0000][gc,task     ] GC(183) Using 2 workers of 2 for evacuation
[2025-03-23T07:17:55.701+0000][gc,phases   ] GC(183)   Pre Evacuate Collection Set: 0.6ms
[2025-03-23T07:17:55.701+0000][gc,phases   ] GC(183)   Merge Heap Roots: 0.1ms
[2025-03-23T07:17:55.701+0000][gc,phases   ] GC(183)   Evacuate Collection Set: 16.5ms
[2025-03-23T07:17:55.701+0000][gc,phases   ] GC(183)   Post Evacuate Collection Set: 1.4ms
[2025-03-23T07:17:55.701+0000][gc,phases   ] GC(183)   Other: 0.9ms
[2025-03-23T07:17:55.701+0000][gc,heap     ] GC(183) Eden regions: 147->0(49)
[2025-03-23T07:17:55.701+0000][gc,heap     ] GC(183) Survivor regions: 2->2(19)
[2025-03-23T07:17:55.701+0000][gc,heap     ] GC(183) Old regions: 178->178
[2025-03-23T07:17:55.701+0000][gc,heap     ] GC(183) Archive regions: 2->2
[2025-03-23T07:17:55.701+0000][gc,heap     ] GC(183) Humongous regions: 148->148
[2025-03-23T07:17:55.701+0000][gc,metaspace] GC(183) Metaspace: 48281K(49216K)->48281K(49216K) NonClass: 42713K(43200K)->42713K(43200K) Class: 5568K(6016K)->5568K(6016K)
[2025-03-23T07:17:55.701+0000][gc          ] GC(183) Pause Young (Normal) (G1 Evacuation Pause) 475M->328M(1024M) 19.507ms
[2025-03-23T07:17:55.701+0000][gc,cpu      ] GC(183) User=0.00s Sys=0.01s Real=0.02s
[2025-03-23T07:19:43.607+0000][gc,start    ] GC(184) Pause Young (Normal) (G1 Evacuation Pause)
[2025-03-23T07:19:43.607+0000][gc,task     ] GC(184) Using 2 workers of 2 for evacuation
[2025-03-23T07:19:43.616+0000][gc,phases   ] GC(184)   Pre Evacuate Collection Set: 0.2ms
[2025-03-23T07:19:43.616+0000][gc,phases   ] GC(184)   Merge Heap Roots: 0.2ms
[2025-03-23T07:19:43.616+0000][gc,phases   ] GC(184)   Evacuate Collection Set: 7.8ms
[2025-03-23T07:19:43.616+0000][gc,phases   ] GC(184)   Post Evacuate Collection Set: 0.7ms
[2025-03-23T07:19:43.616+0000][gc,phases   ] GC(184)   Other: 0.1ms
[2025-03-23T07:19:43.616+0000][gc,heap     ] GC(184) Eden regions: 49->0(102)
[2025-03-23T07:19:43.616+0000][gc,heap     ] GC(184) Survivor regions: 2->3(7)
[2025-03-23T07:19:43.616+0000][gc,heap     ] GC(184) Old regions: 178->178
[2025-03-23T07:19:43.616+0000][gc,heap     ] GC(184) Archive regions: 2->2
[2025-03-23T07:19:43.616+0000][gc,heap     ] GC(184) Humongous regions: 148->148
[2025-03-23T07:19:43.616+0000][gc,metaspace] GC(184) Metaspace: 48281K(49216K)->48281K(49216K) NonClass: 42713K(43200K)->42713K(43200K) Class: 5568K(6016K)->5568K(6016K)
[2025-03-23T07:19:43.616+0000][gc          ] GC(184) Pause Young (Normal) (G1 Evacuation Pause) 377M->328M(1024M) 9.040ms
[2025-03-23T07:19:43.616+0000][gc,cpu      ] GC(184) User=0.01s Sys=0.00s Real=0.01s
[2025-03-23T07:23:30.911+0000][gc,start    ] GC(185) Pause Young (Normal) (G1 Evacuation Pause)
[2025-03-23T07:23:30.911+0000][gc,task     ] GC(185) Using 2 workers of 2 for evacuation
[2025-03-23T07:23:30.918+0000][gc,phases   ] GC(185)   Pre Evacuate Collection Set: 0.2ms
[2025-03-23T07:23:30.918+0000][gc,phases   ] GC(185)   Merge Heap Roots: 0.1ms
[2025-03-23T07:23:30.918+0000][gc,phases   ] GC(185)   Evacuate Collection Set: 5.6ms
[2025-03-23T07:23:30.918+0000][gc,phases   ] GC(185)   Post Evacuate Collection Set: 0.9ms
[2025-03-23T07:23:30.918+0000][gc,phases   ] GC(185)   Other: 0.2ms
[2025-03-23T07:23:30.918+0000][gc,heap     ] GC(185) Eden regions: 102->0(229)
[2025-03-23T07:23:30.918+0000][gc,heap     ] GC(185) Survivor regions: 3->2(14)
[2025-03-23T07:23:30.918+0000][gc,heap     ] GC(185) Old regions: 178->178
[2025-03-23T07:23:30.918+0000][gc,heap     ] GC(185) Archive regions: 2->2
[2025-03-23T07:23:30.918+0000][gc,heap     ] GC(185) Humongous regions: 148->148
[2025-03-23T07:23:30.918+0000][gc,metaspace] GC(185) Metaspace: 48281K(49216K)->48281K(49216K) NonClass: 42713K(43200K)->42713K(43200K) Class: 5568K(6016K)->5568K(6016K)
[2025-03-23T07:23:30.918+0000][gc          ] GC(185) Pause Young (Normal) (G1 Evacuation Pause) 430M->328M(1024M) 7.071ms
[2025-03-23T07:23:30.918+0000][gc,cpu      ] GC(185) User=0.01s Sys=0.00s Real=0.01s
[2025-03-23T07:32:03.298+0000][gc,start    ] GC(186) Pause Young (Normal) (G1 Evacuation Pause)
[2025-03-23T07:32:03.299+0000][gc,task     ] GC(186) Using 2 workers of 2 for evacuation
[2025-03-23T07:32:03.382+0000][gc,mmu      ] GC(186) MMU target violated: 21.0ms (20.0ms/21.0ms)
[2025-03-23T07:32:03.382+0000][gc,phases   ] GC(186)   Pre Evacuate Collection Set: 15.7ms
[2025-03-23T07:32:03.382+0000][gc,phases   ] GC(186)   Merge Heap Roots: 2.8ms
[2025-03-23T07:32:03.382+0000][gc,phases   ] GC(186)   Evacuate Collection Set: 52.2ms
[2025-03-23T07:32:03.382+0000][gc,phases   ] GC(186)   Post Evacuate Collection Set: 11.1ms
[2025-03-23T07:32:03.382+0000][gc,phases   ] GC(186)   Other: 2.0ms
[2025-03-23T07:32:03.382+0000][gc,heap     ] GC(186) Eden regions: 229->0(49)
[2025-03-23T07:32:03.382+0000][gc,heap     ] GC(186) Survivor regions: 2->2(29)
[2025-03-23T07:32:03.382+0000][gc,heap     ] GC(186) Old regions: 178->178
[2025-03-23T07:32:03.382+0000][gc,heap     ] GC(186) Archive regions: 2->2
[2025-03-23T07:32:03.382+0000][gc,heap     ] GC(186) Humongous regions: 148->148
[2025-03-23T07:32:03.382+0000][gc,metaspace] GC(186) Metaspace: 48282K(49216K)->48282K(49216K) NonClass: 42713K(43200K)->42713K(43200K) Class: 5568K(6016K)->5568K(6016K)
[2025-03-23T07:32:03.382+0000][gc          ] GC(186) Pause Young (Normal) (G1 Evacuation Pause) 557M->328M(1024M) 83.699ms
[2025-03-23T07:32:03.382+0000][gc,cpu      ] GC(186) User=0.01s Sys=0.03s Real=0.08s
[2025-03-23T07:33:50.994+0000][gc,start    ] GC(187) Pause Young (Normal) (G1 Evacuation Pause)
[2025-03-23T07:33:50.995+0000][gc,task     ] GC(187) Using 2 workers of 2 for evacuation
[2025-03-23T07:33:51.002+0000][gc,phases   ] GC(187)   Pre Evacuate Collection Set: 0.2ms
[2025-03-23T07:33:51.002+0000][gc,phases   ] GC(187)   Merge Heap Roots: 0.1ms
[2025-03-23T07:33:51.002+0000][gc,phases   ] GC(187)   Evacuate Collection Set: 6.3ms
[2025-03-23T07:33:51.002+0000][gc,phases   ] GC(187)   Post Evacuate Collection Set: 0.9ms
[2025-03-23T07:33:51.002+0000][gc,phases   ] GC(187)   Other: 0.4ms
[2025-03-23T07:33:51.002+0000][gc,heap     ] GC(187) Eden regions: 49->0(49)
[2025-03-23T07:33:51.002+0000][gc,heap     ] GC(187) Survivor regions: 2->2(7)
[2025-03-23T07:33:51.002+0000][gc,heap     ] GC(187) Old regions: 178->178
[2025-03-23T07:33:51.002+0000][gc,heap     ] GC(187) Archive regions: 2->2
[2025-03-23T07:33:51.002+0000][gc,heap     ] GC(187) Humongous regions: 148->148
[2025-03-23T07:33:51.002+0000][gc,metaspace] GC(187) Metaspace: 48282K(49216K)->48282K(49216K) NonClass: 42713K(43200K)->42713K(43200K) Class: 5568K(6016K)->5568K(6016K)
[2025-03-23T07:33:51.002+0000][gc          ] GC(187) Pause Young (Normal) (G1 Evacuation Pause) 377M->328M(1024M) 7.885ms
[2025-03-23T07:33:51.002+0000][gc,cpu      ] GC(187) User=0.00s Sys=0.00s Real=0.00s
[2025-03-23T07:35:39.453+0000][gc,start    ] GC(188) Pause Young (Normal) (G1 Evacuation Pause)
[2025-03-23T07:35:39.453+0000][gc,task     ] GC(188) Using 2 workers of 2 for evacuation
[2025-03-23T07:35:39.465+0000][gc,phases   ] GC(188)   Pre Evacuate Collection Set: 0.2ms
[2025-03-23T07:35:39.465+0000][gc,phases   ] GC(188)   Merge Heap Roots: 0.1ms
[2025-03-23T07:35:39.465+0000][gc,phases   ] GC(188)   Evacuate Collection Set: 10.9ms
[2025-03-23T07:35:39.465+0000][gc,phases   ] GC(188)   Post Evacuate Collection Set: 0.6ms
[2025-03-23T07:35:39.465+0000][gc,phases   ] GC(188)   Other: 0.4ms
[2025-03-23T07:35:39.465+0000][gc,heap     ] GC(188) Eden regions: 49->0(49)
[2025-03-23T07:35:39.465+0000][gc,heap     ] GC(188) Survivor regions: 2->2(7)
[2025-03-23T07:35:39.465+0000][gc,heap     ] GC(188) Old regions: 178->178
[2025-03-23T07:35:39.465+0000][gc,heap     ] GC(188) Archive regions: 2->2
[2025-03-23T07:35:39.465+0000][gc,heap     ] GC(188) Humongous regions: 148->148
[2025-03-23T07:35:39.465+0000][gc,metaspace] GC(188) Metaspace: 48282K(49216K)->48282K(49216K) NonClass: 42713K(43200K)->42713K(43200K) Class: 5568K(6016K)->5568K(6016K)
[2025-03-23T07:35:39.465+0000][gc          ] GC(188) Pause Young (Normal) (G1 Evacuation Pause) 377M->328M(1024M) 12.264ms
[2025-03-23T07:35:39.465+0000][gc,cpu      ] GC(188) User=0.02s Sys=0.00s Real=0.01s
[2025-03-23T07:37:27.847+0000][gc,start    ] GC(189) Pause Young (Normal) (G1 Evacuation Pause)
[2025-03-23T07:37:27.847+0000][gc,task     ] GC(189) Using 2 workers of 2 for evacuation
[2025-03-23T07:37:27.853+0000][gc,phases   ] GC(189)   Pre Evacuate Collection Set: 0.2ms
[2025-03-23T07:37:27.853+0000][gc,phases   ] GC(189)   Merge Heap Roots: 0.1ms
[2025-03-23T07:37:27.853+0000][gc,phases   ] GC(189)   Evacuate Collection Set: 4.8ms
[2025-03-23T07:37:27.853+0000][gc,phases   ] GC(189)   Post Evacuate Collection Set: 0.5ms
[2025-03-23T07:37:27.853+0000][gc,phases   ] GC(189)   Other: 0.7ms
[2025-03-23T07:37:27.853+0000][gc,heap     ] GC(189) Eden regions: 49->0(49)
[2025-03-23T07:37:27.853+0000][gc,heap     ] GC(189) Survivor regions: 2->2(7)
[2025-03-23T07:37:27.853+0000][gc,heap     ] GC(189) Old regions: 178->178
[2025-03-23T07:37:27.853+0000][gc,heap     ] GC(189) Archive regions: 2->2
[2025-03-23T07:37:27.853+0000][gc,heap     ] GC(189) Humongous regions: 148->148
[2025-03-23T07:37:27.853+0000][gc,metaspace] GC(189) Metaspace: 48282K(49216K)->48282K(49216K) NonClass: 42713K(43200K)->42713K(43200K) Class: 5568K(6016K)->5568K(6016K)
[2025-03-23T07:37:27.853+0000][gc          ] GC(189) Pause Young (Normal) (G1 Evacuation Pause) 377M->328M(1024M) 6.416ms
[2025-03-23T07:37:27.853+0000][gc,cpu      ] GC(189) User=0.01s Sys=0.00s Real=0.01s
[2025-03-23T07:39:15.981+0000][gc,start    ] GC(190) Pause Young (Normal) (G1 Evacuation Pause)
[2025-03-23T07:39:15.981+0000][gc,task     ] GC(190) Using 2 workers of 2 for evacuation
[2025-03-23T07:39:15.990+0000][gc,phases   ] GC(190)   Pre Evacuate Collection Set: 0.2ms
[2025-03-23T07:39:15.990+0000][gc,phases   ] GC(190)   Merge Heap Roots: 0.1ms
[2025-03-23T07:39:15.990+0000][gc,phases   ] GC(190)   Evacuate Collection Set: 7.4ms
[2025-03-23T07:39:15.990+0000][gc,phases   ] GC(190)   Post Evacuate Collection Set: 0.7ms
[2025-03-23T07:39:15.990+0000][gc,phases   ] GC(190)   Other: 0.2ms
[2025-03-23T07:39:15.990+0000][gc,heap     ] GC(190) Eden regions: 49->0(64)
[2025-03-23T07:39:15.990+0000][gc,heap     ] GC(190) Survivor regions: 2->2(7)
[2025-03-23T07:39:15.990+0000][gc,heap     ] GC(190) Old regions: 178->178
[2025-03-23T07:39:15.990+0000][gc,heap     ] GC(190) Archive regions: 2->2
[2025-03-23T07:39:15.990+0000][gc,heap     ] GC(190) Humongous regions: 148->148
[2025-03-23T07:39:15.990+0000][gc,metaspace] GC(190) Metaspace: 48282K(49216K)->48282K(49216K) NonClass: 42713K(43200K)->42713K(43200K) Class: 5568K(6016K)->5568K(6016K)
[2025-03-23T07:39:15.990+0000][gc          ] GC(190) Pause Young (Normal) (G1 Evacuation Pause) 377M->328M(1024M) 8.531ms
[2025-03-23T07:39:15.990+0000][gc,cpu      ] GC(190) User=0.00s Sys=0.01s Real=0.01s
[2025-03-23T07:41:37.114+0000][gc,start    ] GC(191) Pause Young (Normal) (G1 Evacuation Pause)
[2025-03-23T07:41:37.114+0000][gc,task     ] GC(191) Using 2 workers of 2 for evacuation
[2025-03-23T07:41:37.132+0000][gc,phases   ] GC(191)   Pre Evacuate Collection Set: 0.2ms
[2025-03-23T07:41:37.132+0000][gc,phases   ] GC(191)   Merge Heap Roots: 0.1ms
[2025-03-23T07:41:37.132+0000][gc,phases   ] GC(191)   Evacuate Collection Set: 16.7ms
[2025-03-23T07:41:37.132+0000][gc,phases   ] GC(191)   Post Evacuate Collection Set: 1.0ms
[2025-03-23T07:41:37.132+0000][gc,phases   ] GC(191)   Other: 0.2ms
[2025-03-23T07:41:37.132+0000][gc,heap     ] GC(191) Eden regions: 64->0(49)
[2025-03-23T07:41:37.132+0000][gc,heap     ] GC(191) Survivor regions: 2->2(9)
[2025-03-23T07:41:37.132+0000][gc,heap     ] GC(191) Old regions: 178->178
[2025-03-23T07:41:37.132+0000][gc,heap     ] GC(191) Archive regions: 2->2
[2025-03-23T07:41:37.132+0000][gc,heap     ] GC(191) Humongous regions: 148->148
[2025-03-23T07:41:37.132+0000][gc,metaspace] GC(191) Metaspace: 48282K(49216K)->48282K(49216K) NonClass: 42713K(43200K)->42713K(43200K) Class: 5568K(6016K)->5568K(6016K)
[2025-03-23T07:41:37.132+0000][gc          ] GC(191) Pause Young (Normal) (G1 Evacuation Pause) 392M->328M(1024M) 18.160ms
[2025-03-23T07:41:37.132+0000][gc,cpu      ] GC(191) User=0.00s Sys=0.01s Real=0.02s
[2025-03-23T07:43:25.145+0000][gc,start    ] GC(192) Pause Young (Normal) (G1 Evacuation Pause)
[2025-03-23T07:43:25.146+0000][gc,task     ] GC(192) Using 2 workers of 2 for evacuation
[2025-03-23T07:43:25.151+0000][gc,phases   ] GC(192)   Pre Evacuate Collection Set: 0.1ms
[2025-03-23T07:43:25.151+0000][gc,phases   ] GC(192)   Merge Heap Roots: 0.1ms
[2025-03-23T07:43:25.151+0000][gc,phases   ] GC(192)   Evacuate Collection Set: 4.2ms
[2025-03-23T07:43:25.151+0000][gc,phases   ] GC(192)   Post Evacuate Collection Set: 0.6ms
[2025-03-23T07:43:25.151+0000][gc,phases   ] GC(192)   Other: 0.5ms
[2025-03-23T07:43:25.151+0000][gc,heap     ] GC(192) Eden regions: 49->0(107)
[2025-03-23T07:43:25.151+0000][gc,heap     ] GC(192) Survivor regions: 2->2(7)
[2025-03-23T07:43:25.151+0000][gc,heap     ] GC(192) Old regions: 178->178
[2025-03-23T07:43:25.151+0000][gc,heap     ] GC(192) Archive regions: 2->2
[2025-03-23T07:43:25.151+0000][gc,heap     ] GC(192) Humongous regions: 148->148
[2025-03-23T07:43:25.151+0000][gc,metaspace] GC(192) Metaspace: 48282K(49216K)->48282K(49216K) NonClass: 42713K(43200K)->42713K(43200K) Class: 5568K(6016K)->5568K(6016K)
[2025-03-23T07:43:25.151+0000][gc          ] GC(192) Pause Young (Normal) (G1 Evacuation Pause) 377M->328M(1024M) 5.565ms
[2025-03-23T07:43:25.151+0000][gc,cpu      ] GC(192) User=0.01s Sys=0.00s Real=0.00s
[2025-03-23T07:47:22.072+0000][gc,start    ] GC(193) Pause Young (Normal) (G1 Evacuation Pause)
[2025-03-23T07:47:22.072+0000][gc,task     ] GC(193) Using 2 workers of 2 for evacuation
[2025-03-23T07:47:22.087+0000][gc,phases   ] GC(193)   Pre Evacuate Collection Set: 0.2ms
[2025-03-23T07:47:22.087+0000][gc,phases   ] GC(193)   Merge Heap Roots: 0.1ms
[2025-03-23T07:47:22.087+0000][gc,phases   ] GC(193)   Evacuate Collection Set: 13.0ms
[2025-03-23T07:47:22.087+0000][gc,phases   ] GC(193)   Post Evacuate Collection Set: 0.7ms
[2025-03-23T07:47:22.087+0000][gc,phases   ] GC(193)   Other: 0.8ms
[2025-03-23T07:47:22.087+0000][gc,heap     ] GC(193) Eden regions: 107->0(104)
[2025-03-23T07:47:22.087+0000][gc,heap     ] GC(193) Survivor regions: 2->2(14)
[2025-03-23T07:47:22.087+0000][gc,heap     ] GC(193) Old regions: 178->178
[2025-03-23T07:47:22.087+0000][gc,heap     ] GC(193) Archive regions: 2->2
[2025-03-23T07:47:22.087+0000][gc,heap     ] GC(193) Humongous regions: 148->148
[2025-03-23T07:47:22.087+0000][gc,metaspace] GC(193) Metaspace: 48282K(49216K)->48282K(49216K) NonClass: 42713K(43200K)->42713K(43200K) Class: 5568K(6016K)->5568K(6016K)
[2025-03-23T07:47:22.087+0000][gc          ] GC(193) Pause Young (Normal) (G1 Evacuation Pause) 435M->328M(1024M) 14.938ms
[2025-03-23T07:47:22.087+0000][gc,cpu      ] GC(193) User=0.00s Sys=0.01s Real=0.01s
[2025-03-23T07:51:12.477+0000][gc,start    ] GC(194) Pause Young (Normal) (G1 Evacuation Pause)
[2025-03-23T07:51:12.477+0000][gc,task     ] GC(194) Using 2 workers of 2 for evacuation
[2025-03-23T07:51:12.482+0000][gc,phases   ] GC(194)   Pre Evacuate Collection Set: 0.2ms
[2025-03-23T07:51:12.482+0000][gc,phases   ] GC(194)   Merge Heap Roots: 0.1ms
[2025-03-23T07:51:12.482+0000][gc,phases   ] GC(194)   Evacuate Collection Set: 4.0ms
[2025-03-23T07:51:12.482+0000][gc,phases   ] GC(194)   Post Evacuate Collection Set: 0.6ms
[2025-03-23T07:51:12.482+0000][gc,phases   ] GC(194)   Other: 0.2ms
[2025-03-23T07:51:12.482+0000][gc,heap     ] GC(194) Eden regions: 104->0(208)
[2025-03-23T07:51:12.482+0000][gc,heap     ] GC(194) Survivor regions: 2->2(14)
[2025-03-23T07:51:12.482+0000][gc,heap     ] GC(194) Old regions: 178->178
[2025-03-23T07:51:12.482+0000][gc,heap     ] GC(194) Archive regions: 2->2
[2025-03-23T07:51:12.482+0000][gc,heap     ] GC(194) Humongous regions: 148->148
[2025-03-23T07:51:12.482+0000][gc,metaspace] GC(194) Metaspace: 48282K(49216K)->48282K(49216K) NonClass: 42713K(43200K)->42713K(43200K) Class: 5568K(6016K)->5568K(6016K)
[2025-03-23T07:51:12.482+0000][gc          ] GC(194) Pause Young (Normal) (G1 Evacuation Pause) 432M->328M(1024M) 5.082ms
[2025-03-23T07:51:12.482+0000][gc,cpu      ] GC(194) User=0.01s Sys=0.00s Real=0.00s
[2025-03-23T07:58:57.224+0000][gc,start    ] GC(195) Pause Young (Normal) (G1 Evacuation Pause)
[2025-03-23T07:58:57.225+0000][gc,task     ] GC(195) Using 2 workers of 2 for evacuation
[2025-03-23T07:58:57.304+0000][gc,mmu      ] GC(195) MMU target violated: 21.0ms (20.0ms/21.0ms)
[2025-03-23T07:58:57.304+0000][gc,phases   ] GC(195)   Pre Evacuate Collection Set: 14.5ms
[2025-03-23T07:58:57.304+0000][gc,phases   ] GC(195)   Merge Heap Roots: 0.9ms
[2025-03-23T07:58:57.305+0000][gc,phases   ] GC(195)   Evacuate Collection Set: 51.0ms
[2025-03-23T07:58:57.305+0000][gc,phases   ] GC(195)   Post Evacuate Collection Set: 12.5ms
[2025-03-23T07:58:57.305+0000][gc,phases   ] GC(195)   Other: 1.8ms
[2025-03-23T07:58:57.305+0000][gc,heap     ] GC(195) Eden regions: 208->0(49)
[2025-03-23T07:58:57.305+0000][gc,heap     ] GC(195) Survivor regions: 2->2(27)
[2025-03-23T07:58:57.305+0000][gc,heap     ] GC(195) Old regions: 178->178
[2025-03-23T07:58:57.305+0000][gc,heap     ] GC(195) Archive regions: 2->2
[2025-03-23T07:58:57.305+0000][gc,heap     ] GC(195) Humongous regions: 148->148
[2025-03-23T07:58:57.305+0000][gc,metaspace] GC(195) Metaspace: 48282K(49216K)->48282K(49216K) NonClass: 42713K(43200K)->42713K(43200K) Class: 5568K(6016K)->5568K(6016K)
[2025-03-23T07:58:57.305+0000][gc          ] GC(195) Pause Young (Normal) (G1 Evacuation Pause) 536M->328M(1024M) 80.506ms
[2025-03-23T07:58:57.305+0000][gc,cpu      ] GC(195) User=0.02s Sys=0.01s Real=0.08s
[2025-03-23T08:00:45.634+0000][gc,start    ] GC(196) Pause Young (Normal) (G1 Evacuation Pause)
[2025-03-23T08:00:45.634+0000][gc,task     ] GC(196) Using 2 workers of 2 for evacuation
[2025-03-23T08:00:45.650+0000][gc,phases   ] GC(196)   Pre Evacuate Collection Set: 0.2ms
[2025-03-23T08:00:45.650+0000][gc,phases   ] GC(196)   Merge Heap Roots: 0.1ms
[2025-03-23T08:00:45.650+0000][gc,phases   ] GC(196)   Evacuate Collection Set: 14.7ms
[2025-03-23T08:00:45.650+0000][gc,phases   ] GC(196)   Post Evacuate Collection Set: 0.8ms
[2025-03-23T08:00:45.650+0000][gc,phases   ] GC(196)   Other: 0.7ms
[2025-03-23T08:00:45.650+0000][gc,heap     ] GC(196) Eden regions: 49->0(49)
[2025-03-23T08:00:45.650+0000][gc,heap     ] GC(196) Survivor regions: 2->2(7)
[2025-03-23T08:00:45.650+0000][gc,heap     ] GC(196) Old regions: 178->178
[2025-03-23T08:00:45.650+0000][gc,heap     ] GC(196) Archive regions: 2->2
[2025-03-23T08:00:45.650+0000][gc,heap     ] GC(196) Humongous regions: 148->148
[2025-03-23T08:00:45.650+0000][gc,metaspace] GC(196) Metaspace: 48282K(49216K)->48282K(49216K) NonClass: 42713K(43200K)->42713K(43200K) Class: 5568K(6016K)->5568K(6016K)
[2025-03-23T08:00:45.650+0000][gc          ] GC(196) Pause Young (Normal) (G1 Evacuation Pause) 377M->328M(1024M) 16.496ms
[2025-03-23T08:00:45.650+0000][gc,cpu      ] GC(196) User=0.02s Sys=0.00s Real=0.01s
[2025-03-23T08:02:33.931+0000][gc,start    ] GC(197) Pause Young (Normal) (G1 Evacuation Pause)
[2025-03-23T08:02:33.931+0000][gc,task     ] GC(197) Using 2 workers of 2 for evacuation
[2025-03-23T08:02:33.945+0000][gc,phases   ] GC(197)   Pre Evacuate Collection Set: 0.2ms
[2025-03-23T08:02:33.945+0000][gc,phases   ] GC(197)   Merge Heap Roots: 0.1ms
[2025-03-23T08:02:33.945+0000][gc,phases   ] GC(197)   Evacuate Collection Set: 13.2ms
[2025-03-23T08:02:33.945+0000][gc,phases   ] GC(197)   Post Evacuate Collection Set: 0.6ms
[2025-03-23T08:02:33.945+0000][gc,phases   ] GC(197)   Other: 0.2ms
[2025-03-23T08:02:33.945+0000][gc,heap     ] GC(197) Eden regions: 49->0(49)
[2025-03-23T08:02:33.945+0000][gc,heap     ] GC(197) Survivor regions: 2->2(7)
[2025-03-23T08:02:33.945+0000][gc,heap     ] GC(197) Old regions: 178->178
[2025-03-23T08:02:33.945+0000][gc,heap     ] GC(197) Archive regions: 2->2
[2025-03-23T08:02:33.945+0000][gc,heap     ] GC(197) Humongous regions: 148->148
[2025-03-23T08:02:33.945+0000][gc,metaspace] GC(197) Metaspace: 48282K(49216K)->48282K(49216K) NonClass: 42713K(43200K)->42713K(43200K) Class: 5568K(6016K)->5568K(6016K)
[2025-03-23T08:02:33.945+0000][gc          ] GC(197) Pause Young (Normal) (G1 Evacuation Pause) 377M->328M(1024M) 14.379ms
[2025-03-23T08:02:33.945+0000][gc,cpu      ] GC(197) User=0.01s Sys=0.00s Real=0.02s
[2025-03-23T08:04:22.149+0000][gc,start    ] GC(198) Pause Young (Normal) (G1 Evacuation Pause)
[2025-03-23T08:04:22.149+0000][gc,task     ] GC(198) Using 2 workers of 2 for evacuation
[2025-03-23T08:04:22.154+0000][gc,phases   ] GC(198)   Pre Evacuate Collection Set: 0.1ms
[2025-03-23T08:04:22.154+0000][gc,phases   ] GC(198)   Merge Heap Roots: 0.1ms
[2025-03-23T08:04:22.154+0000][gc,phases   ] GC(198)   Evacuate Collection Set: 3.6ms
[2025-03-23T08:04:22.154+0000][gc,phases   ] GC(198)   Post Evacuate Collection Set: 0.6ms
[2025-03-23T08:04:22.154+0000][gc,phases   ] GC(198)   Other: 0.2ms
[2025-03-23T08:04:22.154+0000][gc,heap     ] GC(198) Eden regions: 49->0(49)
[2025-03-23T08:04:22.154+0000][gc,heap     ] GC(198) Survivor regions: 2->2(7)
[2025-03-23T08:04:22.154+0000][gc,heap     ] GC(198) Old regions: 178->178
[2025-03-23T08:04:22.154+0000][gc,heap     ] GC(198) Archive regions: 2->2
[2025-03-23T08:04:22.154+0000][gc,heap     ] GC(198) Humongous regions: 148->148
[2025-03-23T08:04:22.154+0000][gc,metaspace] GC(198) Metaspace: 48282K(49216K)->48282K(49216K) NonClass: 42713K(43200K)->42713K(43200K) Class: 5568K(6016K)->5568K(6016K)
[2025-03-23T08:04:22.154+0000][gc          ] GC(198) Pause Young (Normal) (G1 Evacuation Pause) 377M->328M(1024M) 4.560ms
[2025-03-23T08:04:22.154+0000][gc,cpu      ] GC(198) User=0.01s Sys=0.00s Real=0.01s
[2025-03-23T08:06:10.268+0000][gc,start    ] GC(199) Pause Young (Normal) (G1 Evacuation Pause)
[2025-03-23T08:06:10.268+0000][gc,task     ] GC(199) Using 2 workers of 2 for evacuation
[2025-03-23T08:06:10.275+0000][gc,phases   ] GC(199)   Pre Evacuate Collection Set: 0.2ms
[2025-03-23T08:06:10.275+0000][gc,phases   ] GC(199)   Merge Heap Roots: 0.1ms
[2025-03-23T08:06:10.275+0000][gc,phases   ] GC(199)   Evacuate Collection Set: 6.7ms
[2025-03-23T08:06:10.275+0000][gc,phases   ] GC(199)   Post Evacuate Collection Set: 0.5ms
[2025-03-23T08:06:10.275+0000][gc,phases   ] GC(199)   Other: 0.1ms
[2025-03-23T08:06:10.275+0000][gc,heap     ] GC(199) Eden regions: 49->0(78)
[2025-03-23T08:06:10.275+0000][gc,heap     ] GC(199) Survivor regions: 2->2(7)
[2025-03-23T08:06:10.275+0000][gc,heap     ] GC(199) Old regions: 178->178
[2025-03-23T08:06:10.275+0000][gc,heap     ] GC(199) Archive regions: 2->2
[2025-03-23T08:06:10.275+0000][gc,heap     ] GC(199) Humongous regions: 148->148
[2025-03-23T08:06:10.275+0000][gc,metaspace] GC(199) Metaspace: 48282K(49216K)->48282K(49216K) NonClass: 42713K(43200K)->42713K(43200K) Class: 5568K(6016K)->5568K(6016K)
[2025-03-23T08:06:10.276+0000][gc          ] GC(199) Pause Young (Normal) (G1 Evacuation Pause) 377M->328M(1024M) 7.719ms
[2025-03-23T08:06:10.276+0000][gc,cpu      ] GC(199) User=0.00s Sys=0.01s Real=0.01s
[2025-03-23T08:09:02.601+0000][gc,start    ] GC(200) Pause Young (Normal) (G1 Evacuation Pause)
[2025-03-23T08:09:02.601+0000][gc,task     ] GC(200) Using 2 workers of 2 for evacuation
[2025-03-23T08:09:02.618+0000][gc,phases   ] GC(200)   Pre Evacuate Collection Set: 0.2ms
[2025-03-23T08:09:02.618+0000][gc,phases   ] GC(200)   Merge Heap Roots: 0.1ms
[2025-03-23T08:09:02.618+0000][gc,phases   ] GC(200)   Evacuate Collection Set: 15.6ms
[2025-03-23T08:09:02.618+0000][gc,phases   ] GC(200)   Post Evacuate Collection Set: 0.8ms
[2025-03-23T08:09:02.618+0000][gc,phases   ] GC(200)   Other: 0.3ms
[2025-03-23T08:09:02.618+0000][gc,heap     ] GC(200) Eden regions: 78->0(60)
[2025-03-23T08:09:02.618+0000][gc,heap     ] GC(200) Survivor regions: 2->2(10)
[2025-03-23T08:09:02.618+0000][gc,heap     ] GC(200) Old regions: 178->178
[2025-03-23T08:09:02.618+0000][gc,heap     ] GC(200) Archive regions: 2->2
[2025-03-23T08:09:02.618+0000][gc,heap     ] GC(200) Humongous regions: 148->148
[2025-03-23T08:09:02.618+0000][gc,metaspace] GC(200) Metaspace: 48282K(49216K)->48282K(49216K) NonClass: 42713K(43200K)->42713K(43200K) Class: 5568K(6016K)->5568K(6016K)
[2025-03-23T08:09:02.618+0000][gc          ] GC(200) Pause Young (Normal) (G1 Evacuation Pause) 406M->328M(1024M) 17.021ms
[2025-03-23T08:09:02.618+0000][gc,cpu      ] GC(200) User=0.01s Sys=0.00s Real=0.02s
[2025-03-23T08:11:15.083+0000][gc,start    ] GC(201) Pause Young (Normal) (G1 Evacuation Pause)
[2025-03-23T08:11:15.083+0000][gc,task     ] GC(201) Using 2 workers of 2 for evacuation
[2025-03-23T08:11:15.087+0000][gc,phases   ] GC(201)   Pre Evacuate Collection Set: 0.1ms
[2025-03-23T08:11:15.087+0000][gc,phases   ] GC(201)   Merge Heap Roots: 0.0ms
[2025-03-23T08:11:15.087+0000][gc,phases   ] GC(201)   Evacuate Collection Set: 3.1ms
[2025-03-23T08:11:15.087+0000][gc,phases   ] GC(201)   Post Evacuate Collection Set: 0.4ms
[2025-03-23T08:11:15.087+0000][gc,phases   ] GC(201)   Other: 0.1ms
[2025-03-23T08:11:15.087+0000][gc,heap     ] GC(201) Eden regions: 60->0(140)
[2025-03-23T08:11:15.087+0000][gc,heap     ] GC(201) Survivor regions: 2->2(8)
[2025-03-23T08:11:15.087+0000][gc,heap     ] GC(201) Old regions: 178->178
[2025-03-23T08:11:15.087+0000][gc,heap     ] GC(201) Archive regions: 2->2
[2025-03-23T08:11:15.087+0000][gc,heap     ] GC(201) Humongous regions: 148->148
[2025-03-23T08:11:15.087+0000][gc,metaspace] GC(201) Metaspace: 48282K(49216K)->48282K(49216K) NonClass: 42713K(43200K)->42713K(43200K) Class: 5568K(6016K)->5568K(6016K)
[2025-03-23T08:11:15.087+0000][gc          ] GC(201) Pause Young (Normal) (G1 Evacuation Pause) 388M->328M(1024M) 3.875ms
[2025-03-23T08:11:15.087+0000][gc,cpu      ] GC(201) User=0.01s Sys=0.01s Real=0.01s
[2025-03-23T08:16:26.462+0000][gc,start    ] GC(202) Pause Young (Normal) (G1 Evacuation Pause)
[2025-03-23T08:16:26.463+0000][gc,task     ] GC(202) Using 2 workers of 2 for evacuation
[2025-03-23T08:16:26.478+0000][gc,phases   ] GC(202)   Pre Evacuate Collection Set: 0.2ms
[2025-03-23T08:16:26.478+0000][gc,phases   ] GC(202)   Merge Heap Roots: 0.1ms
[2025-03-23T08:16:26.478+0000][gc,phases   ] GC(202)   Evacuate Collection Set: 14.3ms
[2025-03-23T08:16:26.478+0000][gc,phases   ] GC(202)   Post Evacuate Collection Set: 0.7ms
[2025-03-23T08:16:26.478+0000][gc,phases   ] GC(202)   Other: 0.6ms
[2025-03-23T08:16:26.478+0000][gc,heap     ] GC(202) Eden regions: 140->0(164)
[2025-03-23T08:16:26.478+0000][gc,heap     ] GC(202) Survivor regions: 2->2(18)
[2025-03-23T08:16:26.478+0000][gc,heap     ] GC(202) Old regions: 178->178
[2025-03-23T08:16:26.478+0000][gc,heap     ] GC(202) Archive regions: 2->2
[2025-03-23T08:16:26.478+0000][gc,heap     ] GC(202) Humongous regions: 148->148
[2025-03-23T08:16:26.478+0000][gc,metaspace] GC(202) Metaspace: 48282K(49216K)->48282K(49216K) NonClass: 42713K(43200K)->42713K(43200K) Class: 5568K(6016K)->5568K(6016K)
[2025-03-23T08:16:26.478+0000][gc          ] GC(202) Pause Young (Normal) (G1 Evacuation Pause) 468M->328M(1024M) 15.985ms
[2025-03-23T08:16:26.478+0000][gc,cpu      ] GC(202) User=0.01s Sys=0.00s Real=0.02s
[2025-03-23T08:22:25.204+0000][gc,start    ] GC(203) Pause Young (Normal) (G1 Evacuation Pause)
[2025-03-23T08:22:25.204+0000][gc,task     ] GC(203) Using 2 workers of 2 for evacuation
[2025-03-23T08:22:25.221+0000][gc,phases   ] GC(203)   Pre Evacuate Collection Set: 0.3ms
[2025-03-23T08:22:25.221+0000][gc,phases   ] GC(203)   Merge Heap Roots: 0.1ms
[2025-03-23T08:22:25.221+0000][gc,phases   ] GC(203)   Evacuate Collection Set: 15.7ms
[2025-03-23T08:22:25.221+0000][gc,phases   ] GC(203)   Post Evacuate Collection Set: 0.8ms
[2025-03-23T08:22:25.221+0000][gc,phases   ] GC(203)   Other: 0.6ms
[2025-03-23T08:22:25.221+0000][gc,heap     ] GC(203) Eden regions: 164->0(121)
[2025-03-23T08:22:25.221+0000][gc,heap     ] GC(203) Survivor regions: 2->3(21)
[2025-03-23T08:22:25.221+0000][gc,heap     ] GC(203) Old regions: 178->178
[2025-03-23T08:22:25.221+0000][gc,heap     ] GC(203) Archive regions: 2->2
[2025-03-23T08:22:25.221+0000][gc,heap     ] GC(203) Humongous regions: 148->148
[2025-03-23T08:22:25.221+0000][gc,metaspace] GC(203) Metaspace: 48282K(49216K)->48282K(49216K) NonClass: 42714K(43200K)->42714K(43200K) Class: 5568K(6016K)->5568K(6016K)
[2025-03-23T08:22:25.221+0000][gc          ] GC(203) Pause Young (Normal) (G1 Evacuation Pause) 492M->328M(1024M) 17.575ms
[2025-03-23T08:22:25.221+0000][gc,cpu      ] GC(203) User=0.02s Sys=0.01s Real=0.01s
[2025-03-23T08:26:54.181+0000][gc,start    ] GC(204) Pause Young (Normal) (G1 Evacuation Pause)
[2025-03-23T08:26:54.181+0000][gc,task     ] GC(204) Using 2 workers of 2 for evacuation
[2025-03-23T08:26:54.187+0000][gc,phases   ] GC(204)   Pre Evacuate Collection Set: 0.2ms
[2025-03-23T08:26:54.187+0000][gc,phases   ] GC(204)   Merge Heap Roots: 0.1ms
[2025-03-23T08:26:54.187+0000][gc,phases   ] GC(204)   Evacuate Collection Set: 4.9ms
[2025-03-23T08:26:54.187+0000][gc,phases   ] GC(204)   Post Evacuate Collection Set: 0.6ms
[2025-03-23T08:26:54.187+0000][gc,phases   ] GC(204)   Other: 0.2ms
[2025-03-23T08:26:54.187+0000][gc,heap     ] GC(204) Eden regions: 121->0(214)
[2025-03-23T08:26:54.187+0000][gc,heap     ] GC(204) Survivor regions: 3->3(16)
[2025-03-23T08:26:54.187+0000][gc,heap     ] GC(204) Old regions: 178->178
[2025-03-23T08:26:54.187+0000][gc,heap     ] GC(204) Archive regions: 2->2
[2025-03-23T08:26:54.187+0000][gc,heap     ] GC(204) Humongous regions: 148->148
[2025-03-23T08:26:54.187+0000][gc,metaspace] GC(204) Metaspace: 48282K(49216K)->48282K(49216K) NonClass: 42714K(43200K)->42714K(43200K) Class: 5568K(6016K)->5568K(6016K)
[2025-03-23T08:26:54.187+0000][gc          ] GC(204) Pause Young (Normal) (G1 Evacuation Pause) 449M->328M(1024M) 6.072ms
[2025-03-23T08:26:54.187+0000][gc,cpu      ] GC(204) User=0.01s Sys=0.00s Real=0.01s
[2025-03-23T08:34:53.347+0000][gc,start    ] GC(205) Pause Young (Normal) (G1 Evacuation Pause)
[2025-03-23T08:34:53.347+0000][gc,task     ] GC(205) Using 2 workers of 2 for evacuation
[2025-03-23T08:34:53.417+0000][gc,mmu      ] GC(205) MMU target violated: 21.0ms (20.0ms/21.0ms)
[2025-03-23T08:34:53.417+0000][gc,phases   ] GC(205)   Pre Evacuate Collection Set: 8.6ms
[2025-03-23T08:34:53.417+0000][gc,phases   ] GC(205)   Merge Heap Roots: 0.3ms
[2025-03-23T08:34:53.417+0000][gc,phases   ] GC(205)   Evacuate Collection Set: 58.1ms
[2025-03-23T08:34:53.417+0000][gc,phases   ] GC(205)   Post Evacuate Collection Set: 3.2ms
[2025-03-23T08:34:53.417+0000][gc,phases   ] GC(205)   Other: 0.7ms
[2025-03-23T08:34:53.417+0000][gc,heap     ] GC(205) Eden regions: 214->0(49)
[2025-03-23T08:34:53.417+0000][gc,heap     ] GC(205) Survivor regions: 3->2(28)
[2025-03-23T08:34:53.417+0000][gc,heap     ] GC(205) Old regions: 178->178
[2025-03-23T08:34:53.417+0000][gc,heap     ] GC(205) Archive regions: 2->2
[2025-03-23T08:34:53.418+0000][gc,heap     ] GC(205) Humongous regions: 148->148
[2025-03-23T08:34:53.418+0000][gc,metaspace] GC(205) Metaspace: 48289K(49216K)->48289K(49216K) NonClass: 42719K(43200K)->42719K(43200K) Class: 5569K(6016K)->5569K(6016K)
[2025-03-23T08:34:53.418+0000][gc          ] GC(205) Pause Young (Normal) (G1 Evacuation Pause) 542M->328M(1024M) 70.973ms
[2025-03-23T08:34:53.418+0000][gc,cpu      ] GC(205) User=0.03s Sys=0.01s Real=0.07s
[2025-03-23T08:36:41.580+0000][gc,start    ] GC(206) Pause Young (Normal) (G1 Evacuation Pause)
[2025-03-23T08:36:41.581+0000][gc,task     ] GC(206) Using 2 workers of 2 for evacuation
[2025-03-23T08:36:41.594+0000][gc,phases   ] GC(206)   Pre Evacuate Collection Set: 0.3ms
[2025-03-23T08:36:41.594+0000][gc,phases   ] GC(206)   Merge Heap Roots: 0.1ms
[2025-03-23T08:36:41.594+0000][gc,phases   ] GC(206)   Evacuate Collection Set: 11.8ms
[2025-03-23T08:36:41.594+0000][gc,phases   ] GC(206)   Post Evacuate Collection Set: 0.7ms
[2025-03-23T08:36:41.594+0000][gc,phases   ] GC(206)   Other: 0.5ms
[2025-03-23T08:36:41.594+0000][gc,heap     ] GC(206) Eden regions: 49->0(49)
[2025-03-23T08:36:41.594+0000][gc,heap     ] GC(206) Survivor regions: 2->2(7)
[2025-03-23T08:36:41.594+0000][gc,heap     ] GC(206) Old regions: 178->178
[2025-03-23T08:36:41.594+0000][gc,heap     ] GC(206) Archive regions: 2->2
[2025-03-23T08:36:41.594+0000][gc,heap     ] GC(206) Humongous regions: 148->148
[2025-03-23T08:36:41.594+0000][gc,metaspace] GC(206) Metaspace: 48289K(49216K)->48289K(49216K) NonClass: 42719K(43200K)->42719K(43200K) Class: 5569K(6016K)->5569K(6016K)
[2025-03-23T08:36:41.594+0000][gc          ] GC(206) Pause Young (Normal) (G1 Evacuation Pause) 377M->328M(1024M) 13.453ms
[2025-03-23T08:36:41.594+0000][gc,cpu      ] GC(206) User=0.01s Sys=0.01s Real=0.02s
[2025-03-23T08:38:29.208+0000][gc,start    ] GC(207) Pause Young (Normal) (G1 Evacuation Pause)
[2025-03-23T08:38:29.208+0000][gc,task     ] GC(207) Using 2 workers of 2 for evacuation
[2025-03-23T08:38:29.221+0000][gc,phases   ] GC(207)   Pre Evacuate Collection Set: 0.2ms
[2025-03-23T08:38:29.221+0000][gc,phases   ] GC(207)   Merge Heap Roots: 0.2ms
[2025-03-23T08:38:29.221+0000][gc,phases   ] GC(207)   Evacuate Collection Set: 11.3ms
[2025-03-23T08:38:29.221+0000][gc,phases   ] GC(207)   Post Evacuate Collection Set: 0.9ms
[2025-03-23T08:38:29.221+0000][gc,phases   ] GC(207)   Other: 0.4ms
[2025-03-23T08:38:29.221+0000][gc,heap     ] GC(207) Eden regions: 49->0(48)
[2025-03-23T08:38:29.221+0000][gc,heap     ] GC(207) Survivor regions: 2->3(7)
[2025-03-23T08:38:29.221+0000][gc,heap     ] GC(207) Old regions: 178->178
[2025-03-23T08:38:29.221+0000][gc,heap     ] GC(207) Archive regions: 2->2
[2025-03-23T08:38:29.221+0000][gc,heap     ] GC(207) Humongous regions: 148->148
[2025-03-23T08:38:29.221+0000][gc,metaspace] GC(207) Metaspace: 48289K(49216K)->48289K(49216K) NonClass: 42720K(43200K)->42720K(43200K) Class: 5569K(6016K)->5569K(6016K)
[2025-03-23T08:38:29.221+0000][gc          ] GC(207) Pause Young (Normal) (G1 Evacuation Pause) 377M->328M(1024M) 13.033ms
[2025-03-23T08:38:29.221+0000][gc,cpu      ] GC(207) User=0.01s Sys=0.00s Real=0.01s
[2025-03-23T08:40:15.224+0000][gc,start    ] GC(208) Pause Young (Normal) (G1 Evacuation Pause)
[2025-03-23T08:40:15.224+0000][gc,task     ] GC(208) Using 2 workers of 2 for evacuation
[2025-03-23T08:40:15.232+0000][gc,phases   ] GC(208)   Pre Evacuate Collection Set: 0.1ms
[2025-03-23T08:40:15.232+0000][gc,phases   ] GC(208)   Merge Heap Roots: 0.1ms
[2025-03-23T08:40:15.232+0000][gc,phases   ] GC(208)   Evacuate Collection Set: 6.9ms
[2025-03-23T08:40:15.232+0000][gc,phases   ] GC(208)   Post Evacuate Collection Set: 0.8ms
[2025-03-23T08:40:15.232+0000][gc,phases   ] GC(208)   Other: 0.2ms
[2025-03-23T08:40:15.232+0000][gc,heap     ] GC(208) Eden regions: 48->0(49)
[2025-03-23T08:40:15.232+0000][gc,heap     ] GC(208) Survivor regions: 3->2(7)
[2025-03-23T08:40:15.232+0000][gc,heap     ] GC(208) Old regions: 178->178
[2025-03-23T08:40:15.232+0000][gc,heap     ] GC(208) Archive regions: 2->2
[2025-03-23T08:40:15.232+0000][gc,heap     ] GC(208) Humongous regions: 148->148
[2025-03-23T08:40:15.232+0000][gc,metaspace] GC(208) Metaspace: 48289K(49216K)->48289K(49216K) NonClass: 42720K(43200K)->42720K(43200K) Class: 5569K(6016K)->5569K(6016K)
[2025-03-23T08:40:15.232+0000][gc          ] GC(208) Pause Young (Normal) (G1 Evacuation Pause) 376M->328M(1024M) 8.212ms
[2025-03-23T08:40:15.232+0000][gc,cpu      ] GC(208) User=0.01s Sys=0.00s Real=0.01s
[2025-03-23T08:42:03.606+0000][gc,start    ] GC(209) Pause Young (Normal) (G1 Evacuation Pause)
[2025-03-23T08:42:03.606+0000][gc,task     ] GC(209) Using 2 workers of 2 for evacuation
[2025-03-23T08:42:03.612+0000][gc,phases   ] GC(209)   Pre Evacuate Collection Set: 0.2ms
[2025-03-23T08:42:03.612+0000][gc,phases   ] GC(209)   Merge Heap Roots: 0.1ms
[2025-03-23T08:42:03.612+0000][gc,phases   ] GC(209)   Evacuate Collection Set: 5.0ms
[2025-03-23T08:42:03.612+0000][gc,phases   ] GC(209)   Post Evacuate Collection Set: 0.7ms
[2025-03-23T08:42:03.612+0000][gc,phases   ] GC(209)   Other: 0.2ms
[2025-03-23T08:42:03.612+0000][gc,heap     ] GC(209) Eden regions: 49->0(83)
[2025-03-23T08:42:03.612+0000][gc,heap     ] GC(209) Survivor regions: 2->2(7)
[2025-03-23T08:42:03.612+0000][gc,heap     ] GC(209) Old regions: 178->178
[2025-03-23T08:42:03.612+0000][gc,heap     ] GC(209) Archive regions: 2->2
[2025-03-23T08:42:03.612+0000][gc,heap     ] GC(209) Humongous regions: 148->148
[2025-03-23T08:42:03.612+0000][gc,metaspace] GC(209) Metaspace: 48289K(49216K)->48289K(49216K) NonClass: 42720K(43200K)->42720K(43200K) Class: 5569K(6016K)->5569K(6016K)
[2025-03-23T08:42:03.612+0000][gc          ] GC(209) Pause Young (Normal) (G1 Evacuation Pause) 377M->328M(1024M) 6.111ms
[2025-03-23T08:42:03.612+0000][gc,cpu      ] GC(209) User=0.01s Sys=0.00s Real=0.01s
[2025-03-23T08:45:06.780+0000][gc,start    ] GC(210) Pause Young (Normal) (G1 Evacuation Pause)
[2025-03-23T08:45:06.780+0000][gc,task     ] GC(210) Using 2 workers of 2 for evacuation
[2025-03-23T08:45:06.804+0000][gc,mmu      ] GC(210) MMU target violated: 21.0ms (20.0ms/21.0ms)
[2025-03-23T08:45:06.804+0000][gc,phases   ] GC(210)   Pre Evacuate Collection Set: 0.2ms
[2025-03-23T08:45:06.804+0000][gc,phases   ] GC(210)   Merge Heap Roots: 0.1ms
[2025-03-23T08:45:06.804+0000][gc,phases   ] GC(210)   Evacuate Collection Set: 22.5ms
[2025-03-23T08:45:06.804+0000][gc,phases   ] GC(210)   Post Evacuate Collection Set: 0.9ms
[2025-03-23T08:45:06.804+0000][gc,phases   ] GC(210)   Other: 0.6ms
[2025-03-23T08:45:06.804+0000][gc,heap     ] GC(210) Eden regions: 83->0(48)
[2025-03-23T08:45:06.804+0000][gc,heap     ] GC(210) Survivor regions: 2->3(11)
[2025-03-23T08:45:06.804+0000][gc,heap     ] GC(210) Old regions: 178->178
[2025-03-23T08:45:06.804+0000][gc,heap     ] GC(210) Archive regions: 2->2
[2025-03-23T08:45:06.804+0000][gc,heap     ] GC(210) Humongous regions: 148->148
[2025-03-23T08:45:06.804+0000][gc,metaspace] GC(210) Metaspace: 48289K(49216K)->48289K(49216K) NonClass: 42720K(43200K)->42720K(43200K) Class: 5569K(6016K)->5569K(6016K)
[2025-03-23T08:45:06.804+0000][gc          ] GC(210) Pause Young (Normal) (G1 Evacuation Pause) 411M->328M(1024M) 24.352ms
[2025-03-23T08:45:06.804+0000][gc,cpu      ] GC(210) User=0.01s Sys=0.00s Real=0.03s
[2025-03-23T08:46:52.938+0000][gc,start    ] GC(211) Pause Young (Normal) (G1 Evacuation Pause)
[2025-03-23T08:46:52.938+0000][gc,task     ] GC(211) Using 2 workers of 2 for evacuation
[2025-03-23T08:46:52.943+0000][gc,phases   ] GC(211)   Pre Evacuate Collection Set: 0.2ms
[2025-03-23T08:46:52.943+0000][gc,phases   ] GC(211)   Merge Heap Roots: 0.1ms
[2025-03-23T08:46:52.943+0000][gc,phases   ] GC(211)   Evacuate Collection Set: 4.1ms
[2025-03-23T08:46:52.943+0000][gc,phases   ] GC(211)   Post Evacuate Collection Set: 0.7ms
[2025-03-23T08:46:52.943+0000][gc,phases   ] GC(211)   Other: 0.2ms
[2025-03-23T08:46:52.943+0000][gc,heap     ] GC(211) Eden regions: 48->0(96)
[2025-03-23T08:46:52.943+0000][gc,heap     ] GC(211) Survivor regions: 3->3(7)
[2025-03-23T08:46:52.943+0000][gc,heap     ] GC(211) Old regions: 178->178
[2025-03-23T08:46:52.943+0000][gc,heap     ] GC(211) Archive regions: 2->2
[2025-03-23T08:46:52.943+0000][gc,heap     ] GC(211) Humongous regions: 148->148
[2025-03-23T08:46:52.943+0000][gc,metaspace] GC(211) Metaspace: 48289K(49216K)->48289K(49216K) NonClass: 42720K(43200K)->42720K(43200K) Class: 5569K(6016K)->5569K(6016K)
[2025-03-23T08:46:52.943+0000][gc          ] GC(211) Pause Young (Normal) (G1 Evacuation Pause) 376M->328M(1024M) 5.349ms
[2025-03-23T08:46:52.943+0000][gc,cpu      ] GC(211) User=0.00s Sys=0.00s Real=0.00s
[2025-03-23T08:50:25.831+0000][gc,start    ] GC(212) Pause Young (Normal) (G1 Evacuation Pause)
[2025-03-23T08:50:25.831+0000][gc,task     ] GC(212) Using 2 workers of 2 for evacuation
[2025-03-23T08:50:25.843+0000][gc,phases   ] GC(212)   Pre Evacuate Collection Set: 0.5ms
[2025-03-23T08:50:25.843+0000][gc,phases   ] GC(212)   Merge Heap Roots: 0.1ms
[2025-03-23T08:50:25.843+0000][gc,phases   ] GC(212)   Evacuate Collection Set: 10.3ms
[2025-03-23T08:50:25.843+0000][gc,phases   ] GC(212)   Post Evacuate Collection Set: 0.6ms
[2025-03-23T08:50:25.843+0000][gc,phases   ] GC(212)   Other: 0.2ms
[2025-03-23T08:50:25.843+0000][gc,heap     ] GC(212) Eden regions: 96->0(148)
[2025-03-23T08:50:25.843+0000][gc,heap     ] GC(212) Survivor regions: 3->2(13)
[2025-03-23T08:50:25.843+0000][gc,heap     ] GC(212) Old regions: 178->178
[2025-03-23T08:50:25.843+0000][gc,heap     ] GC(212) Archive regions: 2->2
[2025-03-23T08:50:25.843+0000][gc,heap     ] GC(212) Humongous regions: 148->148
[2025-03-23T08:50:25.843+0000][gc,metaspace] GC(212) Metaspace: 48289K(49216K)->48289K(49216K) NonClass: 42720K(43200K)->42720K(43200K) Class: 5569K(6016K)->5569K(6016K)
[2025-03-23T08:50:25.843+0000][gc          ] GC(212) Pause Young (Normal) (G1 Evacuation Pause) 424M->328M(1024M) 11.733ms
[2025-03-23T08:50:25.843+0000][gc,cpu      ] GC(212) User=0.01s Sys=0.00s Real=0.01s
[2025-03-23T08:55:54.890+0000][gc,start    ] GC(213) Pause Young (Normal) (G1 Evacuation Pause)
[2025-03-23T08:55:54.890+0000][gc,task     ] GC(213) Using 2 workers of 2 for evacuation
[2025-03-23T08:55:54.906+0000][gc,phases   ] GC(213)   Pre Evacuate Collection Set: 0.2ms
[2025-03-23T08:55:54.906+0000][gc,phases   ] GC(213)   Merge Heap Roots: 0.1ms
[2025-03-23T08:55:54.906+0000][gc,phases   ] GC(213)   Evacuate Collection Set: 14.3ms
[2025-03-23T08:55:54.906+0000][gc,phases   ] GC(213)   Post Evacuate Collection Set: 1.0ms
[2025-03-23T08:55:54.906+0000][gc,phases   ] GC(213)   Other: 0.4ms
[2025-03-23T08:55:54.906+0000][gc,heap     ] GC(213) Eden regions: 148->0(133)
[2025-03-23T08:55:54.906+0000][gc,heap     ] GC(213) Survivor regions: 2->2(19)
[2025-03-23T08:55:54.906+0000][gc,heap     ] GC(213) Old regions: 178->178
[2025-03-23T08:55:54.906+0000][gc,heap     ] GC(213) Archive regions: 2->2
[2025-03-23T08:55:54.906+0000][gc,heap     ] GC(213) Humongous regions: 148->148
[2025-03-23T08:55:54.906+0000][gc,metaspace] GC(213) Metaspace: 48289K(49216K)->48289K(49216K) NonClass: 42720K(43200K)->42720K(43200K) Class: 5569K(6016K)->5569K(6016K)
[2025-03-23T08:55:54.906+0000][gc          ] GC(213) Pause Young (Normal) (G1 Evacuation Pause) 476M->328M(1024M) 16.120ms
[2025-03-23T08:55:54.906+0000][gc,cpu      ] GC(213) User=0.01s Sys=0.01s Real=0.02s
[2025-03-23T09:00:50.610+0000][gc,start    ] GC(214) Pause Young (Normal) (G1 Evacuation Pause)
[2025-03-23T09:00:50.611+0000][gc,task     ] GC(214) Using 2 workers of 2 for evacuation
[2025-03-23T09:00:50.617+0000][gc,phases   ] GC(214)   Pre Evacuate Collection Set: 0.2ms
[2025-03-23T09:00:50.617+0000][gc,phases   ] GC(214)   Merge Heap Roots: 0.1ms
[2025-03-23T09:00:50.617+0000][gc,phases   ] GC(214)   Evacuate Collection Set: 5.5ms
[2025-03-23T09:00:50.617+0000][gc,phases   ] GC(214)   Post Evacuate Collection Set: 0.4ms
[2025-03-23T09:00:50.617+0000][gc,phases   ] GC(214)   Other: 0.5ms
[2025-03-23T09:00:50.617+0000][gc,heap     ] GC(214) Eden regions: 133->0(242)
[2025-03-23T09:00:50.617+0000][gc,heap     ] GC(214) Survivor regions: 2->2(17)
[2025-03-23T09:00:50.617+0000][gc,heap     ] GC(214) Old regions: 178->178
[2025-03-23T09:00:50.617+0000][gc,heap     ] GC(214) Archive regions: 2->2
[2025-03-23T09:00:50.617+0000][gc,heap     ] GC(214) Humongous regions: 148->148
[2025-03-23T09:00:50.617+0000][gc,metaspace] GC(214) Metaspace: 48289K(49216K)->48289K(49216K) NonClass: 42720K(43200K)->42720K(43200K) Class: 5569K(6016K)->5569K(6016K)
[2025-03-23T09:00:50.617+0000][gc          ] GC(214) Pause Young (Normal) (G1 Evacuation Pause) 461M->328M(1024M) 6.684ms
[2025-03-23T09:00:50.617+0000][gc,cpu      ] GC(214) User=0.00s Sys=0.00s Real=0.01s
[2025-03-23T09:09:52.343+0000][gc,start    ] GC(215) Pause Young (Normal) (G1 Evacuation Pause)
[2025-03-23T09:09:52.344+0000][gc,task     ] GC(215) Using 2 workers of 2 for evacuation
[2025-03-23T09:09:52.404+0000][gc,mmu      ] GC(215) MMU target violated: 21.0ms (20.0ms/21.0ms)
[2025-03-23T09:09:52.404+0000][gc,phases   ] GC(215)   Pre Evacuate Collection Set: 7.5ms
[2025-03-23T09:09:52.404+0000][gc,phases   ] GC(215)   Merge Heap Roots: 0.9ms
[2025-03-23T09:09:52.404+0000][gc,phases   ] GC(215)   Evacuate Collection Set: 41.3ms
[2025-03-23T09:09:52.404+0000][gc,phases   ] GC(215)   Post Evacuate Collection Set: 9.8ms
[2025-03-23T09:09:52.404+0000][gc,phases   ] GC(215)   Other: 1.4ms
[2025-03-23T09:09:52.404+0000][gc,heap     ] GC(215) Eden regions: 242->0(49)
[2025-03-23T09:09:52.404+0000][gc,heap     ] GC(215) Survivor regions: 2->2(31)
[2025-03-23T09:09:52.404+0000][gc,heap     ] GC(215) Old regions: 178->178
[2025-03-23T09:09:52.404+0000][gc,heap     ] GC(215) Archive regions: 2->2
[2025-03-23T09:09:52.404+0000][gc,heap     ] GC(215) Humongous regions: 148->148
[2025-03-23T09:09:52.404+0000][gc,metaspace] GC(215) Metaspace: 48289K(49216K)->48289K(49216K) NonClass: 42720K(43200K)->42720K(43200K) Class: 5569K(6016K)->5569K(6016K)
[2025-03-23T09:09:52.404+0000][gc          ] GC(215) Pause Young (Normal) (G1 Evacuation Pause) 570M->328M(1024M) 60.738ms
[2025-03-23T09:09:52.404+0000][gc,cpu      ] GC(215) User=0.01s Sys=0.02s Real=0.07s
[2025-03-23T09:11:40.601+0000][gc,start    ] GC(216) Pause Young (Normal) (G1 Evacuation Pause)
[2025-03-23T09:11:40.602+0000][gc,task     ] GC(216) Using 2 workers of 2 for evacuation
[2025-03-23T09:11:40.617+0000][gc,phases   ] GC(216)   Pre Evacuate Collection Set: 0.2ms
[2025-03-23T09:11:40.617+0000][gc,phases   ] GC(216)   Merge Heap Roots: 0.1ms
[2025-03-23T09:11:40.617+0000][gc,phases   ] GC(216)   Evacuate Collection Set: 13.7ms
[2025-03-23T09:11:40.617+0000][gc,phases   ] GC(216)   Post Evacuate Collection Set: 1.0ms
[2025-03-23T09:11:40.617+0000][gc,phases   ] GC(216)   Other: 0.4ms
[2025-03-23T09:11:40.617+0000][gc,heap     ] GC(216) Eden regions: 49->0(49)
[2025-03-23T09:11:40.617+0000][gc,heap     ] GC(216) Survivor regions: 2->2(7)
[2025-03-23T09:11:40.617+0000][gc,heap     ] GC(216) Old regions: 178->178
[2025-03-23T09:11:40.617+0000][gc,heap     ] GC(216) Archive regions: 2->2
[2025-03-23T09:11:40.617+0000][gc,heap     ] GC(216) Humongous regions: 148->148
[2025-03-23T09:11:40.617+0000][gc,metaspace] GC(216) Metaspace: 48289K(49216K)->48289K(49216K) NonClass: 42720K(43200K)->42720K(43200K) Class: 5569K(6016K)->5569K(6016K)
[2025-03-23T09:11:40.617+0000][gc          ] GC(216) Pause Young (Normal) (G1 Evacuation Pause) 377M->328M(1024M) 15.625ms
[2025-03-23T09:11:40.617+0000][gc,cpu      ] GC(216) User=0.01s Sys=0.00s Real=0.02s
[2025-03-23T09:13:28.915+0000][gc,start    ] GC(217) Pause Young (Normal) (G1 Evacuation Pause)
[2025-03-23T09:13:28.915+0000][gc,task     ] GC(217) Using 2 workers of 2 for evacuation
[2025-03-23T09:13:28.931+0000][gc,phases   ] GC(217)   Pre Evacuate Collection Set: 0.1ms
[2025-03-23T09:13:28.931+0000][gc,phases   ] GC(217)   Merge Heap Roots: 0.1ms
[2025-03-23T09:13:28.931+0000][gc,phases   ] GC(217)   Evacuate Collection Set: 14.9ms
[2025-03-23T09:13:28.931+0000][gc,phases   ] GC(217)   Post Evacuate Collection Set: 0.7ms
[2025-03-23T09:13:28.931+0000][gc,phases   ] GC(217)   Other: 0.1ms
[2025-03-23T09:13:28.931+0000][gc,heap     ] GC(217) Eden regions: 49->0(49)
[2025-03-23T09:13:28.931+0000][gc,heap     ] GC(217) Survivor regions: 2->2(7)
[2025-03-23T09:13:28.931+0000][gc,heap     ] GC(217) Old regions: 178->178
[2025-03-23T09:13:28.931+0000][gc,heap     ] GC(217) Archive regions: 2->2
[2025-03-23T09:13:28.931+0000][gc,heap     ] GC(217) Humongous regions: 148->148
[2025-03-23T09:13:28.931+0000][gc,metaspace] GC(217) Metaspace: 48289K(49216K)->48289K(49216K) NonClass: 42720K(43200K)->42720K(43200K) Class: 5569K(6016K)->5569K(6016K)
[2025-03-23T09:13:28.931+0000][gc          ] GC(217) Pause Young (Normal) (G1 Evacuation Pause) 377M->328M(1024M) 16.044ms
[2025-03-23T09:13:28.931+0000][gc,cpu      ] GC(217) User=0.02s Sys=0.00s Real=0.01s
[2025-03-23T09:15:16.477+0000][gc,start    ] GC(218) Pause Young (Normal) (G1 Evacuation Pause)
[2025-03-23T09:15:16.477+0000][gc,task     ] GC(218) Using 2 workers of 2 for evacuation
[2025-03-23T09:15:16.483+0000][gc,phases   ] GC(218)   Pre Evacuate Collection Set: 0.2ms
[2025-03-23T09:15:16.483+0000][gc,phases   ] GC(218)   Merge Heap Roots: 0.1ms
[2025-03-23T09:15:16.483+0000][gc,phases   ] GC(218)   Evacuate Collection Set: 4.7ms
[2025-03-23T09:15:16.483+0000][gc,phases   ] GC(218)   Post Evacuate Collection Set: 0.5ms
[2025-03-23T09:15:16.483+0000][gc,phases   ] GC(218)   Other: 0.2ms
[2025-03-23T09:15:16.483+0000][gc,heap     ] GC(218) Eden regions: 49->0(49)
[2025-03-23T09:15:16.483+0000][gc,heap     ] GC(218) Survivor regions: 2->2(7)
[2025-03-23T09:15:16.483+0000][gc,heap     ] GC(218) Old regions: 178->178
[2025-03-23T09:15:16.483+0000][gc,heap     ] GC(218) Archive regions: 2->2
[2025-03-23T09:15:16.483+0000][gc,heap     ] GC(218) Humongous regions: 148->148
[2025-03-23T09:15:16.483+0000][gc,metaspace] GC(218) Metaspace: 48289K(49216K)->48289K(49216K) NonClass: 42720K(43200K)->42720K(43200K) Class: 5569K(6016K)->5569K(6016K)
[2025-03-23T09:15:16.483+0000][gc          ] GC(218) Pause Young (Normal) (G1 Evacuation Pause) 377M->328M(1024M) 5.668ms
[2025-03-23T09:15:16.483+0000][gc,cpu      ] GC(218) User=0.00s Sys=0.00s Real=0.00s
[2025-03-23T09:17:04.867+0000][gc,start    ] GC(219) Pause Young (Normal) (G1 Evacuation Pause)
[2025-03-23T09:17:04.867+0000][gc,task     ] GC(219) Using 2 workers of 2 for evacuation
[2025-03-23T09:17:04.873+0000][gc,phases   ] GC(219)   Pre Evacuate Collection Set: 0.2ms
[2025-03-23T09:17:04.874+0000][gc,phases   ] GC(219)   Merge Heap Roots: 0.1ms
[2025-03-23T09:17:04.874+0000][gc,phases   ] GC(219)   Evacuate Collection Set: 4.8ms
[2025-03-23T09:17:04.874+0000][gc,phases   ] GC(219)   Post Evacuate Collection Set: 0.9ms
[2025-03-23T09:17:04.874+0000][gc,phases   ] GC(219)   Other: 0.2ms
[2025-03-23T09:17:04.874+0000][gc,heap     ] GC(219) Eden regions: 49->0(90)
[2025-03-23T09:17:04.874+0000][gc,heap     ] GC(219) Survivor regions: 2->2(7)
[2025-03-23T09:17:04.874+0000][gc,heap     ] GC(219) Old regions: 178->178
[2025-03-23T09:17:04.874+0000][gc,heap     ] GC(219) Archive regions: 2->2
[2025-03-23T09:17:04.874+0000][gc,heap     ] GC(219) Humongous regions: 148->148
[2025-03-23T09:17:04.874+0000][gc,metaspace] GC(219) Metaspace: 48289K(49216K)->48289K(49216K) NonClass: 42720K(43200K)->42720K(43200K) Class: 5569K(6016K)->5569K(6016K)
[2025-03-23T09:17:04.874+0000][gc          ] GC(219) Pause Young (Normal) (G1 Evacuation Pause) 377M->328M(1024M) 6.179ms
[2025-03-23T09:17:04.874+0000][gc,cpu      ] GC(219) User=0.01s Sys=0.00s Real=0.01s
[2025-03-23T09:20:17.243+0000][gc,start    ] GC(220) Pause Young (Normal) (G1 Evacuation Pause)
[2025-03-23T09:20:17.243+0000][gc,task     ] GC(220) Using 2 workers of 2 for evacuation
[2025-03-23T09:20:17.263+0000][gc,phases   ] GC(220)   Pre Evacuate Collection Set: 0.2ms
[2025-03-23T09:20:17.263+0000][gc,phases   ] GC(220)   Merge Heap Roots: 0.1ms
[2025-03-23T09:20:17.263+0000][gc,phases   ] GC(220)   Evacuate Collection Set: 18.0ms
[2025-03-23T09:20:17.263+0000][gc,phases   ] GC(220)   Post Evacuate Collection Set: 0.8ms
[2025-03-23T09:20:17.263+0000][gc,phases   ] GC(220)   Other: 0.5ms
[2025-03-23T09:20:17.263+0000][gc,heap     ] GC(220) Eden regions: 90->0(64)
[2025-03-23T09:20:17.263+0000][gc,heap     ] GC(220) Survivor regions: 2->2(12)
[2025-03-23T09:20:17.263+0000][gc,heap     ] GC(220) Old regions: 178->178
[2025-03-23T09:20:17.263+0000][gc,heap     ] GC(220) Archive regions: 2->2
[2025-03-23T09:20:17.263+0000][gc,heap     ] GC(220) Humongous regions: 148->148
[2025-03-23T09:20:17.263+0000][gc,metaspace] GC(220) Metaspace: 48293K(49216K)->48293K(49216K) NonClass: 42724K(43200K)->42724K(43200K) Class: 5569K(6016K)->5569K(6016K)
[2025-03-23T09:20:17.263+0000][gc          ] GC(220) Pause Young (Normal) (G1 Evacuation Pause) 418M->328M(1024M) 19.766ms
[2025-03-23T09:20:17.263+0000][gc,cpu      ] GC(220) User=0.01s Sys=0.00s Real=0.02s
[2025-03-23T09:22:38.473+0000][gc,start    ] GC(221) Pause Young (Normal) (G1 Evacuation Pause)
[2025-03-23T09:22:38.473+0000][gc,task     ] GC(221) Using 2 workers of 2 for evacuation
[2025-03-23T09:22:38.478+0000][gc,phases   ] GC(221)   Pre Evacuate Collection Set: 0.2ms
[2025-03-23T09:22:38.478+0000][gc,phases   ] GC(221)   Merge Heap Roots: 0.1ms
[2025-03-23T09:22:38.478+0000][gc,phases   ] GC(221)   Evacuate Collection Set: 4.1ms
[2025-03-23T09:22:38.478+0000][gc,phases   ] GC(221)   Post Evacuate Collection Set: 0.5ms
[2025-03-23T09:22:38.478+0000][gc,phases   ] GC(221)   Other: 0.2ms
[2025-03-23T09:22:38.478+0000][gc,heap     ] GC(221) Eden regions: 64->0(97)
[2025-03-23T09:22:38.478+0000][gc,heap     ] GC(221) Survivor regions: 2->2(9)
[2025-03-23T09:22:38.478+0000][gc,heap     ] GC(221) Old regions: 178->178
[2025-03-23T09:22:38.478+0000][gc,heap     ] GC(221) Archive regions: 2->2
[2025-03-23T09:22:38.478+0000][gc,heap     ] GC(221) Humongous regions: 148->148
[2025-03-23T09:22:38.478+0000][gc,metaspace] GC(221) Metaspace: 48293K(49216K)->48293K(49216K) NonClass: 42724K(43200K)->42724K(43200K) Class: 5569K(6016K)->5569K(6016K)
[2025-03-23T09:22:38.478+0000][gc          ] GC(221) Pause Young (Normal) (G1 Evacuation Pause) 392M->328M(1024M) 5.178ms
[2025-03-23T09:22:38.478+0000][gc,cpu      ] GC(221) User=0.00s Sys=0.00s Real=0.00s
[2025-03-23T09:26:13.685+0000][gc,start    ] GC(222) Pause Young (Normal) (G1 Evacuation Pause)
[2025-03-23T09:26:13.685+0000][gc,task     ] GC(222) Using 2 workers of 2 for evacuation
[2025-03-23T09:26:13.709+0000][gc,mmu      ] GC(222) MMU target violated: 21.0ms (20.0ms/21.0ms)
[2025-03-23T09:26:13.709+0000][gc,phases   ] GC(222)   Pre Evacuate Collection Set: 0.2ms
[2025-03-23T09:26:13.709+0000][gc,phases   ] GC(222)   Merge Heap Roots: 0.1ms
[2025-03-23T09:26:13.709+0000][gc,phases   ] GC(222)   Evacuate Collection Set: 22.7ms
[2025-03-23T09:26:13.709+0000][gc,phases   ] GC(222)   Post Evacuate Collection Set: 0.7ms
[2025-03-23T09:26:13.709+0000][gc,phases   ] GC(222)   Other: 0.2ms
[2025-03-23T09:26:13.709+0000][gc,heap     ] GC(222) Eden regions: 97->0(49)
[2025-03-23T09:26:13.709+0000][gc,heap     ] GC(222) Survivor regions: 2->2(13)
[2025-03-23T09:26:13.709+0000][gc,heap     ] GC(222) Old regions: 178->178
[2025-03-23T09:26:13.709+0000][gc,heap     ] GC(222) Archive regions: 2->2
[2025-03-23T09:26:13.709+0000][gc,heap     ] GC(222) Humongous regions: 148->148
[2025-03-23T09:26:13.709+0000][gc,metaspace] GC(222) Metaspace: 48293K(49216K)->48293K(49216K) NonClass: 42724K(43200K)->42724K(43200K) Class: 5569K(6016K)->5569K(6016K)
[2025-03-23T09:26:13.709+0000][gc          ] GC(222) Pause Young (Normal) (G1 Evacuation Pause) 425M->328M(1024M) 23.993ms
[2025-03-23T09:26:13.709+0000][gc,cpu      ] GC(222) User=0.01s Sys=0.00s Real=0.02s
[2025-03-23T09:28:01.805+0000][gc,start    ] GC(223) Pause Young (Normal) (G1 Evacuation Pause)
[2025-03-23T09:28:01.805+0000][gc,task     ] GC(223) Using 2 workers of 2 for evacuation
[2025-03-23T09:28:01.812+0000][gc,phases   ] GC(223)   Pre Evacuate Collection Set: 0.2ms
[2025-03-23T09:28:01.812+0000][gc,phases   ] GC(223)   Merge Heap Roots: 0.1ms
[2025-03-23T09:28:01.812+0000][gc,phases   ] GC(223)   Evacuate Collection Set: 5.4ms
[2025-03-23T09:28:01.812+0000][gc,phases   ] GC(223)   Post Evacuate Collection Set: 0.6ms
[2025-03-23T09:28:01.812+0000][gc,phases   ] GC(223)   Other: 0.2ms
[2025-03-23T09:28:01.812+0000][gc,heap     ] GC(223) Eden regions: 49->0(79)
[2025-03-23T09:28:01.812+0000][gc,heap     ] GC(223) Survivor regions: 2->2(7)
[2025-03-23T09:28:01.812+0000][gc,heap     ] GC(223) Old regions: 178->178
[2025-03-23T09:28:01.812+0000][gc,heap     ] GC(223) Archive regions: 2->2
[2025-03-23T09:28:01.812+0000][gc,heap     ] GC(223) Humongous regions: 148->148
[2025-03-23T09:28:01.812+0000][gc,metaspace] GC(223) Metaspace: 48293K(49216K)->48293K(49216K) NonClass: 42724K(43200K)->42724K(43200K) Class: 5569K(6016K)->5569K(6016K)
[2025-03-23T09:28:01.812+0000][gc          ] GC(223) Pause Young (Normal) (G1 Evacuation Pause) 377M->328M(1024M) 6.897ms
[2025-03-23T09:28:01.812+0000][gc,cpu      ] GC(223) User=0.01s Sys=0.01s Real=0.01s
[2025-03-23T09:30:56.841+0000][gc,start    ] GC(224) Pause Young (Normal) (G1 Evacuation Pause)
[2025-03-23T09:30:56.841+0000][gc,task     ] GC(224) Using 2 workers of 2 for evacuation
[2025-03-23T09:30:56.848+0000][gc,phases   ] GC(224)   Pre Evacuate Collection Set: 0.2ms
[2025-03-23T09:30:56.848+0000][gc,phases   ] GC(224)   Merge Heap Roots: 0.1ms
[2025-03-23T09:30:56.848+0000][gc,phases   ] GC(224)   Evacuate Collection Set: 5.1ms
[2025-03-23T09:30:56.848+0000][gc,phases   ] GC(224)   Post Evacuate Collection Set: 0.6ms
[2025-03-23T09:30:56.848+0000][gc,phases   ] GC(224)   Other: 0.2ms
[2025-03-23T09:30:56.848+0000][gc,heap     ] GC(224) Eden regions: 79->0(153)
[2025-03-23T09:30:56.848+0000][gc,heap     ] GC(224) Survivor regions: 2->2(11)
[2025-03-23T09:30:56.848+0000][gc,heap     ] GC(224) Old regions: 178->178
[2025-03-23T09:30:56.848+0000][gc,heap     ] GC(224) Archive regions: 2->2
[2025-03-23T09:30:56.848+0000][gc,heap     ] GC(224) Humongous regions: 148->148
[2025-03-23T09:30:56.848+0000][gc,metaspace] GC(224) Metaspace: 48293K(49216K)->48293K(49216K) NonClass: 42724K(43200K)->42724K(43200K) Class: 5569K(6016K)->5569K(6016K)
[2025-03-23T09:30:56.848+0000][gc          ] GC(224) Pause Young (Normal) (G1 Evacuation Pause) 407M->328M(1024M) 6.290ms
[2025-03-23T09:30:56.848+0000][gc,cpu      ] GC(224) User=0.00s Sys=0.01s Real=0.01s
[2025-03-23T09:36:38.031+0000][gc,start    ] GC(225) Pause Young (Normal) (G1 Evacuation Pause)
[2025-03-23T09:36:38.031+0000][gc,task     ] GC(225) Using 2 workers of 2 for evacuation
[2025-03-23T09:36:38.052+0000][gc,mmu      ] GC(225) MMU target violated: 21.0ms (20.0ms/21.0ms)
[2025-03-23T09:36:38.052+0000][gc,phases   ] GC(225)   Pre Evacuate Collection Set: 0.2ms
[2025-03-23T09:36:38.052+0000][gc,phases   ] GC(225)   Merge Heap Roots: 0.1ms
[2025-03-23T09:36:38.052+0000][gc,phases   ] GC(225)   Evacuate Collection Set: 20.2ms
[2025-03-23T09:36:38.052+0000][gc,phases   ] GC(225)   Post Evacuate Collection Set: 0.9ms
[2025-03-23T09:36:38.052+0000][gc,phases   ] GC(225)   Other: 0.4ms
[2025-03-23T09:36:38.052+0000][gc,heap     ] GC(225) Eden regions: 153->0(68)
[2025-03-23T09:36:38.052+0000][gc,heap     ] GC(225) Survivor regions: 2->2(20)
[2025-03-23T09:36:38.052+0000][gc,heap     ] GC(225) Old regions: 178->178
[2025-03-23T09:36:38.052+0000][gc,heap     ] GC(225) Archive regions: 2->2
[2025-03-23T09:36:38.052+0000][gc,heap     ] GC(225) Humongous regions: 148->148
[2025-03-23T09:36:38.053+0000][gc,metaspace] GC(225) Metaspace: 48293K(49216K)->48293K(49216K) NonClass: 42724K(43200K)->42724K(43200K) Class: 5569K(6016K)->5569K(6016K)
[2025-03-23T09:36:38.053+0000][gc          ] GC(225) Pause Young (Normal) (G1 Evacuation Pause) 481M->328M(1024M) 21.785ms
[2025-03-23T09:36:38.053+0000][gc,cpu      ] GC(225) User=0.01s Sys=0.00s Real=0.03s
[2025-03-23T09:39:07.951+0000][gc,start    ] GC(226) Pause Young (Normal) (G1 Evacuation Pause)
[2025-03-23T09:39:07.952+0000][gc,task     ] GC(226) Using 2 workers of 2 for evacuation
[2025-03-23T09:39:07.959+0000][gc,phases   ] GC(226)   Pre Evacuate Collection Set: 0.4ms
[2025-03-23T09:39:07.959+0000][gc,phases   ] GC(226)   Merge Heap Roots: 0.1ms
[2025-03-23T09:39:07.959+0000][gc,phases   ] GC(226)   Evacuate Collection Set: 5.8ms
[2025-03-23T09:39:07.959+0000][gc,phases   ] GC(226)   Post Evacuate Collection Set: 1.2ms
[2025-03-23T09:39:07.960+0000][gc,phases   ] GC(226)   Other: 0.7ms
[2025-03-23T09:39:07.960+0000][gc,heap     ] GC(226) Eden regions: 68->0(133)
[2025-03-23T09:39:07.960+0000][gc,heap     ] GC(226) Survivor regions: 2->2(9)
[2025-03-23T09:39:07.960+0000][gc,heap     ] GC(226) Old regions: 178->178
[2025-03-23T09:39:07.960+0000][gc,heap     ] GC(226) Archive regions: 2->2
[2025-03-23T09:39:07.960+0000][gc,heap     ] GC(226) Humongous regions: 148->148
[2025-03-23T09:39:07.960+0000][gc,metaspace] GC(226) Metaspace: 48293K(49216K)->48293K(49216K) NonClass: 42724K(43200K)->42724K(43200K) Class: 5569K(6016K)->5569K(6016K)
[2025-03-23T09:39:07.960+0000][gc          ] GC(226) Pause Young (Normal) (G1 Evacuation Pause) 396M->328M(1024M) 8.422ms
[2025-03-23T09:39:07.960+0000][gc,cpu      ] GC(226) User=0.01s Sys=0.00s Real=0.01s
[2025-03-23T09:44:03.580+0000][gc,start    ] GC(227) Pause Young (Normal) (G1 Evacuation Pause)
[2025-03-23T09:44:03.580+0000][gc,task     ] GC(227) Using 2 workers of 2 for evacuation
[2025-03-23T09:44:03.587+0000][gc,phases   ] GC(227)   Pre Evacuate Collection Set: 0.2ms
[2025-03-23T09:44:03.587+0000][gc,phases   ] GC(227)   Merge Heap Roots: 0.1ms
[2025-03-23T09:44:03.587+0000][gc,phases   ] GC(227)   Evacuate Collection Set: 5.6ms
[2025-03-23T09:44:03.587+0000][gc,phases   ] GC(227)   Post Evacuate Collection Set: 0.6ms
[2025-03-23T09:44:03.587+0000][gc,phases   ] GC(227)   Other: 0.5ms
[2025-03-23T09:44:03.587+0000][gc,heap     ] GC(227) Eden regions: 133->0(243)
[2025-03-23T09:44:03.587+0000][gc,heap     ] GC(227) Survivor regions: 2->2(17)
[2025-03-23T09:44:03.587+0000][gc,heap     ] GC(227) Old regions: 178->178
[2025-03-23T09:44:03.587+0000][gc,heap     ] GC(227) Archive regions: 2->2
[2025-03-23T09:44:03.587+0000][gc,heap     ] GC(227) Humongous regions: 148->148
[2025-03-23T09:44:03.587+0000][gc,metaspace] GC(227) Metaspace: 48295K(49216K)->48295K(49216K) NonClass: 42725K(43200K)->42725K(43200K) Class: 5569K(6016K)->5569K(6016K)
[2025-03-23T09:44:03.587+0000][gc          ] GC(227) Pause Young (Normal) (G1 Evacuation Pause) 461M->328M(1024M) 7.111ms
[2025-03-23T09:44:03.587+0000][gc,cpu      ] GC(227) User=0.01s Sys=0.01s Real=0.01s
[2025-03-23T09:53:07.136+0000][gc,start    ] GC(228) Pause Young (Normal) (G1 Evacuation Pause)
[2025-03-23T09:53:07.137+0000][gc,task     ] GC(228) Using 2 workers of 2 for evacuation
[2025-03-23T09:53:07.200+0000][gc,mmu      ] GC(228) MMU target violated: 21.0ms (20.0ms/21.0ms)
[2025-03-23T09:53:07.200+0000][gc,phases   ] GC(228)   Pre Evacuate Collection Set: 10.2ms
[2025-03-23T09:53:07.200+0000][gc,phases   ] GC(228)   Merge Heap Roots: 0.3ms
[2025-03-23T09:53:07.200+0000][gc,phases   ] GC(228)   Evacuate Collection Set: 40.8ms
[2025-03-23T09:53:07.200+0000][gc,phases   ] GC(228)   Post Evacuate Collection Set: 11.3ms
[2025-03-23T09:53:07.200+0000][gc,phases   ] GC(228)   Other: 1.6ms
[2025-03-23T09:53:07.200+0000][gc,heap     ] GC(228) Eden regions: 243->0(48)
[2025-03-23T09:53:07.200+0000][gc,heap     ] GC(228) Survivor regions: 2->3(31)
[2025-03-23T09:53:07.200+0000][gc,heap     ] GC(228) Old regions: 178->178
[2025-03-23T09:53:07.200+0000][gc,heap     ] GC(228) Archive regions: 2->2
[2025-03-23T09:53:07.200+0000][gc,heap     ] GC(228) Humongous regions: 148->148
[2025-03-23T09:53:07.200+0000][gc,metaspace] GC(228) Metaspace: 48295K(49216K)->48295K(49216K) NonClass: 42725K(43200K)->42725K(43200K) Class: 5569K(6016K)->5569K(6016K)
[2025-03-23T09:53:07.200+0000][gc          ] GC(228) Pause Young (Normal) (G1 Evacuation Pause) 571M->328M(1024M) 63.892ms
[2025-03-23T09:53:07.200+0000][gc,cpu      ] GC(228) User=0.02s Sys=0.01s Real=0.06s
[2025-03-23T09:54:53.172+0000][gc,start    ] GC(229) Pause Young (Normal) (G1 Evacuation Pause)
[2025-03-23T09:54:53.173+0000][gc,task     ] GC(229) Using 2 workers of 2 for evacuation
[2025-03-23T09:54:53.183+0000][gc,phases   ] GC(229)   Pre Evacuate Collection Set: 0.2ms
[2025-03-23T09:54:53.183+0000][gc,phases   ] GC(229)   Merge Heap Roots: 0.1ms
[2025-03-23T09:54:53.183+0000][gc,phases   ] GC(229)   Evacuate Collection Set: 8.7ms
[2025-03-23T09:54:53.183+0000][gc,phases   ] GC(229)   Post Evacuate Collection Set: 0.7ms
[2025-03-23T09:54:53.183+0000][gc,phases   ] GC(229)   Other: 0.5ms
[2025-03-23T09:54:53.183+0000][gc,heap     ] GC(229) Eden regions: 48->0(49)
[2025-03-23T09:54:53.183+0000][gc,heap     ] GC(229) Survivor regions: 3->2(7)
[2025-03-23T09:54:53.183+0000][gc,heap     ] GC(229) Old regions: 178->178
[2025-03-23T09:54:53.183+0000][gc,heap     ] GC(229) Archive regions: 2->2
[2025-03-23T09:54:53.183+0000][gc,heap     ] GC(229) Humongous regions: 148->148
[2025-03-23T09:54:53.183+0000][gc,metaspace] GC(229) Metaspace: 48295K(49216K)->48295K(49216K) NonClass: 42725K(43200K)->42725K(43200K) Class: 5569K(6016K)->5569K(6016K)
[2025-03-23T09:54:53.183+0000][gc          ] GC(229) Pause Young (Normal) (G1 Evacuation Pause) 376M->328M(1024M) 10.200ms
[2025-03-23T09:54:53.183+0000][gc,cpu      ] GC(229) User=0.00s Sys=0.01s Real=0.00s
[2025-03-23T09:56:41.448+0000][gc,start    ] GC(230) Pause Young (Normal) (G1 Evacuation Pause)
[2025-03-23T09:56:41.448+0000][gc,task     ] GC(230) Using 2 workers of 2 for evacuation
[2025-03-23T09:56:41.461+0000][gc,phases   ] GC(230)   Pre Evacuate Collection Set: 0.1ms
[2025-03-23T09:56:41.462+0000][gc,phases   ] GC(230)   Merge Heap Roots: 0.1ms
[2025-03-23T09:56:41.462+0000][gc,phases   ] GC(230)   Evacuate Collection Set: 12.3ms
[2025-03-23T09:56:41.462+0000][gc,phases   ] GC(230)   Post Evacuate Collection Set: 0.5ms
[2025-03-23T09:56:41.462+0000][gc,phases   ] GC(230)   Other: 0.4ms
[2025-03-23T09:56:41.462+0000][gc,heap     ] GC(230) Eden regions: 49->0(49)
[2025-03-23T09:56:41.462+0000][gc,heap     ] GC(230) Survivor regions: 2->2(7)
[2025-03-23T09:56:41.462+0000][gc,heap     ] GC(230) Old regions: 178->178
[2025-03-23T09:56:41.462+0000][gc,heap     ] GC(230) Archive regions: 2->2
[2025-03-23T09:56:41.462+0000][gc,heap     ] GC(230) Humongous regions: 148->148
[2025-03-23T09:56:41.462+0000][gc,metaspace] GC(230) Metaspace: 48295K(49216K)->48295K(49216K) NonClass: 42725K(43200K)->42725K(43200K) Class: 5569K(6016K)->5569K(6016K)
[2025-03-23T09:56:41.462+0000][gc          ] GC(230) Pause Young (Normal) (G1 Evacuation Pause) 377M->328M(1024M) 13.575ms
[2025-03-23T09:56:41.462+0000][gc,cpu      ] GC(230) User=0.01s Sys=0.00s Real=0.01s
[2025-03-23T09:58:29.398+0000][gc,start    ] GC(231) Pause Young (Normal) (G1 Evacuation Pause)
[2025-03-23T09:58:29.398+0000][gc,task     ] GC(231) Using 2 workers of 2 for evacuation
[2025-03-23T09:58:29.403+0000][gc,phases   ] GC(231)   Pre Evacuate Collection Set: 0.2ms
[2025-03-23T09:58:29.403+0000][gc,phases   ] GC(231)   Merge Heap Roots: 0.1ms
[2025-03-23T09:58:29.403+0000][gc,phases   ] GC(231)   Evacuate Collection Set: 3.5ms
[2025-03-23T09:58:29.403+0000][gc,phases   ] GC(231)   Post Evacuate Collection Set: 0.4ms
[2025-03-23T09:58:29.403+0000][gc,phases   ] GC(231)   Other: 0.1ms
[2025-03-23T09:58:29.403+0000][gc,heap     ] GC(231) Eden regions: 49->0(49)
[2025-03-23T09:58:29.403+0000][gc,heap     ] GC(231) Survivor regions: 2->2(7)
[2025-03-23T09:58:29.403+0000][gc,heap     ] GC(231) Old regions: 178->178
[2025-03-23T09:58:29.403+0000][gc,heap     ] GC(231) Archive regions: 2->2
[2025-03-23T09:58:29.403+0000][gc,heap     ] GC(231) Humongous regions: 148->148
[2025-03-23T09:58:29.403+0000][gc,metaspace] GC(231) Metaspace: 48295K(49216K)->48295K(49216K) NonClass: 42725K(43200K)->42725K(43200K) Class: 5569K(6016K)->5569K(6016K)
[2025-03-23T09:58:29.403+0000][gc          ] GC(231) Pause Young (Normal) (G1 Evacuation Pause) 377M->328M(1024M) 4.345ms
[2025-03-23T09:58:29.403+0000][gc,cpu      ] GC(231) User=0.00s Sys=0.00s Real=0.00s
[2025-03-23T10:00:17.524+0000][gc,start    ] GC(232) Pause Young (Normal) (G1 Evacuation Pause)
[2025-03-23T10:00:17.524+0000][gc,task     ] GC(232) Using 2 workers of 2 for evacuation
[2025-03-23T10:00:17.530+0000][gc,phases   ] GC(232)   Pre Evacuate Collection Set: 0.1ms
[2025-03-23T10:00:17.530+0000][gc,phases   ] GC(232)   Merge Heap Roots: 0.1ms
[2025-03-23T10:00:17.530+0000][gc,phases   ] GC(232)   Evacuate Collection Set: 5.0ms
[2025-03-23T10:00:17.530+0000][gc,phases   ] GC(232)   Post Evacuate Collection Set: 0.7ms
[2025-03-23T10:00:17.530+0000][gc,phases   ] GC(232)   Other: 0.5ms
[2025-03-23T10:00:17.530+0000][gc,heap     ] GC(232) Eden regions: 49->0(87)
[2025-03-23T10:00:17.530+0000][gc,heap     ] GC(232) Survivor regions: 2->2(7)
[2025-03-23T10:00:17.530+0000][gc,heap     ] GC(232) Old regions: 178->178
[2025-03-23T10:00:17.530+0000][gc,heap     ] GC(232) Archive regions: 2->2
[2025-03-23T10:00:17.530+0000][gc,heap     ] GC(232) Humongous regions: 148->148
[2025-03-23T10:00:17.530+0000][gc,metaspace] GC(232) Metaspace: 48296K(49216K)->48296K(49216K) NonClass: 42727K(43200K)->42727K(43200K) Class: 5569K(6016K)->5569K(6016K)
[2025-03-23T10:00:17.530+0000][gc          ] GC(232) Pause Young (Normal) (G1 Evacuation Pause) 377M->328M(1024M) 6.423ms
[2025-03-23T10:00:17.530+0000][gc,cpu      ] GC(232) User=0.01s Sys=0.00s Real=0.00s
[2025-03-23T10:03:30.680+0000][gc,start    ] GC(233) Pause Young (Normal) (G1 Evacuation Pause)
[2025-03-23T10:03:30.680+0000][gc,task     ] GC(233) Using 2 workers of 2 for evacuation
[2025-03-23T10:03:30.689+0000][gc,phases   ] GC(233)   Pre Evacuate Collection Set: 0.2ms
[2025-03-23T10:03:30.689+0000][gc,phases   ] GC(233)   Merge Heap Roots: 0.1ms
[2025-03-23T10:03:30.689+0000][gc,phases   ] GC(233)   Evacuate Collection Set: 8.4ms
[2025-03-23T10:03:30.689+0000][gc,phases   ] GC(233)   Post Evacuate Collection Set: 0.5ms
[2025-03-23T10:03:30.689+0000][gc,phases   ] GC(233)   Other: 0.2ms
[2025-03-23T10:03:30.689+0000][gc,heap     ] GC(233) Eden regions: 87->0(133)
[2025-03-23T10:03:30.689+0000][gc,heap     ] GC(233) Survivor regions: 2->2(12)
[2025-03-23T10:03:30.689+0000][gc,heap     ] GC(233) Old regions: 178->178
[2025-03-23T10:03:30.689+0000][gc,heap     ] GC(233) Archive regions: 2->2
[2025-03-23T10:03:30.689+0000][gc,heap     ] GC(233) Humongous regions: 148->148
[2025-03-23T10:03:30.689+0000][gc,metaspace] GC(233) Metaspace: 48296K(49216K)->48296K(49216K) NonClass: 42727K(43200K)->42727K(43200K) Class: 5569K(6016K)->5569K(6016K)
[2025-03-23T10:03:30.689+0000][gc          ] GC(233) Pause Young (Normal) (G1 Evacuation Pause) 415M->328M(1024M) 9.463ms
[2025-03-23T10:03:30.689+0000][gc,cpu      ] GC(233) User=0.01s Sys=0.00s Real=0.01s
[2025-03-23T10:08:26.913+0000][gc,start    ] GC(234) Pause Young (Normal) (G1 Evacuation Pause)
[2025-03-23T10:08:26.913+0000][gc,task     ] GC(234) Using 2 workers of 2 for evacuation
[2025-03-23T10:08:26.940+0000][gc,mmu      ] GC(234) MMU target violated: 21.0ms (20.0ms/21.0ms)
[2025-03-23T10:08:26.940+0000][gc,phases   ] GC(234)   Pre Evacuate Collection Set: 0.3ms
[2025-03-23T10:08:26.940+0000][gc,phases   ] GC(234)   Merge Heap Roots: 0.1ms
[2025-03-23T10:08:26.940+0000][gc,phases   ] GC(234)   Evacuate Collection Set: 18.5ms
[2025-03-23T10:08:26.940+0000][gc,phases   ] GC(234)   Post Evacuate Collection Set: 7.7ms
[2025-03-23T10:08:26.940+0000][gc,phases   ] GC(234)   Other: 0.7ms
[2025-03-23T10:08:26.940+0000][gc,heap     ] GC(234) Eden regions: 133->0(53)
[2025-03-23T10:08:26.940+0000][gc,heap     ] GC(234) Survivor regions: 2->2(17)
[2025-03-23T10:08:26.940+0000][gc,heap     ] GC(234) Old regions: 178->178
[2025-03-23T10:08:26.940+0000][gc,heap     ] GC(234) Archive regions: 2->2
[2025-03-23T10:08:26.940+0000][gc,heap     ] GC(234) Humongous regions: 148->148
[2025-03-23T10:08:26.940+0000][gc,metaspace] GC(234) Metaspace: 48296K(49216K)->48296K(49216K) NonClass: 42727K(43200K)->42727K(43200K) Class: 5569K(6016K)->5569K(6016K)
[2025-03-23T10:08:26.940+0000][gc          ] GC(234) Pause Young (Normal) (G1 Evacuation Pause) 461M->328M(1024M) 27.325ms
[2025-03-23T10:08:26.940+0000][gc,cpu      ] GC(234) User=0.01s Sys=0.01s Real=0.02s
[2025-03-23T10:10:22.793+0000][gc,start    ] GC(235) Pause Young (Normal) (G1 Evacuation Pause)
[2025-03-23T10:10:22.793+0000][gc,task     ] GC(235) Using 2 workers of 2 for evacuation
[2025-03-23T10:10:22.797+0000][gc,phases   ] GC(235)   Pre Evacuate Collection Set: 0.2ms
[2025-03-23T10:10:22.797+0000][gc,phases   ] GC(235)   Merge Heap Roots: 0.0ms
[2025-03-23T10:10:22.797+0000][gc,phases   ] GC(235)   Evacuate Collection Set: 2.7ms
[2025-03-23T10:10:22.797+0000][gc,phases   ] GC(235)   Post Evacuate Collection Set: 0.5ms
[2025-03-23T10:10:22.797+0000][gc,phases   ] GC(235)   Other: 0.2ms
[2025-03-23T10:10:22.797+0000][gc,heap     ] GC(235) Eden regions: 53->0(122)
[2025-03-23T10:10:22.797+0000][gc,heap     ] GC(235) Survivor regions: 2->2(7)
[2025-03-23T10:10:22.797+0000][gc,heap     ] GC(235) Old regions: 178->178
[2025-03-23T10:10:22.797+0000][gc,heap     ] GC(235) Archive regions: 2->2
[2025-03-23T10:10:22.797+0000][gc,heap     ] GC(235) Humongous regions: 148->148
[2025-03-23T10:10:22.797+0000][gc,metaspace] GC(235) Metaspace: 48296K(49216K)->48296K(49216K) NonClass: 42727K(43200K)->42727K(43200K) Class: 5569K(6016K)->5569K(6016K)
[2025-03-23T10:10:22.797+0000][gc          ] GC(235) Pause Young (Normal) (G1 Evacuation Pause) 381M->328M(1024M) 3.681ms
[2025-03-23T10:10:22.797+0000][gc,cpu      ] GC(235) User=0.01s Sys=0.00s Real=0.00s
[2025-03-23T10:14:53.352+0000][gc,start    ] GC(236) Pause Young (Normal) (G1 Evacuation Pause)
[2025-03-23T10:14:53.352+0000][gc,task     ] GC(236) Using 2 workers of 2 for evacuation
[2025-03-23T10:14:53.356+0000][gc,phases   ] GC(236)   Pre Evacuate Collection Set: 0.2ms
[2025-03-23T10:14:53.356+0000][gc,phases   ] GC(236)   Merge Heap Roots: 0.1ms
[2025-03-23T10:14:53.357+0000][gc,phases   ] GC(236)   Evacuate Collection Set: 3.8ms
[2025-03-23T10:14:53.357+0000][gc,phases   ] GC(236)   Post Evacuate Collection Set: 0.6ms
[2025-03-23T10:14:53.357+0000][gc,phases   ] GC(236)   Other: 0.1ms
[2025-03-23T10:14:53.357+0000][gc,heap     ] GC(236) Eden regions: 122->0(228)
[2025-03-23T10:14:53.357+0000][gc,heap     ] GC(236) Survivor regions: 2->2(16)
[2025-03-23T10:14:53.357+0000][gc,heap     ] GC(236) Old regions: 178->178
[2025-03-23T10:14:53.357+0000][gc,heap     ] GC(236) Archive regions: 2->2
[2025-03-23T10:14:53.357+0000][gc,heap     ] GC(236) Humongous regions: 148->148
[2025-03-23T10:14:53.357+0000][gc,metaspace] GC(236) Metaspace: 48300K(49216K)->48300K(49216K) NonClass: 42731K(43200K)->42731K(43200K) Class: 5569K(6016K)->5569K(6016K)
[2025-03-23T10:14:53.357+0000][gc          ] GC(236) Pause Young (Normal) (G1 Evacuation Pause) 450M->328M(1024M) 4.835ms
[2025-03-23T10:14:53.357+0000][gc,cpu      ] GC(236) User=0.00s Sys=0.00s Real=0.00s
[2025-03-23T10:34:04.550+0000][gc,start    ] GC(237) Pause Young (Normal) (G1 Evacuation Pause)
[2025-03-23T10:34:04.550+0000][gc,task     ] GC(237) Using 2 workers of 2 for evacuation
[2025-03-23T10:34:04.677+0000][gc,mmu      ] GC(237) MMU target violated: 21.0ms (20.0ms/21.0ms)
[2025-03-23T10:34:04.677+0000][gc,phases   ] GC(237)   Pre Evacuate Collection Set: 28.8ms
[2025-03-23T10:34:04.677+0000][gc,phases   ] GC(237)   Merge Heap Roots: 2.9ms
[2025-03-23T10:34:04.677+0000][gc,phases   ] GC(237)   Evacuate Collection Set: 73.1ms
[2025-03-23T10:34:04.677+0000][gc,phases   ] GC(237)   Post Evacuate Collection Set: 21.5ms
[2025-03-23T10:34:04.677+0000][gc,phases   ] GC(237)   Other: 2.0ms
[2025-03-23T10:34:04.677+0000][gc,heap     ] GC(237) Eden regions: 228->0(49)
[2025-03-23T10:34:04.677+0000][gc,heap     ] GC(237) Survivor regions: 2->2(29)
[2025-03-23T10:34:04.677+0000][gc,heap     ] GC(237) Old regions: 178->178
[2025-03-23T10:34:04.677+0000][gc,heap     ] GC(237) Archive regions: 2->2
[2025-03-23T10:34:04.677+0000][gc,heap     ] GC(237) Humongous regions: 148->148
[2025-03-23T10:34:04.677+0000][gc,metaspace] GC(237) Metaspace: 48300K(49216K)->48300K(49216K) NonClass: 42731K(43200K)->42731K(43200K) Class: 5569K(6016K)->5569K(6016K)
[2025-03-23T10:34:04.677+0000][gc          ] GC(237) Pause Young (Normal) (G1 Evacuation Pause) 556M->328M(1024M) 127.682ms
[2025-03-23T10:34:04.677+0000][gc,cpu      ] GC(237) User=0.00s Sys=0.05s Real=0.13s
[2025-03-23T10:46:05.073+0000][gc,start    ] GC(238) Pause Young (Normal) (G1 Evacuation Pause)
[2025-03-23T10:46:05.074+0000][gc,task     ] GC(238) Using 2 workers of 2 for evacuation
[2025-03-23T10:46:05.083+0000][gc,phases   ] GC(238)   Pre Evacuate Collection Set: 0.2ms
[2025-03-23T10:46:05.083+0000][gc,phases   ] GC(238)   Merge Heap Roots: 0.1ms
[2025-03-23T10:46:05.083+0000][gc,phases   ] GC(238)   Evacuate Collection Set: 7.2ms
[2025-03-23T10:46:05.083+0000][gc,phases   ] GC(238)   Post Evacuate Collection Set: 1.2ms
[2025-03-23T10:46:05.083+0000][gc,phases   ] GC(238)   Other: 0.7ms
[2025-03-23T10:46:05.083+0000][gc,heap     ] GC(238) Eden regions: 49->0(49)
[2025-03-23T10:46:05.083+0000][gc,heap     ] GC(238) Survivor regions: 2->2(7)
[2025-03-23T10:46:05.083+0000][gc,heap     ] GC(238) Old regions: 178->178
[2025-03-23T10:46:05.083+0000][gc,heap     ] GC(238) Archive regions: 2->2
[2025-03-23T10:46:05.083+0000][gc,heap     ] GC(238) Humongous regions: 148->148
[2025-03-23T10:46:05.083+0000][gc,metaspace] GC(238) Metaspace: 48300K(49216K)->48300K(49216K) NonClass: 42731K(43200K)->42731K(43200K) Class: 5569K(6016K)->5569K(6016K)
[2025-03-23T10:46:05.083+0000][gc          ] GC(238) Pause Young (Normal) (G1 Evacuation Pause) 377M->328M(1024M) 9.453ms
[2025-03-23T10:46:05.083+0000][gc,cpu      ] GC(238) User=0.00s Sys=0.00s Real=0.00s
[2025-03-23T10:58:04.707+0000][gc,start    ] GC(239) Pause Young (Normal) (G1 Evacuation Pause)
[2025-03-23T10:58:04.707+0000][gc,task     ] GC(239) Using 2 workers of 2 for evacuation
[2025-03-23T10:58:04.732+0000][gc,mmu      ] GC(239) MMU target violated: 21.0ms (20.0ms/21.0ms)
[2025-03-23T10:58:04.732+0000][gc,phases   ] GC(239)   Pre Evacuate Collection Set: 0.3ms
[2025-03-23T10:58:04.732+0000][gc,phases   ] GC(239)   Merge Heap Roots: 0.1ms
[2025-03-23T10:58:04.732+0000][gc,phases   ] GC(239)   Evacuate Collection Set: 23.1ms
[2025-03-23T10:58:04.732+0000][gc,phases   ] GC(239)   Post Evacuate Collection Set: 1.1ms
[2025-03-23T10:58:04.732+0000][gc,phases   ] GC(239)   Other: 0.3ms
[2025-03-23T10:58:04.732+0000][gc,heap     ] GC(239) Eden regions: 49->0(49)
[2025-03-23T10:58:04.732+0000][gc,heap     ] GC(239) Survivor regions: 2->2(7)
[2025-03-23T10:58:04.732+0000][gc,heap     ] GC(239) Old regions: 178->178
[2025-03-23T10:58:04.732+0000][gc,heap     ] GC(239) Archive regions: 2->2
[2025-03-23T10:58:04.732+0000][gc,heap     ] GC(239) Humongous regions: 148->148
[2025-03-23T10:58:04.732+0000][gc,metaspace] GC(239) Metaspace: 48300K(49216K)->48300K(49216K) NonClass: 42731K(43200K)->42731K(43200K) Class: 5569K(6016K)->5569K(6016K)
[2025-03-23T10:58:04.732+0000][gc          ] GC(239) Pause Young (Normal) (G1 Evacuation Pause) 377M->328M(1024M) 24.882ms
[2025-03-23T10:58:04.732+0000][gc,cpu      ] GC(239) User=0.01s Sys=0.00s Real=0.03s
[2025-03-23T11:10:10.531+0000][gc,start    ] GC(240) Pause Young (Normal) (G1 Evacuation Pause)
[2025-03-23T11:10:10.531+0000][gc,task     ] GC(240) Using 2 workers of 2 for evacuation
[2025-03-23T11:10:10.539+0000][gc,phases   ] GC(240)   Pre Evacuate Collection Set: 0.3ms
[2025-03-23T11:10:10.539+0000][gc,phases   ] GC(240)   Merge Heap Roots: 0.1ms
[2025-03-23T11:10:10.539+0000][gc,phases   ] GC(240)   Evacuate Collection Set: 6.7ms
[2025-03-23T11:10:10.539+0000][gc,phases   ] GC(240)   Post Evacuate Collection Set: 0.6ms
[2025-03-23T11:10:10.539+0000][gc,phases   ] GC(240)   Other: 0.5ms
[2025-03-23T11:10:10.539+0000][gc,heap     ] GC(240) Eden regions: 49->0(49)
[2025-03-23T11:10:10.539+0000][gc,heap     ] GC(240) Survivor regions: 2->2(7)
[2025-03-23T11:10:10.539+0000][gc,heap     ] GC(240) Old regions: 178->178
[2025-03-23T11:10:10.539+0000][gc,heap     ] GC(240) Archive regions: 2->2
[2025-03-23T11:10:10.539+0000][gc,heap     ] GC(240) Humongous regions: 148->148
[2025-03-23T11:10:10.539+0000][gc,metaspace] GC(240) Metaspace: 48300K(49216K)->48300K(49216K) NonClass: 42731K(43200K)->42731K(43200K) Class: 5569K(6016K)->5569K(6016K)
[2025-03-23T11:10:10.539+0000][gc          ] GC(240) Pause Young (Normal) (G1 Evacuation Pause) 377M->328M(1024M) 8.286ms
[2025-03-23T11:10:10.539+0000][gc,cpu      ] GC(240) User=0.01s Sys=0.00s Real=0.01s
[2025-03-23T11:21:53.669+0000][gc,start    ] GC(241) Pause Young (Normal) (G1 Evacuation Pause)
[2025-03-23T11:21:53.670+0000][gc,task     ] GC(241) Using 2 workers of 2 for evacuation
[2025-03-23T11:21:53.722+0000][gc,mmu      ] GC(241) MMU target violated: 21.0ms (20.0ms/21.0ms)
[2025-03-23T11:21:53.722+0000][gc,phases   ] GC(241)   Pre Evacuate Collection Set: 12.6ms
[2025-03-23T11:21:53.722+0000][gc,phases   ] GC(241)   Merge Heap Roots: 0.9ms
[2025-03-23T11:21:53.722+0000][gc,phases   ] GC(241)   Evacuate Collection Set: 31.8ms
[2025-03-23T11:21:53.722+0000][gc,phases   ] GC(241)   Post Evacuate Collection Set: 6.0ms
[2025-03-23T11:21:53.722+0000][gc,phases   ] GC(241)   Other: 3.1ms
[2025-03-23T11:21:53.722+0000][gc,heap     ] GC(241) Eden regions: 49->0(48)
[2025-03-23T11:21:53.722+0000][gc,heap     ] GC(241) Survivor regions: 2->3(7)
[2025-03-23T11:21:53.722+0000][gc,heap     ] GC(241) Old regions: 178->178
[2025-03-23T11:21:53.722+0000][gc,heap     ] GC(241) Archive regions: 2->2
[2025-03-23T11:21:53.722+0000][gc,heap     ] GC(241) Humongous regions: 148->148
[2025-03-23T11:21:53.722+0000][gc,metaspace] GC(241) Metaspace: 48303K(49216K)->48303K(49216K) NonClass: 42734K(43200K)->42734K(43200K) Class: 5569K(6016K)->5569K(6016K)
[2025-03-23T11:21:53.722+0000][gc          ] GC(241) Pause Young (Normal) (G1 Evacuation Pause) 377M->328M(1024M) 53.565ms
[2025-03-23T11:21:53.723+0000][gc,cpu      ] GC(241) User=0.02s Sys=0.00s Real=0.05s
[2025-03-23T11:33:44.126+0000][gc,start    ] GC(242) Pause Young (Normal) (G1 Evacuation Pause)
[2025-03-23T11:33:44.126+0000][gc,task     ] GC(242) Using 2 workers of 2 for evacuation
[2025-03-23T11:33:44.132+0000][gc,phases   ] GC(242)   Pre Evacuate Collection Set: 0.2ms
[2025-03-23T11:33:44.132+0000][gc,phases   ] GC(242)   Merge Heap Roots: 0.0ms
[2025-03-23T11:33:44.132+0000][gc,phases   ] GC(242)   Evacuate Collection Set: 4.7ms
[2025-03-23T11:33:44.132+0000][gc,phases   ] GC(242)   Post Evacuate Collection Set: 0.5ms
[2025-03-23T11:33:44.132+0000][gc,phases   ] GC(242)   Other: 0.2ms
[2025-03-23T11:33:44.132+0000][gc,heap     ] GC(242) Eden regions: 48->0(48)
[2025-03-23T11:33:44.132+0000][gc,heap     ] GC(242) Survivor regions: 3->3(7)
[2025-03-23T11:33:44.132+0000][gc,heap     ] GC(242) Old regions: 178->178
[2025-03-23T11:33:44.132+0000][gc,heap     ] GC(242) Archive regions: 2->2
[2025-03-23T11:33:44.132+0000][gc,heap     ] GC(242) Humongous regions: 148->148
[2025-03-23T11:33:44.132+0000][gc,metaspace] GC(242) Metaspace: 48303K(49216K)->48303K(49216K) NonClass: 42734K(43200K)->42734K(43200K) Class: 5569K(6016K)->5569K(6016K)
[2025-03-23T11:33:44.132+0000][gc          ] GC(242) Pause Young (Normal) (G1 Evacuation Pause) 376M->328M(1024M) 5.626ms
[2025-03-23T11:33:44.132+0000][gc,cpu      ] GC(242) User=0.00s Sys=0.00s Real=0.01s
[2025-03-23T11:45:35.328+0000][gc,start    ] GC(243) Pause Young (Normal) (G1 Evacuation Pause)
[2025-03-23T11:45:35.328+0000][gc,task     ] GC(243) Using 2 workers of 2 for evacuation
[2025-03-23T11:45:35.334+0000][gc,phases   ] GC(243)   Pre Evacuate Collection Set: 0.3ms
[2025-03-23T11:45:35.334+0000][gc,phases   ] GC(243)   Merge Heap Roots: 0.3ms
[2025-03-23T11:45:35.334+0000][gc,phases   ] GC(243)   Evacuate Collection Set: 3.8ms
[2025-03-23T11:45:35.334+0000][gc,phases   ] GC(243)   Post Evacuate Collection Set: 1.1ms
[2025-03-23T11:45:35.334+0000][gc,phases   ] GC(243)   Other: 0.2ms
[2025-03-23T11:45:35.334+0000][gc,heap     ] GC(243) Eden regions: 48->0(49)
[2025-03-23T11:45:35.334+0000][gc,heap     ] GC(243) Survivor regions: 3->2(7)
[2025-03-23T11:45:35.334+0000][gc,heap     ] GC(243) Old regions: 178->178
[2025-03-23T11:45:35.334+0000][gc,heap     ] GC(243) Archive regions: 2->2
[2025-03-23T11:45:35.334+0000][gc,heap     ] GC(243) Humongous regions: 148->148
[2025-03-23T11:45:35.334+0000][gc,metaspace] GC(243) Metaspace: 48303K(49216K)->48303K(49216K) NonClass: 42734K(43200K)->42734K(43200K) Class: 5569K(6016K)->5569K(6016K)
[2025-03-23T11:45:35.334+0000][gc          ] GC(243) Pause Young (Normal) (G1 Evacuation Pause) 376M->328M(1024M) 5.761ms
[2025-03-23T11:45:35.334+0000][gc,cpu      ] GC(243) User=0.01s Sys=0.00s Real=0.01s
[2025-03-23T11:57:41.884+0000][gc,start    ] GC(244) Pause Young (Normal) (G1 Evacuation Pause)
[2025-03-23T11:57:41.884+0000][gc,task     ] GC(244) Using 2 workers of 2 for evacuation
[2025-03-23T11:57:41.891+0000][gc,phases   ] GC(244)   Pre Evacuate Collection Set: 0.2ms
[2025-03-23T11:57:41.891+0000][gc,phases   ] GC(244)   Merge Heap Roots: 0.1ms
[2025-03-23T11:57:41.891+0000][gc,phases   ] GC(244)   Evacuate Collection Set: 5.3ms
[2025-03-23T11:57:41.891+0000][gc,phases   ] GC(244)   Post Evacuate Collection Set: 0.7ms
[2025-03-23T11:57:41.891+0000][gc,phases   ] GC(244)   Other: 0.8ms
[2025-03-23T11:57:41.891+0000][gc,heap     ] GC(244) Eden regions: 49->0(112)
[2025-03-23T11:57:41.891+0000][gc,heap     ] GC(244) Survivor regions: 2->2(7)
[2025-03-23T11:57:41.891+0000][gc,heap     ] GC(244) Old regions: 178->178
[2025-03-23T11:57:41.891+0000][gc,heap     ] GC(244) Archive regions: 2->2
[2025-03-23T11:57:41.891+0000][gc,heap     ] GC(244) Humongous regions: 148->148
[2025-03-23T11:57:41.891+0000][gc,metaspace] GC(244) Metaspace: 48303K(49216K)->48303K(49216K) NonClass: 42734K(43200K)->42734K(43200K) Class: 5569K(6016K)->5569K(6016K)
[2025-03-23T11:57:41.891+0000][gc          ] GC(244) Pause Young (Normal) (G1 Evacuation Pause) 377M->328M(1024M) 7.114ms
[2025-03-23T11:57:41.891+0000][gc,cpu      ] GC(244) User=0.01s Sys=0.00s Real=0.00s
[2025-03-23T12:25:26.251+0000][gc,start    ] GC(245) Pause Young (Normal) (G1 Evacuation Pause)
[2025-03-23T12:25:26.252+0000][gc,task     ] GC(245) Using 2 workers of 2 for evacuation
[2025-03-23T12:25:26.296+0000][gc,mmu      ] GC(245) MMU target violated: 21.0ms (20.0ms/21.0ms)
[2025-03-23T12:25:26.296+0000][gc,phases   ] GC(245)   Pre Evacuate Collection Set: 3.4ms
[2025-03-23T12:25:26.296+0000][gc,phases   ] GC(245)   Merge Heap Roots: 0.3ms
[2025-03-23T12:25:26.296+0000][gc,phases   ] GC(245)   Evacuate Collection Set: 30.4ms
[2025-03-23T12:25:26.296+0000][gc,phases   ] GC(245)   Post Evacuate Collection Set: 9.4ms
[2025-03-23T12:25:26.296+0000][gc,phases   ] GC(245)   Other: 1.2ms
[2025-03-23T12:25:26.296+0000][gc,heap     ] GC(245) Eden regions: 112->0(49)
[2025-03-23T12:25:26.296+0000][gc,heap     ] GC(245) Survivor regions: 2->2(15)
[2025-03-23T12:25:26.296+0000][gc,heap     ] GC(245) Old regions: 178->178
[2025-03-23T12:25:26.296+0000][gc,heap     ] GC(245) Archive regions: 2->2
[2025-03-23T12:25:26.296+0000][gc,heap     ] GC(245) Humongous regions: 148->148
[2025-03-23T12:25:26.296+0000][gc,metaspace] GC(245) Metaspace: 48303K(49216K)->48303K(49216K) NonClass: 42734K(43200K)->42734K(43200K) Class: 5569K(6016K)->5569K(6016K)
[2025-03-23T12:25:26.296+0000][gc          ] GC(245) Pause Young (Normal) (G1 Evacuation Pause) 440M->328M(1024M) 44.736ms
[2025-03-23T12:25:26.296+0000][gc,cpu      ] GC(245) User=0.01s Sys=0.01s Real=0.05s
[2025-03-23T12:37:34.697+0000][gc,start    ] GC(246) Pause Young (Normal) (G1 Evacuation Pause)
[2025-03-23T12:37:34.697+0000][gc,task     ] GC(246) Using 2 workers of 2 for evacuation
[2025-03-23T12:37:34.702+0000][gc,phases   ] GC(246)   Pre Evacuate Collection Set: 0.2ms
[2025-03-23T12:37:34.702+0000][gc,phases   ] GC(246)   Merge Heap Roots: 0.1ms
[2025-03-23T12:37:34.702+0000][gc,phases   ] GC(246)   Evacuate Collection Set: 3.3ms
[2025-03-23T12:37:34.702+0000][gc,phases   ] GC(246)   Post Evacuate Collection Set: 0.9ms
[2025-03-23T12:37:34.702+0000][gc,phases   ] GC(246)   Other: 0.4ms
[2025-03-23T12:37:34.702+0000][gc,heap     ] GC(246) Eden regions: 49->0(49)
[2025-03-23T12:37:34.702+0000][gc,heap     ] GC(246) Survivor regions: 2->2(7)
[2025-03-23T12:37:34.702+0000][gc,heap     ] GC(246) Old regions: 178->178
[2025-03-23T12:37:34.702+0000][gc,heap     ] GC(246) Archive regions: 2->2
[2025-03-23T12:37:34.702+0000][gc,heap     ] GC(246) Humongous regions: 148->148
[2025-03-23T12:37:34.702+0000][gc,metaspace] GC(246) Metaspace: 48303K(49216K)->48303K(49216K) NonClass: 42734K(43200K)->42734K(43200K) Class: 5569K(6016K)->5569K(6016K)
[2025-03-23T12:37:34.702+0000][gc          ] GC(246) Pause Young (Normal) (G1 Evacuation Pause) 377M->328M(1024M) 5.018ms
[2025-03-23T12:37:34.702+0000][gc,cpu      ] GC(246) User=0.01s Sys=0.00s Real=0.00s
[2025-03-23T12:49:40.116+0000][gc,start    ] GC(247) Pause Young (Normal) (G1 Evacuation Pause)
[2025-03-23T12:49:40.117+0000][gc,task     ] GC(247) Using 2 workers of 2 for evacuation
[2025-03-23T12:49:40.172+0000][gc,mmu      ] GC(247) MMU target violated: 21.0ms (20.0ms/21.0ms)
[2025-03-23T12:49:40.172+0000][gc,phases   ] GC(247)   Pre Evacuate Collection Set: 10.4ms
[2025-03-23T12:49:40.172+0000][gc,phases   ] GC(247)   Merge Heap Roots: 0.9ms
[2025-03-23T12:49:40.172+0000][gc,phases   ] GC(247)   Evacuate Collection Set: 38.4ms
[2025-03-23T12:49:40.172+0000][gc,phases   ] GC(247)   Post Evacuate Collection Set: 4.8ms
[2025-03-23T12:49:40.172+0000][gc,phases   ] GC(247)   Other: 1.0ms
[2025-03-23T12:49:40.172+0000][gc,heap     ] GC(247) Eden regions: 49->0(49)
[2025-03-23T12:49:40.172+0000][gc,heap     ] GC(247) Survivor regions: 2->2(7)
[2025-03-23T12:49:40.172+0000][gc,heap     ] GC(247) Old regions: 178->178
[2025-03-23T12:49:40.172+0000][gc,heap     ] GC(247) Archive regions: 2->2
[2025-03-23T12:49:40.172+0000][gc,heap     ] GC(247) Humongous regions: 148->148
[2025-03-23T12:49:40.172+0000][gc,metaspace] GC(247) Metaspace: 48303K(49216K)->48303K(49216K) NonClass: 42734K(43200K)->42734K(43200K) Class: 5569K(6016K)->5569K(6016K)
[2025-03-23T12:49:40.172+0000][gc          ] GC(247) Pause Young (Normal) (G1 Evacuation Pause) 377M->328M(1024M) 55.652ms
[2025-03-23T12:49:40.172+0000][gc,cpu      ] GC(247) User=0.01s Sys=0.02s Real=0.06s
[2025-03-23T13:01:45.393+0000][gc,start    ] GC(248) Pause Young (Normal) (G1 Evacuation Pause)
[2025-03-23T13:01:45.393+0000][gc,task     ] GC(248) Using 2 workers of 2 for evacuation
[2025-03-23T13:01:45.507+0000][gc,mmu      ] GC(248) MMU target violated: 21.0ms (20.0ms/21.0ms)
[2025-03-23T13:01:45.507+0000][gc,phases   ] GC(248)   Pre Evacuate Collection Set: 20.8ms
[2025-03-23T13:01:45.507+0000][gc,phases   ] GC(248)   Merge Heap Roots: 0.9ms
[2025-03-23T13:01:45.507+0000][gc,phases   ] GC(248)   Evacuate Collection Set: 82.4ms
[2025-03-23T13:01:45.507+0000][gc,phases   ] GC(248)   Post Evacuate Collection Set: 7.8ms
[2025-03-23T13:01:45.507+0000][gc,phases   ] GC(248)   Other: 2.4ms
[2025-03-23T13:01:45.507+0000][gc,heap     ] GC(248) Eden regions: 49->0(49)
[2025-03-23T13:01:45.507+0000][gc,heap     ] GC(248) Survivor regions: 2->2(7)
[2025-03-23T13:01:45.507+0000][gc,heap     ] GC(248) Old regions: 178->178
[2025-03-23T13:01:45.507+0000][gc,heap     ] GC(248) Archive regions: 2->2
[2025-03-23T13:01:45.507+0000][gc,heap     ] GC(248) Humongous regions: 148->148
[2025-03-23T13:01:45.507+0000][gc,metaspace] GC(248) Metaspace: 48303K(49216K)->48303K(49216K) NonClass: 42734K(43200K)->42734K(43200K) Class: 5569K(6016K)->5569K(6016K)
[2025-03-23T13:01:45.507+0000][gc          ] GC(248) Pause Young (Normal) (G1 Evacuation Pause) 377M->328M(1024M) 113.962ms
[2025-03-23T13:01:45.507+0000][gc,cpu      ] GC(248) User=0.00s Sys=0.05s Real=0.11s
[2025-03-23T13:13:37.691+0000][gc,start    ] GC(249) Pause Young (Normal) (G1 Evacuation Pause)
[2025-03-23T13:13:37.692+0000][gc,task     ] GC(249) Using 2 workers of 2 for evacuation
[2025-03-23T13:13:37.705+0000][gc,phases   ] GC(249)   Pre Evacuate Collection Set: 0.3ms
[2025-03-23T13:13:37.705+0000][gc,phases   ] GC(249)   Merge Heap Roots: 0.1ms
[2025-03-23T13:13:37.705+0000][gc,phases   ] GC(249)   Evacuate Collection Set: 11.6ms
[2025-03-23T13:13:37.705+0000][gc,phases   ] GC(249)   Post Evacuate Collection Set: 0.7ms
[2025-03-23T13:13:37.705+0000][gc,phases   ] GC(249)   Other: 0.7ms
[2025-03-23T13:13:37.705+0000][gc,heap     ] GC(249) Eden regions: 49->0(48)
[2025-03-23T13:13:37.705+0000][gc,heap     ] GC(249) Survivor regions: 2->3(7)
[2025-03-23T13:13:37.705+0000][gc,heap     ] GC(249) Old regions: 178->178
[2025-03-23T13:13:37.705+0000][gc,heap     ] GC(249) Archive regions: 2->2
[2025-03-23T13:13:37.705+0000][gc,heap     ] GC(249) Humongous regions: 148->148
[2025-03-23T13:13:37.705+0000][gc,metaspace] GC(249) Metaspace: 48320K(49216K)->48320K(49216K) NonClass: 42750K(43200K)->42750K(43200K) Class: 5570K(6016K)->5570K(6016K)
[2025-03-23T13:13:37.705+0000][gc          ] GC(249) Pause Young (Normal) (G1 Evacuation Pause) 377M->328M(1024M) 13.375ms
[2025-03-23T13:13:37.705+0000][gc,cpu      ] GC(249) User=0.01s Sys=0.00s Real=0.02s
[2025-03-23T13:13:39.421+0000][gc,heap,exit] Heap
[2025-03-23T13:13:39.421+0000][gc,heap,exit]  garbage-first heap   total 1048576K, used 357796K [0x00000000c0000000, 0x0000000100000000)
[2025-03-23T13:13:39.421+0000][gc,heap,exit]   region size 1024K, 15 young (15360K), 3 survivors (3072K)
[2025-03-23T13:13:39.421+0000][gc,heap,exit]  Metaspace       used 48956K, committed 49920K, reserved 1114112K
[2025-03-23T13:13:39.421+0000][gc,heap,exit]   class space    used 5729K, committed 6208K, reserved 1048576K
