[2025-03-22T22:14:19.300+0000][gc] Using G1
[2025-03-22T22:14:19.305+0000][gc,init] Version: 17.0.14+7-Ubuntu-122.04.1 (release)
[2025-03-22T22:14:19.305+0000][gc,init] CPUs: 2 total, 2 available
[2025-03-22T22:14:19.305+0000][gc,init] Memory: 1891M
[2025-03-22T22:14:19.305+0000][gc,init] Large Page Support: Disabled
[2025-03-22T22:14:19.305+0000][gc,init] NUMA Support: Disabled
[2025-03-22T22:14:19.305+0000][gc,init] Compressed Oops: Enabled (32-bit)
[2025-03-22T22:14:19.305+0000][gc,init] Heap Region Size: 1M
[2025-03-22T22:14:19.305+0000][gc,init] Heap Min Capacity: 1G
[2025-03-22T22:14:19.305+0000][gc,init] Heap Initial Capacity: 1G
[2025-03-22T22:14:19.305+0000][gc,init] Heap Max Capacity: 1G
[2025-03-22T22:14:19.305+0000][gc,init] Pre-touch: Disabled
[2025-03-22T22:14:19.305+0000][gc,init] Parallel Workers: 2
[2025-03-22T22:14:19.305+0000][gc,init] Concurrent Workers: 1
[2025-03-22T22:14:19.305+0000][gc,init] Concurrent Refinement Workers: 2
[2025-03-22T22:14:19.305+0000][gc,init] Periodic GC: Disabled
[2025-03-22T22:14:19.311+0000][gc,metaspace] CDS archive(s) mapped at: [0x00007f3737000000-0x00007f3737bc9000-0x00007f3737bc9000), size 12357632, SharedBaseAddress: 0x00007f3737000000, ArchiveRelocationMode: 1.
[2025-03-22T22:14:19.311+0000][gc,metaspace] Compressed class space mapped at: 0x00007f3738000000-0x00007f3778000000, reserved size: 1073741824
[2025-03-22T22:14:19.311+0000][gc,metaspace] Narrow klass base: 0x00007f3737000000, Narrow klass shift: 0, Narrow klass range: 0x100000000
[2025-03-22T22:14:20.270+0000][gc,start    ] GC(0) Pause Young (Normal) (G1 Evacuation Pause)
[2025-03-22T22:14:20.270+0000][gc,task     ] GC(0) Using 2 workers of 2 for evacuation
[2025-03-22T22:14:20.280+0000][gc,phases   ] GC(0)   Pre Evacuate Collection Set: 0.1ms
[2025-03-22T22:14:20.280+0000][gc,phases   ] GC(0)   Merge Heap Roots: 0.1ms
[2025-03-22T22:14:20.280+0000][gc,phases   ] GC(0)   Evacuate Collection Set: 8.5ms
[2025-03-22T22:14:20.280+0000][gc,phases   ] GC(0)   Post Evacuate Collection Set: 0.7ms
[2025-03-22T22:14:20.280+0000][gc,phases   ] GC(0)   Other: 0.2ms
[2025-03-22T22:14:20.280+0000][gc,heap     ] GC(0) Eden regions: 51->0(44)
[2025-03-22T22:14:20.280+0000][gc,heap     ] GC(0) Survivor regions: 0->7(7)
[2025-03-22T22:14:20.280+0000][gc,heap     ] GC(0) Old regions: 0->1
[2025-03-22T22:14:20.280+0000][gc,heap     ] GC(0) Archive regions: 2->2
[2025-03-22T22:14:20.280+0000][gc,heap     ] GC(0) Humongous regions: 0->0
[2025-03-22T22:14:20.280+0000][gc,metaspace] GC(0) Metaspace: 16601K(16832K)->16601K(16832K) NonClass: 14613K(14720K)->14613K(14720K) Class: 1988K(2112K)->1988K(2112K)
[2025-03-22T22:14:20.280+0000][gc          ] GC(0) Pause Young (Normal) (G1 Evacuation Pause) 51M->8M(1024M) 9.830ms
[2025-03-22T22:14:20.280+0000][gc,cpu      ] GC(0) User=0.01s Sys=0.01s Real=0.01s
[2025-03-22T22:14:20.420+0000][gc,heap,exit] Heap
[2025-03-22T22:14:20.420+0000][gc,heap,exit]  garbage-first heap   total 1048576K, used 18992K [0x00000000c0000000, 0x0000000100000000)
[2025-03-22T22:14:20.420+0000][gc,heap,exit]   region size 1024K, 17 young (17408K), 7 survivors (7168K)
[2025-03-22T22:14:20.420+0000][gc,heap,exit]  Metaspace       used 19523K, committed 19712K, reserved 1114112K
[2025-03-22T22:14:20.420+0000][gc,heap,exit]   class space    used 2417K, committed 2496K, reserved 1048576K
