[2025-03-22T22:10:49.385+0000][gc] Using G1
[2025-03-22T22:10:49.391+0000][gc,init] Version: 17.0.14+7-Ubuntu-122.04.1 (release)
[2025-03-22T22:10:49.391+0000][gc,init] CPUs: 2 total, 2 available
[2025-03-22T22:10:49.391+0000][gc,init] Memory: 1891M
[2025-03-22T22:10:49.391+0000][gc,init] Large Page Support: Disabled
[2025-03-22T22:10:49.391+0000][gc,init] NUMA Support: Disabled
[2025-03-22T22:10:49.391+0000][gc,init] Compressed Oops: Enabled (32-bit)
[2025-03-22T22:10:49.391+0000][gc,init] Heap Region Size: 1M
[2025-03-22T22:10:49.391+0000][gc,init] Heap Min Capacity: 1G
[2025-03-22T22:10:49.391+0000][gc,init] Heap Initial Capacity: 1G
[2025-03-22T22:10:49.391+0000][gc,init] Heap Max Capacity: 1G
[2025-03-22T22:10:49.391+0000][gc,init] Pre-touch: Disabled
[2025-03-22T22:10:49.391+0000][gc,init] Parallel Workers: 2
[2025-03-22T22:10:49.391+0000][gc,init] Concurrent Workers: 1
[2025-03-22T22:10:49.391+0000][gc,init] Concurrent Refinement Workers: 2
[2025-03-22T22:10:49.391+0000][gc,init] Periodic GC: Disabled
[2025-03-22T22:10:49.397+0000][gc,metaspace] CDS archive(s) mapped at: [0x00007fded3000000-0x00007fded3bc9000-0x00007fded3bc9000), size 12357632, SharedBaseAddress: 0x00007fded3000000, ArchiveRelocationMode: 1.
[2025-03-22T22:10:49.397+0000][gc,metaspace] Compressed class space mapped at: 0x00007fded4000000-0x00007fdf14000000, reserved size: 1073741824
[2025-03-22T22:10:49.397+0000][gc,metaspace] Narrow klass base: 0x00007fded3000000, Narrow klass shift: 0, Narrow klass range: 0x100000000
[2025-03-22T22:10:50.304+0000][gc,start    ] GC(0) Pause Young (Normal) (G1 Evacuation Pause)
[2025-03-22T22:10:50.305+0000][gc,task     ] GC(0) Using 2 workers of 2 for evacuation
[2025-03-22T22:10:50.314+0000][gc,phases   ] GC(0)   Pre Evacuate Collection Set: 0.2ms
[2025-03-22T22:10:50.314+0000][gc,phases   ] GC(0)   Merge Heap Roots: 0.1ms
[2025-03-22T22:10:50.314+0000][gc,phases   ] GC(0)   Evacuate Collection Set: 8.4ms
[2025-03-22T22:10:50.314+0000][gc,phases   ] GC(0)   Post Evacuate Collection Set: 0.7ms
[2025-03-22T22:10:50.314+0000][gc,phases   ] GC(0)   Other: 0.3ms
[2025-03-22T22:10:50.314+0000][gc,heap     ] GC(0) Eden regions: 51->0(44)
[2025-03-22T22:10:50.314+0000][gc,heap     ] GC(0) Survivor regions: 0->7(7)
[2025-03-22T22:10:50.314+0000][gc,heap     ] GC(0) Old regions: 0->1
[2025-03-22T22:10:50.314+0000][gc,heap     ] GC(0) Archive regions: 2->2
[2025-03-22T22:10:50.314+0000][gc,heap     ] GC(0) Humongous regions: 0->0
[2025-03-22T22:10:50.314+0000][gc,metaspace] GC(0) Metaspace: 16948K(17152K)->16948K(17152K) NonClass: 14885K(14976K)->14885K(14976K) Class: 2062K(2176K)->2062K(2176K)
[2025-03-22T22:10:50.314+0000][gc          ] GC(0) Pause Young (Normal) (G1 Evacuation Pause) 51M->8M(1024M) 9.722ms
[2025-03-22T22:10:50.314+0000][gc,cpu      ] GC(0) User=0.01s Sys=0.00s Real=0.01s
[2025-03-22T22:10:50.543+0000][gc,start    ] GC(1) Pause Young (Concurrent Start) (Metadata GC Threshold)
[2025-03-22T22:10:50.543+0000][gc,task     ] GC(1) Using 2 workers of 2 for evacuation
[2025-03-22T22:10:50.552+0000][gc,phases   ] GC(1)   Pre Evacuate Collection Set: 0.1ms
[2025-03-22T22:10:50.553+0000][gc,phases   ] GC(1)   Merge Heap Roots: 0.1ms
[2025-03-22T22:10:50.553+0000][gc,phases   ] GC(1)   Evacuate Collection Set: 9.0ms
[2025-03-22T22:10:50.553+0000][gc,phases   ] GC(1)   Post Evacuate Collection Set: 0.5ms
[2025-03-22T22:10:50.553+0000][gc,phases   ] GC(1)   Other: 0.2ms
[2025-03-22T22:10:50.553+0000][gc,heap     ] GC(1) Eden regions: 15->0(50)
[2025-03-22T22:10:50.553+0000][gc,heap     ] GC(1) Survivor regions: 7->1(7)
[2025-03-22T22:10:50.553+0000][gc,heap     ] GC(1) Old regions: 1->8
[2025-03-22T22:10:50.553+0000][gc,heap     ] GC(1) Archive regions: 2->2
[2025-03-22T22:10:50.553+0000][gc,heap     ] GC(1) Humongous regions: 0->0
[2025-03-22T22:10:50.553+0000][gc,metaspace] GC(1) Metaspace: 21287K(21504K)->21287K(21504K) NonClass: 18635K(18752K)->18635K(18752K) Class: 2651K(2752K)->2651K(2752K)
[2025-03-22T22:10:50.553+0000][gc          ] GC(1) Pause Young (Concurrent Start) (Metadata GC Threshold) 23M->9M(1024M) 9.939ms
[2025-03-22T22:10:50.553+0000][gc,cpu      ] GC(1) User=0.02s Sys=0.00s Real=0.02s
[2025-03-22T22:10:50.553+0000][gc          ] GC(2) Concurrent Mark Cycle
[2025-03-22T22:10:50.553+0000][gc,marking  ] GC(2) Concurrent Clear Claimed Marks
[2025-03-22T22:10:50.553+0000][gc,marking  ] GC(2) Concurrent Clear Claimed Marks 0.011ms
[2025-03-22T22:10:50.553+0000][gc,marking  ] GC(2) Concurrent Scan Root Regions
[2025-03-22T22:10:50.555+0000][gc,marking  ] GC(2) Concurrent Scan Root Regions 2.804ms
[2025-03-22T22:10:50.555+0000][gc,marking  ] GC(2) Concurrent Mark
[2025-03-22T22:10:50.555+0000][gc,marking  ] GC(2) Concurrent Mark From Roots
[2025-03-22T22:10:50.555+0000][gc,task     ] GC(2) Using 1 workers of 1 for marking
[2025-03-22T22:10:50.558+0000][gc,marking  ] GC(2) Concurrent Mark From Roots 2.117ms
[2025-03-22T22:10:50.558+0000][gc,marking  ] GC(2) Concurrent Preclean
[2025-03-22T22:10:50.558+0000][gc,marking  ] GC(2) Concurrent Preclean 0.018ms
[2025-03-22T22:10:50.558+0000][gc,start    ] GC(2) Pause Remark
[2025-03-22T22:10:50.560+0000][gc          ] GC(2) Pause Remark 9M->9M(1024M) 2.323ms
[2025-03-22T22:10:50.560+0000][gc,cpu      ] GC(2) User=0.01s Sys=0.00s Real=0.00s
[2025-03-22T22:10:50.560+0000][gc,marking  ] GC(2) Concurrent Mark 4.612ms
[2025-03-22T22:10:50.560+0000][gc,marking  ] GC(2) Concurrent Rebuild Remembered Sets
[2025-03-22T22:10:50.570+0000][gc,marking  ] GC(2) Concurrent Rebuild Remembered Sets 9.441ms
[2025-03-22T22:10:50.570+0000][gc,start    ] GC(2) Pause Cleanup
[2025-03-22T22:10:50.570+0000][gc          ] GC(2) Pause Cleanup 10M->10M(1024M) 0.115ms
[2025-03-22T22:10:50.570+0000][gc,cpu      ] GC(2) User=0.00s Sys=0.00s Real=0.00s
[2025-03-22T22:10:50.570+0000][gc,marking  ] GC(2) Concurrent Cleanup for Next Mark
[2025-03-22T22:10:50.576+0000][gc,marking  ] GC(2) Concurrent Cleanup for Next Mark 6.439ms
[2025-03-22T22:10:50.576+0000][gc          ] GC(2) Concurrent Mark Cycle 23.754ms
[2025-03-22T22:10:52.362+0000][gc,start    ] GC(3) Pause Young (Normal) (G1 Evacuation Pause)
[2025-03-22T22:10:52.362+0000][gc,task     ] GC(3) Using 2 workers of 2 for evacuation
[2025-03-22T22:10:52.369+0000][gc,phases   ] GC(3)   Pre Evacuate Collection Set: 0.1ms
[2025-03-22T22:10:52.369+0000][gc,phases   ] GC(3)   Merge Heap Roots: 0.0ms
[2025-03-22T22:10:52.369+0000][gc,phases   ] GC(3)   Evacuate Collection Set: 5.8ms
[2025-03-22T22:10:52.369+0000][gc,phases   ] GC(3)   Post Evacuate Collection Set: 0.6ms
[2025-03-22T22:10:52.369+0000][gc,phases   ] GC(3)   Other: 0.1ms
[2025-03-22T22:10:52.369+0000][gc,heap     ] GC(3) Eden regions: 50->0(45)
[2025-03-22T22:10:52.369+0000][gc,heap     ] GC(3) Survivor regions: 1->6(7)
[2025-03-22T22:10:52.369+0000][gc,heap     ] GC(3) Old regions: 8->8
[2025-03-22T22:10:52.369+0000][gc,heap     ] GC(3) Archive regions: 2->2
[2025-03-22T22:10:52.369+0000][gc,heap     ] GC(3) Humongous regions: 0->0
[2025-03-22T22:10:52.369+0000][gc,metaspace] GC(3) Metaspace: 31430K(31744K)->31430K(31744K) NonClass: 27736K(27904K)->27736K(27904K) Class: 3693K(3840K)->3693K(3840K)
[2025-03-22T22:10:52.369+0000][gc          ] GC(3) Pause Young (Normal) (G1 Evacuation Pause) 59M->13M(1024M) 6.802ms
[2025-03-22T22:10:52.369+0000][gc,cpu      ] GC(3) User=0.01s Sys=0.00s Real=0.01s
[2025-03-22T22:10:52.704+0000][gc,start    ] GC(4) Pause Young (Concurrent Start) (Metadata GC Threshold)
[2025-03-22T22:10:52.704+0000][gc,task     ] GC(4) Using 2 workers of 2 for evacuation
[2025-03-22T22:10:52.720+0000][gc,phases   ] GC(4)   Pre Evacuate Collection Set: 0.2ms
[2025-03-22T22:10:52.720+0000][gc,phases   ] GC(4)   Merge Heap Roots: 0.1ms
[2025-03-22T22:10:52.720+0000][gc,phases   ] GC(4)   Evacuate Collection Set: 15.3ms
[2025-03-22T22:10:52.720+0000][gc,phases   ] GC(4)   Post Evacuate Collection Set: 0.7ms
[2025-03-22T22:10:52.720+0000][gc,phases   ] GC(4)   Other: 0.2ms
[2025-03-22T22:10:52.721+0000][gc,heap     ] GC(4) Eden regions: 25->0(48)
[2025-03-22T22:10:52.721+0000][gc,heap     ] GC(4) Survivor regions: 6->3(7)
[2025-03-22T22:10:52.721+0000][gc,heap     ] GC(4) Old regions: 8->13
[2025-03-22T22:10:52.721+0000][gc,heap     ] GC(4) Archive regions: 2->2
[2025-03-22T22:10:52.721+0000][gc,heap     ] GC(4) Humongous regions: 9->9
[2025-03-22T22:10:52.721+0000][gc,metaspace] GC(4) Metaspace: 35490K(35968K)->35490K(35968K) NonClass: 31311K(31552K)->31311K(31552K) Class: 4178K(4416K)->4178K(4416K)
[2025-03-22T22:10:52.721+0000][gc          ] GC(4) Pause Young (Concurrent Start) (Metadata GC Threshold) 47M->25M(1024M) 16.665ms
[2025-03-22T22:10:52.721+0000][gc,cpu      ] GC(4) User=0.02s Sys=0.00s Real=0.01s
[2025-03-22T22:10:52.721+0000][gc          ] GC(5) Concurrent Mark Cycle
[2025-03-22T22:10:52.721+0000][gc,marking  ] GC(5) Concurrent Clear Claimed Marks
[2025-03-22T22:10:52.721+0000][gc,marking  ] GC(5) Concurrent Clear Claimed Marks 0.083ms
[2025-03-22T22:10:52.721+0000][gc,marking  ] GC(5) Concurrent Scan Root Regions
[2025-03-22T22:10:52.725+0000][gc,marking  ] GC(5) Concurrent Scan Root Regions 4.385ms
[2025-03-22T22:10:52.725+0000][gc,marking  ] GC(5) Concurrent Mark
[2025-03-22T22:10:52.725+0000][gc,marking  ] GC(5) Concurrent Mark From Roots
[2025-03-22T22:10:52.725+0000][gc,task     ] GC(5) Using 1 workers of 1 for marking
[2025-03-22T22:10:52.749+0000][gc,marking  ] GC(5) Concurrent Mark From Roots 24.082ms
[2025-03-22T22:10:52.749+0000][gc,marking  ] GC(5) Concurrent Preclean
[2025-03-22T22:10:52.749+0000][gc,marking  ] GC(5) Concurrent Preclean 0.074ms
[2025-03-22T22:10:52.757+0000][gc,start    ] GC(5) Pause Remark
[2025-03-22T22:10:52.760+0000][gc          ] GC(5) Pause Remark 29M->29M(1024M) 3.503ms
[2025-03-22T22:10:52.760+0000][gc,cpu      ] GC(5) User=0.00s Sys=0.00s Real=0.00s
[2025-03-22T22:10:52.760+0000][gc,marking  ] GC(5) Concurrent Mark 34.898ms
[2025-03-22T22:10:52.760+0000][gc,marking  ] GC(5) Concurrent Rebuild Remembered Sets
[2025-03-22T22:10:52.785+0000][gc,marking  ] GC(5) Concurrent Rebuild Remembered Sets 24.686ms
[2025-03-22T22:10:52.789+0000][gc,start    ] GC(5) Pause Cleanup
[2025-03-22T22:10:52.789+0000][gc          ] GC(5) Pause Cleanup 32M->32M(1024M) 0.213ms
[2025-03-22T22:10:52.789+0000][gc,cpu      ] GC(5) User=0.00s Sys=0.00s Real=0.00s
[2025-03-22T22:10:52.789+0000][gc,marking  ] GC(5) Concurrent Cleanup for Next Mark
[2025-03-22T22:10:52.801+0000][gc,marking  ] GC(5) Concurrent Cleanup for Next Mark 12.140ms
[2025-03-22T22:10:52.801+0000][gc          ] GC(5) Concurrent Mark Cycle 80.646ms
[2025-03-22T22:10:53.216+0000][gc,start    ] GC(6) Pause Young (Prepare Mixed) (G1 Evacuation Pause)
[2025-03-22T22:10:53.216+0000][gc,task     ] GC(6) Using 2 workers of 2 for evacuation
[2025-03-22T22:10:53.225+0000][gc,phases   ] GC(6)   Pre Evacuate Collection Set: 0.1ms
[2025-03-22T22:10:53.225+0000][gc,phases   ] GC(6)   Merge Heap Roots: 0.1ms
[2025-03-22T22:10:53.225+0000][gc,phases   ] GC(6)   Evacuate Collection Set: 8.0ms
[2025-03-22T22:10:53.225+0000][gc,phases   ] GC(6)   Post Evacuate Collection Set: 0.9ms
[2025-03-22T22:10:53.225+0000][gc,phases   ] GC(6)   Other: 0.1ms
[2025-03-22T22:10:53.225+0000][gc,heap     ] GC(6) Eden regions: 48->0(44)
[2025-03-22T22:10:53.225+0000][gc,heap     ] GC(6) Survivor regions: 3->7(7)
[2025-03-22T22:10:53.225+0000][gc,heap     ] GC(6) Old regions: 13->15
[2025-03-22T22:10:53.225+0000][gc,heap     ] GC(6) Archive regions: 2->2
[2025-03-22T22:10:53.225+0000][gc,heap     ] GC(6) Humongous regions: 9->9
[2025-03-22T22:10:53.225+0000][gc,metaspace] GC(6) Metaspace: 41856K(42496K)->41856K(42496K) NonClass: 36940K(37312K)->36940K(37312K) Class: 4915K(5184K)->4915K(5184K)
[2025-03-22T22:10:53.225+0000][gc          ] GC(6) Pause Young (Prepare Mixed) (G1 Evacuation Pause) 73M->31M(1024M) 9.293ms
[2025-03-22T22:10:53.225+0000][gc,cpu      ] GC(6) User=0.02s Sys=0.00s Real=0.01s
[2025-03-22T22:13:39.874+0000][gc,start    ] GC(7) Pause Young (Mixed) (G1 Evacuation Pause)
[2025-03-22T22:13:39.874+0000][gc,task     ] GC(7) Using 2 workers of 2 for evacuation
[2025-03-22T22:13:39.892+0000][gc,phases   ] GC(7)   Pre Evacuate Collection Set: 0.2ms
[2025-03-22T22:13:39.892+0000][gc,phases   ] GC(7)   Merge Heap Roots: 0.2ms
[2025-03-22T22:13:39.892+0000][gc,phases   ] GC(7)   Evacuate Collection Set: 15.2ms
[2025-03-22T22:13:39.892+0000][gc,phases   ] GC(7)   Post Evacuate Collection Set: 1.5ms
[2025-03-22T22:13:39.892+0000][gc,phases   ] GC(7)   Other: 0.1ms
[2025-03-22T22:13:39.892+0000][gc,heap     ] GC(7) Eden regions: 44->0(49)
[2025-03-22T22:13:39.892+0000][gc,heap     ] GC(7) Survivor regions: 7->2(7)
[2025-03-22T22:13:39.892+0000][gc,heap     ] GC(7) Old regions: 15->20
[2025-03-22T22:13:39.892+0000][gc,heap     ] GC(7) Archive regions: 2->2
[2025-03-22T22:13:39.892+0000][gc,heap     ] GC(7) Humongous regions: 138->9
[2025-03-22T22:13:39.892+0000][gc,metaspace] GC(7) Metaspace: 46400K(47360K)->46400K(47360K) NonClass: 40766K(41280K)->40766K(41280K) Class: 5634K(6080K)->5634K(6080K)
[2025-03-22T22:13:39.892+0000][gc          ] GC(7) Pause Young (Mixed) (G1 Evacuation Pause) 204M->31M(1024M) 17.279ms
[2025-03-22T22:13:39.892+0000][gc,cpu      ] GC(7) User=0.02s Sys=0.00s Real=0.02s
[2025-03-22T22:13:40.148+0000][gc,heap,exit] Heap
[2025-03-22T22:13:40.148+0000][gc,heap,exit]  garbage-first heap   total 1048576K, used 39507K [0x00000000c0000000, 0x0000000100000000)
[2025-03-22T22:13:40.148+0000][gc,heap,exit]   region size 1024K, 9 young (9216K), 2 survivors (2048K)
[2025-03-22T22:13:40.148+0000][gc,heap,exit]  Metaspace       used 46539K, committed 47488K, reserved 1114112K
[2025-03-22T22:13:40.148+0000][gc,heap,exit]   class space    used 5670K, committed 6144K, reserved 1048576K
