[2025-03-22T22:14:39.665+0000][gc] Using G1
[2025-03-22T22:14:39.671+0000][gc,init] Version: 17.0.14+7-Ubuntu-122.04.1 (release)
[2025-03-22T22:14:39.671+0000][gc,init] CPUs: 2 total, 2 available
[2025-03-22T22:14:39.671+0000][gc,init] Memory: 1891M
[2025-03-22T22:14:39.671+0000][gc,init] Large Page Support: Disabled
[2025-03-22T22:14:39.671+0000][gc,init] NUMA Support: Disabled
[2025-03-22T22:14:39.671+0000][gc,init] Compressed Oops: Enabled (32-bit)
[2025-03-22T22:14:39.671+0000][gc,init] Heap Region Size: 1M
[2025-03-22T22:14:39.671+0000][gc,init] Heap Min Capacity: 1G
[2025-03-22T22:14:39.671+0000][gc,init] Heap Initial Capacity: 1G
[2025-03-22T22:14:39.671+0000][gc,init] Heap Max Capacity: 1G
[2025-03-22T22:14:39.671+0000][gc,init] Pre-touch: Disabled
[2025-03-22T22:14:39.671+0000][gc,init] Parallel Workers: 2
[2025-03-22T22:14:39.671+0000][gc,init] Concurrent Workers: 1
[2025-03-22T22:14:39.671+0000][gc,init] Concurrent Refinement Workers: 2
[2025-03-22T22:14:39.671+0000][gc,init] Periodic GC: Disabled
[2025-03-22T22:14:39.677+0000][gc,metaspace] CDS archive(s) mapped at: [0x00007f2a27000000-0x00007f2a27bc9000-0x00007f2a27bc9000), size 12357632, SharedBaseAddress: 0x00007f2a27000000, ArchiveRelocationMode: 1.
[2025-03-22T22:14:39.677+0000][gc,metaspace] Compressed class space mapped at: 0x00007f2a28000000-0x00007f2a68000000, reserved size: 1073741824
[2025-03-22T22:14:39.677+0000][gc,metaspace] Narrow klass base: 0x00007f2a27000000, Narrow klass shift: 0, Narrow klass range: 0x100000000
[2025-03-22T22:14:40.540+0000][gc,start    ] GC(0) Pause Young (Normal) (G1 Evacuation Pause)
[2025-03-22T22:14:40.540+0000][gc,task     ] GC(0) Using 2 workers of 2 for evacuation
[2025-03-22T22:14:40.553+0000][gc,phases   ] GC(0)   Pre Evacuate Collection Set: 0.1ms
[2025-03-22T22:14:40.553+0000][gc,phases   ] GC(0)   Merge Heap Roots: 0.1ms
[2025-03-22T22:14:40.553+0000][gc,phases   ] GC(0)   Evacuate Collection Set: 11.8ms
[2025-03-22T22:14:40.553+0000][gc,phases   ] GC(0)   Post Evacuate Collection Set: 0.8ms
[2025-03-22T22:14:40.553+0000][gc,phases   ] GC(0)   Other: 0.3ms
[2025-03-22T22:14:40.553+0000][gc,heap     ] GC(0) Eden regions: 51->0(44)
[2025-03-22T22:14:40.553+0000][gc,heap     ] GC(0) Survivor regions: 0->7(7)
[2025-03-22T22:14:40.553+0000][gc,heap     ] GC(0) Old regions: 0->1
[2025-03-22T22:14:40.553+0000][gc,heap     ] GC(0) Archive regions: 2->2
[2025-03-22T22:14:40.553+0000][gc,heap     ] GC(0) Humongous regions: 0->0
[2025-03-22T22:14:40.553+0000][gc,metaspace] GC(0) Metaspace: 16652K(16896K)->16652K(16896K) NonClass: 14664K(14784K)->14664K(14784K) Class: 1988K(2112K)->1988K(2112K)
[2025-03-22T22:14:40.553+0000][gc          ] GC(0) Pause Young (Normal) (G1 Evacuation Pause) 51M->8M(1024M) 13.087ms
[2025-03-22T22:14:40.553+0000][gc,cpu      ] GC(0) User=0.01s Sys=0.01s Real=0.02s
[2025-03-22T22:14:40.770+0000][gc,start    ] GC(1) Pause Young (Concurrent Start) (Metadata GC Threshold)
[2025-03-22T22:14:40.770+0000][gc,task     ] GC(1) Using 2 workers of 2 for evacuation
[2025-03-22T22:14:40.778+0000][gc,phases   ] GC(1)   Pre Evacuate Collection Set: 0.1ms
[2025-03-22T22:14:40.778+0000][gc,phases   ] GC(1)   Merge Heap Roots: 0.1ms
[2025-03-22T22:14:40.778+0000][gc,phases   ] GC(1)   Evacuate Collection Set: 6.9ms
[2025-03-22T22:14:40.778+0000][gc,phases   ] GC(1)   Post Evacuate Collection Set: 0.6ms
[2025-03-22T22:14:40.778+0000][gc,phases   ] GC(1)   Other: 0.2ms
[2025-03-22T22:14:40.778+0000][gc,heap     ] GC(1) Eden regions: 16->0(49)
[2025-03-22T22:14:40.778+0000][gc,heap     ] GC(1) Survivor regions: 7->2(7)
[2025-03-22T22:14:40.778+0000][gc,heap     ] GC(1) Old regions: 1->9
[2025-03-22T22:14:40.778+0000][gc,heap     ] GC(1) Archive regions: 2->2
[2025-03-22T22:14:40.778+0000][gc,heap     ] GC(1) Humongous regions: 0->0
[2025-03-22T22:14:40.778+0000][gc,metaspace] GC(1) Metaspace: 21328K(21504K)->21328K(21504K) NonClass: 18675K(18752K)->18675K(18752K) Class: 2652K(2752K)->2652K(2752K)
[2025-03-22T22:14:40.778+0000][gc          ] GC(1) Pause Young (Concurrent Start) (Metadata GC Threshold) 24M->10M(1024M) 8.084ms
[2025-03-22T22:14:40.778+0000][gc,cpu      ] GC(1) User=0.02s Sys=0.00s Real=0.01s
[2025-03-22T22:14:40.778+0000][gc          ] GC(2) Concurrent Mark Cycle
[2025-03-22T22:14:40.778+0000][gc,marking  ] GC(2) Concurrent Clear Claimed Marks
[2025-03-22T22:14:40.778+0000][gc,marking  ] GC(2) Concurrent Clear Claimed Marks 0.040ms
[2025-03-22T22:14:40.778+0000][gc,marking  ] GC(2) Concurrent Scan Root Regions
[2025-03-22T22:14:40.782+0000][gc,marking  ] GC(2) Concurrent Scan Root Regions 3.558ms
[2025-03-22T22:14:40.782+0000][gc,marking  ] GC(2) Concurrent Mark
[2025-03-22T22:14:40.782+0000][gc,marking  ] GC(2) Concurrent Mark From Roots
[2025-03-22T22:14:40.782+0000][gc,task     ] GC(2) Using 1 workers of 1 for marking
[2025-03-22T22:14:40.784+0000][gc,marking  ] GC(2) Concurrent Mark From Roots 2.310ms
[2025-03-22T22:14:40.784+0000][gc,marking  ] GC(2) Concurrent Preclean
[2025-03-22T22:14:40.784+0000][gc,marking  ] GC(2) Concurrent Preclean 0.020ms
[2025-03-22T22:14:40.784+0000][gc,start    ] GC(2) Pause Remark
[2025-03-22T22:14:40.787+0000][gc          ] GC(2) Pause Remark 10M->10M(1024M) 2.737ms
[2025-03-22T22:14:40.787+0000][gc,cpu      ] GC(2) User=0.01s Sys=0.00s Real=0.00s
[2025-03-22T22:14:40.787+0000][gc,marking  ] GC(2) Concurrent Mark 5.325ms
[2025-03-22T22:14:40.787+0000][gc,marking  ] GC(2) Concurrent Rebuild Remembered Sets
[2025-03-22T22:14:40.802+0000][gc,marking  ] GC(2) Concurrent Rebuild Remembered Sets 14.892ms
[2025-03-22T22:14:40.802+0000][gc,start    ] GC(2) Pause Cleanup
[2025-03-22T22:14:40.802+0000][gc          ] GC(2) Pause Cleanup 10M->10M(1024M) 0.130ms
[2025-03-22T22:14:40.802+0000][gc,cpu      ] GC(2) User=0.00s Sys=0.00s Real=0.00s
[2025-03-22T22:14:40.802+0000][gc,marking  ] GC(2) Concurrent Cleanup for Next Mark
[2025-03-22T22:14:40.820+0000][gc,marking  ] GC(2) Concurrent Cleanup for Next Mark 17.109ms
[2025-03-22T22:14:40.820+0000][gc          ] GC(2) Concurrent Mark Cycle 41.495ms
[2025-03-22T22:14:41.575+0000][gc,start    ] GC(3) Pause Young (Normal) (G1 Evacuation Pause)
[2025-03-22T22:14:41.575+0000][gc,task     ] GC(3) Using 2 workers of 2 for evacuation
[2025-03-22T22:14:41.582+0000][gc,phases   ] GC(3)   Pre Evacuate Collection Set: 0.1ms
[2025-03-22T22:14:41.582+0000][gc,phases   ] GC(3)   Merge Heap Roots: 0.1ms
[2025-03-22T22:14:41.582+0000][gc,phases   ] GC(3)   Evacuate Collection Set: 6.1ms
[2025-03-22T22:14:41.582+0000][gc,phases   ] GC(3)   Post Evacuate Collection Set: 0.6ms
[2025-03-22T22:14:41.582+0000][gc,phases   ] GC(3)   Other: 0.1ms
[2025-03-22T22:14:41.582+0000][gc,heap     ] GC(3) Eden regions: 49->0(45)
[2025-03-22T22:14:41.582+0000][gc,heap     ] GC(3) Survivor regions: 2->6(7)
[2025-03-22T22:14:41.582+0000][gc,heap     ] GC(3) Old regions: 9->9
[2025-03-22T22:14:41.582+0000][gc,heap     ] GC(3) Archive regions: 2->2
[2025-03-22T22:14:41.582+0000][gc,heap     ] GC(3) Humongous regions: 0->0
[2025-03-22T22:14:41.582+0000][gc,metaspace] GC(3) Metaspace: 31106K(31360K)->31106K(31360K) NonClass: 27456K(27584K)->27456K(27584K) Class: 3649K(3776K)->3649K(3776K)
[2025-03-22T22:14:41.582+0000][gc          ] GC(3) Pause Young (Normal) (G1 Evacuation Pause) 59M->14M(1024M) 6.985ms
[2025-03-22T22:14:41.582+0000][gc,cpu      ] GC(3) User=0.01s Sys=0.00s Real=0.00s
[2025-03-22T22:14:41.920+0000][gc,start    ] GC(4) Pause Young (Concurrent Start) (Metadata GC Threshold)
[2025-03-22T22:14:41.920+0000][gc,task     ] GC(4) Using 2 workers of 2 for evacuation
[2025-03-22T22:14:41.928+0000][gc,phases   ] GC(4)   Pre Evacuate Collection Set: 0.2ms
[2025-03-22T22:14:41.928+0000][gc,phases   ] GC(4)   Merge Heap Roots: 0.1ms
[2025-03-22T22:14:41.928+0000][gc,phases   ] GC(4)   Evacuate Collection Set: 7.5ms
[2025-03-22T22:14:41.928+0000][gc,phases   ] GC(4)   Post Evacuate Collection Set: 0.6ms
[2025-03-22T22:14:41.928+0000][gc,phases   ] GC(4)   Other: 0.2ms
[2025-03-22T22:14:41.928+0000][gc,heap     ] GC(4) Eden regions: 25->0(49)
[2025-03-22T22:14:41.928+0000][gc,heap     ] GC(4) Survivor regions: 6->2(7)
[2025-03-22T22:14:41.928+0000][gc,heap     ] GC(4) Old regions: 9->14
[2025-03-22T22:14:41.928+0000][gc,heap     ] GC(4) Archive regions: 2->2
[2025-03-22T22:14:41.928+0000][gc,heap     ] GC(4) Humongous regions: 11->11
[2025-03-22T22:14:41.928+0000][gc,metaspace] GC(4) Metaspace: 35500K(35968K)->35500K(35968K) NonClass: 31336K(31552K)->31336K(31552K) Class: 4164K(4416K)->4164K(4416K)
[2025-03-22T22:14:41.928+0000][gc          ] GC(4) Pause Young (Concurrent Start) (Metadata GC Threshold) 49M->26M(1024M) 8.502ms
[2025-03-22T22:14:41.928+0000][gc,cpu      ] GC(4) User=0.02s Sys=0.00s Real=0.01s
[2025-03-22T22:14:41.928+0000][gc          ] GC(5) Concurrent Mark Cycle
[2025-03-22T22:14:41.928+0000][gc,marking  ] GC(5) Concurrent Clear Claimed Marks
[2025-03-22T22:14:41.928+0000][gc,marking  ] GC(5) Concurrent Clear Claimed Marks 0.059ms
[2025-03-22T22:14:41.928+0000][gc,marking  ] GC(5) Concurrent Scan Root Regions
[2025-03-22T22:14:41.937+0000][gc,marking  ] GC(5) Concurrent Scan Root Regions 8.434ms
[2025-03-22T22:14:41.937+0000][gc,marking  ] GC(5) Concurrent Mark
[2025-03-22T22:14:41.937+0000][gc,marking  ] GC(5) Concurrent Mark From Roots
[2025-03-22T22:14:41.937+0000][gc,task     ] GC(5) Using 1 workers of 1 for marking
[2025-03-22T22:14:41.967+0000][gc,marking  ] GC(5) Concurrent Mark From Roots 30.499ms
[2025-03-22T22:14:41.967+0000][gc,marking  ] GC(5) Concurrent Preclean
[2025-03-22T22:14:41.968+0000][gc,marking  ] GC(5) Concurrent Preclean 0.052ms
[2025-03-22T22:14:41.972+0000][gc,start    ] GC(5) Pause Remark
[2025-03-22T22:14:41.979+0000][gc          ] GC(5) Pause Remark 29M->29M(1024M) 7.120ms
[2025-03-22T22:14:41.979+0000][gc,cpu      ] GC(5) User=0.01s Sys=0.00s Real=0.00s
[2025-03-22T22:14:41.979+0000][gc,marking  ] GC(5) Concurrent Mark 42.037ms
[2025-03-22T22:14:41.979+0000][gc,marking  ] GC(5) Concurrent Rebuild Remembered Sets
[2025-03-22T22:14:41.994+0000][gc,marking  ] GC(5) Concurrent Rebuild Remembered Sets 14.621ms
[2025-03-22T22:14:41.994+0000][gc,start    ] GC(5) Pause Cleanup
[2025-03-22T22:14:41.994+0000][gc          ] GC(5) Pause Cleanup 32M->32M(1024M) 0.158ms
[2025-03-22T22:14:41.994+0000][gc,cpu      ] GC(5) User=0.00s Sys=0.00s Real=0.00s
[2025-03-22T22:14:41.994+0000][gc,marking  ] GC(5) Concurrent Cleanup for Next Mark
[2025-03-22T22:14:42.030+0000][gc,marking  ] GC(5) Concurrent Cleanup for Next Mark 35.785ms
[2025-03-22T22:14:42.030+0000][gc          ] GC(5) Concurrent Mark Cycle 101.379ms
[2025-03-22T22:14:42.519+0000][gc,start    ] GC(6) Pause Young (Prepare Mixed) (G1 Evacuation Pause)
[2025-03-22T22:14:42.519+0000][gc,task     ] GC(6) Using 2 workers of 2 for evacuation
[2025-03-22T22:14:42.528+0000][gc,phases   ] GC(6)   Pre Evacuate Collection Set: 0.2ms
[2025-03-22T22:14:42.528+0000][gc,phases   ] GC(6)   Merge Heap Roots: 0.1ms
[2025-03-22T22:14:42.528+0000][gc,phases   ] GC(6)   Evacuate Collection Set: 8.2ms
[2025-03-22T22:14:42.528+0000][gc,phases   ] GC(6)   Post Evacuate Collection Set: 0.8ms
[2025-03-22T22:14:42.528+0000][gc,phases   ] GC(6)   Other: 0.2ms
[2025-03-22T22:14:42.528+0000][gc,heap     ] GC(6) Eden regions: 49->0(44)
[2025-03-22T22:14:42.528+0000][gc,heap     ] GC(6) Survivor regions: 2->7(7)
[2025-03-22T22:14:42.528+0000][gc,heap     ] GC(6) Old regions: 14->14
[2025-03-22T22:14:42.528+0000][gc,heap     ] GC(6) Archive regions: 2->2
[2025-03-22T22:14:42.528+0000][gc,heap     ] GC(6) Humongous regions: 12->10
[2025-03-22T22:14:42.528+0000][gc,metaspace] GC(6) Metaspace: 42117K(42816K)->42117K(42816K) NonClass: 37159K(37568K)->37159K(37568K) Class: 4958K(5248K)->4958K(5248K)
[2025-03-22T22:14:42.528+0000][gc          ] GC(6) Pause Young (Prepare Mixed) (G1 Evacuation Pause) 76M->31M(1024M) 9.472ms
[2025-03-22T22:14:42.528+0000][gc,cpu      ] GC(6) User=0.02s Sys=0.01s Real=0.01s
[2025-03-22T22:15:42.123+0000][gc,heap,exit] Heap
[2025-03-22T22:15:42.123+0000][gc,heap,exit]  garbage-first heap   total 1048576K, used 200427K [0x00000000c0000000, 0x0000000100000000)
[2025-03-22T22:15:42.123+0000][gc,heap,exit]   region size 1024K, 42 young (43008K), 7 survivors (7168K)
[2025-03-22T22:15:42.123+0000][gc,heap,exit]  Metaspace       used 45456K, committed 46336K, reserved 1114112K
[2025-03-22T22:15:42.123+0000][gc,heap,exit]   class space    used 5507K, committed 5888K, reserved 1048576K
